2022-10-30 16:34:51,440 - DEBUG: <class 'ddtrace.internal.module.ModuleWatchdog'> installed
2022-10-30 16:34:52,732 - DEBUG: initialized RateSampler, sample 100.0% of traces
2022-10-30 16:34:52,748 - DEBUG: initialized DatadogSampler(agent_rates={}, limiter=RateLimiter(rate_limit=100, tokens=100, last_update_ns=1321333515000000, effective_rate=1.0), rules=[])
2022-10-30 16:34:52,748 - DEBUG: initialized RateSampler, sample 100.0% of traces
2022-10-30 16:34:52,780 - DEBUG: initialized trace processor TraceTagsProcessor()
2022-10-30 16:34:52,780 - DEBUG: initialized trace processor TraceSamplingProcessor(_compute_stats_enabled=False)
2022-10-30 16:34:52,780 - DEBUG: initialized processor TopLevelSpanProcessor()
2022-10-30 16:34:52,780 - DEBUG: initialized processor SpanAggregator(_partial_flush_enabled=True, _partial_flush_min_spans=500, _trace_processors=[TraceTagsProcessor(), TraceSamplingProcessor(_compute_stats_enabled=False)], _writer=AgentWriter(status=<ServiceStatus.STOPPED: 'stopped'>, _interval=1.0))
2022-10-30 16:34:52,922 - INFO: patched 1/1 modules (logging)
2022-10-30 16:34:52,922 - DEBUG: initialized trace processor TraceTagsProcessor()
2022-10-30 16:34:52,922 - DEBUG: initialized trace processor TraceSamplingProcessor(_compute_stats_enabled=False)
2022-10-30 16:34:52,922 - DEBUG: initialized processor TopLevelSpanProcessor()
2022-10-30 16:34:52,922 - DEBUG: initialized processor SpanAggregator(_partial_flush_enabled=True, _partial_flush_min_spans=500, _trace_processors=[TraceTagsProcessor(), TraceSamplingProcessor(_compute_stats_enabled=False)], _writer=AgentWriter(status=<ServiceStatus.STOPPED: 'stopped'>, _interval=1.0))
2022-10-30 16:34:52,922 - INFO: Starting server
2022-10-30 16:34:52,938 - INFO: Started server process [7968]
2022-10-30 16:34:52,938 - INFO: Waiting for application startup.
2022-10-30 16:34:52,938 - INFO: Application startup complete.
2022-10-30 16:38:12,584 - INFO: Shutting down
2022-10-30 16:38:12,694 - INFO: Waiting for application shutdown.
2022-10-30 16:38:12,694 - INFO: Application shutdown complete.
2022-10-30 16:38:12,694 - INFO: Finished server process [7968]
2022-10-30 16:38:12,694 - DEBUG: Waiting 5 seconds for tracer to finish. Hit ctrl-break to quit.
2022-10-30 17:22:12,956 - DEBUG: <class 'ddtrace.internal.module.ModuleWatchdog'> installed
2022-10-30 17:22:14,897 - DEBUG: initialized RateSampler, sample 100.0% of traces
2022-10-30 17:22:14,897 - DEBUG: initialized DatadogSampler(agent_rates={}, limiter=RateLimiter(rate_limit=100, tokens=100, last_update_ns=1324175671000000, effective_rate=1.0), rules=[])
2022-10-30 17:22:14,897 - DEBUG: initialized RateSampler, sample 100.0% of traces
2022-10-30 17:22:14,939 - DEBUG: initialized trace processor TraceTagsProcessor()
2022-10-30 17:22:14,939 - DEBUG: initialized trace processor TraceSamplingProcessor(_compute_stats_enabled=False)
2022-10-30 17:22:14,939 - DEBUG: initialized processor TopLevelSpanProcessor()
2022-10-30 17:22:14,939 - DEBUG: initialized processor SpanAggregator(_partial_flush_enabled=True, _partial_flush_min_spans=500, _trace_processors=[TraceTagsProcessor(), TraceSamplingProcessor(_compute_stats_enabled=False)], _writer=AgentWriter(status=<ServiceStatus.STOPPED: 'stopped'>, _interval=1.0))
2022-10-30 17:22:15,092 - INFO: patched 1/1 modules (logging)
2022-10-30 17:22:15,092 - DEBUG: initialized trace processor TraceTagsProcessor()
2022-10-30 17:22:15,092 - DEBUG: initialized trace processor TraceSamplingProcessor(_compute_stats_enabled=False)
2022-10-30 17:22:15,092 - DEBUG: initialized processor TopLevelSpanProcessor()
2022-10-30 17:22:15,092 - DEBUG: initialized processor SpanAggregator(_partial_flush_enabled=True, _partial_flush_min_spans=500, _trace_processors=[TraceTagsProcessor(), TraceSamplingProcessor(_compute_stats_enabled=False)], _writer=AgentWriter(status=<ServiceStatus.STOPPED: 'stopped'>, _interval=1.0))
2022-10-30 17:22:15,092 - INFO: Starting server
2022-10-30 17:22:15,129 - INFO: Started server process [1760]
2022-10-30 17:22:15,129 - INFO: Waiting for application startup.
2022-10-30 17:22:15,135 - INFO: Application startup complete.
2022-10-30 17:24:17,044 - INFO: Shutting down
2022-10-30 17:24:22,639 - DEBUG: <class 'ddtrace.internal.module.ModuleWatchdog'> installed
2022-10-30 17:24:22,844 - DEBUG: initialized RateSampler, sample 100.0% of traces
2022-10-30 17:24:22,844 - DEBUG: initialized DatadogSampler(agent_rates={}, limiter=RateLimiter(rate_limit=100, tokens=100, last_update_ns=1324303625000000, effective_rate=1.0), rules=[])
2022-10-30 17:24:22,844 - DEBUG: initialized RateSampler, sample 100.0% of traces
2022-10-30 17:24:22,844 - DEBUG: initialized trace processor TraceTagsProcessor()
2022-10-30 17:24:22,844 - DEBUG: initialized trace processor TraceSamplingProcessor(_compute_stats_enabled=False)
2022-10-30 17:24:22,844 - DEBUG: initialized processor TopLevelSpanProcessor()
2022-10-30 17:24:22,844 - DEBUG: initialized processor SpanAggregator(_partial_flush_enabled=True, _partial_flush_min_spans=500, _trace_processors=[TraceTagsProcessor(), TraceSamplingProcessor(_compute_stats_enabled=False)], _writer=AgentWriter(status=<ServiceStatus.STOPPED: 'stopped'>, _interval=1.0))
2022-10-30 17:24:22,860 - INFO: patched 1/1 modules (logging)
2022-10-30 17:24:22,860 - DEBUG: initialized trace processor TraceTagsProcessor()
2022-10-30 17:24:22,860 - DEBUG: initialized trace processor TraceSamplingProcessor(_compute_stats_enabled=False)
2022-10-30 17:24:22,860 - DEBUG: initialized processor TopLevelSpanProcessor()
2022-10-30 17:24:22,860 - DEBUG: initialized processor SpanAggregator(_partial_flush_enabled=True, _partial_flush_min_spans=500, _trace_processors=[TraceTagsProcessor(), TraceSamplingProcessor(_compute_stats_enabled=False)], _writer=AgentWriter(status=<ServiceStatus.STOPPED: 'stopped'>, _interval=1.0))
2022-10-30 17:24:22,860 - INFO: Starting server
2022-10-30 17:24:22,875 - INFO: Started server process [1032]
2022-10-30 17:24:22,875 - INFO: Waiting for application startup.
2022-10-30 17:24:22,875 - INFO: Application startup complete.
2022-10-30 17:24:54,362 - DEBUG: <class 'ddtrace.internal.module.ModuleWatchdog'> installed
2022-10-30 17:24:54,618 - DEBUG: initialized RateSampler, sample 100.0% of traces
2022-10-30 17:24:54,619 - DEBUG: initialized DatadogSampler(agent_rates={}, limiter=RateLimiter(rate_limit=100, tokens=100, last_update_ns=1324335390000000, effective_rate=1.0), rules=[])
2022-10-30 17:24:54,620 - DEBUG: initialized RateSampler, sample 100.0% of traces
2022-10-30 17:24:54,632 - DEBUG: initialized trace processor TraceTagsProcessor()
2022-10-30 17:24:54,633 - DEBUG: initialized trace processor TraceSamplingProcessor(_compute_stats_enabled=False)
2022-10-30 17:24:54,633 - DEBUG: initialized processor TopLevelSpanProcessor()
2022-10-30 17:24:54,633 - DEBUG: initialized processor SpanAggregator(_partial_flush_enabled=True, _partial_flush_min_spans=500, _trace_processors=[TraceTagsProcessor(), TraceSamplingProcessor(_compute_stats_enabled=False)], _writer=AgentWriter(status=<ServiceStatus.STOPPED: 'stopped'>, _interval=1.0))
2022-10-30 17:24:54,655 - INFO: patched 1/1 modules (logging)
2022-10-30 17:24:54,656 - DEBUG: initialized trace processor TraceTagsProcessor()
2022-10-30 17:24:54,656 - DEBUG: initialized trace processor TraceSamplingProcessor(_compute_stats_enabled=False)
2022-10-30 17:24:54,657 - DEBUG: initialized processor TopLevelSpanProcessor()
2022-10-30 17:24:54,657 - DEBUG: initialized processor SpanAggregator(_partial_flush_enabled=True, _partial_flush_min_spans=500, _trace_processors=[TraceTagsProcessor(), TraceSamplingProcessor(_compute_stats_enabled=False)], _writer=AgentWriter(status=<ServiceStatus.STOPPED: 'stopped'>, _interval=1.0))
2022-10-30 17:24:54,658 - INFO: Starting server
2022-10-30 17:24:54,687 - INFO: Started server process [7492]
2022-10-30 17:24:54,688 - INFO: Waiting for application startup.
2022-10-30 17:24:54,690 - INFO: Application startup complete.
2022-10-30 17:24:57,517 - INFO: Shutting down
2022-10-30 17:25:01,638 - DEBUG: <class 'ddtrace.internal.module.ModuleWatchdog'> installed
2022-10-30 17:25:01,859 - DEBUG: initialized RateSampler, sample 100.0% of traces
2022-10-30 17:25:01,859 - DEBUG: initialized DatadogSampler(agent_rates={}, limiter=RateLimiter(rate_limit=100, tokens=100, last_update_ns=1324342640000000, effective_rate=1.0), rules=[])
2022-10-30 17:25:01,859 - DEBUG: initialized RateSampler, sample 100.0% of traces
2022-10-30 17:25:01,859 - DEBUG: initialized trace processor TraceTagsProcessor()
2022-10-30 17:25:01,859 - DEBUG: initialized trace processor TraceSamplingProcessor(_compute_stats_enabled=False)
2022-10-30 17:25:01,859 - DEBUG: initialized processor TopLevelSpanProcessor()
2022-10-30 17:25:01,859 - DEBUG: initialized processor SpanAggregator(_partial_flush_enabled=True, _partial_flush_min_spans=500, _trace_processors=[TraceTagsProcessor(), TraceSamplingProcessor(_compute_stats_enabled=False)], _writer=AgentWriter(status=<ServiceStatus.STOPPED: 'stopped'>, _interval=1.0))
2022-10-30 17:25:01,875 - INFO: patched 1/1 modules (logging)
2022-10-30 17:25:01,875 - DEBUG: initialized trace processor TraceTagsProcessor()
2022-10-30 17:25:01,875 - DEBUG: initialized trace processor TraceSamplingProcessor(_compute_stats_enabled=False)
2022-10-30 17:25:01,875 - DEBUG: initialized processor TopLevelSpanProcessor()
2022-10-30 17:25:01,875 - DEBUG: initialized processor SpanAggregator(_partial_flush_enabled=True, _partial_flush_min_spans=500, _trace_processors=[TraceTagsProcessor(), TraceSamplingProcessor(_compute_stats_enabled=False)], _writer=AgentWriter(status=<ServiceStatus.STOPPED: 'stopped'>, _interval=1.0))
2022-10-30 17:25:01,875 - INFO: Starting server
2022-10-30 17:25:01,892 - INFO: Started server process [8892]
2022-10-30 17:25:01,892 - INFO: Waiting for application startup.
2022-10-30 17:25:01,892 - INFO: Application startup complete.
2022-10-30 17:25:11,540 - DEBUG: <class 'ddtrace.internal.module.ModuleWatchdog'> installed
2022-10-30 17:25:11,793 - DEBUG: initialized RateSampler, sample 100.0% of traces
2022-10-30 17:25:11,793 - DEBUG: initialized DatadogSampler(agent_rates={}, limiter=RateLimiter(rate_limit=100, tokens=100, last_update_ns=1324352562000000, effective_rate=1.0), rules=[])
2022-10-30 17:25:11,793 - DEBUG: initialized RateSampler, sample 100.0% of traces
2022-10-30 17:25:11,793 - DEBUG: initialized trace processor TraceTagsProcessor()
2022-10-30 17:25:11,793 - DEBUG: initialized trace processor TraceSamplingProcessor(_compute_stats_enabled=False)
2022-10-30 17:25:11,793 - DEBUG: initialized processor TopLevelSpanProcessor()
2022-10-30 17:25:11,793 - DEBUG: initialized processor SpanAggregator(_partial_flush_enabled=True, _partial_flush_min_spans=500, _trace_processors=[TraceTagsProcessor(), TraceSamplingProcessor(_compute_stats_enabled=False)], _writer=AgentWriter(status=<ServiceStatus.STOPPED: 'stopped'>, _interval=1.0))
2022-10-30 17:25:11,811 - INFO: patched 1/1 modules (logging)
2022-10-30 17:25:11,811 - DEBUG: initialized trace processor TraceTagsProcessor()
2022-10-30 17:25:11,811 - DEBUG: initialized trace processor TraceSamplingProcessor(_compute_stats_enabled=False)
2022-10-30 17:25:11,811 - DEBUG: initialized processor TopLevelSpanProcessor()
2022-10-30 17:25:11,811 - DEBUG: initialized processor SpanAggregator(_partial_flush_enabled=True, _partial_flush_min_spans=500, _trace_processors=[TraceTagsProcessor(), TraceSamplingProcessor(_compute_stats_enabled=False)], _writer=AgentWriter(status=<ServiceStatus.STOPPED: 'stopped'>, _interval=1.0))
2022-10-30 17:25:11,811 - INFO: Starting server
2022-10-30 17:25:11,846 - INFO: Started server process [3424]
2022-10-30 17:25:11,846 - INFO: Waiting for application startup.
2022-10-30 17:25:11,847 - INFO: Application startup complete.
2022-10-30 17:25:22,466 - DEBUG: <class 'ddtrace.internal.module.ModuleWatchdog'> installed
2022-10-30 17:25:22,697 - DEBUG: initialized RateSampler, sample 100.0% of traces
2022-10-30 17:25:22,698 - DEBUG: initialized DatadogSampler(agent_rates={}, limiter=RateLimiter(rate_limit=100, tokens=100, last_update_ns=1324363468000000, effective_rate=1.0), rules=[])
2022-10-30 17:25:22,699 - DEBUG: initialized RateSampler, sample 100.0% of traces
2022-10-30 17:25:22,716 - DEBUG: initialized trace processor TraceTagsProcessor()
2022-10-30 17:25:22,716 - DEBUG: initialized trace processor TraceSamplingProcessor(_compute_stats_enabled=False)
2022-10-30 17:25:22,717 - DEBUG: initialized processor TopLevelSpanProcessor()
2022-10-30 17:25:22,717 - DEBUG: initialized processor SpanAggregator(_partial_flush_enabled=True, _partial_flush_min_spans=500, _trace_processors=[TraceTagsProcessor(), TraceSamplingProcessor(_compute_stats_enabled=False)], _writer=AgentWriter(status=<ServiceStatus.STOPPED: 'stopped'>, _interval=1.0))
2022-10-30 17:25:22,757 - INFO: patched 1/1 modules (logging)
2022-10-30 17:25:22,758 - DEBUG: initialized trace processor TraceTagsProcessor()
2022-10-30 17:25:22,758 - DEBUG: initialized trace processor TraceSamplingProcessor(_compute_stats_enabled=False)
2022-10-30 17:25:22,758 - DEBUG: initialized processor TopLevelSpanProcessor()
2022-10-30 17:25:22,759 - DEBUG: initialized processor SpanAggregator(_partial_flush_enabled=True, _partial_flush_min_spans=500, _trace_processors=[TraceTagsProcessor(), TraceSamplingProcessor(_compute_stats_enabled=False)], _writer=AgentWriter(status=<ServiceStatus.STOPPED: 'stopped'>, _interval=1.0))
2022-10-30 17:25:22,759 - INFO: Starting server
2022-10-30 17:25:22,795 - INFO: Started server process [4204]
2022-10-30 17:25:22,796 - INFO: Waiting for application startup.
2022-10-30 17:25:22,797 - INFO: Application startup complete.
2022-10-30 17:25:36,536 - DEBUG: <class 'ddtrace.internal.module.ModuleWatchdog'> installed
2022-10-30 17:25:36,741 - DEBUG: initialized RateSampler, sample 100.0% of traces
2022-10-30 17:25:36,742 - DEBUG: initialized DatadogSampler(agent_rates={}, limiter=RateLimiter(rate_limit=100, tokens=100, last_update_ns=1324377515000000, effective_rate=1.0), rules=[])
2022-10-30 17:25:36,742 - DEBUG: initialized RateSampler, sample 100.0% of traces
2022-10-30 17:25:36,752 - DEBUG: initialized trace processor TraceTagsProcessor()
2022-10-30 17:25:36,752 - DEBUG: initialized trace processor TraceSamplingProcessor(_compute_stats_enabled=False)
2022-10-30 17:25:36,752 - DEBUG: initialized processor TopLevelSpanProcessor()
2022-10-30 17:25:36,753 - DEBUG: initialized processor SpanAggregator(_partial_flush_enabled=True, _partial_flush_min_spans=500, _trace_processors=[TraceTagsProcessor(), TraceSamplingProcessor(_compute_stats_enabled=False)], _writer=AgentWriter(status=<ServiceStatus.STOPPED: 'stopped'>, _interval=1.0))
2022-10-30 17:25:36,769 - INFO: patched 1/1 modules (logging)
2022-10-30 17:25:36,770 - DEBUG: initialized trace processor TraceTagsProcessor()
2022-10-30 17:25:36,770 - DEBUG: initialized trace processor TraceSamplingProcessor(_compute_stats_enabled=False)
2022-10-30 17:25:36,770 - DEBUG: initialized processor TopLevelSpanProcessor()
2022-10-30 17:25:36,770 - DEBUG: initialized processor SpanAggregator(_partial_flush_enabled=True, _partial_flush_min_spans=500, _trace_processors=[TraceTagsProcessor(), TraceSamplingProcessor(_compute_stats_enabled=False)], _writer=AgentWriter(status=<ServiceStatus.STOPPED: 'stopped'>, _interval=1.0))
2022-10-30 17:25:36,770 - INFO: Starting server
2022-10-30 17:25:36,783 - INFO: Started server process [3836]
2022-10-30 17:25:36,784 - INFO: Waiting for application startup.
2022-10-30 17:25:36,784 - INFO: Application startup complete.
2022-10-30 17:26:38,010 - DEBUG: <class 'ddtrace.internal.module.ModuleWatchdog'> installed
2022-10-30 17:26:38,201 - DEBUG: initialized RateSampler, sample 100.0% of traces
2022-10-30 17:26:38,201 - DEBUG: initialized DatadogSampler(agent_rates={}, limiter=RateLimiter(rate_limit=100, tokens=100, last_update_ns=1324438968000000, effective_rate=1.0), rules=[])
2022-10-30 17:26:38,201 - DEBUG: initialized RateSampler, sample 100.0% of traces
2022-10-30 17:26:38,201 - DEBUG: initialized trace processor TraceTagsProcessor()
2022-10-30 17:26:38,201 - DEBUG: initialized trace processor TraceSamplingProcessor(_compute_stats_enabled=False)
2022-10-30 17:26:38,201 - DEBUG: initialized processor TopLevelSpanProcessor()
2022-10-30 17:26:38,201 - DEBUG: initialized processor SpanAggregator(_partial_flush_enabled=True, _partial_flush_min_spans=500, _trace_processors=[TraceTagsProcessor(), TraceSamplingProcessor(_compute_stats_enabled=False)], _writer=AgentWriter(status=<ServiceStatus.STOPPED: 'stopped'>, _interval=1.0))
2022-10-30 17:26:38,225 - INFO: patched 1/1 modules (logging)
2022-10-30 17:26:38,226 - DEBUG: initialized trace processor TraceTagsProcessor()
2022-10-30 17:26:38,226 - DEBUG: initialized trace processor TraceSamplingProcessor(_compute_stats_enabled=False)
2022-10-30 17:26:38,226 - DEBUG: initialized processor TopLevelSpanProcessor()
2022-10-30 17:26:38,226 - DEBUG: initialized processor SpanAggregator(_partial_flush_enabled=True, _partial_flush_min_spans=500, _trace_processors=[TraceTagsProcessor(), TraceSamplingProcessor(_compute_stats_enabled=False)], _writer=AgentWriter(status=<ServiceStatus.STOPPED: 'stopped'>, _interval=1.0))
2022-10-30 17:26:38,226 - INFO: Starting server
2022-10-30 17:26:38,228 - INFO: Started server process [6696]
2022-10-30 17:26:38,228 - INFO: Waiting for application startup.
2022-10-30 17:26:38,228 - INFO: Application startup complete.
2022-10-30 17:26:57,683 - INFO: Shutting down
2022-10-30 17:26:57,785 - INFO: Waiting for application shutdown.
2022-10-30 17:26:57,786 - INFO: Application shutdown complete.
2022-10-30 17:26:57,787 - INFO: Finished server process [6696]
2022-10-30 17:27:05,793 - DEBUG: <class 'ddtrace.internal.module.ModuleWatchdog'> installed
2022-10-30 17:27:05,975 - DEBUG: initialized RateSampler, sample 100.0% of traces
2022-10-30 17:27:05,975 - DEBUG: initialized DatadogSampler(agent_rates={}, limiter=RateLimiter(rate_limit=100, tokens=100, last_update_ns=1324466750000000, effective_rate=1.0), rules=[])
2022-10-30 17:27:05,975 - DEBUG: initialized RateSampler, sample 100.0% of traces
2022-10-30 17:27:05,975 - DEBUG: initialized trace processor TraceTagsProcessor()
2022-10-30 17:27:05,975 - DEBUG: initialized trace processor TraceSamplingProcessor(_compute_stats_enabled=False)
2022-10-30 17:27:05,975 - DEBUG: initialized processor TopLevelSpanProcessor()
2022-10-30 17:27:05,975 - DEBUG: initialized processor SpanAggregator(_partial_flush_enabled=True, _partial_flush_min_spans=500, _trace_processors=[TraceTagsProcessor(), TraceSamplingProcessor(_compute_stats_enabled=False)], _writer=AgentWriter(status=<ServiceStatus.STOPPED: 'stopped'>, _interval=1.0))
2022-10-30 17:27:05,990 - INFO: patched 1/1 modules (logging)
2022-10-30 17:27:05,990 - DEBUG: initialized trace processor TraceTagsProcessor()
2022-10-30 17:27:05,990 - DEBUG: initialized trace processor TraceSamplingProcessor(_compute_stats_enabled=False)
2022-10-30 17:27:05,990 - DEBUG: initialized processor TopLevelSpanProcessor()
2022-10-30 17:27:05,990 - DEBUG: initialized processor SpanAggregator(_partial_flush_enabled=True, _partial_flush_min_spans=500, _trace_processors=[TraceTagsProcessor(), TraceSamplingProcessor(_compute_stats_enabled=False)], _writer=AgentWriter(status=<ServiceStatus.STOPPED: 'stopped'>, _interval=1.0))
2022-10-30 17:27:05,990 - INFO: Starting server
2022-10-30 17:27:06,017 - INFO: Started server process [6828]
2022-10-30 17:27:06,017 - INFO: Waiting for application startup.
2022-10-30 17:27:06,018 - INFO: Application startup complete.
2022-10-30 17:28:02,601 - INFO: Shutting down
2022-10-30 17:28:02,703 - INFO: Waiting for application shutdown.
2022-10-30 17:28:02,704 - INFO: Application shutdown complete.
2022-10-30 17:28:02,705 - INFO: Finished server process [6828]
2022-10-30 17:28:02,707 - DEBUG: Waiting 5 seconds for tracer to finish. Hit ctrl-break to quit.
2022-10-30 17:28:06,356 - DEBUG: <class 'ddtrace.internal.module.ModuleWatchdog'> installed
2022-10-30 17:28:06,548 - DEBUG: initialized RateSampler, sample 100.0% of traces
2022-10-30 17:28:06,548 - DEBUG: initialized DatadogSampler(agent_rates={}, limiter=RateLimiter(rate_limit=100, tokens=100, last_update_ns=1324527328000000, effective_rate=1.0), rules=[])
2022-10-30 17:28:06,548 - DEBUG: initialized RateSampler, sample 100.0% of traces
2022-10-30 17:28:06,563 - DEBUG: initialized trace processor TraceTagsProcessor()
2022-10-30 17:28:06,563 - DEBUG: initialized trace processor TraceSamplingProcessor(_compute_stats_enabled=False)
2022-10-30 17:28:06,563 - DEBUG: initialized processor TopLevelSpanProcessor()
2022-10-30 17:28:06,563 - DEBUG: initialized processor SpanAggregator(_partial_flush_enabled=True, _partial_flush_min_spans=500, _trace_processors=[TraceTagsProcessor(), TraceSamplingProcessor(_compute_stats_enabled=False)], _writer=AgentWriter(status=<ServiceStatus.STOPPED: 'stopped'>, _interval=1.0))
2022-10-30 17:28:06,563 - INFO: patched 1/1 modules (logging)
2022-10-30 17:28:06,579 - DEBUG: initialized trace processor TraceTagsProcessor()
2022-10-30 17:28:06,579 - DEBUG: initialized trace processor TraceSamplingProcessor(_compute_stats_enabled=False)
2022-10-30 17:28:06,579 - DEBUG: initialized processor TopLevelSpanProcessor()
2022-10-30 17:28:06,579 - DEBUG: initialized processor SpanAggregator(_partial_flush_enabled=True, _partial_flush_min_spans=500, _trace_processors=[TraceTagsProcessor(), TraceSamplingProcessor(_compute_stats_enabled=False)], _writer=AgentWriter(status=<ServiceStatus.STOPPED: 'stopped'>, _interval=1.0))
2022-10-30 17:28:06,579 - INFO: Starting server
2022-10-30 17:28:06,579 - INFO: Started server process [3168]
2022-10-30 17:28:06,579 - INFO: Waiting for application startup.
2022-10-30 17:28:06,579 - INFO: Application startup complete.
2022-10-30 17:30:34,311 - INFO: Shutting down
2022-10-30 17:30:34,413 - INFO: Waiting for application shutdown.
2022-10-30 17:30:34,414 - INFO: Application shutdown complete.
2022-10-30 17:30:34,416 - INFO: Finished server process [3168]
2022-10-30 17:30:34,416 - DEBUG: Waiting 5 seconds for tracer to finish. Hit ctrl-break to quit.
2022-10-30 17:30:51,131 - DEBUG: <class 'ddtrace.internal.module.ModuleWatchdog'> installed
2022-10-30 17:30:51,333 - DEBUG: initialized RateSampler, sample 100.0% of traces
2022-10-30 17:30:51,333 - DEBUG: initialized DatadogSampler(agent_rates={}, limiter=RateLimiter(rate_limit=100, tokens=100, last_update_ns=1324692109000000, effective_rate=1.0), rules=[])
2022-10-30 17:30:51,333 - DEBUG: initialized RateSampler, sample 100.0% of traces
2022-10-30 17:30:51,339 - DEBUG: initialized trace processor TraceTagsProcessor()
2022-10-30 17:30:51,340 - DEBUG: initialized trace processor TraceSamplingProcessor(_compute_stats_enabled=False)
2022-10-30 17:30:51,340 - DEBUG: initialized processor TopLevelSpanProcessor()
2022-10-30 17:30:51,340 - DEBUG: initialized processor SpanAggregator(_partial_flush_enabled=True, _partial_flush_min_spans=500, _trace_processors=[TraceTagsProcessor(), TraceSamplingProcessor(_compute_stats_enabled=False)], _writer=AgentWriter(status=<ServiceStatus.STOPPED: 'stopped'>, _interval=1.0))
2022-10-30 17:30:51,355 - INFO: patched 1/1 modules (logging)
2022-10-30 17:30:51,356 - DEBUG: initialized trace processor TraceTagsProcessor()
2022-10-30 17:30:51,356 - DEBUG: initialized trace processor TraceSamplingProcessor(_compute_stats_enabled=False)
2022-10-30 17:30:51,356 - DEBUG: initialized processor TopLevelSpanProcessor()
2022-10-30 17:30:51,356 - DEBUG: initialized processor SpanAggregator(_partial_flush_enabled=True, _partial_flush_min_spans=500, _trace_processors=[TraceTagsProcessor(), TraceSamplingProcessor(_compute_stats_enabled=False)], _writer=AgentWriter(status=<ServiceStatus.STOPPED: 'stopped'>, _interval=1.0))
2022-10-30 17:30:51,357 - INFO: Starting server
2022-10-30 17:30:51,374 - INFO: Started server process [2348]
2022-10-30 17:30:51,375 - INFO: Waiting for application startup.
2022-10-30 17:30:51,375 - INFO: Application startup complete.
2022-10-30 17:31:56,019 - INFO: Shutting down
2022-10-30 17:31:59,936 - DEBUG: <class 'ddtrace.internal.module.ModuleWatchdog'> installed
2022-10-30 17:32:00,126 - DEBUG: initialized RateSampler, sample 100.0% of traces
2022-10-30 17:32:00,126 - DEBUG: initialized DatadogSampler(agent_rates={}, limiter=RateLimiter(rate_limit=100, tokens=100, last_update_ns=1324760906000000, effective_rate=1.0), rules=[])
2022-10-30 17:32:00,126 - DEBUG: initialized RateSampler, sample 100.0% of traces
2022-10-30 17:32:00,128 - DEBUG: initialized trace processor TraceTagsProcessor()
2022-10-30 17:32:00,128 - DEBUG: initialized trace processor TraceSamplingProcessor(_compute_stats_enabled=False)
2022-10-30 17:32:00,128 - DEBUG: initialized processor TopLevelSpanProcessor()
2022-10-30 17:32:00,128 - DEBUG: initialized processor SpanAggregator(_partial_flush_enabled=True, _partial_flush_min_spans=500, _trace_processors=[TraceTagsProcessor(), TraceSamplingProcessor(_compute_stats_enabled=False)], _writer=AgentWriter(status=<ServiceStatus.STOPPED: 'stopped'>, _interval=1.0))
2022-10-30 17:32:00,150 - INFO: patched 1/1 modules (logging)
2022-10-30 17:32:00,151 - DEBUG: initialized trace processor TraceTagsProcessor()
2022-10-30 17:32:00,151 - DEBUG: initialized trace processor TraceSamplingProcessor(_compute_stats_enabled=False)
2022-10-30 17:32:00,151 - DEBUG: initialized processor TopLevelSpanProcessor()
2022-10-30 17:32:00,151 - DEBUG: initialized processor SpanAggregator(_partial_flush_enabled=True, _partial_flush_min_spans=500, _trace_processors=[TraceTagsProcessor(), TraceSamplingProcessor(_compute_stats_enabled=False)], _writer=AgentWriter(status=<ServiceStatus.STOPPED: 'stopped'>, _interval=1.0))
2022-10-30 17:32:00,151 - INFO: Starting server
2022-10-30 17:32:00,165 - INFO: Started server process [1888]
2022-10-30 17:32:00,166 - INFO: Waiting for application startup.
2022-10-30 17:32:00,167 - INFO: Application startup complete.
2022-10-30 17:34:29,882 - INFO: Shutting down
2022-10-30 17:34:46,109 - DEBUG: <class 'ddtrace.internal.module.ModuleWatchdog'> installed
2022-10-30 17:34:46,292 - DEBUG: initialized RateSampler, sample 100.0% of traces
2022-10-30 17:34:46,292 - DEBUG: initialized DatadogSampler(agent_rates={}, limiter=RateLimiter(rate_limit=100, tokens=100, last_update_ns=1324927062000000, effective_rate=1.0), rules=[])
2022-10-30 17:34:46,292 - DEBUG: initialized RateSampler, sample 100.0% of traces
2022-10-30 17:34:46,292 - DEBUG: initialized trace processor TraceTagsProcessor()
2022-10-30 17:34:46,292 - DEBUG: initialized trace processor TraceSamplingProcessor(_compute_stats_enabled=False)
2022-10-30 17:34:46,292 - DEBUG: initialized processor TopLevelSpanProcessor()
2022-10-30 17:34:46,292 - DEBUG: initialized processor SpanAggregator(_partial_flush_enabled=True, _partial_flush_min_spans=500, _trace_processors=[TraceTagsProcessor(), TraceSamplingProcessor(_compute_stats_enabled=False)], _writer=AgentWriter(status=<ServiceStatus.STOPPED: 'stopped'>, _interval=1.0))
2022-10-30 17:34:46,317 - INFO: patched 1/1 modules (logging)
2022-10-30 17:34:46,317 - DEBUG: initialized trace processor TraceTagsProcessor()
2022-10-30 17:34:46,317 - DEBUG: initialized trace processor TraceSamplingProcessor(_compute_stats_enabled=False)
2022-10-30 17:34:46,317 - DEBUG: initialized processor TopLevelSpanProcessor()
2022-10-30 17:34:46,318 - DEBUG: initialized processor SpanAggregator(_partial_flush_enabled=True, _partial_flush_min_spans=500, _trace_processors=[TraceTagsProcessor(), TraceSamplingProcessor(_compute_stats_enabled=False)], _writer=AgentWriter(status=<ServiceStatus.STOPPED: 'stopped'>, _interval=1.0))
2022-10-30 17:34:46,318 - INFO: Starting server
2022-10-30 17:34:46,328 - INFO: Started server process [6728]
2022-10-30 17:34:46,328 - INFO: Waiting for application startup.
2022-10-30 17:34:46,328 - INFO: Application startup complete.
2022-10-30 17:39:40,625 - DEBUG: <class 'ddtrace.internal.module.ModuleWatchdog'> installed
2022-10-30 17:39:40,864 - DEBUG: initialized RateSampler, sample 100.0% of traces
2022-10-30 17:39:40,864 - DEBUG: initialized DatadogSampler(agent_rates={}, limiter=RateLimiter(rate_limit=100, tokens=100, last_update_ns=1325221640000000, effective_rate=1.0), rules=[])
2022-10-30 17:39:40,865 - DEBUG: initialized RateSampler, sample 100.0% of traces
2022-10-30 17:39:40,879 - DEBUG: initialized trace processor TraceTagsProcessor()
2022-10-30 17:39:40,880 - DEBUG: initialized trace processor TraceSamplingProcessor(_compute_stats_enabled=False)
2022-10-30 17:39:40,880 - DEBUG: initialized processor TopLevelSpanProcessor()
2022-10-30 17:39:40,880 - DEBUG: initialized processor SpanAggregator(_partial_flush_enabled=True, _partial_flush_min_spans=500, _trace_processors=[TraceTagsProcessor(), TraceSamplingProcessor(_compute_stats_enabled=False)], _writer=AgentWriter(status=<ServiceStatus.STOPPED: 'stopped'>, _interval=1.0))
2022-10-30 17:39:40,899 - INFO: patched 1/1 modules (logging)
2022-10-30 17:39:40,900 - DEBUG: initialized trace processor TraceTagsProcessor()
2022-10-30 17:39:40,900 - DEBUG: initialized trace processor TraceSamplingProcessor(_compute_stats_enabled=False)
2022-10-30 17:39:40,900 - DEBUG: initialized processor TopLevelSpanProcessor()
2022-10-30 17:39:40,900 - DEBUG: initialized processor SpanAggregator(_partial_flush_enabled=True, _partial_flush_min_spans=500, _trace_processors=[TraceTagsProcessor(), TraceSamplingProcessor(_compute_stats_enabled=False)], _writer=AgentWriter(status=<ServiceStatus.STOPPED: 'stopped'>, _interval=1.0))
2022-10-30 17:39:40,901 - INFO: Starting server
2022-10-30 17:39:40,917 - INFO: Started server process [7208]
2022-10-30 17:39:40,918 - INFO: Waiting for application startup.
2022-10-30 17:39:40,918 - INFO: Application startup complete.
2022-10-30 17:40:52,334 - DEBUG: <class 'ddtrace.internal.module.ModuleWatchdog'> installed
2022-10-30 17:40:52,559 - DEBUG: initialized RateSampler, sample 100.0% of traces
2022-10-30 17:40:52,560 - DEBUG: initialized DatadogSampler(agent_rates={}, limiter=RateLimiter(rate_limit=100, tokens=100, last_update_ns=1325293328000000, effective_rate=1.0), rules=[])
2022-10-30 17:40:52,560 - DEBUG: initialized RateSampler, sample 100.0% of traces
2022-10-30 17:40:52,570 - DEBUG: initialized trace processor TraceTagsProcessor()
2022-10-30 17:40:52,570 - DEBUG: initialized trace processor TraceSamplingProcessor(_compute_stats_enabled=False)
2022-10-30 17:40:52,570 - DEBUG: initialized processor TopLevelSpanProcessor()
2022-10-30 17:40:52,570 - DEBUG: initialized processor SpanAggregator(_partial_flush_enabled=True, _partial_flush_min_spans=500, _trace_processors=[TraceTagsProcessor(), TraceSamplingProcessor(_compute_stats_enabled=False)], _writer=AgentWriter(status=<ServiceStatus.STOPPED: 'stopped'>, _interval=1.0))
2022-10-30 17:40:52,590 - INFO: patched 1/1 modules (logging)
2022-10-30 17:40:52,591 - DEBUG: initialized trace processor TraceTagsProcessor()
2022-10-30 17:40:52,592 - DEBUG: initialized trace processor TraceSamplingProcessor(_compute_stats_enabled=False)
2022-10-30 17:40:52,592 - DEBUG: initialized processor TopLevelSpanProcessor()
2022-10-30 17:40:52,592 - DEBUG: initialized processor SpanAggregator(_partial_flush_enabled=True, _partial_flush_min_spans=500, _trace_processors=[TraceTagsProcessor(), TraceSamplingProcessor(_compute_stats_enabled=False)], _writer=AgentWriter(status=<ServiceStatus.STOPPED: 'stopped'>, _interval=1.0))
2022-10-30 17:40:52,593 - INFO: Starting server
2022-10-30 17:40:52,622 - INFO: Started server process [840]
2022-10-30 17:40:52,623 - INFO: Waiting for application startup.
2022-10-30 17:40:52,624 - INFO: Application startup complete.
2022-10-30 17:41:59,482 - DEBUG: <class 'ddtrace.internal.module.ModuleWatchdog'> installed
2022-10-30 17:41:59,689 - DEBUG: initialized RateSampler, sample 100.0% of traces
2022-10-30 17:41:59,689 - DEBUG: initialized DatadogSampler(agent_rates={}, limiter=RateLimiter(rate_limit=100, tokens=100, last_update_ns=1325360468000000, effective_rate=1.0), rules=[])
2022-10-30 17:41:59,689 - DEBUG: initialized RateSampler, sample 100.0% of traces
2022-10-30 17:41:59,689 - DEBUG: initialized trace processor TraceTagsProcessor()
2022-10-30 17:41:59,689 - DEBUG: initialized trace processor TraceSamplingProcessor(_compute_stats_enabled=False)
2022-10-30 17:41:59,704 - DEBUG: initialized processor TopLevelSpanProcessor()
2022-10-30 17:41:59,704 - DEBUG: initialized processor SpanAggregator(_partial_flush_enabled=True, _partial_flush_min_spans=500, _trace_processors=[TraceTagsProcessor(), TraceSamplingProcessor(_compute_stats_enabled=False)], _writer=AgentWriter(status=<ServiceStatus.STOPPED: 'stopped'>, _interval=1.0))
2022-10-30 17:41:59,730 - INFO: patched 1/1 modules (logging)
2022-10-30 17:41:59,730 - DEBUG: initialized trace processor TraceTagsProcessor()
2022-10-30 17:41:59,730 - DEBUG: initialized trace processor TraceSamplingProcessor(_compute_stats_enabled=False)
2022-10-30 17:41:59,731 - DEBUG: initialized processor TopLevelSpanProcessor()
2022-10-30 17:41:59,731 - DEBUG: initialized processor SpanAggregator(_partial_flush_enabled=True, _partial_flush_min_spans=500, _trace_processors=[TraceTagsProcessor(), TraceSamplingProcessor(_compute_stats_enabled=False)], _writer=AgentWriter(status=<ServiceStatus.STOPPED: 'stopped'>, _interval=1.0))
2022-10-30 17:41:59,731 - INFO: Starting server
2022-10-30 17:41:59,751 - INFO: Started server process [6500]
2022-10-30 17:41:59,751 - INFO: Waiting for application startup.
2022-10-30 17:41:59,752 - INFO: Application startup complete.
2022-10-30 17:49:15,205 - INFO: Shutting down
2022-10-30 17:58:39,973 - DEBUG: <class 'ddtrace.internal.module.ModuleWatchdog'> installed
2022-10-30 17:58:40,160 - DEBUG: initialized RateSampler, sample 100.0% of traces
2022-10-30 17:58:40,160 - DEBUG: initialized DatadogSampler(agent_rates={}, limiter=RateLimiter(rate_limit=100, tokens=100, last_update_ns=1326360937000000, effective_rate=1.0), rules=[])
2022-10-30 17:58:40,160 - DEBUG: initialized RateSampler, sample 100.0% of traces
2022-10-30 17:58:40,160 - DEBUG: initialized trace processor TraceTagsProcessor()
2022-10-30 17:58:40,160 - DEBUG: initialized trace processor TraceSamplingProcessor(_compute_stats_enabled=False)
2022-10-30 17:58:40,160 - DEBUG: initialized processor TopLevelSpanProcessor()
2022-10-30 17:58:40,160 - DEBUG: initialized processor SpanAggregator(_partial_flush_enabled=True, _partial_flush_min_spans=500, _trace_processors=[TraceTagsProcessor(), TraceSamplingProcessor(_compute_stats_enabled=False)], _writer=AgentWriter(status=<ServiceStatus.STOPPED: 'stopped'>, _interval=1.0))
2022-10-30 17:58:40,233 - INFO: patched 1/1 modules (logging)
2022-10-30 17:58:40,233 - DEBUG: initialized trace processor TraceTagsProcessor()
2022-10-30 17:58:40,233 - DEBUG: initialized trace processor TraceSamplingProcessor(_compute_stats_enabled=False)
2022-10-30 17:58:40,233 - DEBUG: initialized processor TopLevelSpanProcessor()
2022-10-30 17:58:40,233 - DEBUG: initialized processor SpanAggregator(_partial_flush_enabled=True, _partial_flush_min_spans=500, _trace_processors=[TraceTagsProcessor(), TraceSamplingProcessor(_compute_stats_enabled=False)], _writer=AgentWriter(status=<ServiceStatus.STOPPED: 'stopped'>, _interval=1.0))
2022-10-30 17:58:40,233 - INFO: Starting server
2022-10-30 17:58:40,260 - INFO: Started server process [7488]
2022-10-30 17:58:40,260 - INFO: Waiting for application startup.
2022-10-30 17:58:40,260 - INFO: Application startup complete.
2022-10-30 18:14:30,705 - INFO: Shutting down
2022-10-30 18:16:01,196 - DEBUG: <class 'ddtrace.internal.module.ModuleWatchdog'> installed
2022-10-30 18:16:02,924 - DEBUG: initialized RateSampler, sample 100.0% of traces
2022-10-30 18:16:02,925 - DEBUG: initialized DatadogSampler(agent_rates={}, limiter=RateLimiter(rate_limit=100, tokens=100, last_update_ns=1327403703000000, effective_rate=1.0), rules=[])
2022-10-30 18:16:02,925 - DEBUG: initialized RateSampler, sample 100.0% of traces
2022-10-30 18:16:02,974 - DEBUG: initialized trace processor TraceTagsProcessor()
2022-10-30 18:16:02,974 - DEBUG: initialized trace processor TraceSamplingProcessor(_compute_stats_enabled=False)
2022-10-30 18:16:02,974 - DEBUG: initialized processor TopLevelSpanProcessor()
2022-10-30 18:16:02,975 - DEBUG: initialized processor SpanAggregator(_partial_flush_enabled=True, _partial_flush_min_spans=500, _trace_processors=[TraceTagsProcessor(), TraceSamplingProcessor(_compute_stats_enabled=False)], _writer=AgentWriter(status=<ServiceStatus.STOPPED: 'stopped'>, _interval=1.0))
2022-10-30 18:16:03,124 - INFO: patched 1/1 modules (logging)
2022-10-30 18:16:03,125 - DEBUG: initialized trace processor TraceTagsProcessor()
2022-10-30 18:16:03,125 - DEBUG: initialized trace processor TraceSamplingProcessor(_compute_stats_enabled=False)
2022-10-30 18:16:03,125 - DEBUG: initialized processor TopLevelSpanProcessor()
2022-10-30 18:16:03,125 - DEBUG: initialized processor SpanAggregator(_partial_flush_enabled=True, _partial_flush_min_spans=500, _trace_processors=[TraceTagsProcessor(), TraceSamplingProcessor(_compute_stats_enabled=False)], _writer=AgentWriter(status=<ServiceStatus.STOPPED: 'stopped'>, _interval=1.0))
2022-10-30 18:16:03,126 - INFO: Starting server
2022-10-30 18:16:03,146 - INFO: Started server process [5304]
2022-10-30 18:16:03,147 - INFO: Waiting for application startup.
2022-10-30 18:16:03,147 - INFO: Application startup complete.
2022-10-30 18:19:51,587 - INFO: Shutting down
2022-10-30 18:20:40,607 - INFO: patched 16/1 modules (aiohttp,asyncio,botocore,celery,elasticsearch,fastapi,flask,futures,gevent,grpc,logging,psycopg,pynamodb,requests,sqlite3,starlette)
2022-10-30 18:20:40,608 - DEBUG: initialized trace processor TraceTagsProcessor()
2022-10-30 18:20:40,608 - DEBUG: initialized trace processor TraceSamplingProcessor(_compute_stats_enabled=False)
2022-10-30 18:20:40,609 - DEBUG: initialized processor TopLevelSpanProcessor()
2022-10-30 18:20:40,609 - DEBUG: initialized processor SpanAggregator(_partial_flush_enabled=True, _partial_flush_min_spans=500, _trace_processors=[TraceTagsProcessor(), TraceSamplingProcessor(_compute_stats_enabled=False)], _writer=AgentWriter(status=<ServiceStatus.STOPPED: 'stopped'>, _interval=1.0))
2022-10-30 18:20:40,610 - INFO: Starting server
2022-10-30 18:20:40,649 - INFO: Started server process [3032]
2022-10-30 18:20:40,650 - INFO: Waiting for application startup.
2022-10-30 18:20:40,651 - INFO: Application startup complete.
2022-10-30 18:20:56,944 - DEBUG: finishing span name='fastapi.request' id=12755076844125902231 trace_id=6452429282652830233 parent_id=None service='fastapi' resource='GET /docs' type='web' start=1667164846.866645 end=1667164846.8706436 duration=0.0039986 error=0 tags={'_dd.p.dm': '-0', 'asgi.spec_version': '2.3', 'asgi.version': '3.0', 'http.method': 'GET', 'http.status_code': '200', 'http.url': 'http://localhost:8000/docs', 'http.useragent': 'Mozilla/5.0 (Windows NT 6.3; Win64; x64) AppleWebKit/537.36 (KHTML, like Gecko) Chrome/106.0.0.0 Safari/537.36', 'http.version': '1.1', 'runtime-id': 'a5348cdaa9234512a9a695e3762f6448'} metrics={'_dd.agent_psr': 1.0, '_dd.top_level': 1, '_dd.tracer_kr': 1.0, '_sampling_priority_v1': 1, 'system.pid': 3032} (enabled:True)
2022-10-30 18:20:56,945 - DEBUG: creating new agent connection to http://localhost:8000 with timeout 2
2022-10-30 18:20:56,980 - DEBUG: finishing span name='fastapi.request' id=16759822193355468574 trace_id=1810233807897717373 parent_id=None service='fastapi' resource='GET /openapi.json' type='web' start=1667164856.9587445 end=1667164856.979758 duration=0.0210135 error=0 tags={'_dd.p.dm': '-0', 'asgi.spec_version': '2.3', 'asgi.version': '3.0', 'http.method': 'GET', 'http.status_code': '200', 'http.url': 'http://localhost:8000/openapi.json', 'http.useragent': 'Mozilla/5.0 (Windows NT 6.3; Win64; x64) AppleWebKit/537.36 (KHTML, like Gecko) Chrome/106.0.0.0 Safari/537.36', 'http.version': '1.1', 'runtime-id': 'a5348cdaa9234512a9a695e3762f6448'} metrics={'_dd.agent_psr': 1.0, '_dd.top_level': 1, '_dd.tracer_kr': 1.0, '_sampling_priority_v1': 1, 'system.pid': 3032} (enabled:True)
2022-10-30 18:20:57,991 - WARNING: sent 558B in 1.04700s to http://localhost:8000/v0.4/traces
2022-10-30 18:20:57,992 - DEBUG: finishing span name='fastapi.request' id=10151552650243497264 trace_id=4293311423378946273 parent_id=None service='fastapi' resource='PUT /v0.4/traces' type='web' start=1667164857.9893656 end=1667164857.9913661 duration=0.0020005 error=0 tags={'_dd.p.dm': '-0', 'asgi.spec_version': '2.3', 'asgi.version': '3.0', 'http.method': 'PUT', 'http.status_code': '404', 'http.url': 'http://localhost:8000/v0.4/traces', 'http.version': '1.1', 'runtime-id': 'a5348cdaa9234512a9a695e3762f6448'} metrics={'_dd.agent_psr': 1.0, '_dd.top_level': 1, '_dd.tracer_kr': 1.0, '_sampling_priority_v1': 1, 'system.pid': 3032} (enabled:True)
2022-10-30 18:20:57,992 - DEBUG: calling endpoint 'v0.4/traces' but received 404; downgrading API
2022-10-30 18:20:57,993 - DEBUG: creating new agent connection to http://localhost:8000 with timeout 2
2022-10-30 18:20:58,995 - WARNING: sent 558B in 1.00000s to http://localhost:8000/v0.3/traces
2022-10-30 18:20:58,996 - DEBUG: finishing span name='fastapi.request' id=2600468271241423111 trace_id=11180777968765003679 parent_id=None service='fastapi' resource='PUT /v0.3/traces' type='web' start=1667164858.9931064 end=1667164858.9951065 duration=0.002 error=0 tags={'_dd.p.dm': '-0', 'asgi.spec_version': '2.3', 'asgi.version': '3.0', 'http.method': 'PUT', 'http.status_code': '404', 'http.url': 'http://localhost:8000/v0.3/traces', 'http.version': '1.1', 'runtime-id': 'a5348cdaa9234512a9a695e3762f6448'} metrics={'_dd.agent_psr': 1.0, '_dd.top_level': 1, '_dd.tracer_kr': 1.0, '_sampling_priority_v1': 1, 'system.pid': 3032} (enabled:True)
2022-10-30 18:20:58,999 - DEBUG: calling endpoint 'v0.3/traces' but received 404; downgrading API
2022-10-30 18:20:59,001 - ERROR: unsupported endpoint 'v0.3/traces': received response 404 from Datadog Agent (http://localhost:8000)
2022-10-30 18:21:00,003 - DEBUG: creating new agent connection to http://localhost:8000 with timeout 2
2022-10-30 18:21:01,013 - DEBUG: finishing span name='fastapi.request' id=16025978979480829998 trace_id=15782124954469389368 parent_id=None service='fastapi' resource='PUT /v0.3/traces' type='web' start=1667164861.013125 end=None duration=0.0 error=0 tags={'_dd.p.dm': '-0', 'asgi.spec_version': '2.3', 'asgi.version': '3.0', 'http.method': 'PUT', 'http.status_code': '404', 'http.url': 'http://localhost:8000/v0.3/traces', 'http.version': '1.1', 'runtime-id': 'a5348cdaa9234512a9a695e3762f6448'} metrics={'_dd.agent_psr': 1.0, '_dd.top_level': 1, '_dd.tracer_kr': 1.0, '_sampling_priority_v1': 1, 'system.pid': 3032} (enabled:True)
2022-10-30 18:21:01,013 - WARNING: sent 1.47KB in 1.00000s to http://localhost:8000/v0.3/traces
2022-10-30 18:21:01,013 - DEBUG: calling endpoint 'v0.3/traces' but received 404; downgrading API
2022-10-30 18:21:01,013 - ERROR: unsupported endpoint 'v0.3/traces': received response 404 from Datadog Agent (http://localhost:8000)
2022-10-30 18:21:02,035 - DEBUG: creating new agent connection to http://localhost:8000 with timeout 2
2022-10-30 18:21:03,065 - WARNING: sent 442B in 1.03100s to http://localhost:8000/v0.3/traces
2022-10-30 18:21:03,066 - DEBUG: finishing span name='fastapi.request' id=15403927192270420614 trace_id=5311211323489521628 parent_id=None service='fastapi' resource='PUT /v0.3/traces' type='web' start=1667164863.0638905 end=1667164863.0668902 duration=0.0029997 error=0 tags={'_dd.p.dm': '-0', 'asgi.spec_version': '2.3', 'asgi.version': '3.0', 'http.method': 'PUT', 'http.status_code': '404', 'http.url': 'http://localhost:8000/v0.3/traces', 'http.version': '1.1', 'runtime-id': 'a5348cdaa9234512a9a695e3762f6448'} metrics={'_dd.agent_psr': 1.0, '_dd.top_level': 1, '_dd.tracer_kr': 1.0, '_sampling_priority_v1': 1, 'system.pid': 3032} (enabled:True)
2022-10-30 18:21:03,066 - DEBUG: calling endpoint 'v0.3/traces' but received 404; downgrading API
2022-10-30 18:21:03,067 - ERROR: unsupported endpoint 'v0.3/traces': received response 404 from Datadog Agent (http://localhost:8000)
2022-10-30 18:21:04,068 - DEBUG: creating new agent connection to http://localhost:8000 with timeout 2
2022-10-30 18:21:05,075 - WARNING: sent 446B in 1.00000s to http://localhost:8000/v0.3/traces
2022-10-30 18:21:05,075 - DEBUG: finishing span name='fastapi.request' id=1373822000087036517 trace_id=8973691915724953304 parent_id=None service='fastapi' resource='PUT /v0.3/traces' type='web' start=1667164865.0746384 end=1667164865.0757003 duration=0.0010618 error=0 tags={'_dd.p.dm': '-0', 'asgi.spec_version': '2.3', 'asgi.version': '3.0', 'http.method': 'PUT', 'http.status_code': '404', 'http.url': 'http://localhost:8000/v0.3/traces', 'http.version': '1.1', 'runtime-id': 'a5348cdaa9234512a9a695e3762f6448'} metrics={'_dd.agent_psr': 1.0, '_dd.top_level': 1, '_dd.tracer_kr': 1.0, '_sampling_priority_v1': 1, 'system.pid': 3032} (enabled:True)
2022-10-30 18:21:05,075 - DEBUG: calling endpoint 'v0.3/traces' but received 404; downgrading API
2022-10-30 18:21:05,075 - ERROR: unsupported endpoint 'v0.3/traces': received response 404 from Datadog Agent (http://localhost:8000)
2022-10-30 18:21:06,082 - DEBUG: creating new agent connection to http://localhost:8000 with timeout 2
2022-10-30 18:21:07,090 - WARNING: sent 446B in 1.00000s to http://localhost:8000/v0.3/traces
2022-10-30 18:21:07,093 - DEBUG: finishing span name='fastapi.request' id=12339076178999305554 trace_id=8691973918867277113 parent_id=None service='fastapi' resource='PUT /v0.3/traces' type='web' start=1667164867.087306 end=1667164867.0921617 duration=0.0048557 error=0 tags={'_dd.p.dm': '-0', 'asgi.spec_version': '2.3', 'asgi.version': '3.0', 'http.method': 'PUT', 'http.status_code': '404', 'http.url': 'http://localhost:8000/v0.3/traces', 'http.version': '1.1', 'runtime-id': 'a5348cdaa9234512a9a695e3762f6448'} metrics={'_dd.agent_psr': 1.0, '_dd.top_level': 1, '_dd.tracer_kr': 1.0, '_sampling_priority_v1': 1, 'system.pid': 3032} (enabled:True)
2022-10-30 18:21:07,094 - DEBUG: calling endpoint 'v0.3/traces' but received 404; downgrading API
2022-10-30 18:21:07,095 - ERROR: unsupported endpoint 'v0.3/traces': received response 404 from Datadog Agent (http://localhost:8000)
2022-10-30 18:21:08,096 - DEBUG: creating new agent connection to http://localhost:8000 with timeout 2
2022-10-30 18:21:09,104 - WARNING: sent 446B in 1.00000s to http://localhost:8000/v0.3/traces
2022-10-30 18:21:09,105 - DEBUG: finishing span name='fastapi.request' id=6379630967397066492 trace_id=9476596003391277212 parent_id=None service='fastapi' resource='PUT /v0.3/traces' type='web' start=1667164869.1035223 end=1667164869.1054914 duration=0.0019692 error=0 tags={'_dd.p.dm': '-0', 'asgi.spec_version': '2.3', 'asgi.version': '3.0', 'http.method': 'PUT', 'http.status_code': '404', 'http.url': 'http://localhost:8000/v0.3/traces', 'http.version': '1.1', 'runtime-id': 'a5348cdaa9234512a9a695e3762f6448'} metrics={'_dd.agent_psr': 1.0, '_dd.top_level': 1, '_dd.tracer_kr': 1.0, '_sampling_priority_v1': 1, 'system.pid': 3032} (enabled:True)
2022-10-30 18:21:09,105 - DEBUG: calling endpoint 'v0.3/traces' but received 404; downgrading API
2022-10-30 18:21:09,106 - ERROR: unsupported endpoint 'v0.3/traces': received response 404 from Datadog Agent (http://localhost:8000)
2022-10-30 18:21:10,107 - DEBUG: creating new agent connection to http://localhost:8000 with timeout 2
2022-10-30 18:21:11,113 - WARNING: sent 446B in 1.01500s to http://localhost:8000/v0.3/traces
2022-10-30 18:21:11,114 - DEBUG: finishing span name='fastapi.request' id=2696176791672772007 trace_id=13966199571882699322 parent_id=None service='fastapi' resource='PUT /v0.3/traces' type='web' start=1667164871.11067 end=1667164871.1136718 duration=0.0030016 error=0 tags={'_dd.p.dm': '-0', 'asgi.spec_version': '2.3', 'asgi.version': '3.0', 'http.method': 'PUT', 'http.status_code': '404', 'http.url': 'http://localhost:8000/v0.3/traces', 'http.version': '1.1', 'runtime-id': 'a5348cdaa9234512a9a695e3762f6448'} metrics={'_dd.agent_psr': 1.0, '_dd.top_level': 1, '_dd.tracer_kr': 1.0, '_sampling_priority_v1': 1, 'system.pid': 3032} (enabled:True)
2022-10-30 18:21:11,115 - DEBUG: calling endpoint 'v0.3/traces' but received 404; downgrading API
2022-10-30 18:21:11,115 - ERROR: unsupported endpoint 'v0.3/traces': received response 404 from Datadog Agent (http://localhost:8000)
2022-10-30 18:21:12,116 - DEBUG: creating new agent connection to http://localhost:8000 with timeout 2
2022-10-30 18:21:13,131 - WARNING: sent 446B in 1.01600s to http://localhost:8000/v0.3/traces
2022-10-30 18:21:13,132 - DEBUG: finishing span name='fastapi.request' id=11271067789270761877 trace_id=6587823350088794527 parent_id=None service='fastapi' resource='PUT /v0.3/traces' type='web' start=1667164873.1293373 end=1667164873.131341 duration=0.0020037 error=0 tags={'_dd.p.dm': '-0', 'asgi.spec_version': '2.3', 'asgi.version': '3.0', 'http.method': 'PUT', 'http.status_code': '404', 'http.url': 'http://localhost:8000/v0.3/traces', 'http.version': '1.1', 'runtime-id': 'a5348cdaa9234512a9a695e3762f6448'} metrics={'_dd.agent_psr': 1.0, '_dd.top_level': 1, '_dd.tracer_kr': 1.0, '_sampling_priority_v1': 1, 'system.pid': 3032} (enabled:True)
2022-10-30 18:21:13,132 - DEBUG: calling endpoint 'v0.3/traces' but received 404; downgrading API
2022-10-30 18:21:13,132 - ERROR: unsupported endpoint 'v0.3/traces': received response 404 from Datadog Agent (http://localhost:8000)
2022-10-30 18:21:14,133 - DEBUG: creating new agent connection to http://localhost:8000 with timeout 2
2022-10-30 18:21:15,145 - WARNING: sent 446B in 1.01500s to http://localhost:8000/v0.3/traces
2022-10-30 18:21:15,146 - DEBUG: calling endpoint 'v0.3/traces' but received 404; downgrading API
2022-10-30 18:21:15,147 - DEBUG: finishing span name='fastapi.request' id=12455673842285309158 trace_id=3093686235469142442 parent_id=None service='fastapi' resource='PUT /v0.3/traces' type='web' start=1667164875.1433618 end=1667164875.1463645 duration=0.0030026 error=0 tags={'_dd.p.dm': '-0', 'asgi.spec_version': '2.3', 'asgi.version': '3.0', 'http.method': 'PUT', 'http.status_code': '404', 'http.url': 'http://localhost:8000/v0.3/traces', 'http.version': '1.1', 'runtime-id': 'a5348cdaa9234512a9a695e3762f6448'} metrics={'_dd.agent_psr': 1.0, '_dd.top_level': 1, '_dd.tracer_kr': 1.0, '_sampling_priority_v1': 1, 'system.pid': 3032} (enabled:True)
2022-10-30 18:21:15,147 - ERROR: unsupported endpoint 'v0.3/traces': received response 404 from Datadog Agent (http://localhost:8000)
2022-10-30 18:21:16,149 - DEBUG: creating new agent connection to http://localhost:8000 with timeout 2
2022-10-30 18:21:17,090 - DEBUG: finishing span name='fastapi.request' id=7829711809015592286 trace_id=6683774067244507404 parent_id=None service='fastapi' resource='GET /docs' type='web' start=1667164877.088465 end=1667164877.0894675 duration=0.0010026 error=0 tags={'_dd.p.dm': '-0', 'asgi.spec_version': '2.3', 'asgi.version': '3.0', 'http.method': 'GET', 'http.status_code': '200', 'http.url': 'http://localhost:8000/docs', 'http.useragent': 'Mozilla/5.0 (Windows NT 6.3; Win64; x64) AppleWebKit/537.36 (KHTML, like Gecko) Chrome/106.0.0.0 Safari/537.36', 'http.version': '1.1', 'runtime-id': 'a5348cdaa9234512a9a695e3762f6448'} metrics={'_dd.agent_psr': 1.0, '_dd.top_level': 1, '_dd.tracer_kr': 1.0, '_sampling_priority_v1': 1, 'system.pid': 3032} (enabled:True)
2022-10-30 18:21:17,157 - WARNING: sent 446B in 1.01600s to http://localhost:8000/v0.3/traces
2022-10-30 18:21:17,158 - DEBUG: finishing span name='fastapi.request' id=1147067241321786733 trace_id=7576579716715161965 parent_id=None service='fastapi' resource='PUT /v0.3/traces' type='web' start=1667164877.156514 end=1667164877.1585145 duration=0.0020005 error=0 tags={'_dd.p.dm': '-0', 'asgi.spec_version': '2.3', 'asgi.version': '3.0', 'http.method': 'PUT', 'http.status_code': '404', 'http.url': 'http://localhost:8000/v0.3/traces', 'http.version': '1.1', 'runtime-id': 'a5348cdaa9234512a9a695e3762f6448'} metrics={'_dd.agent_psr': 1.0, '_dd.top_level': 1, '_dd.tracer_kr': 1.0, '_sampling_priority_v1': 1, 'system.pid': 3032} (enabled:True)
2022-10-30 18:21:17,159 - DEBUG: calling endpoint 'v0.3/traces' but received 404; downgrading API
2022-10-30 18:21:17,159 - ERROR: unsupported endpoint 'v0.3/traces': received response 404 from Datadog Agent (http://localhost:8000)
2022-10-30 18:21:17,848 - DEBUG: finishing span name='fastapi.request' id=4460400980359365629 trace_id=8909744361218531777 parent_id=None service='fastapi' resource='GET /openapi.json' type='web' start=1667164877.8432412 end=1667164877.8462503 duration=0.0030091 error=0 tags={'_dd.p.dm': '-0', 'asgi.spec_version': '2.3', 'asgi.version': '3.0', 'http.method': 'GET', 'http.status_code': '200', 'http.url': 'http://localhost:8000/openapi.json', 'http.useragent': 'Mozilla/5.0 (Windows NT 6.3; Win64; x64) AppleWebKit/537.36 (KHTML, like Gecko) Chrome/106.0.0.0 Safari/537.36', 'http.version': '1.1', 'runtime-id': 'a5348cdaa9234512a9a695e3762f6448'} metrics={'_dd.agent_psr': 1.0, '_dd.top_level': 1, '_dd.tracer_kr': 1.0, '_sampling_priority_v1': 1, 'system.pid': 3032} (enabled:True)
2022-10-30 18:21:18,161 - DEBUG: creating new agent connection to http://localhost:8000 with timeout 2
2022-10-30 18:21:19,161 - WARNING: sent 1.58KB in 1.00000s to http://localhost:8000/v0.3/traces
2022-10-30 18:21:19,163 - DEBUG: finishing span name='fastapi.request' id=786887577713098124 trace_id=14526851547072039004 parent_id=None service='fastapi' resource='PUT /v0.3/traces' type='web' start=1667164879.1607716 end=1667164879.1627736 duration=0.0020019 error=0 tags={'_dd.p.dm': '-0', 'asgi.spec_version': '2.3', 'asgi.version': '3.0', 'http.method': 'PUT', 'http.status_code': '404', 'http.url': 'http://localhost:8000/v0.3/traces', 'http.version': '1.1', 'runtime-id': 'a5348cdaa9234512a9a695e3762f6448'} metrics={'_dd.agent_psr': 1.0, '_dd.top_level': 1, '_dd.tracer_kr': 1.0, '_sampling_priority_v1': 1, 'system.pid': 3032} (enabled:True)
2022-10-30 18:21:19,164 - DEBUG: calling endpoint 'v0.3/traces' but received 404; downgrading API
2022-10-30 18:21:19,165 - ERROR: unsupported endpoint 'v0.3/traces': received response 404 from Datadog Agent (http://localhost:8000)
2022-10-30 18:21:20,166 - DEBUG: creating new agent connection to http://localhost:8000 with timeout 2
2022-10-30 18:21:21,170 - WARNING: sent 446B in 1.00000s to http://localhost:8000/v0.3/traces
2022-10-30 18:21:21,171 - DEBUG: finishing span name='fastapi.request' id=2695390657457224838 trace_id=13109406293970066248 parent_id=None service='fastapi' resource='PUT /v0.3/traces' type='web' start=1667164881.1699152 end=1667164881.1719167 duration=0.0020015 error=0 tags={'_dd.p.dm': '-0', 'asgi.spec_version': '2.3', 'asgi.version': '3.0', 'http.method': 'PUT', 'http.status_code': '404', 'http.url': 'http://localhost:8000/v0.3/traces', 'http.version': '1.1', 'runtime-id': 'a5348cdaa9234512a9a695e3762f6448'} metrics={'_dd.agent_psr': 1.0, '_dd.top_level': 1, '_dd.tracer_kr': 1.0, '_sampling_priority_v1': 1, 'system.pid': 3032} (enabled:True)
2022-10-30 18:21:21,171 - DEBUG: calling endpoint 'v0.3/traces' but received 404; downgrading API
2022-10-30 18:21:21,172 - ERROR: unsupported endpoint 'v0.3/traces': received response 404 from Datadog Agent (http://localhost:8000)
2022-10-30 18:21:22,173 - DEBUG: creating new agent connection to http://localhost:8000 with timeout 2
2022-10-30 18:21:23,185 - WARNING: sent 446B in 1.00000s to http://localhost:8000/v0.3/traces
2022-10-30 18:21:23,186 - DEBUG: finishing span name='fastapi.request' id=14132506513917309554 trace_id=13197691131801107147 parent_id=None service='fastapi' resource='PUT /v0.3/traces' type='web' start=1667164883.1821287 end=1667164883.1851304 duration=0.0030016 error=0 tags={'_dd.p.dm': '-0', 'asgi.spec_version': '2.3', 'asgi.version': '3.0', 'http.method': 'PUT', 'http.status_code': '404', 'http.url': 'http://localhost:8000/v0.3/traces', 'http.version': '1.1', 'runtime-id': 'a5348cdaa9234512a9a695e3762f6448'} metrics={'_dd.agent_psr': 1.0, '_dd.top_level': 1, '_dd.tracer_kr': 1.0, '_sampling_priority_v1': 1, 'system.pid': 3032} (enabled:True)
2022-10-30 18:21:23,186 - DEBUG: calling endpoint 'v0.3/traces' but received 404; downgrading API
2022-10-30 18:21:23,187 - ERROR: unsupported endpoint 'v0.3/traces': received response 404 from Datadog Agent (http://localhost:8000)
2022-10-30 18:21:24,187 - DEBUG: creating new agent connection to http://localhost:8000 with timeout 2
2022-10-30 18:21:25,199 - WARNING: sent 446B in 1.00000s to http://localhost:8000/v0.3/traces
2022-10-30 18:21:25,200 - DEBUG: finishing span name='fastapi.request' id=12279919758012927328 trace_id=5171712090059396559 parent_id=None service='fastapi' resource='PUT /v0.3/traces' type='web' start=1667164885.1967492 end=1667164885.1997514 duration=0.0030021 error=0 tags={'_dd.p.dm': '-0', 'asgi.spec_version': '2.3', 'asgi.version': '3.0', 'http.method': 'PUT', 'http.status_code': '404', 'http.url': 'http://localhost:8000/v0.3/traces', 'http.version': '1.1', 'runtime-id': 'a5348cdaa9234512a9a695e3762f6448'} metrics={'_dd.agent_psr': 1.0, '_dd.top_level': 1, '_dd.tracer_kr': 1.0, '_sampling_priority_v1': 1, 'system.pid': 3032} (enabled:True)
2022-10-30 18:21:25,200 - DEBUG: calling endpoint 'v0.3/traces' but received 404; downgrading API
2022-10-30 18:21:25,200 - ERROR: unsupported endpoint 'v0.3/traces': received response 404 from Datadog Agent (http://localhost:8000)
2022-10-30 18:21:26,201 - DEBUG: creating new agent connection to http://localhost:8000 with timeout 2
2022-10-30 18:21:27,210 - WARNING: sent 446B in 1.01600s to http://localhost:8000/v0.3/traces
2022-10-30 18:21:27,211 - DEBUG: finishing span name='fastapi.request' id=5396747901428207617 trace_id=11599710741534087246 parent_id=None service='fastapi' resource='PUT /v0.3/traces' type='web' start=1667164887.2066896 end=1667164887.2116933 duration=0.0050036 error=0 tags={'_dd.p.dm': '-0', 'asgi.spec_version': '2.3', 'asgi.version': '3.0', 'http.method': 'PUT', 'http.status_code': '404', 'http.url': 'http://localhost:8000/v0.3/traces', 'http.version': '1.1', 'runtime-id': 'a5348cdaa9234512a9a695e3762f6448'} metrics={'_dd.agent_psr': 1.0, '_dd.top_level': 1, '_dd.tracer_kr': 1.0, '_sampling_priority_v1': 1, 'system.pid': 3032} (enabled:True)
2022-10-30 18:21:27,212 - DEBUG: calling endpoint 'v0.3/traces' but received 404; downgrading API
2022-10-30 18:21:27,212 - ERROR: unsupported endpoint 'v0.3/traces': received response 404 from Datadog Agent (http://localhost:8000)
2022-10-30 18:21:28,214 - DEBUG: creating new agent connection to http://localhost:8000 with timeout 2
2022-10-30 18:21:29,231 - WARNING: sent 446B in 1.01600s to http://localhost:8000/v0.3/traces
2022-10-30 18:21:29,234 - DEBUG: finishing span name='fastapi.request' id=2969074521879964500 trace_id=8818232271007912280 parent_id=None service='fastapi' resource='PUT /v0.3/traces' type='web' start=1667164889.227786 end=1667164889.2320259 duration=0.0042398 error=0 tags={'_dd.p.dm': '-0', 'asgi.spec_version': '2.3', 'asgi.version': '3.0', 'http.method': 'PUT', 'http.status_code': '404', 'http.url': 'http://localhost:8000/v0.3/traces', 'http.version': '1.1', 'runtime-id': 'a5348cdaa9234512a9a695e3762f6448'} metrics={'_dd.agent_psr': 1.0, '_dd.top_level': 1, '_dd.tracer_kr': 1.0, '_sampling_priority_v1': 1, 'system.pid': 3032} (enabled:True)
2022-10-30 18:21:29,234 - DEBUG: calling endpoint 'v0.3/traces' but received 404; downgrading API
2022-10-30 18:21:29,235 - ERROR: unsupported endpoint 'v0.3/traces': received response 404 from Datadog Agent (http://localhost:8000)
2022-10-30 18:21:30,250 - DEBUG: creating new agent connection to http://localhost:8000 with timeout 2
2022-10-30 18:21:31,265 - WARNING: sent 446B in 1.00000s to http://localhost:8000/v0.3/traces
2022-10-30 18:21:31,265 - DEBUG: finishing span name='fastapi.request' id=1039170822036062844 trace_id=1218137496691541718 parent_id=None service='fastapi' resource='PUT /v0.3/traces' type='web' start=1667164891.265625 end=None duration=0.0 error=0 tags={'_dd.p.dm': '-0', 'asgi.spec_version': '2.3', 'asgi.version': '3.0', 'http.method': 'PUT', 'http.status_code': '404', 'http.url': 'http://localhost:8000/v0.3/traces', 'http.version': '1.1', 'runtime-id': 'a5348cdaa9234512a9a695e3762f6448'} metrics={'_dd.agent_psr': 1.0, '_dd.top_level': 1, '_dd.tracer_kr': 1.0, '_sampling_priority_v1': 1, 'system.pid': 3032} (enabled:True)
2022-10-30 18:21:31,265 - DEBUG: calling endpoint 'v0.3/traces' but received 404; downgrading API
2022-10-30 18:21:31,265 - ERROR: unsupported endpoint 'v0.3/traces': received response 404 from Datadog Agent (http://localhost:8000)
2022-10-30 18:21:32,281 - DEBUG: creating new agent connection to http://localhost:8000 with timeout 2
2022-10-30 18:21:33,315 - WARNING: sent 442B in 1.03100s to http://localhost:8000/v0.3/traces
2022-10-30 18:21:33,317 - DEBUG: finishing span name='fastapi.request' id=4237503018898717662 trace_id=15865987532594782217 parent_id=None service='fastapi' resource='PUT /v0.3/traces' type='web' start=1667164893.3113272 end=1667164893.3163106 duration=0.0049835 error=0 tags={'_dd.p.dm': '-0', 'asgi.spec_version': '2.3', 'asgi.version': '3.0', 'http.method': 'PUT', 'http.status_code': '404', 'http.url': 'http://localhost:8000/v0.3/traces', 'http.version': '1.1', 'runtime-id': 'a5348cdaa9234512a9a695e3762f6448'} metrics={'_dd.agent_psr': 1.0, '_dd.top_level': 1, '_dd.tracer_kr': 1.0, '_sampling_priority_v1': 1, 'system.pid': 3032} (enabled:True)
2022-10-30 18:21:33,318 - DEBUG: calling endpoint 'v0.3/traces' but received 404; downgrading API
2022-10-30 18:21:33,319 - ERROR: unsupported endpoint 'v0.3/traces': received response 404 from Datadog Agent (http://localhost:8000)
2022-10-30 18:21:34,322 - DEBUG: creating new agent connection to http://localhost:8000 with timeout 2
2022-10-30 18:21:35,322 - WARNING: sent 446B in 1.00000s to http://localhost:8000/v0.3/traces
2022-10-30 18:21:35,322 - DEBUG: finishing span name='fastapi.request' id=16539938477609437812 trace_id=4906908761085648591 parent_id=None service='fastapi' resource='PUT /v0.3/traces' type='web' start=1667164895.3229911 end=None duration=0.0 error=0 tags={'_dd.p.dm': '-0', 'asgi.spec_version': '2.3', 'asgi.version': '3.0', 'http.method': 'PUT', 'http.status_code': '404', 'http.url': 'http://localhost:8000/v0.3/traces', 'http.version': '1.1', 'runtime-id': 'a5348cdaa9234512a9a695e3762f6448'} metrics={'_dd.agent_psr': 1.0, '_dd.top_level': 1, '_dd.tracer_kr': 1.0, '_sampling_priority_v1': 1, 'system.pid': 3032} (enabled:True)
2022-10-30 18:21:35,322 - DEBUG: calling endpoint 'v0.3/traces' but received 404; downgrading API
2022-10-30 18:21:35,322 - ERROR: unsupported endpoint 'v0.3/traces': received response 404 from Datadog Agent (http://localhost:8000)
2022-10-30 18:21:36,339 - DEBUG: creating new agent connection to http://localhost:8000 with timeout 2
2022-10-30 18:21:37,355 - WARNING: sent 442B in 1.01600s to http://localhost:8000/v0.3/traces
2022-10-30 18:21:37,355 - DEBUG: finishing span name='fastapi.request' id=3913172091480419059 trace_id=15310220093704710836 parent_id=None service='fastapi' resource='PUT /v0.3/traces' type='web' start=1667164897.3556907 end=None duration=0.0 error=0 tags={'_dd.p.dm': '-0', 'asgi.spec_version': '2.3', 'asgi.version': '3.0', 'http.method': 'PUT', 'http.status_code': '404', 'http.url': 'http://localhost:8000/v0.3/traces', 'http.version': '1.1', 'runtime-id': 'a5348cdaa9234512a9a695e3762f6448'} metrics={'_dd.agent_psr': 1.0, '_dd.top_level': 1, '_dd.tracer_kr': 1.0, '_sampling_priority_v1': 1, 'system.pid': 3032} (enabled:True)
2022-10-30 18:21:37,355 - DEBUG: calling endpoint 'v0.3/traces' but received 404; downgrading API
2022-10-30 18:21:37,355 - ERROR: unsupported endpoint 'v0.3/traces': received response 404 from Datadog Agent (http://localhost:8000)
2022-10-30 18:21:38,381 - DEBUG: creating new agent connection to http://localhost:8000 with timeout 2
2022-10-30 18:21:39,394 - WARNING: sent 442B in 1.01500s to http://localhost:8000/v0.3/traces
2022-10-30 18:21:39,396 - DEBUG: finishing span name='fastapi.request' id=13516243790491055517 trace_id=11050919863540777923 parent_id=None service='fastapi' resource='PUT /v0.3/traces' type='web' start=1667164899.391858 end=1667164899.3958306 duration=0.0039725 error=0 tags={'_dd.p.dm': '-0', 'asgi.spec_version': '2.3', 'asgi.version': '3.0', 'http.method': 'PUT', 'http.status_code': '404', 'http.url': 'http://localhost:8000/v0.3/traces', 'http.version': '1.1', 'runtime-id': 'a5348cdaa9234512a9a695e3762f6448'} metrics={'_dd.agent_psr': 1.0, '_dd.top_level': 1, '_dd.tracer_kr': 1.0, '_sampling_priority_v1': 1, 'system.pid': 3032} (enabled:True)
2022-10-30 18:21:39,396 - DEBUG: calling endpoint 'v0.3/traces' but received 404; downgrading API
2022-10-30 18:21:39,396 - ERROR: unsupported endpoint 'v0.3/traces': received response 404 from Datadog Agent (http://localhost:8000)
2022-10-30 18:21:40,413 - DEBUG: creating new agent connection to http://localhost:8000 with timeout 2
2022-10-30 18:21:41,428 - WARNING: sent 446B in 1.01600s to http://localhost:8000/v0.3/traces
2022-10-30 18:21:41,428 - DEBUG: finishing span name='fastapi.request' id=12783857029592647259 trace_id=13506907502047719376 parent_id=None service='fastapi' resource='PUT /v0.3/traces' type='web' start=1667164901.4289749 end=None duration=0.0 error=0 tags={'_dd.p.dm': '-0', 'asgi.spec_version': '2.3', 'asgi.version': '3.0', 'http.method': 'PUT', 'http.status_code': '404', 'http.url': 'http://localhost:8000/v0.3/traces', 'http.version': '1.1', 'runtime-id': 'a5348cdaa9234512a9a695e3762f6448'} metrics={'_dd.agent_psr': 1.0, '_dd.top_level': 1, '_dd.tracer_kr': 1.0, '_sampling_priority_v1': 1, 'system.pid': 3032} (enabled:True)
2022-10-30 18:21:41,428 - DEBUG: calling endpoint 'v0.3/traces' but received 404; downgrading API
2022-10-30 18:21:41,428 - ERROR: unsupported endpoint 'v0.3/traces': received response 404 from Datadog Agent (http://localhost:8000)
2022-10-30 18:21:42,444 - DEBUG: creating new agent connection to http://localhost:8000 with timeout 2
2022-10-30 18:21:43,456 - WARNING: sent 442B in 1.01600s to http://localhost:8000/v0.3/traces
2022-10-30 18:21:43,456 - DEBUG: finishing span name='fastapi.request' id=17297194911736202608 trace_id=16782872880601931788 parent_id=None service='fastapi' resource='PUT /v0.3/traces' type='web' start=1667164903.4561322 end=None duration=0.0 error=0 tags={'_dd.p.dm': '-0', 'asgi.spec_version': '2.3', 'asgi.version': '3.0', 'http.method': 'PUT', 'http.status_code': '404', 'http.url': 'http://localhost:8000/v0.3/traces', 'http.version': '1.1', 'runtime-id': 'a5348cdaa9234512a9a695e3762f6448'} metrics={'_dd.agent_psr': 1.0, '_dd.top_level': 1, '_dd.tracer_kr': 1.0, '_sampling_priority_v1': 1, 'system.pid': 3032} (enabled:True)
2022-10-30 18:21:43,456 - DEBUG: calling endpoint 'v0.3/traces' but received 404; downgrading API
2022-10-30 18:21:43,456 - ERROR: unsupported endpoint 'v0.3/traces': received response 404 from Datadog Agent (http://localhost:8000)
2022-10-30 18:21:44,476 - DEBUG: creating new agent connection to http://localhost:8000 with timeout 2
2022-10-30 18:21:45,502 - WARNING: sent 442B in 1.03100s to http://localhost:8000/v0.3/traces
2022-10-30 18:21:45,502 - DEBUG: finishing span name='fastapi.request' id=6156867284215816584 trace_id=169840702402653578 parent_id=None service='fastapi' resource='PUT /v0.3/traces' type='web' start=1667164905.502811 end=None duration=0.0 error=0 tags={'_dd.p.dm': '-0', 'asgi.spec_version': '2.3', 'asgi.version': '3.0', 'http.method': 'PUT', 'http.status_code': '404', 'http.url': 'http://localhost:8000/v0.3/traces', 'http.version': '1.1', 'runtime-id': 'a5348cdaa9234512a9a695e3762f6448'} metrics={'_dd.agent_psr': 1.0, '_dd.top_level': 1, '_dd.tracer_kr': 1.0, '_sampling_priority_v1': 1, 'system.pid': 3032} (enabled:True)
2022-10-30 18:21:45,502 - DEBUG: calling endpoint 'v0.3/traces' but received 404; downgrading API
2022-10-30 18:21:45,502 - ERROR: unsupported endpoint 'v0.3/traces': received response 404 from Datadog Agent (http://localhost:8000)
2022-10-30 18:21:46,519 - DEBUG: creating new agent connection to http://localhost:8000 with timeout 2
2022-10-30 18:21:47,545 - WARNING: sent 442B in 1.01600s to http://localhost:8000/v0.3/traces
2022-10-30 18:21:47,548 - DEBUG: finishing span name='fastapi.request' id=16433656247566157569 trace_id=5181749399038558919 parent_id=None service='fastapi' resource='PUT /v0.3/traces' type='web' start=1667164907.5422273 end=1667164907.5472033 duration=0.004976 error=0 tags={'_dd.p.dm': '-0', 'asgi.spec_version': '2.3', 'asgi.version': '3.0', 'http.method': 'PUT', 'http.status_code': '404', 'http.url': 'http://localhost:8000/v0.3/traces', 'http.version': '1.1', 'runtime-id': 'a5348cdaa9234512a9a695e3762f6448'} metrics={'_dd.agent_psr': 1.0, '_dd.top_level': 1, '_dd.tracer_kr': 1.0, '_sampling_priority_v1': 1, 'system.pid': 3032} (enabled:True)
2022-10-30 18:21:47,549 - DEBUG: calling endpoint 'v0.3/traces' but received 404; downgrading API
2022-10-30 18:21:47,549 - ERROR: unsupported endpoint 'v0.3/traces': received response 404 from Datadog Agent (http://localhost:8000)
2022-10-30 18:21:48,550 - DEBUG: creating new agent connection to http://localhost:8000 with timeout 2
2022-10-30 18:21:49,570 - WARNING: sent 446B in 1.01500s to http://localhost:8000/v0.3/traces
2022-10-30 18:21:49,570 - DEBUG: finishing span name='fastapi.request' id=1637186238301251100 trace_id=17111119241656268478 parent_id=None service='fastapi' resource='PUT /v0.3/traces' type='web' start=1667164909.5709078 end=None duration=0.0 error=0 tags={'_dd.p.dm': '-0', 'asgi.spec_version': '2.3', 'asgi.version': '3.0', 'http.method': 'PUT', 'http.status_code': '404', 'http.url': 'http://localhost:8000/v0.3/traces', 'http.version': '1.1', 'runtime-id': 'a5348cdaa9234512a9a695e3762f6448'} metrics={'_dd.agent_psr': 1.0, '_dd.top_level': 1, '_dd.tracer_kr': 1.0, '_sampling_priority_v1': 1, 'system.pid': 3032} (enabled:True)
2022-10-30 18:21:49,570 - DEBUG: calling endpoint 'v0.3/traces' but received 404; downgrading API
2022-10-30 18:21:49,570 - ERROR: unsupported endpoint 'v0.3/traces': received response 404 from Datadog Agent (http://localhost:8000)
2022-10-30 18:21:50,587 - DEBUG: creating new agent connection to http://localhost:8000 with timeout 2
2022-10-30 18:21:51,618 - WARNING: sent 442B in 1.03100s to http://localhost:8000/v0.3/traces
2022-10-30 18:21:51,618 - DEBUG: finishing span name='fastapi.request' id=2699404334158589275 trace_id=16776981814800864312 parent_id=None service='fastapi' resource='PUT /v0.3/traces' type='web' start=1667164911.6188273 end=None duration=0.0 error=0 tags={'_dd.p.dm': '-0', 'asgi.spec_version': '2.3', 'asgi.version': '3.0', 'http.method': 'PUT', 'http.status_code': '404', 'http.url': 'http://localhost:8000/v0.3/traces', 'http.version': '1.1', 'runtime-id': 'a5348cdaa9234512a9a695e3762f6448'} metrics={'_dd.agent_psr': 1.0, '_dd.top_level': 1, '_dd.tracer_kr': 1.0, '_sampling_priority_v1': 1, 'system.pid': 3032} (enabled:True)
2022-10-30 18:21:51,618 - DEBUG: calling endpoint 'v0.3/traces' but received 404; downgrading API
2022-10-30 18:21:51,618 - ERROR: unsupported endpoint 'v0.3/traces': received response 404 from Datadog Agent (http://localhost:8000)
2022-10-30 18:21:52,634 - DEBUG: creating new agent connection to http://localhost:8000 with timeout 2
2022-10-30 18:21:53,635 - WARNING: sent 442B in 1.00000s to http://localhost:8000/v0.3/traces
2022-10-30 18:21:53,635 - DEBUG: finishing span name='fastapi.request' id=2257067092662975938 trace_id=13527706717825675568 parent_id=None service='fastapi' resource='PUT /v0.3/traces' type='web' start=1667164913.635491 end=None duration=0.0 error=0 tags={'_dd.p.dm': '-0', 'asgi.spec_version': '2.3', 'asgi.version': '3.0', 'http.method': 'PUT', 'http.status_code': '404', 'http.url': 'http://localhost:8000/v0.3/traces', 'http.version': '1.1', 'runtime-id': 'a5348cdaa9234512a9a695e3762f6448'} metrics={'_dd.agent_psr': 1.0, '_dd.top_level': 1, '_dd.tracer_kr': 1.0, '_sampling_priority_v1': 1, 'system.pid': 3032} (enabled:True)
2022-10-30 18:21:53,635 - DEBUG: calling endpoint 'v0.3/traces' but received 404; downgrading API
2022-10-30 18:21:53,635 - ERROR: unsupported endpoint 'v0.3/traces': received response 404 from Datadog Agent (http://localhost:8000)
2022-10-30 18:21:54,651 - DEBUG: creating new agent connection to http://localhost:8000 with timeout 2
2022-10-30 18:21:55,673 - WARNING: sent 442B in 1.03200s to http://localhost:8000/v0.3/traces
2022-10-30 18:21:55,676 - DEBUG: finishing span name='fastapi.request' id=14131591938661967651 trace_id=10282823708068785837 parent_id=None service='fastapi' resource='PUT /v0.3/traces' type='web' start=1667164915.669599 end=1667164915.6745942 duration=0.0049952 error=0 tags={'_dd.p.dm': '-0', 'asgi.spec_version': '2.3', 'asgi.version': '3.0', 'http.method': 'PUT', 'http.status_code': '404', 'http.url': 'http://localhost:8000/v0.3/traces', 'http.version': '1.1', 'runtime-id': 'a5348cdaa9234512a9a695e3762f6448'} metrics={'_dd.agent_psr': 1.0, '_dd.top_level': 1, '_dd.tracer_kr': 1.0, '_sampling_priority_v1': 1, 'system.pid': 3032} (enabled:True)
2022-10-30 18:21:55,676 - DEBUG: calling endpoint 'v0.3/traces' but received 404; downgrading API
2022-10-30 18:21:55,677 - ERROR: unsupported endpoint 'v0.3/traces': received response 404 from Datadog Agent (http://localhost:8000)
2022-10-30 18:21:56,682 - DEBUG: creating new agent connection to http://localhost:8000 with timeout 2
2022-10-30 18:21:57,703 - WARNING: sent 446B in 1.03100s to http://localhost:8000/v0.3/traces
2022-10-30 18:21:57,703 - DEBUG: finishing span name='fastapi.request' id=16404071643084729225 trace_id=6787992406646894480 parent_id=None service='fastapi' resource='PUT /v0.3/traces' type='web' start=1667164917.7031589 end=None duration=0.0 error=0 tags={'_dd.p.dm': '-0', 'asgi.spec_version': '2.3', 'asgi.version': '3.0', 'http.method': 'PUT', 'http.status_code': '404', 'http.url': 'http://localhost:8000/v0.3/traces', 'http.version': '1.1', 'runtime-id': 'a5348cdaa9234512a9a695e3762f6448'} metrics={'_dd.agent_psr': 1.0, '_dd.top_level': 1, '_dd.tracer_kr': 1.0, '_sampling_priority_v1': 1, 'system.pid': 3032} (enabled:True)
2022-10-30 18:21:57,711 - DEBUG: calling endpoint 'v0.3/traces' but received 404; downgrading API
2022-10-30 18:21:57,711 - ERROR: unsupported endpoint 'v0.3/traces': received response 404 from Datadog Agent (http://localhost:8000)
2022-10-30 18:21:58,093 - DEBUG: sent 5308 in 1.15600s to http://localhost:8126/telemetry/proxy/api/v2/apmtelemetry. response: 202
2022-10-30 18:21:58,712 - DEBUG: creating new agent connection to http://localhost:8000 with timeout 2
2022-10-30 18:21:59,727 - WARNING: sent 442B in 1.01600s to http://localhost:8000/v0.3/traces
2022-10-30 18:21:59,729 - DEBUG: finishing span name='fastapi.request' id=16602599703577274524 trace_id=7009515266239998983 parent_id=None service='fastapi' resource='PUT /v0.3/traces' type='web' start=1667164919.7238224 end=1667164919.7288256 duration=0.0050031 error=0 tags={'_dd.p.dm': '-0', 'asgi.spec_version': '2.3', 'asgi.version': '3.0', 'http.method': 'PUT', 'http.status_code': '404', 'http.url': 'http://localhost:8000/v0.3/traces', 'http.version': '1.1', 'runtime-id': 'a5348cdaa9234512a9a695e3762f6448'} metrics={'_dd.agent_psr': 1.0, '_dd.top_level': 1, '_dd.tracer_kr': 1.0, '_sampling_priority_v1': 1, 'system.pid': 3032} (enabled:True)
2022-10-30 18:21:59,730 - DEBUG: calling endpoint 'v0.3/traces' but received 404; downgrading API
2022-10-30 18:21:59,731 - ERROR: unsupported endpoint 'v0.3/traces': received response 404 from Datadog Agent (http://localhost:8000)
2022-10-30 18:22:00,740 - DEBUG: creating new agent connection to http://localhost:8000 with timeout 2
2022-10-30 18:22:01,766 - WARNING: sent 446B in 1.03100s to http://localhost:8000/v0.3/traces
2022-10-30 18:22:01,766 - DEBUG: finishing span name='fastapi.request' id=12351941689080989992 trace_id=15315263430085721181 parent_id=None service='fastapi' resource='PUT /v0.3/traces' type='web' start=1667164921.7663014 end=None duration=0.0 error=0 tags={'_dd.p.dm': '-0', 'asgi.spec_version': '2.3', 'asgi.version': '3.0', 'http.method': 'PUT', 'http.status_code': '404', 'http.url': 'http://localhost:8000/v0.3/traces', 'http.version': '1.1', 'runtime-id': 'a5348cdaa9234512a9a695e3762f6448'} metrics={'_dd.agent_psr': 1.0, '_dd.top_level': 1, '_dd.tracer_kr': 1.0, '_sampling_priority_v1': 1, 'system.pid': 3032} (enabled:True)
2022-10-30 18:22:01,766 - DEBUG: calling endpoint 'v0.3/traces' but received 404; downgrading API
2022-10-30 18:22:01,766 - ERROR: unsupported endpoint 'v0.3/traces': received response 404 from Datadog Agent (http://localhost:8000)
2022-10-30 18:22:02,790 - DEBUG: creating new agent connection to http://localhost:8000 with timeout 2
2022-10-30 18:22:03,792 - WARNING: sent 442B in 1.00000s to http://localhost:8000/v0.3/traces
2022-10-30 18:22:03,792 - DEBUG: finishing span name='fastapi.request' id=6083210279571676593 trace_id=11522206554928155001 parent_id=None service='fastapi' resource='PUT /v0.3/traces' type='web' start=1667164923.7920687 end=None duration=0.0 error=0 tags={'_dd.p.dm': '-0', 'asgi.spec_version': '2.3', 'asgi.version': '3.0', 'http.method': 'PUT', 'http.status_code': '404', 'http.url': 'http://localhost:8000/v0.3/traces', 'http.version': '1.1', 'runtime-id': 'a5348cdaa9234512a9a695e3762f6448'} metrics={'_dd.agent_psr': 1.0, '_dd.top_level': 1, '_dd.tracer_kr': 1.0, '_sampling_priority_v1': 1, 'system.pid': 3032} (enabled:True)
2022-10-30 18:22:03,792 - DEBUG: calling endpoint 'v0.3/traces' but received 404; downgrading API
2022-10-30 18:22:03,792 - ERROR: unsupported endpoint 'v0.3/traces': received response 404 from Datadog Agent (http://localhost:8000)
2022-10-30 18:22:04,801 - DEBUG: creating new agent connection to http://localhost:8000 with timeout 2
2022-10-30 18:22:05,823 - WARNING: sent 442B in 1.01500s to http://localhost:8000/v0.3/traces
2022-10-30 18:22:05,823 - DEBUG: finishing span name='fastapi.request' id=16608456824792052066 trace_id=12679548135531443847 parent_id=None service='fastapi' resource='PUT /v0.3/traces' type='web' start=1667164925.8233037 end=None duration=0.0 error=0 tags={'_dd.p.dm': '-0', 'asgi.spec_version': '2.3', 'asgi.version': '3.0', 'http.method': 'PUT', 'http.status_code': '404', 'http.url': 'http://localhost:8000/v0.3/traces', 'http.version': '1.1', 'runtime-id': 'a5348cdaa9234512a9a695e3762f6448'} metrics={'_dd.agent_psr': 1.0, '_dd.top_level': 1, '_dd.tracer_kr': 1.0, '_sampling_priority_v1': 1, 'system.pid': 3032} (enabled:True)
2022-10-30 18:22:05,823 - DEBUG: calling endpoint 'v0.3/traces' but received 404; downgrading API
2022-10-30 18:22:05,823 - ERROR: unsupported endpoint 'v0.3/traces': received response 404 from Datadog Agent (http://localhost:8000)
2022-10-30 18:22:06,830 - DEBUG: creating new agent connection to http://localhost:8000 with timeout 2
2022-10-30 18:22:07,841 - WARNING: sent 442B in 1.00000s to http://localhost:8000/v0.3/traces
2022-10-30 18:22:07,841 - DEBUG: finishing span name='fastapi.request' id=2606838667987914342 trace_id=5390914713383890976 parent_id=None service='fastapi' resource='PUT /v0.3/traces' type='web' start=1667164927.841007 end=None duration=0.0 error=0 tags={'_dd.p.dm': '-0', 'asgi.spec_version': '2.3', 'asgi.version': '3.0', 'http.method': 'PUT', 'http.status_code': '404', 'http.url': 'http://localhost:8000/v0.3/traces', 'http.version': '1.1', 'runtime-id': 'a5348cdaa9234512a9a695e3762f6448'} metrics={'_dd.agent_psr': 1.0, '_dd.top_level': 1, '_dd.tracer_kr': 1.0, '_sampling_priority_v1': 1, 'system.pid': 3032} (enabled:True)
2022-10-30 18:22:07,856 - DEBUG: calling endpoint 'v0.3/traces' but received 404; downgrading API
2022-10-30 18:22:07,856 - ERROR: unsupported endpoint 'v0.3/traces': received response 404 from Datadog Agent (http://localhost:8000)
2022-10-30 18:22:08,867 - DEBUG: creating new agent connection to http://localhost:8000 with timeout 2
2022-10-30 18:22:09,888 - WARNING: sent 442B in 1.01600s to http://localhost:8000/v0.3/traces
2022-10-30 18:22:09,890 - DEBUG: finishing span name='fastapi.request' id=17190610524780483921 trace_id=12796544597092320995 parent_id=None service='fastapi' resource='PUT /v0.3/traces' type='web' start=1667164929.8849 end=1667164929.8899033 duration=0.0050031 error=0 tags={'_dd.p.dm': '-0', 'asgi.spec_version': '2.3', 'asgi.version': '3.0', 'http.method': 'PUT', 'http.status_code': '404', 'http.url': 'http://localhost:8000/v0.3/traces', 'http.version': '1.1', 'runtime-id': 'a5348cdaa9234512a9a695e3762f6448'} metrics={'_dd.agent_psr': 1.0, '_dd.top_level': 1, '_dd.tracer_kr': 1.0, '_sampling_priority_v1': 1, 'system.pid': 3032} (enabled:True)
2022-10-30 18:22:09,892 - DEBUG: calling endpoint 'v0.3/traces' but received 404; downgrading API
2022-10-30 18:22:09,892 - ERROR: unsupported endpoint 'v0.3/traces': received response 404 from Datadog Agent (http://localhost:8000)
2022-10-30 18:22:10,908 - DEBUG: creating new agent connection to http://localhost:8000 with timeout 2
2022-10-30 18:22:11,934 - WARNING: sent 446B in 1.01600s to http://localhost:8000/v0.3/traces
2022-10-30 18:22:11,934 - DEBUG: finishing span name='fastapi.request' id=10953070327666811365 trace_id=12023567920809455021 parent_id=None service='fastapi' resource='PUT /v0.3/traces' type='web' start=1667164931.9346843 end=None duration=0.0 error=0 tags={'_dd.p.dm': '-0', 'asgi.spec_version': '2.3', 'asgi.version': '3.0', 'http.method': 'PUT', 'http.status_code': '404', 'http.url': 'http://localhost:8000/v0.3/traces', 'http.version': '1.1', 'runtime-id': 'a5348cdaa9234512a9a695e3762f6448'} metrics={'_dd.agent_psr': 1.0, '_dd.top_level': 1, '_dd.tracer_kr': 1.0, '_sampling_priority_v1': 1, 'system.pid': 3032} (enabled:True)
2022-10-30 18:22:11,934 - DEBUG: calling endpoint 'v0.3/traces' but received 404; downgrading API
2022-10-30 18:22:11,934 - ERROR: unsupported endpoint 'v0.3/traces': received response 404 from Datadog Agent (http://localhost:8000)
2022-10-30 18:22:12,951 - DEBUG: creating new agent connection to http://localhost:8000 with timeout 2
2022-10-30 18:22:13,958 - WARNING: sent 442B in 1.01600s to http://localhost:8000/v0.3/traces
2022-10-30 18:22:13,960 - DEBUG: finishing span name='fastapi.request' id=3762752881888956156 trace_id=6936515060797805956 parent_id=None service='fastapi' resource='PUT /v0.3/traces' type='web' start=1667164933.9551098 end=1667164933.9591126 duration=0.0040028 error=0 tags={'_dd.p.dm': '-0', 'asgi.spec_version': '2.3', 'asgi.version': '3.0', 'http.method': 'PUT', 'http.status_code': '404', 'http.url': 'http://localhost:8000/v0.3/traces', 'http.version': '1.1', 'runtime-id': 'a5348cdaa9234512a9a695e3762f6448'} metrics={'_dd.agent_psr': 1.0, '_dd.top_level': 1, '_dd.tracer_kr': 1.0, '_sampling_priority_v1': 1, 'system.pid': 3032} (enabled:True)
2022-10-30 18:22:13,961 - DEBUG: calling endpoint 'v0.3/traces' but received 404; downgrading API
2022-10-30 18:22:13,962 - ERROR: unsupported endpoint 'v0.3/traces': received response 404 from Datadog Agent (http://localhost:8000)
2022-10-30 18:22:14,972 - DEBUG: creating new agent connection to http://localhost:8000 with timeout 2
2022-10-30 18:22:15,982 - WARNING: sent 446B in 1.00000s to http://localhost:8000/v0.3/traces
2022-10-30 18:22:15,983 - DEBUG: finishing span name='fastapi.request' id=17889374842685672435 trace_id=9544482088952168589 parent_id=None service='fastapi' resource='PUT /v0.3/traces' type='web' start=1667164935.9807286 end=1667164935.983189 duration=0.0024605 error=0 tags={'_dd.p.dm': '-0', 'asgi.spec_version': '2.3', 'asgi.version': '3.0', 'http.method': 'PUT', 'http.status_code': '404', 'http.url': 'http://localhost:8000/v0.3/traces', 'http.version': '1.1', 'runtime-id': 'a5348cdaa9234512a9a695e3762f6448'} metrics={'_dd.agent_psr': 1.0, '_dd.top_level': 1, '_dd.tracer_kr': 1.0, '_sampling_priority_v1': 1, 'system.pid': 3032} (enabled:True)
2022-10-30 18:22:15,983 - DEBUG: calling endpoint 'v0.3/traces' but received 404; downgrading API
2022-10-30 18:22:15,984 - ERROR: unsupported endpoint 'v0.3/traces': received response 404 from Datadog Agent (http://localhost:8000)
2022-10-30 18:22:16,987 - DEBUG: creating new agent connection to http://localhost:8000 with timeout 2
2022-10-30 18:22:18,013 - WARNING: sent 446B in 1.01600s to http://localhost:8000/v0.3/traces
2022-10-30 18:22:18,013 - DEBUG: finishing span name='fastapi.request' id=7541772343527851658 trace_id=7342663620256093737 parent_id=None service='fastapi' resource='PUT /v0.3/traces' type='web' start=1667164938.0132694 end=None duration=0.0 error=0 tags={'_dd.p.dm': '-0', 'asgi.spec_version': '2.3', 'asgi.version': '3.0', 'http.method': 'PUT', 'http.status_code': '404', 'http.url': 'http://localhost:8000/v0.3/traces', 'http.version': '1.1', 'runtime-id': 'a5348cdaa9234512a9a695e3762f6448'} metrics={'_dd.agent_psr': 1.0, '_dd.top_level': 1, '_dd.tracer_kr': 1.0, '_sampling_priority_v1': 1, 'system.pid': 3032} (enabled:True)
2022-10-30 18:22:18,013 - DEBUG: calling endpoint 'v0.3/traces' but received 404; downgrading API
2022-10-30 18:22:18,013 - ERROR: unsupported endpoint 'v0.3/traces': received response 404 from Datadog Agent (http://localhost:8000)
2022-10-30 18:22:19,026 - DEBUG: creating new agent connection to http://localhost:8000 with timeout 2
2022-10-30 18:22:20,036 - WARNING: sent 442B in 1.01600s to http://localhost:8000/v0.3/traces
2022-10-30 18:22:20,038 - DEBUG: finishing span name='fastapi.request' id=16428055077953784322 trace_id=13741986605477810772 parent_id=None service='fastapi' resource='PUT /v0.3/traces' type='web' start=1667164940.0347211 end=1667164940.0387235 duration=0.0040023 error=0 tags={'_dd.p.dm': '-0', 'asgi.spec_version': '2.3', 'asgi.version': '3.0', 'http.method': 'PUT', 'http.status_code': '404', 'http.url': 'http://localhost:8000/v0.3/traces', 'http.version': '1.1', 'runtime-id': 'a5348cdaa9234512a9a695e3762f6448'} metrics={'_dd.agent_psr': 1.0, '_dd.top_level': 1, '_dd.tracer_kr': 1.0, '_sampling_priority_v1': 1, 'system.pid': 3032} (enabled:True)
2022-10-30 18:22:20,039 - DEBUG: calling endpoint 'v0.3/traces' but received 404; downgrading API
2022-10-30 18:22:20,039 - ERROR: unsupported endpoint 'v0.3/traces': received response 404 from Datadog Agent (http://localhost:8000)
2022-10-30 18:22:21,040 - DEBUG: creating new agent connection to http://localhost:8000 with timeout 2
2022-10-30 18:22:22,047 - WARNING: sent 446B in 1.01600s to http://localhost:8000/v0.3/traces
2022-10-30 18:22:22,049 - DEBUG: calling endpoint 'v0.3/traces' but received 404; downgrading API
2022-10-30 18:22:22,050 - ERROR: unsupported endpoint 'v0.3/traces': received response 404 from Datadog Agent (http://localhost:8000)
2022-10-30 18:22:22,051 - DEBUG: finishing span name='fastapi.request' id=12471122703728194461 trace_id=4646841989766730886 parent_id=None service='fastapi' resource='PUT /v0.3/traces' type='web' start=1667164942.0458739 end=1667164942.0508769 duration=0.005003 error=0 tags={'_dd.p.dm': '-0', 'asgi.spec_version': '2.3', 'asgi.version': '3.0', 'http.method': 'PUT', 'http.status_code': '404', 'http.url': 'http://localhost:8000/v0.3/traces', 'http.version': '1.1', 'runtime-id': 'a5348cdaa9234512a9a695e3762f6448'} metrics={'_dd.agent_psr': 1.0, '_dd.top_level': 1, '_dd.tracer_kr': 1.0, '_sampling_priority_v1': 1, 'system.pid': 3032} (enabled:True)
2022-10-30 18:22:23,051 - DEBUG: creating new agent connection to http://localhost:8000 with timeout 2
2022-10-30 18:22:24,060 - WARNING: sent 446B in 1.00000s to http://localhost:8000/v0.3/traces
2022-10-30 18:22:24,063 - DEBUG: finishing span name='fastapi.request' id=14743846546990318577 trace_id=13090449195490733522 parent_id=None service='fastapi' resource='PUT /v0.3/traces' type='web' start=1667164944.0560873 end=1667164944.0610912 duration=0.005004 error=0 tags={'_dd.p.dm': '-0', 'asgi.spec_version': '2.3', 'asgi.version': '3.0', 'http.method': 'PUT', 'http.status_code': '404', 'http.url': 'http://localhost:8000/v0.3/traces', 'http.version': '1.1', 'runtime-id': 'a5348cdaa9234512a9a695e3762f6448'} metrics={'_dd.agent_psr': 1.0, '_dd.top_level': 1, '_dd.tracer_kr': 1.0, '_sampling_priority_v1': 1, 'system.pid': 3032} (enabled:True)
2022-10-30 18:22:24,063 - DEBUG: calling endpoint 'v0.3/traces' but received 404; downgrading API
2022-10-30 18:22:24,064 - ERROR: unsupported endpoint 'v0.3/traces': received response 404 from Datadog Agent (http://localhost:8000)
2022-10-30 18:22:25,065 - DEBUG: creating new agent connection to http://localhost:8000 with timeout 2
2022-10-30 18:22:26,086 - WARNING: sent 446B in 1.01600s to http://localhost:8000/v0.3/traces
2022-10-30 18:22:26,089 - DEBUG: finishing span name='fastapi.request' id=13270126071536871568 trace_id=15590445627809238615 parent_id=None service='fastapi' resource='PUT /v0.3/traces' type='web' start=1667164946.0827239 end=1667164946.0884976 duration=0.0057738 error=0 tags={'_dd.p.dm': '-0', 'asgi.spec_version': '2.3', 'asgi.version': '3.0', 'http.method': 'PUT', 'http.status_code': '404', 'http.url': 'http://localhost:8000/v0.3/traces', 'http.version': '1.1', 'runtime-id': 'a5348cdaa9234512a9a695e3762f6448'} metrics={'_dd.agent_psr': 1.0, '_dd.top_level': 1, '_dd.tracer_kr': 1.0, '_sampling_priority_v1': 1, 'system.pid': 3032} (enabled:True)
2022-10-30 18:22:26,090 - DEBUG: calling endpoint 'v0.3/traces' but received 404; downgrading API
2022-10-30 18:22:26,091 - ERROR: unsupported endpoint 'v0.3/traces': received response 404 from Datadog Agent (http://localhost:8000)
2022-10-30 18:22:27,092 - DEBUG: creating new agent connection to http://localhost:8000 with timeout 2
2022-10-30 18:22:28,105 - WARNING: sent 446B in 1.01600s to http://localhost:8000/v0.3/traces
2022-10-30 18:22:28,108 - DEBUG: finishing span name='fastapi.request' id=13963012140194414381 trace_id=4584546503255217063 parent_id=None service='fastapi' resource='PUT /v0.3/traces' type='web' start=1667164948.1026194 end=1667164948.1075964 duration=0.004977 error=0 tags={'_dd.p.dm': '-0', 'asgi.spec_version': '2.3', 'asgi.version': '3.0', 'http.method': 'PUT', 'http.status_code': '404', 'http.url': 'http://localhost:8000/v0.3/traces', 'http.version': '1.1', 'runtime-id': 'a5348cdaa9234512a9a695e3762f6448'} metrics={'_dd.agent_psr': 1.0, '_dd.top_level': 1, '_dd.tracer_kr': 1.0, '_sampling_priority_v1': 1, 'system.pid': 3032} (enabled:True)
2022-10-30 18:22:28,108 - DEBUG: calling endpoint 'v0.3/traces' but received 404; downgrading API
2022-10-30 18:22:28,109 - ERROR: unsupported endpoint 'v0.3/traces': received response 404 from Datadog Agent (http://localhost:8000)
2022-10-30 18:22:29,110 - DEBUG: creating new agent connection to http://localhost:8000 with timeout 2
2022-10-30 18:22:30,131 - WARNING: sent 446B in 1.01600s to http://localhost:8000/v0.3/traces
2022-10-30 18:22:30,131 - DEBUG: finishing span name='fastapi.request' id=2855625404269951390 trace_id=4024165699983330730 parent_id=None service='fastapi' resource='PUT /v0.3/traces' type='web' start=1667164950.1310225 end=None duration=0.0 error=0 tags={'_dd.p.dm': '-0', 'asgi.spec_version': '2.3', 'asgi.version': '3.0', 'http.method': 'PUT', 'http.status_code': '404', 'http.url': 'http://localhost:8000/v0.3/traces', 'http.version': '1.1', 'runtime-id': 'a5348cdaa9234512a9a695e3762f6448'} metrics={'_dd.agent_psr': 1.0, '_dd.top_level': 1, '_dd.tracer_kr': 1.0, '_sampling_priority_v1': 1, 'system.pid': 3032} (enabled:True)
2022-10-30 18:22:30,131 - DEBUG: calling endpoint 'v0.3/traces' but received 404; downgrading API
2022-10-30 18:22:30,131 - ERROR: unsupported endpoint 'v0.3/traces': received response 404 from Datadog Agent (http://localhost:8000)
2022-10-30 18:22:31,156 - DEBUG: creating new agent connection to http://localhost:8000 with timeout 2
2022-10-30 18:22:32,186 - WARNING: sent 442B in 1.01600s to http://localhost:8000/v0.3/traces
2022-10-30 18:22:32,189 - DEBUG: finishing span name='fastapi.request' id=3139819272214815599 trace_id=10667066629587088996 parent_id=None service='fastapi' resource='PUT /v0.3/traces' type='web' start=1667164952.1834767 end=1667164952.1884537 duration=0.004977 error=0 tags={'_dd.p.dm': '-0', 'asgi.spec_version': '2.3', 'asgi.version': '3.0', 'http.method': 'PUT', 'http.status_code': '404', 'http.url': 'http://localhost:8000/v0.3/traces', 'http.version': '1.1', 'runtime-id': 'a5348cdaa9234512a9a695e3762f6448'} metrics={'_dd.agent_psr': 1.0, '_dd.top_level': 1, '_dd.tracer_kr': 1.0, '_sampling_priority_v1': 1, 'system.pid': 3032} (enabled:True)
2022-10-30 18:22:32,189 - DEBUG: calling endpoint 'v0.3/traces' but received 404; downgrading API
2022-10-30 18:22:32,190 - ERROR: unsupported endpoint 'v0.3/traces': received response 404 from Datadog Agent (http://localhost:8000)
2022-10-30 18:22:33,204 - DEBUG: creating new agent connection to http://localhost:8000 with timeout 2
2022-10-30 18:22:34,226 - WARNING: sent 446B in 1.01600s to http://localhost:8000/v0.3/traces
2022-10-30 18:22:34,229 - DEBUG: finishing span name='fastapi.request' id=10994054439523868393 trace_id=9645146876009632512 parent_id=None service='fastapi' resource='PUT /v0.3/traces' type='web' start=1667164954.223718 end=1667164954.2287219 duration=0.005004 error=0 tags={'_dd.p.dm': '-0', 'asgi.spec_version': '2.3', 'asgi.version': '3.0', 'http.method': 'PUT', 'http.status_code': '404', 'http.url': 'http://localhost:8000/v0.3/traces', 'http.version': '1.1', 'runtime-id': 'a5348cdaa9234512a9a695e3762f6448'} metrics={'_dd.agent_psr': 1.0, '_dd.top_level': 1, '_dd.tracer_kr': 1.0, '_sampling_priority_v1': 1, 'system.pid': 3032} (enabled:True)
2022-10-30 18:22:34,230 - DEBUG: calling endpoint 'v0.3/traces' but received 404; downgrading API
2022-10-30 18:22:34,231 - ERROR: unsupported endpoint 'v0.3/traces': received response 404 from Datadog Agent (http://localhost:8000)
2022-10-30 18:22:35,233 - DEBUG: creating new agent connection to http://localhost:8000 with timeout 2
2022-10-30 18:22:36,251 - WARNING: sent 446B in 1.03100s to http://localhost:8000/v0.3/traces
2022-10-30 18:22:36,251 - DEBUG: finishing span name='fastapi.request' id=5174950677167003594 trace_id=2005104470057799475 parent_id=None service='fastapi' resource='PUT /v0.3/traces' type='web' start=1667164956.2515442 end=None duration=0.0 error=0 tags={'_dd.p.dm': '-0', 'asgi.spec_version': '2.3', 'asgi.version': '3.0', 'http.method': 'PUT', 'http.status_code': '404', 'http.url': 'http://localhost:8000/v0.3/traces', 'http.version': '1.1', 'runtime-id': 'a5348cdaa9234512a9a695e3762f6448'} metrics={'_dd.agent_psr': 1.0, '_dd.top_level': 1, '_dd.tracer_kr': 1.0, '_sampling_priority_v1': 1, 'system.pid': 3032} (enabled:True)
2022-10-30 18:22:36,251 - DEBUG: calling endpoint 'v0.3/traces' but received 404; downgrading API
2022-10-30 18:22:36,251 - ERROR: unsupported endpoint 'v0.3/traces': received response 404 from Datadog Agent (http://localhost:8000)
2022-10-30 18:22:37,265 - DEBUG: creating new agent connection to http://localhost:8000 with timeout 2
2022-10-30 18:22:38,296 - WARNING: sent 442B in 1.03100s to http://localhost:8000/v0.3/traces
2022-10-30 18:22:38,298 - DEBUG: finishing span name='fastapi.request' id=16511942146739628487 trace_id=14517639533788792208 parent_id=None service='fastapi' resource='PUT /v0.3/traces' type='web' start=1667164958.2935734 end=1667164958.2975776 duration=0.0040042 error=0 tags={'_dd.p.dm': '-0', 'asgi.spec_version': '2.3', 'asgi.version': '3.0', 'http.method': 'PUT', 'http.status_code': '404', 'http.url': 'http://localhost:8000/v0.3/traces', 'http.version': '1.1', 'runtime-id': 'a5348cdaa9234512a9a695e3762f6448'} metrics={'_dd.agent_psr': 1.0, '_dd.top_level': 1, '_dd.tracer_kr': 1.0, '_sampling_priority_v1': 1, 'system.pid': 3032} (enabled:True)
2022-10-30 18:22:38,299 - DEBUG: calling endpoint 'v0.3/traces' but received 404; downgrading API
2022-10-30 18:22:38,300 - ERROR: unsupported endpoint 'v0.3/traces': received response 404 from Datadog Agent (http://localhost:8000)
2022-10-30 18:22:39,301 - DEBUG: creating new agent connection to http://localhost:8000 with timeout 2
2022-10-30 18:22:40,308 - WARNING: sent 446B in 1.00000s to http://localhost:8000/v0.3/traces
2022-10-30 18:22:40,308 - DEBUG: finishing span name='fastapi.request' id=6525039830152643703 trace_id=11364317841084777891 parent_id=None service='fastapi' resource='PUT /v0.3/traces' type='web' start=1667164960.3080103 end=None duration=0.0 error=0 tags={'_dd.p.dm': '-0', 'asgi.spec_version': '2.3', 'asgi.version': '3.0', 'http.method': 'PUT', 'http.status_code': '404', 'http.url': 'http://localhost:8000/v0.3/traces', 'http.version': '1.1', 'runtime-id': 'a5348cdaa9234512a9a695e3762f6448'} metrics={'_dd.agent_psr': 1.0, '_dd.top_level': 1, '_dd.tracer_kr': 1.0, '_sampling_priority_v1': 1, 'system.pid': 3032} (enabled:True)
2022-10-30 18:22:40,308 - DEBUG: calling endpoint 'v0.3/traces' but received 404; downgrading API
2022-10-30 18:22:40,308 - ERROR: unsupported endpoint 'v0.3/traces': received response 404 from Datadog Agent (http://localhost:8000)
2022-10-30 18:22:41,320 - DEBUG: creating new agent connection to http://localhost:8000 with timeout 2
2022-10-30 18:22:42,341 - WARNING: sent 442B in 1.01600s to http://localhost:8000/v0.3/traces
2022-10-30 18:22:42,341 - DEBUG: finishing span name='fastapi.request' id=15882258290167302953 trace_id=17911530778796109573 parent_id=None service='fastapi' resource='PUT /v0.3/traces' type='web' start=1667164962.3412726 end=None duration=0.0 error=0 tags={'_dd.p.dm': '-0', 'asgi.spec_version': '2.3', 'asgi.version': '3.0', 'http.method': 'PUT', 'http.status_code': '404', 'http.url': 'http://localhost:8000/v0.3/traces', 'http.version': '1.1', 'runtime-id': 'a5348cdaa9234512a9a695e3762f6448'} metrics={'_dd.agent_psr': 1.0, '_dd.top_level': 1, '_dd.tracer_kr': 1.0, '_sampling_priority_v1': 1, 'system.pid': 3032} (enabled:True)
2022-10-30 18:22:42,341 - DEBUG: calling endpoint 'v0.3/traces' but received 404; downgrading API
2022-10-30 18:22:42,341 - ERROR: unsupported endpoint 'v0.3/traces': received response 404 from Datadog Agent (http://localhost:8000)
2022-10-30 18:22:43,351 - DEBUG: creating new agent connection to http://localhost:8000 with timeout 2
2022-10-30 18:22:44,371 - WARNING: sent 442B in 1.01500s to http://localhost:8000/v0.3/traces
2022-10-30 18:22:44,371 - DEBUG: finishing span name='fastapi.request' id=9721137465032752567 trace_id=18303855645386419540 parent_id=None service='fastapi' resource='PUT /v0.3/traces' type='web' start=1667164964.3710558 end=None duration=0.0 error=0 tags={'_dd.p.dm': '-0', 'asgi.spec_version': '2.3', 'asgi.version': '3.0', 'http.method': 'PUT', 'http.status_code': '404', 'http.url': 'http://localhost:8000/v0.3/traces', 'http.version': '1.1', 'runtime-id': 'a5348cdaa9234512a9a695e3762f6448'} metrics={'_dd.agent_psr': 1.0, '_dd.top_level': 1, '_dd.tracer_kr': 1.0, '_sampling_priority_v1': 1, 'system.pid': 3032} (enabled:True)
2022-10-30 18:22:44,371 - DEBUG: calling endpoint 'v0.3/traces' but received 404; downgrading API
2022-10-30 18:22:44,371 - ERROR: unsupported endpoint 'v0.3/traces': received response 404 from Datadog Agent (http://localhost:8000)
2022-10-30 18:22:45,382 - DEBUG: creating new agent connection to http://localhost:8000 with timeout 2
2022-10-30 18:22:46,395 - WARNING: sent 442B in 1.01500s to http://localhost:8000/v0.3/traces
2022-10-30 18:22:46,398 - DEBUG: finishing span name='fastapi.request' id=16633266183045652243 trace_id=4834847188409395015 parent_id=None service='fastapi' resource='PUT /v0.3/traces' type='web' start=1667164966.3919322 end=1667164966.3972042 duration=0.0052718 error=0 tags={'_dd.p.dm': '-0', 'asgi.spec_version': '2.3', 'asgi.version': '3.0', 'http.method': 'PUT', 'http.status_code': '404', 'http.url': 'http://localhost:8000/v0.3/traces', 'http.version': '1.1', 'runtime-id': 'a5348cdaa9234512a9a695e3762f6448'} metrics={'_dd.agent_psr': 1.0, '_dd.top_level': 1, '_dd.tracer_kr': 1.0, '_sampling_priority_v1': 1, 'system.pid': 3032} (enabled:True)
2022-10-30 18:22:46,398 - DEBUG: calling endpoint 'v0.3/traces' but received 404; downgrading API
2022-10-30 18:22:46,398 - ERROR: unsupported endpoint 'v0.3/traces': received response 404 from Datadog Agent (http://localhost:8000)
2022-10-30 18:22:47,408 - DEBUG: creating new agent connection to http://localhost:8000 with timeout 2
2022-10-30 18:22:48,423 - WARNING: sent 446B in 1.01600s to http://localhost:8000/v0.3/traces
2022-10-30 18:22:48,423 - DEBUG: finishing span name='fastapi.request' id=11953360954162425947 trace_id=7746827214797531448 parent_id=None service='fastapi' resource='PUT /v0.3/traces' type='web' start=1667164968.4235551 end=None duration=0.0 error=0 tags={'_dd.p.dm': '-0', 'asgi.spec_version': '2.3', 'asgi.version': '3.0', 'http.method': 'PUT', 'http.status_code': '404', 'http.url': 'http://localhost:8000/v0.3/traces', 'http.version': '1.1', 'runtime-id': 'a5348cdaa9234512a9a695e3762f6448'} metrics={'_dd.agent_psr': 1.0, '_dd.top_level': 1, '_dd.tracer_kr': 1.0, '_sampling_priority_v1': 1, 'system.pid': 3032} (enabled:True)
2022-10-30 18:22:48,423 - DEBUG: calling endpoint 'v0.3/traces' but received 404; downgrading API
2022-10-30 18:22:48,423 - ERROR: unsupported endpoint 'v0.3/traces': received response 404 from Datadog Agent (http://localhost:8000)
2022-10-30 18:22:49,440 - DEBUG: creating new agent connection to http://localhost:8000 with timeout 2
2022-10-30 18:22:50,461 - WARNING: sent 442B in 1.01600s to http://localhost:8000/v0.3/traces
2022-10-30 18:22:50,461 - DEBUG: finishing span name='fastapi.request' id=15817116078765080194 trace_id=18378079423555671303 parent_id=None service='fastapi' resource='PUT /v0.3/traces' type='web' start=1667164970.461113 end=None duration=0.0 error=0 tags={'_dd.p.dm': '-0', 'asgi.spec_version': '2.3', 'asgi.version': '3.0', 'http.method': 'PUT', 'http.status_code': '404', 'http.url': 'http://localhost:8000/v0.3/traces', 'http.version': '1.1', 'runtime-id': 'a5348cdaa9234512a9a695e3762f6448'} metrics={'_dd.agent_psr': 1.0, '_dd.top_level': 1, '_dd.tracer_kr': 1.0, '_sampling_priority_v1': 1, 'system.pid': 3032} (enabled:True)
2022-10-30 18:22:50,461 - DEBUG: calling endpoint 'v0.3/traces' but received 404; downgrading API
2022-10-30 18:22:50,461 - ERROR: unsupported endpoint 'v0.3/traces': received response 404 from Datadog Agent (http://localhost:8000)
2022-10-30 18:22:51,474 - DEBUG: creating new agent connection to http://localhost:8000 with timeout 2
2022-10-30 18:22:52,493 - WARNING: sent 442B in 1.01500s to http://localhost:8000/v0.3/traces
2022-10-30 18:22:52,496 - DEBUG: finishing span name='fastapi.request' id=11408416884793445769 trace_id=8561207997383898548 parent_id=None service='fastapi' resource='PUT /v0.3/traces' type='web' start=1667164972.4903557 end=1667164972.4952278 duration=0.004872 error=0 tags={'_dd.p.dm': '-0', 'asgi.spec_version': '2.3', 'asgi.version': '3.0', 'http.method': 'PUT', 'http.status_code': '404', 'http.url': 'http://localhost:8000/v0.3/traces', 'http.version': '1.1', 'runtime-id': 'a5348cdaa9234512a9a695e3762f6448'} metrics={'_dd.agent_psr': 1.0, '_dd.top_level': 1, '_dd.tracer_kr': 1.0, '_sampling_priority_v1': 1, 'system.pid': 3032} (enabled:True)
2022-10-30 18:22:52,497 - DEBUG: calling endpoint 'v0.3/traces' but received 404; downgrading API
2022-10-30 18:22:52,498 - ERROR: unsupported endpoint 'v0.3/traces': received response 404 from Datadog Agent (http://localhost:8000)
2022-10-30 18:22:53,513 - DEBUG: creating new agent connection to http://localhost:8000 with timeout 2
2022-10-30 18:22:54,529 - WARNING: sent 446B in 1.01500s to http://localhost:8000/v0.3/traces
2022-10-30 18:22:54,529 - DEBUG: finishing span name='fastapi.request' id=13705868997494444065 trace_id=7442515225957410164 parent_id=None service='fastapi' resource='PUT /v0.3/traces' type='web' start=1667164974.5291443 end=None duration=0.0 error=0 tags={'_dd.p.dm': '-0', 'asgi.spec_version': '2.3', 'asgi.version': '3.0', 'http.method': 'PUT', 'http.status_code': '404', 'http.url': 'http://localhost:8000/v0.3/traces', 'http.version': '1.1', 'runtime-id': 'a5348cdaa9234512a9a695e3762f6448'} metrics={'_dd.agent_psr': 1.0, '_dd.top_level': 1, '_dd.tracer_kr': 1.0, '_sampling_priority_v1': 1, 'system.pid': 3032} (enabled:True)
2022-10-30 18:22:54,529 - DEBUG: calling endpoint 'v0.3/traces' but received 404; downgrading API
2022-10-30 18:22:54,529 - ERROR: unsupported endpoint 'v0.3/traces': received response 404 from Datadog Agent (http://localhost:8000)
2022-10-30 18:22:55,540 - DEBUG: creating new agent connection to http://localhost:8000 with timeout 2
2022-10-30 18:22:56,555 - WARNING: sent 442B in 1.01600s to http://localhost:8000/v0.3/traces
2022-10-30 18:22:56,558 - DEBUG: finishing span name='fastapi.request' id=5347992793437388242 trace_id=14135884326709455193 parent_id=None service='fastapi' resource='PUT /v0.3/traces' type='web' start=1667164976.5514588 end=1667164976.557436 duration=0.0059772 error=0 tags={'_dd.p.dm': '-0', 'asgi.spec_version': '2.3', 'asgi.version': '3.0', 'http.method': 'PUT', 'http.status_code': '404', 'http.url': 'http://localhost:8000/v0.3/traces', 'http.version': '1.1', 'runtime-id': 'a5348cdaa9234512a9a695e3762f6448'} metrics={'_dd.agent_psr': 1.0, '_dd.top_level': 1, '_dd.tracer_kr': 1.0, '_sampling_priority_v1': 1, 'system.pid': 3032} (enabled:True)
2022-10-30 18:22:56,559 - DEBUG: calling endpoint 'v0.3/traces' but received 404; downgrading API
2022-10-30 18:22:56,560 - ERROR: unsupported endpoint 'v0.3/traces': received response 404 from Datadog Agent (http://localhost:8000)
2022-10-30 18:22:57,560 - DEBUG: creating new agent connection to http://localhost:8000 with timeout 2
2022-10-30 18:22:58,583 - WARNING: sent 446B in 1.03100s to http://localhost:8000/v0.3/traces
2022-10-30 18:22:58,586 - DEBUG: finishing span name='fastapi.request' id=14624360550030169243 trace_id=13510640058442756169 parent_id=None service='fastapi' resource='PUT /v0.3/traces' type='web' start=1667164978.5792165 end=1667164978.5841985 duration=0.004982 error=0 tags={'_dd.p.dm': '-0', 'asgi.spec_version': '2.3', 'asgi.version': '3.0', 'http.method': 'PUT', 'http.status_code': '404', 'http.url': 'http://localhost:8000/v0.3/traces', 'http.version': '1.1', 'runtime-id': 'a5348cdaa9234512a9a695e3762f6448'} metrics={'_dd.agent_psr': 1.0, '_dd.top_level': 1, '_dd.tracer_kr': 1.0, '_sampling_priority_v1': 1, 'system.pid': 3032} (enabled:True)
2022-10-30 18:22:58,586 - DEBUG: calling endpoint 'v0.3/traces' but received 404; downgrading API
2022-10-30 18:22:58,588 - ERROR: unsupported endpoint 'v0.3/traces': received response 404 from Datadog Agent (http://localhost:8000)
2022-10-30 18:22:58,956 - DEBUG: sent 589 in 0.85900s to http://localhost:8126/telemetry/proxy/api/v2/apmtelemetry. response: 202
2022-10-30 18:22:59,589 - DEBUG: creating new agent connection to http://localhost:8000 with timeout 2
2022-10-30 18:23:00,616 - WARNING: sent 446B in 1.03100s to http://localhost:8000/v0.3/traces
2022-10-30 18:23:00,619 - DEBUG: finishing span name='fastapi.request' id=4520002045857355423 trace_id=5788896030847892251 parent_id=None service='fastapi' resource='PUT /v0.3/traces' type='web' start=1667164980.6130497 end=1667164980.6180253 duration=0.0049755 error=0 tags={'_dd.p.dm': '-0', 'asgi.spec_version': '2.3', 'asgi.version': '3.0', 'http.method': 'PUT', 'http.status_code': '404', 'http.url': 'http://localhost:8000/v0.3/traces', 'http.version': '1.1', 'runtime-id': 'a5348cdaa9234512a9a695e3762f6448'} metrics={'_dd.agent_psr': 1.0, '_dd.top_level': 1, '_dd.tracer_kr': 1.0, '_sampling_priority_v1': 1, 'system.pid': 3032} (enabled:True)
2022-10-30 18:23:00,620 - DEBUG: calling endpoint 'v0.3/traces' but received 404; downgrading API
2022-10-30 18:23:00,620 - ERROR: unsupported endpoint 'v0.3/traces': received response 404 from Datadog Agent (http://localhost:8000)
2022-10-30 18:23:01,621 - DEBUG: creating new agent connection to http://localhost:8000 with timeout 2
2022-10-30 18:23:02,649 - WARNING: sent 446B in 1.03100s to http://localhost:8000/v0.3/traces
2022-10-30 18:23:02,649 - DEBUG: finishing span name='fastapi.request' id=12469136213439280976 trace_id=12073805968669650334 parent_id=None service='fastapi' resource='PUT /v0.3/traces' type='web' start=1667164982.649947 end=None duration=0.0 error=0 tags={'_dd.p.dm': '-0', 'asgi.spec_version': '2.3', 'asgi.version': '3.0', 'http.method': 'PUT', 'http.status_code': '404', 'http.url': 'http://localhost:8000/v0.3/traces', 'http.version': '1.1', 'runtime-id': 'a5348cdaa9234512a9a695e3762f6448'} metrics={'_dd.agent_psr': 1.0, '_dd.top_level': 1, '_dd.tracer_kr': 1.0, '_sampling_priority_v1': 1, 'system.pid': 3032} (enabled:True)
2022-10-30 18:23:02,649 - DEBUG: calling endpoint 'v0.3/traces' but received 404; downgrading API
2022-10-30 18:23:02,649 - ERROR: unsupported endpoint 'v0.3/traces': received response 404 from Datadog Agent (http://localhost:8000)
2022-10-30 18:23:03,665 - DEBUG: creating new agent connection to http://localhost:8000 with timeout 2
2022-10-30 18:23:04,689 - WARNING: sent 442B in 1.03100s to http://localhost:8000/v0.3/traces
2022-10-30 18:23:04,692 - DEBUG: finishing span name='fastapi.request' id=14943090939614019580 trace_id=2915952776384341911 parent_id=None service='fastapi' resource='PUT /v0.3/traces' type='web' start=1667164984.6865447 end=1667164984.6915183 duration=0.0049737 error=0 tags={'_dd.p.dm': '-0', 'asgi.spec_version': '2.3', 'asgi.version': '3.0', 'http.method': 'PUT', 'http.status_code': '404', 'http.url': 'http://localhost:8000/v0.3/traces', 'http.version': '1.1', 'runtime-id': 'a5348cdaa9234512a9a695e3762f6448'} metrics={'_dd.agent_psr': 1.0, '_dd.top_level': 1, '_dd.tracer_kr': 1.0, '_sampling_priority_v1': 1, 'system.pid': 3032} (enabled:True)
2022-10-30 18:23:04,692 - DEBUG: calling endpoint 'v0.3/traces' but received 404; downgrading API
2022-10-30 18:23:04,692 - ERROR: unsupported endpoint 'v0.3/traces': received response 404 from Datadog Agent (http://localhost:8000)
2022-10-30 18:23:05,708 - DEBUG: creating new agent connection to http://localhost:8000 with timeout 2
2022-10-30 18:23:06,712 - DEBUG: finishing span name='fastapi.request' id=987181455129428039 trace_id=9118433753968146212 parent_id=None service='fastapi' resource='PUT /v0.3/traces' type='web' start=1667164986.7126582 end=None duration=0.0 error=0 tags={'_dd.p.dm': '-0', 'asgi.spec_version': '2.3', 'asgi.version': '3.0', 'http.method': 'PUT', 'http.status_code': '404', 'http.url': 'http://localhost:8000/v0.3/traces', 'http.version': '1.1', 'runtime-id': 'a5348cdaa9234512a9a695e3762f6448'} metrics={'_dd.agent_psr': 1.0, '_dd.top_level': 1, '_dd.tracer_kr': 1.0, '_sampling_priority_v1': 1, 'system.pid': 3032} (enabled:True)
2022-10-30 18:23:06,712 - WARNING: sent 446B in 1.00000s to http://localhost:8000/v0.3/traces
2022-10-30 18:23:06,712 - DEBUG: calling endpoint 'v0.3/traces' but received 404; downgrading API
2022-10-30 18:23:06,728 - ERROR: unsupported endpoint 'v0.3/traces': received response 404 from Datadog Agent (http://localhost:8000)
2022-10-30 18:23:07,742 - DEBUG: creating new agent connection to http://localhost:8000 with timeout 2
2022-10-30 18:23:08,756 - WARNING: sent 442B in 1.01600s to http://localhost:8000/v0.3/traces
2022-10-30 18:23:08,756 - DEBUG: finishing span name='fastapi.request' id=7396812523792476056 trace_id=16825604839735725944 parent_id=None service='fastapi' resource='PUT /v0.3/traces' type='web' start=1667164988.7563324 end=None duration=0.0 error=0 tags={'_dd.p.dm': '-0', 'asgi.spec_version': '2.3', 'asgi.version': '3.0', 'http.method': 'PUT', 'http.status_code': '404', 'http.url': 'http://localhost:8000/v0.3/traces', 'http.version': '1.1', 'runtime-id': 'a5348cdaa9234512a9a695e3762f6448'} metrics={'_dd.agent_psr': 1.0, '_dd.top_level': 1, '_dd.tracer_kr': 1.0, '_sampling_priority_v1': 1, 'system.pid': 3032} (enabled:True)
2022-10-30 18:23:08,756 - DEBUG: calling endpoint 'v0.3/traces' but received 404; downgrading API
2022-10-30 18:23:08,756 - ERROR: unsupported endpoint 'v0.3/traces': received response 404 from Datadog Agent (http://localhost:8000)
2022-10-30 18:23:09,776 - DEBUG: creating new agent connection to http://localhost:8000 with timeout 2
2022-10-30 18:23:10,800 - WARNING: sent 442B in 1.03200s to http://localhost:8000/v0.3/traces
2022-10-30 18:23:10,803 - DEBUG: finishing span name='fastapi.request' id=3405373188111902936 trace_id=9506461380419880388 parent_id=None service='fastapi' resource='PUT /v0.3/traces' type='web' start=1667164990.7978675 end=1667164990.8026934 duration=0.0048258 error=0 tags={'_dd.p.dm': '-0', 'asgi.spec_version': '2.3', 'asgi.version': '3.0', 'http.method': 'PUT', 'http.status_code': '404', 'http.url': 'http://localhost:8000/v0.3/traces', 'http.version': '1.1', 'runtime-id': 'a5348cdaa9234512a9a695e3762f6448'} metrics={'_dd.agent_psr': 1.0, '_dd.top_level': 1, '_dd.tracer_kr': 1.0, '_sampling_priority_v1': 1, 'system.pid': 3032} (enabled:True)
2022-10-30 18:23:10,804 - DEBUG: calling endpoint 'v0.3/traces' but received 404; downgrading API
2022-10-30 18:23:10,805 - ERROR: unsupported endpoint 'v0.3/traces': received response 404 from Datadog Agent (http://localhost:8000)
2022-10-30 18:23:11,818 - DEBUG: creating new agent connection to http://localhost:8000 with timeout 2
2022-10-30 18:23:12,829 - WARNING: sent 446B in 1.01600s to http://localhost:8000/v0.3/traces
2022-10-30 18:23:12,829 - DEBUG: finishing span name='fastapi.request' id=18343938674064957686 trace_id=10418049949662887958 parent_id=None service='fastapi' resource='PUT /v0.3/traces' type='web' start=1667164992.829221 end=None duration=0.0 error=0 tags={'_dd.p.dm': '-0', 'asgi.spec_version': '2.3', 'asgi.version': '3.0', 'http.method': 'PUT', 'http.status_code': '404', 'http.url': 'http://localhost:8000/v0.3/traces', 'http.version': '1.1', 'runtime-id': 'a5348cdaa9234512a9a695e3762f6448'} metrics={'_dd.agent_psr': 1.0, '_dd.top_level': 1, '_dd.tracer_kr': 1.0, '_sampling_priority_v1': 1, 'system.pid': 3032} (enabled:True)
2022-10-30 18:23:12,829 - DEBUG: calling endpoint 'v0.3/traces' but received 404; downgrading API
2022-10-30 18:23:12,829 - ERROR: unsupported endpoint 'v0.3/traces': received response 404 from Datadog Agent (http://localhost:8000)
2022-10-30 18:23:13,850 - DEBUG: creating new agent connection to http://localhost:8000 with timeout 2
2022-10-30 18:23:14,867 - WARNING: sent 442B in 1.01500s to http://localhost:8000/v0.3/traces
2022-10-30 18:23:14,867 - DEBUG: finishing span name='fastapi.request' id=7544910653582960437 trace_id=14872055122923931394 parent_id=None service='fastapi' resource='PUT /v0.3/traces' type='web' start=1667164994.8674257 end=None duration=0.0 error=0 tags={'_dd.p.dm': '-0', 'asgi.spec_version': '2.3', 'asgi.version': '3.0', 'http.method': 'PUT', 'http.status_code': '404', 'http.url': 'http://localhost:8000/v0.3/traces', 'http.version': '1.1', 'runtime-id': 'a5348cdaa9234512a9a695e3762f6448'} metrics={'_dd.agent_psr': 1.0, '_dd.top_level': 1, '_dd.tracer_kr': 1.0, '_sampling_priority_v1': 1, 'system.pid': 3032} (enabled:True)
2022-10-30 18:23:14,867 - DEBUG: calling endpoint 'v0.3/traces' but received 404; downgrading API
2022-10-30 18:23:14,867 - ERROR: unsupported endpoint 'v0.3/traces': received response 404 from Datadog Agent (http://localhost:8000)
2022-10-30 18:23:15,878 - DEBUG: creating new agent connection to http://localhost:8000 with timeout 2
2022-10-30 18:23:16,907 - WARNING: sent 442B in 1.03100s to http://localhost:8000/v0.3/traces
2022-10-30 18:23:16,907 - DEBUG: finishing span name='fastapi.request' id=3773168302989085057 trace_id=3052325040556505872 parent_id=None service='fastapi' resource='PUT /v0.3/traces' type='web' start=1667164996.9078965 end=None duration=0.0 error=0 tags={'_dd.p.dm': '-0', 'asgi.spec_version': '2.3', 'asgi.version': '3.0', 'http.method': 'PUT', 'http.status_code': '404', 'http.url': 'http://localhost:8000/v0.3/traces', 'http.version': '1.1', 'runtime-id': 'a5348cdaa9234512a9a695e3762f6448'} metrics={'_dd.agent_psr': 1.0, '_dd.top_level': 1, '_dd.tracer_kr': 1.0, '_sampling_priority_v1': 1, 'system.pid': 3032} (enabled:True)
2022-10-30 18:23:16,907 - DEBUG: calling endpoint 'v0.3/traces' but received 404; downgrading API
2022-10-30 18:23:16,907 - ERROR: unsupported endpoint 'v0.3/traces': received response 404 from Datadog Agent (http://localhost:8000)
2022-10-30 18:23:17,934 - DEBUG: creating new agent connection to http://localhost:8000 with timeout 2
2022-10-30 18:23:18,940 - WARNING: sent 442B in 1.01500s to http://localhost:8000/v0.3/traces
2022-10-30 18:23:18,940 - DEBUG: finishing span name='fastapi.request' id=1421432315126731196 trace_id=15760728438304985886 parent_id=None service='fastapi' resource='PUT /v0.3/traces' type='web' start=1667164998.9406269 end=None duration=0.0 error=0 tags={'_dd.p.dm': '-0', 'asgi.spec_version': '2.3', 'asgi.version': '3.0', 'http.method': 'PUT', 'http.status_code': '404', 'http.url': 'http://localhost:8000/v0.3/traces', 'http.version': '1.1', 'runtime-id': 'a5348cdaa9234512a9a695e3762f6448'} metrics={'_dd.agent_psr': 1.0, '_dd.top_level': 1, '_dd.tracer_kr': 1.0, '_sampling_priority_v1': 1, 'system.pid': 3032} (enabled:True)
2022-10-30 18:23:18,940 - DEBUG: calling endpoint 'v0.3/traces' but received 404; downgrading API
2022-10-30 18:23:18,940 - ERROR: unsupported endpoint 'v0.3/traces': received response 404 from Datadog Agent (http://localhost:8000)
2022-10-30 18:23:19,958 - DEBUG: creating new agent connection to http://localhost:8000 with timeout 2
2022-10-30 18:23:20,971 - WARNING: sent 442B in 1.01600s to http://localhost:8000/v0.3/traces
2022-10-30 18:23:20,971 - DEBUG: finishing span name='fastapi.request' id=7742073354968946760 trace_id=12667444504907197938 parent_id=None service='fastapi' resource='PUT /v0.3/traces' type='web' start=1667165000.971142 end=None duration=0.0 error=0 tags={'_dd.p.dm': '-0', 'asgi.spec_version': '2.3', 'asgi.version': '3.0', 'http.method': 'PUT', 'http.status_code': '404', 'http.url': 'http://localhost:8000/v0.3/traces', 'http.version': '1.1', 'runtime-id': 'a5348cdaa9234512a9a695e3762f6448'} metrics={'_dd.agent_psr': 1.0, '_dd.top_level': 1, '_dd.tracer_kr': 1.0, '_sampling_priority_v1': 1, 'system.pid': 3032} (enabled:True)
2022-10-30 18:23:20,971 - DEBUG: calling endpoint 'v0.3/traces' but received 404; downgrading API
2022-10-30 18:23:20,971 - ERROR: unsupported endpoint 'v0.3/traces': received response 404 from Datadog Agent (http://localhost:8000)
2022-10-30 18:23:21,987 - DEBUG: creating new agent connection to http://localhost:8000 with timeout 2
2022-10-30 18:23:23,009 - WARNING: sent 442B in 1.01600s to http://localhost:8000/v0.3/traces
2022-10-30 18:23:23,009 - DEBUG: finishing span name='fastapi.request' id=14370592539790617498 trace_id=9856953065717989078 parent_id=None service='fastapi' resource='PUT /v0.3/traces' type='web' start=1667165003.0090735 end=None duration=0.0 error=0 tags={'_dd.p.dm': '-0', 'asgi.spec_version': '2.3', 'asgi.version': '3.0', 'http.method': 'PUT', 'http.status_code': '404', 'http.url': 'http://localhost:8000/v0.3/traces', 'http.version': '1.1', 'runtime-id': 'a5348cdaa9234512a9a695e3762f6448'} metrics={'_dd.agent_psr': 1.0, '_dd.top_level': 1, '_dd.tracer_kr': 1.0, '_sampling_priority_v1': 1, 'system.pid': 3032} (enabled:True)
2022-10-30 18:23:23,009 - DEBUG: calling endpoint 'v0.3/traces' but received 404; downgrading API
2022-10-30 18:23:23,009 - ERROR: unsupported endpoint 'v0.3/traces': received response 404 from Datadog Agent (http://localhost:8000)
2022-10-30 18:23:24,029 - DEBUG: creating new agent connection to http://localhost:8000 with timeout 2
2022-10-30 18:23:25,046 - WARNING: sent 442B in 1.01600s to http://localhost:8000/v0.3/traces
2022-10-30 18:23:25,049 - DEBUG: finishing span name='fastapi.request' id=5051837161211568833 trace_id=557746726582534344 parent_id=None service='fastapi' resource='PUT /v0.3/traces' type='web' start=1667165005.0434084 end=1667165005.048383 duration=0.0049747 error=0 tags={'_dd.p.dm': '-0', 'asgi.spec_version': '2.3', 'asgi.version': '3.0', 'http.method': 'PUT', 'http.status_code': '404', 'http.url': 'http://localhost:8000/v0.3/traces', 'http.version': '1.1', 'runtime-id': 'a5348cdaa9234512a9a695e3762f6448'} metrics={'_dd.agent_psr': 1.0, '_dd.top_level': 1, '_dd.tracer_kr': 1.0, '_sampling_priority_v1': 1, 'system.pid': 3032} (enabled:True)
2022-10-30 18:23:25,050 - DEBUG: calling endpoint 'v0.3/traces' but received 404; downgrading API
2022-10-30 18:23:25,051 - ERROR: unsupported endpoint 'v0.3/traces': received response 404 from Datadog Agent (http://localhost:8000)
2022-10-30 18:23:26,052 - DEBUG: creating new agent connection to http://localhost:8000 with timeout 2
2022-10-30 18:23:27,070 - WARNING: sent 446B in 1.01500s to http://localhost:8000/v0.3/traces
2022-10-30 18:23:27,073 - DEBUG: finishing span name='fastapi.request' id=17141317153427746334 trace_id=5392015167351493968 parent_id=None service='fastapi' resource='PUT /v0.3/traces' type='web' start=1667165007.066703 end=1667165007.0727086 duration=0.0060056 error=0 tags={'_dd.p.dm': '-0', 'asgi.spec_version': '2.3', 'asgi.version': '3.0', 'http.method': 'PUT', 'http.status_code': '404', 'http.url': 'http://localhost:8000/v0.3/traces', 'http.version': '1.1', 'runtime-id': 'a5348cdaa9234512a9a695e3762f6448'} metrics={'_dd.agent_psr': 1.0, '_dd.top_level': 1, '_dd.tracer_kr': 1.0, '_sampling_priority_v1': 1, 'system.pid': 3032} (enabled:True)
2022-10-30 18:23:27,074 - DEBUG: calling endpoint 'v0.3/traces' but received 404; downgrading API
2022-10-30 18:23:27,075 - ERROR: unsupported endpoint 'v0.3/traces': received response 404 from Datadog Agent (http://localhost:8000)
2022-10-30 18:23:28,076 - DEBUG: creating new agent connection to http://localhost:8000 with timeout 2
2022-10-30 18:23:29,086 - WARNING: sent 446B in 1.01600s to http://localhost:8000/v0.3/traces
2022-10-30 18:23:29,086 - DEBUG: finishing span name='fastapi.request' id=4204732442195640008 trace_id=15570475387531150464 parent_id=None service='fastapi' resource='PUT /v0.3/traces' type='web' start=1667165009.085389 end=1667165009.08645 duration=0.0010613 error=0 tags={'_dd.p.dm': '-0', 'asgi.spec_version': '2.3', 'asgi.version': '3.0', 'http.method': 'PUT', 'http.status_code': '404', 'http.url': 'http://localhost:8000/v0.3/traces', 'http.version': '1.1', 'runtime-id': 'a5348cdaa9234512a9a695e3762f6448'} metrics={'_dd.agent_psr': 1.0, '_dd.top_level': 1, '_dd.tracer_kr': 1.0, '_sampling_priority_v1': 1, 'system.pid': 3032} (enabled:True)
2022-10-30 18:23:29,086 - DEBUG: calling endpoint 'v0.3/traces' but received 404; downgrading API
2022-10-30 18:23:29,086 - ERROR: unsupported endpoint 'v0.3/traces': received response 404 from Datadog Agent (http://localhost:8000)
2022-10-30 18:23:30,100 - DEBUG: creating new agent connection to http://localhost:8000 with timeout 2
2022-10-30 18:23:31,118 - WARNING: sent 446B in 1.01500s to http://localhost:8000/v0.3/traces
2022-10-30 18:23:31,118 - DEBUG: finishing span name='fastapi.request' id=3618973531858086464 trace_id=10893258795445386038 parent_id=None service='fastapi' resource='PUT /v0.3/traces' type='web' start=1667165011.1184669 end=None duration=0.0 error=0 tags={'_dd.p.dm': '-0', 'asgi.spec_version': '2.3', 'asgi.version': '3.0', 'http.method': 'PUT', 'http.status_code': '404', 'http.url': 'http://localhost:8000/v0.3/traces', 'http.version': '1.1', 'runtime-id': 'a5348cdaa9234512a9a695e3762f6448'} metrics={'_dd.agent_psr': 1.0, '_dd.top_level': 1, '_dd.tracer_kr': 1.0, '_sampling_priority_v1': 1, 'system.pid': 3032} (enabled:True)
2022-10-30 18:23:31,118 - DEBUG: calling endpoint 'v0.3/traces' but received 404; downgrading API
2022-10-30 18:23:31,118 - ERROR: unsupported endpoint 'v0.3/traces': received response 404 from Datadog Agent (http://localhost:8000)
2022-10-30 18:23:32,131 - DEBUG: creating new agent connection to http://localhost:8000 with timeout 2
2022-10-30 18:23:33,146 - WARNING: sent 442B in 1.01500s to http://localhost:8000/v0.3/traces
2022-10-30 18:23:33,146 - DEBUG: finishing span name='fastapi.request' id=2984156714046570435 trace_id=17667180455073371222 parent_id=None service='fastapi' resource='PUT /v0.3/traces' type='web' start=1667165013.1465635 end=None duration=0.0 error=0 tags={'_dd.p.dm': '-0', 'asgi.spec_version': '2.3', 'asgi.version': '3.0', 'http.method': 'PUT', 'http.status_code': '404', 'http.url': 'http://localhost:8000/v0.3/traces', 'http.version': '1.1', 'runtime-id': 'a5348cdaa9234512a9a695e3762f6448'} metrics={'_dd.agent_psr': 1.0, '_dd.top_level': 1, '_dd.tracer_kr': 1.0, '_sampling_priority_v1': 1, 'system.pid': 3032} (enabled:True)
2022-10-30 18:23:33,146 - DEBUG: calling endpoint 'v0.3/traces' but received 404; downgrading API
2022-10-30 18:23:33,146 - ERROR: unsupported endpoint 'v0.3/traces': received response 404 from Datadog Agent (http://localhost:8000)
2022-10-30 18:23:34,163 - DEBUG: creating new agent connection to http://localhost:8000 with timeout 2
2022-10-30 18:23:35,189 - WARNING: sent 442B in 1.03100s to http://localhost:8000/v0.3/traces
2022-10-30 18:23:35,191 - DEBUG: finishing span name='fastapi.request' id=13129900776113001854 trace_id=14332000233212092550 parent_id=None service='fastapi' resource='PUT /v0.3/traces' type='web' start=1667165015.1855552 end=1667165015.1905308 duration=0.0049756 error=0 tags={'_dd.p.dm': '-0', 'asgi.spec_version': '2.3', 'asgi.version': '3.0', 'http.method': 'PUT', 'http.status_code': '404', 'http.url': 'http://localhost:8000/v0.3/traces', 'http.version': '1.1', 'runtime-id': 'a5348cdaa9234512a9a695e3762f6448'} metrics={'_dd.agent_psr': 1.0, '_dd.top_level': 1, '_dd.tracer_kr': 1.0, '_sampling_priority_v1': 1, 'system.pid': 3032} (enabled:True)
2022-10-30 18:23:35,192 - DEBUG: calling endpoint 'v0.3/traces' but received 404; downgrading API
2022-10-30 18:23:35,192 - ERROR: unsupported endpoint 'v0.3/traces': received response 404 from Datadog Agent (http://localhost:8000)
2022-10-30 18:23:36,207 - DEBUG: creating new agent connection to http://localhost:8000 with timeout 2
2022-10-30 18:23:37,231 - WARNING: sent 446B in 1.01600s to http://localhost:8000/v0.3/traces
2022-10-30 18:23:37,233 - DEBUG: finishing span name='fastapi.request' id=9378202287685259902 trace_id=13606431607841226926 parent_id=None service='fastapi' resource='PUT /v0.3/traces' type='web' start=1667165017.2268956 end=1667165017.2321217 duration=0.0052261 error=0 tags={'_dd.p.dm': '-0', 'asgi.spec_version': '2.3', 'asgi.version': '3.0', 'http.method': 'PUT', 'http.status_code': '404', 'http.url': 'http://localhost:8000/v0.3/traces', 'http.version': '1.1', 'runtime-id': 'a5348cdaa9234512a9a695e3762f6448'} metrics={'_dd.agent_psr': 1.0, '_dd.top_level': 1, '_dd.tracer_kr': 1.0, '_sampling_priority_v1': 1, 'system.pid': 3032} (enabled:True)
2022-10-30 18:23:37,234 - DEBUG: calling endpoint 'v0.3/traces' but received 404; downgrading API
2022-10-30 18:23:37,235 - ERROR: unsupported endpoint 'v0.3/traces': received response 404 from Datadog Agent (http://localhost:8000)
2022-10-30 18:23:38,236 - DEBUG: creating new agent connection to http://localhost:8000 with timeout 2
2022-10-30 18:23:39,265 - WARNING: sent 446B in 1.01600s to http://localhost:8000/v0.3/traces
2022-10-30 18:23:39,265 - DEBUG: finishing span name='fastapi.request' id=9248078315386850694 trace_id=3334436210710461946 parent_id=None service='fastapi' resource='PUT /v0.3/traces' type='web' start=1667165019.2653472 end=None duration=0.0 error=0 tags={'_dd.p.dm': '-0', 'asgi.spec_version': '2.3', 'asgi.version': '3.0', 'http.method': 'PUT', 'http.status_code': '404', 'http.url': 'http://localhost:8000/v0.3/traces', 'http.version': '1.1', 'runtime-id': 'a5348cdaa9234512a9a695e3762f6448'} metrics={'_dd.agent_psr': 1.0, '_dd.top_level': 1, '_dd.tracer_kr': 1.0, '_sampling_priority_v1': 1, 'system.pid': 3032} (enabled:True)
2022-10-30 18:23:39,265 - DEBUG: calling endpoint 'v0.3/traces' but received 404; downgrading API
2022-10-30 18:23:39,265 - ERROR: unsupported endpoint 'v0.3/traces': received response 404 from Datadog Agent (http://localhost:8000)
2022-10-30 18:23:40,281 - DEBUG: creating new agent connection to http://localhost:8000 with timeout 2
2022-10-30 18:23:41,295 - WARNING: sent 442B in 1.00000s to http://localhost:8000/v0.3/traces
2022-10-30 18:23:41,298 - DEBUG: finishing span name='fastapi.request' id=9947373899217231680 trace_id=3406998256090734379 parent_id=None service='fastapi' resource='PUT /v0.3/traces' type='web' start=1667165021.291929 end=1667165021.2979338 duration=0.0060047 error=0 tags={'_dd.p.dm': '-0', 'asgi.spec_version': '2.3', 'asgi.version': '3.0', 'http.method': 'PUT', 'http.status_code': '404', 'http.url': 'http://localhost:8000/v0.3/traces', 'http.version': '1.1', 'runtime-id': 'a5348cdaa9234512a9a695e3762f6448'} metrics={'_dd.agent_psr': 1.0, '_dd.top_level': 1, '_dd.tracer_kr': 1.0, '_sampling_priority_v1': 1, 'system.pid': 3032} (enabled:True)
2022-10-30 18:23:41,299 - DEBUG: calling endpoint 'v0.3/traces' but received 404; downgrading API
2022-10-30 18:23:41,300 - ERROR: unsupported endpoint 'v0.3/traces': received response 404 from Datadog Agent (http://localhost:8000)
2022-10-30 18:23:42,308 - DEBUG: creating new agent connection to http://localhost:8000 with timeout 2
2022-10-30 18:23:43,316 - WARNING: sent 446B in 1.01500s to http://localhost:8000/v0.3/traces
2022-10-30 18:23:43,318 - DEBUG: finishing span name='fastapi.request' id=1858132612112679708 trace_id=16277613864865885315 parent_id=None service='fastapi' resource='PUT /v0.3/traces' type='web' start=1667165023.3154254 end=1667165023.3174133 duration=0.0019879 error=0 tags={'_dd.p.dm': '-0', 'asgi.spec_version': '2.3', 'asgi.version': '3.0', 'http.method': 'PUT', 'http.status_code': '404', 'http.url': 'http://localhost:8000/v0.3/traces', 'http.version': '1.1', 'runtime-id': 'a5348cdaa9234512a9a695e3762f6448'} metrics={'_dd.agent_psr': 1.0, '_dd.top_level': 1, '_dd.tracer_kr': 1.0, '_sampling_priority_v1': 1, 'system.pid': 3032} (enabled:True)
2022-10-30 18:23:43,319 - DEBUG: calling endpoint 'v0.3/traces' but received 404; downgrading API
2022-10-30 18:23:43,319 - ERROR: unsupported endpoint 'v0.3/traces': received response 404 from Datadog Agent (http://localhost:8000)
2022-10-30 18:23:44,323 - DEBUG: creating new agent connection to http://localhost:8000 with timeout 2
2022-10-30 18:23:45,331 - WARNING: sent 446B in 1.01600s to http://localhost:8000/v0.3/traces
2022-10-30 18:23:45,334 - DEBUG: finishing span name='fastapi.request' id=5635956235752141278 trace_id=17210003386590775595 parent_id=None service='fastapi' resource='PUT /v0.3/traces' type='web' start=1667165025.3288167 end=1667165025.3338137 duration=0.0049971 error=0 tags={'_dd.p.dm': '-0', 'asgi.spec_version': '2.3', 'asgi.version': '3.0', 'http.method': 'PUT', 'http.status_code': '404', 'http.url': 'http://localhost:8000/v0.3/traces', 'http.version': '1.1', 'runtime-id': 'a5348cdaa9234512a9a695e3762f6448'} metrics={'_dd.agent_psr': 1.0, '_dd.top_level': 1, '_dd.tracer_kr': 1.0, '_sampling_priority_v1': 1, 'system.pid': 3032} (enabled:True)
2022-10-30 18:23:45,335 - DEBUG: calling endpoint 'v0.3/traces' but received 404; downgrading API
2022-10-30 18:23:45,335 - ERROR: unsupported endpoint 'v0.3/traces': received response 404 from Datadog Agent (http://localhost:8000)
2022-10-30 18:23:46,338 - DEBUG: creating new agent connection to http://localhost:8000 with timeout 2
2022-10-30 18:23:47,388 - WARNING: sent 446B in 1.04700s to http://localhost:8000/v0.3/traces
2022-10-30 18:23:47,391 - DEBUG: finishing span name='fastapi.request' id=14286770493854733422 trace_id=7126884815369330109 parent_id=None service='fastapi' resource='PUT /v0.3/traces' type='web' start=1667165027.385837 end=1667165027.390819 duration=0.0049821 error=0 tags={'_dd.p.dm': '-0', 'asgi.spec_version': '2.3', 'asgi.version': '3.0', 'http.method': 'PUT', 'http.status_code': '404', 'http.url': 'http://localhost:8000/v0.3/traces', 'http.version': '1.1', 'runtime-id': 'a5348cdaa9234512a9a695e3762f6448'} metrics={'_dd.agent_psr': 1.0, '_dd.top_level': 1, '_dd.tracer_kr': 1.0, '_sampling_priority_v1': 1, 'system.pid': 3032} (enabled:True)
2022-10-30 18:23:47,391 - DEBUG: calling endpoint 'v0.3/traces' but received 404; downgrading API
2022-10-30 18:23:47,391 - ERROR: unsupported endpoint 'v0.3/traces': received response 404 from Datadog Agent (http://localhost:8000)
2022-10-30 18:23:48,407 - DEBUG: creating new agent connection to http://localhost:8000 with timeout 2
2022-10-30 18:23:49,440 - WARNING: sent 446B in 1.03100s to http://localhost:8000/v0.3/traces
2022-10-30 18:23:49,440 - DEBUG: finishing span name='fastapi.request' id=6461034083387360150 trace_id=17398561376566743928 parent_id=None service='fastapi' resource='PUT /v0.3/traces' type='web' start=1667165029.4401228 end=None duration=0.0 error=0 tags={'_dd.p.dm': '-0', 'asgi.spec_version': '2.3', 'asgi.version': '3.0', 'http.method': 'PUT', 'http.status_code': '404', 'http.url': 'http://localhost:8000/v0.3/traces', 'http.version': '1.1', 'runtime-id': 'a5348cdaa9234512a9a695e3762f6448'} metrics={'_dd.agent_psr': 1.0, '_dd.top_level': 1, '_dd.tracer_kr': 1.0, '_sampling_priority_v1': 1, 'system.pid': 3032} (enabled:True)
2022-10-30 18:23:49,440 - DEBUG: calling endpoint 'v0.3/traces' but received 404; downgrading API
2022-10-30 18:23:49,440 - ERROR: unsupported endpoint 'v0.3/traces': received response 404 from Datadog Agent (http://localhost:8000)
2022-10-30 18:23:50,451 - DEBUG: creating new agent connection to http://localhost:8000 with timeout 2
2022-10-30 18:23:51,469 - WARNING: sent 442B in 1.03200s to http://localhost:8000/v0.3/traces
2022-10-30 18:23:51,469 - DEBUG: finishing span name='fastapi.request' id=9358678981232562967 trace_id=7912425624689496448 parent_id=None service='fastapi' resource='PUT /v0.3/traces' type='web' start=1667165031.4693835 end=None duration=0.0 error=0 tags={'_dd.p.dm': '-0', 'asgi.spec_version': '2.3', 'asgi.version': '3.0', 'http.method': 'PUT', 'http.status_code': '404', 'http.url': 'http://localhost:8000/v0.3/traces', 'http.version': '1.1', 'runtime-id': 'a5348cdaa9234512a9a695e3762f6448'} metrics={'_dd.agent_psr': 1.0, '_dd.top_level': 1, '_dd.tracer_kr': 1.0, '_sampling_priority_v1': 1, 'system.pid': 3032} (enabled:True)
2022-10-30 18:23:51,469 - DEBUG: calling endpoint 'v0.3/traces' but received 404; downgrading API
2022-10-30 18:23:51,469 - ERROR: unsupported endpoint 'v0.3/traces': received response 404 from Datadog Agent (http://localhost:8000)
2022-10-30 18:23:52,486 - DEBUG: creating new agent connection to http://localhost:8000 with timeout 2
2022-10-30 18:23:53,502 - WARNING: sent 442B in 1.01600s to http://localhost:8000/v0.3/traces
2022-10-30 18:23:53,502 - DEBUG: finishing span name='fastapi.request' id=15975242403987170918 trace_id=15241485858992917836 parent_id=None service='fastapi' resource='PUT /v0.3/traces' type='web' start=1667165033.502979 end=None duration=0.0 error=0 tags={'_dd.p.dm': '-0', 'asgi.spec_version': '2.3', 'asgi.version': '3.0', 'http.method': 'PUT', 'http.status_code': '404', 'http.url': 'http://localhost:8000/v0.3/traces', 'http.version': '1.1', 'runtime-id': 'a5348cdaa9234512a9a695e3762f6448'} metrics={'_dd.agent_psr': 1.0, '_dd.top_level': 1, '_dd.tracer_kr': 1.0, '_sampling_priority_v1': 1, 'system.pid': 3032} (enabled:True)
2022-10-30 18:23:53,502 - DEBUG: calling endpoint 'v0.3/traces' but received 404; downgrading API
2022-10-30 18:23:53,502 - ERROR: unsupported endpoint 'v0.3/traces': received response 404 from Datadog Agent (http://localhost:8000)
2022-10-30 18:23:54,523 - DEBUG: creating new agent connection to http://localhost:8000 with timeout 2
2022-10-30 18:23:55,545 - WARNING: sent 442B in 1.01600s to http://localhost:8000/v0.3/traces
2022-10-30 18:23:55,545 - DEBUG: finishing span name='fastapi.request' id=5076038105660876708 trace_id=17070414676737218346 parent_id=None service='fastapi' resource='PUT /v0.3/traces' type='web' start=1667165035.545538 end=None duration=0.0 error=0 tags={'_dd.p.dm': '-0', 'asgi.spec_version': '2.3', 'asgi.version': '3.0', 'http.method': 'PUT', 'http.status_code': '404', 'http.url': 'http://localhost:8000/v0.3/traces', 'http.version': '1.1', 'runtime-id': 'a5348cdaa9234512a9a695e3762f6448'} metrics={'_dd.agent_psr': 1.0, '_dd.top_level': 1, '_dd.tracer_kr': 1.0, '_sampling_priority_v1': 1, 'system.pid': 3032} (enabled:True)
2022-10-30 18:23:55,545 - DEBUG: calling endpoint 'v0.3/traces' but received 404; downgrading API
2022-10-30 18:23:55,545 - ERROR: unsupported endpoint 'v0.3/traces': received response 404 from Datadog Agent (http://localhost:8000)
2022-10-30 18:23:56,567 - DEBUG: creating new agent connection to http://localhost:8000 with timeout 2
2022-10-30 18:23:57,588 - WARNING: sent 442B in 1.01600s to http://localhost:8000/v0.3/traces
2022-10-30 18:23:57,590 - DEBUG: finishing span name='fastapi.request' id=17911040307287248163 trace_id=971234038368027489 parent_id=None service='fastapi' resource='PUT /v0.3/traces' type='web' start=1667165037.5845041 end=1667165037.5894861 duration=0.0049821 error=0 tags={'_dd.p.dm': '-0', 'asgi.spec_version': '2.3', 'asgi.version': '3.0', 'http.method': 'PUT', 'http.status_code': '404', 'http.url': 'http://localhost:8000/v0.3/traces', 'http.version': '1.1', 'runtime-id': 'a5348cdaa9234512a9a695e3762f6448'} metrics={'_dd.agent_psr': 1.0, '_dd.top_level': 1, '_dd.tracer_kr': 1.0, '_sampling_priority_v1': 1, 'system.pid': 3032} (enabled:True)
2022-10-30 18:23:57,591 - DEBUG: calling endpoint 'v0.3/traces' but received 404; downgrading API
2022-10-30 18:23:57,591 - ERROR: unsupported endpoint 'v0.3/traces': received response 404 from Datadog Agent (http://localhost:8000)
2022-10-30 18:23:58,593 - DEBUG: creating new agent connection to http://localhost:8000 with timeout 2
2022-10-30 18:23:59,606 - WARNING: sent 446B in 1.00000s to http://localhost:8000/v0.3/traces
2022-10-30 18:23:59,606 - DEBUG: finishing span name='fastapi.request' id=2404848903018361888 trace_id=1023123186253220490 parent_id=None service='fastapi' resource='PUT /v0.3/traces' type='web' start=1667165039.6068847 end=None duration=0.0 error=0 tags={'_dd.p.dm': '-0', 'asgi.spec_version': '2.3', 'asgi.version': '3.0', 'http.method': 'PUT', 'http.status_code': '404', 'http.url': 'http://localhost:8000/v0.3/traces', 'http.version': '1.1', 'runtime-id': 'a5348cdaa9234512a9a695e3762f6448'} metrics={'_dd.agent_psr': 1.0, '_dd.top_level': 1, '_dd.tracer_kr': 1.0, '_sampling_priority_v1': 1, 'system.pid': 3032} (enabled:True)
2022-10-30 18:23:59,606 - DEBUG: calling endpoint 'v0.3/traces' but received 404; downgrading API
2022-10-30 18:23:59,606 - ERROR: unsupported endpoint 'v0.3/traces': received response 404 from Datadog Agent (http://localhost:8000)
2022-10-30 18:23:59,715 - DEBUG: sent 589 in 0.75000s to http://localhost:8126/telemetry/proxy/api/v2/apmtelemetry. response: 202
2022-10-30 18:24:00,619 - DEBUG: creating new agent connection to http://localhost:8000 with timeout 2
2022-10-30 18:24:01,640 - WARNING: sent 442B in 1.03100s to http://localhost:8000/v0.3/traces
2022-10-30 18:24:01,643 - DEBUG: finishing span name='fastapi.request' id=12017822755934639492 trace_id=8524578099684455581 parent_id=None service='fastapi' resource='PUT /v0.3/traces' type='web' start=1667165041.6378071 end=1667165041.6427872 duration=0.0049802 error=0 tags={'_dd.p.dm': '-0', 'asgi.spec_version': '2.3', 'asgi.version': '3.0', 'http.method': 'PUT', 'http.status_code': '404', 'http.url': 'http://localhost:8000/v0.3/traces', 'http.version': '1.1', 'runtime-id': 'a5348cdaa9234512a9a695e3762f6448'} metrics={'_dd.agent_psr': 1.0, '_dd.top_level': 1, '_dd.tracer_kr': 1.0, '_sampling_priority_v1': 1, 'system.pid': 3032} (enabled:True)
2022-10-30 18:24:01,644 - DEBUG: calling endpoint 'v0.3/traces' but received 404; downgrading API
2022-10-30 18:24:01,645 - ERROR: unsupported endpoint 'v0.3/traces': received response 404 from Datadog Agent (http://localhost:8000)
2022-10-30 18:24:02,647 - DEBUG: creating new agent connection to http://localhost:8000 with timeout 2
2022-10-30 18:24:03,671 - WARNING: sent 446B in 1.01600s to http://localhost:8000/v0.3/traces
2022-10-30 18:24:03,673 - DEBUG: finishing span name='fastapi.request' id=13348349696880942226 trace_id=9729317149887134849 parent_id=None service='fastapi' resource='PUT /v0.3/traces' type='web' start=1667165043.6672103 end=1667165043.6721878 duration=0.0049774 error=0 tags={'_dd.p.dm': '-0', 'asgi.spec_version': '2.3', 'asgi.version': '3.0', 'http.method': 'PUT', 'http.status_code': '404', 'http.url': 'http://localhost:8000/v0.3/traces', 'http.version': '1.1', 'runtime-id': 'a5348cdaa9234512a9a695e3762f6448'} metrics={'_dd.agent_psr': 1.0, '_dd.top_level': 1, '_dd.tracer_kr': 1.0, '_sampling_priority_v1': 1, 'system.pid': 3032} (enabled:True)
2022-10-30 18:24:03,674 - DEBUG: calling endpoint 'v0.3/traces' but received 404; downgrading API
2022-10-30 18:24:03,675 - ERROR: unsupported endpoint 'v0.3/traces': received response 404 from Datadog Agent (http://localhost:8000)
2022-10-30 18:24:04,676 - DEBUG: creating new agent connection to http://localhost:8000 with timeout 2
2022-10-30 18:24:05,690 - WARNING: sent 446B in 1.01500s to http://localhost:8000/v0.3/traces
2022-10-30 18:24:05,693 - DEBUG: finishing span name='fastapi.request' id=10959400811991813884 trace_id=5035660959518523839 parent_id=None service='fastapi' resource='PUT /v0.3/traces' type='web' start=1667165045.686967 end=1667165045.6929717 duration=0.0060048 error=0 tags={'_dd.p.dm': '-0', 'asgi.spec_version': '2.3', 'asgi.version': '3.0', 'http.method': 'PUT', 'http.status_code': '404', 'http.url': 'http://localhost:8000/v0.3/traces', 'http.version': '1.1', 'runtime-id': 'a5348cdaa9234512a9a695e3762f6448'} metrics={'_dd.agent_psr': 1.0, '_dd.top_level': 1, '_dd.tracer_kr': 1.0, '_sampling_priority_v1': 1, 'system.pid': 3032} (enabled:True)
2022-10-30 18:24:05,694 - DEBUG: calling endpoint 'v0.3/traces' but received 404; downgrading API
2022-10-30 18:24:05,694 - ERROR: unsupported endpoint 'v0.3/traces': received response 404 from Datadog Agent (http://localhost:8000)
2022-10-30 18:24:06,696 - DEBUG: creating new agent connection to http://localhost:8000 with timeout 2
2022-10-30 18:24:07,727 - WARNING: sent 446B in 1.03200s to http://localhost:8000/v0.3/traces
2022-10-30 18:24:07,730 - DEBUG: finishing span name='fastapi.request' id=2615052520861045200 trace_id=16602636098919514530 parent_id=None service='fastapi' resource='PUT /v0.3/traces' type='web' start=1667165047.7246268 end=1667165047.7296317 duration=0.005005 error=0 tags={'_dd.p.dm': '-0', 'asgi.spec_version': '2.3', 'asgi.version': '3.0', 'http.method': 'PUT', 'http.status_code': '404', 'http.url': 'http://localhost:8000/v0.3/traces', 'http.version': '1.1', 'runtime-id': 'a5348cdaa9234512a9a695e3762f6448'} metrics={'_dd.agent_psr': 1.0, '_dd.top_level': 1, '_dd.tracer_kr': 1.0, '_sampling_priority_v1': 1, 'system.pid': 3032} (enabled:True)
2022-10-30 18:24:07,731 - DEBUG: calling endpoint 'v0.3/traces' but received 404; downgrading API
2022-10-30 18:24:07,732 - ERROR: unsupported endpoint 'v0.3/traces': received response 404 from Datadog Agent (http://localhost:8000)
2022-10-30 18:24:08,734 - DEBUG: creating new agent connection to http://localhost:8000 with timeout 2
2022-10-30 18:24:09,771 - WARNING: sent 446B in 1.04600s to http://localhost:8000/v0.3/traces
2022-10-30 18:24:09,771 - DEBUG: finishing span name='fastapi.request' id=2408818909484055785 trace_id=3474902435505766525 parent_id=None service='fastapi' resource='PUT /v0.3/traces' type='web' start=1667165049.7717464 end=None duration=0.0 error=0 tags={'_dd.p.dm': '-0', 'asgi.spec_version': '2.3', 'asgi.version': '3.0', 'http.method': 'PUT', 'http.status_code': '404', 'http.url': 'http://localhost:8000/v0.3/traces', 'http.version': '1.1', 'runtime-id': 'a5348cdaa9234512a9a695e3762f6448'} metrics={'_dd.agent_psr': 1.0, '_dd.top_level': 1, '_dd.tracer_kr': 1.0, '_sampling_priority_v1': 1, 'system.pid': 3032} (enabled:True)
2022-10-30 18:24:09,771 - DEBUG: calling endpoint 'v0.3/traces' but received 404; downgrading API
2022-10-30 18:24:09,771 - ERROR: unsupported endpoint 'v0.3/traces': received response 404 from Datadog Agent (http://localhost:8000)
2022-10-30 18:24:10,783 - DEBUG: creating new agent connection to http://localhost:8000 with timeout 2
2022-10-30 18:24:11,823 - WARNING: sent 442B in 1.03100s to http://localhost:8000/v0.3/traces
2022-10-30 18:24:11,823 - DEBUG: finishing span name='fastapi.request' id=2055285744369145784 trace_id=10128893763807586133 parent_id=None service='fastapi' resource='PUT /v0.3/traces' type='web' start=1667165051.8231823 end=None duration=0.0 error=0 tags={'_dd.p.dm': '-0', 'asgi.spec_version': '2.3', 'asgi.version': '3.0', 'http.method': 'PUT', 'http.status_code': '404', 'http.url': 'http://localhost:8000/v0.3/traces', 'http.version': '1.1', 'runtime-id': 'a5348cdaa9234512a9a695e3762f6448'} metrics={'_dd.agent_psr': 1.0, '_dd.top_level': 1, '_dd.tracer_kr': 1.0, '_sampling_priority_v1': 1, 'system.pid': 3032} (enabled:True)
2022-10-30 18:24:11,823 - DEBUG: calling endpoint 'v0.3/traces' but received 404; downgrading API
2022-10-30 18:24:11,823 - ERROR: unsupported endpoint 'v0.3/traces': received response 404 from Datadog Agent (http://localhost:8000)
2022-10-30 18:24:12,845 - DEBUG: creating new agent connection to http://localhost:8000 with timeout 2
2022-10-30 18:24:13,857 - WARNING: sent 442B in 1.00000s to http://localhost:8000/v0.3/traces
2022-10-30 18:24:13,857 - DEBUG: finishing span name='fastapi.request' id=10494638445532879982 trace_id=16929926903128121398 parent_id=None service='fastapi' resource='PUT /v0.3/traces' type='web' start=1667165053.8577995 end=None duration=0.0 error=0 tags={'_dd.p.dm': '-0', 'asgi.spec_version': '2.3', 'asgi.version': '3.0', 'http.method': 'PUT', 'http.status_code': '404', 'http.url': 'http://localhost:8000/v0.3/traces', 'http.version': '1.1', 'runtime-id': 'a5348cdaa9234512a9a695e3762f6448'} metrics={'_dd.agent_psr': 1.0, '_dd.top_level': 1, '_dd.tracer_kr': 1.0, '_sampling_priority_v1': 1, 'system.pid': 3032} (enabled:True)
2022-10-30 18:24:13,857 - DEBUG: calling endpoint 'v0.3/traces' but received 404; downgrading API
2022-10-30 18:24:13,857 - ERROR: unsupported endpoint 'v0.3/traces': received response 404 from Datadog Agent (http://localhost:8000)
2022-10-30 18:24:14,881 - DEBUG: creating new agent connection to http://localhost:8000 with timeout 2
2022-10-30 18:24:15,893 - WARNING: sent 442B in 1.01500s to http://localhost:8000/v0.3/traces
2022-10-30 18:24:15,895 - DEBUG: finishing span name='fastapi.request' id=1857318992482957075 trace_id=10331867821876647738 parent_id=None service='fastapi' resource='PUT /v0.3/traces' type='web' start=1667165055.8898804 end=1667165055.894883 duration=0.0050026 error=0 tags={'_dd.p.dm': '-0', 'asgi.spec_version': '2.3', 'asgi.version': '3.0', 'http.method': 'PUT', 'http.status_code': '404', 'http.url': 'http://localhost:8000/v0.3/traces', 'http.version': '1.1', 'runtime-id': 'a5348cdaa9234512a9a695e3762f6448'} metrics={'_dd.agent_psr': 1.0, '_dd.top_level': 1, '_dd.tracer_kr': 1.0, '_sampling_priority_v1': 1, 'system.pid': 3032} (enabled:True)
2022-10-30 18:24:15,897 - DEBUG: calling endpoint 'v0.3/traces' but received 404; downgrading API
2022-10-30 18:24:15,897 - ERROR: unsupported endpoint 'v0.3/traces': received response 404 from Datadog Agent (http://localhost:8000)
2022-10-30 18:24:16,903 - DEBUG: creating new agent connection to http://localhost:8000 with timeout 2
2022-10-30 18:24:17,928 - WARNING: sent 446B in 1.03200s to http://localhost:8000/v0.3/traces
2022-10-30 18:24:17,928 - DEBUG: finishing span name='fastapi.request' id=2183725668952126916 trace_id=15698320319282894747 parent_id=None service='fastapi' resource='PUT /v0.3/traces' type='web' start=1667165057.928818 end=None duration=0.0 error=0 tags={'_dd.p.dm': '-0', 'asgi.spec_version': '2.3', 'asgi.version': '3.0', 'http.method': 'PUT', 'http.status_code': '404', 'http.url': 'http://localhost:8000/v0.3/traces', 'http.version': '1.1', 'runtime-id': 'a5348cdaa9234512a9a695e3762f6448'} metrics={'_dd.agent_psr': 1.0, '_dd.top_level': 1, '_dd.tracer_kr': 1.0, '_sampling_priority_v1': 1, 'system.pid': 3032} (enabled:True)
2022-10-30 18:24:17,928 - DEBUG: calling endpoint 'v0.3/traces' but received 404; downgrading API
2022-10-30 18:24:17,928 - ERROR: unsupported endpoint 'v0.3/traces': received response 404 from Datadog Agent (http://localhost:8000)
2022-10-30 18:24:18,943 - DEBUG: creating new agent connection to http://localhost:8000 with timeout 2
2022-10-30 18:24:19,956 - WARNING: sent 442B in 1.01600s to http://localhost:8000/v0.3/traces
2022-10-30 18:24:19,956 - DEBUG: finishing span name='fastapi.request' id=993594560541754660 trace_id=17063918317315380865 parent_id=None service='fastapi' resource='PUT /v0.3/traces' type='web' start=1667165059.9561565 end=None duration=0.0 error=0 tags={'_dd.p.dm': '-0', 'asgi.spec_version': '2.3', 'asgi.version': '3.0', 'http.method': 'PUT', 'http.status_code': '404', 'http.url': 'http://localhost:8000/v0.3/traces', 'http.version': '1.1', 'runtime-id': 'a5348cdaa9234512a9a695e3762f6448'} metrics={'_dd.agent_psr': 1.0, '_dd.top_level': 1, '_dd.tracer_kr': 1.0, '_sampling_priority_v1': 1, 'system.pid': 3032} (enabled:True)
2022-10-30 18:24:19,956 - DEBUG: calling endpoint 'v0.3/traces' but received 404; downgrading API
2022-10-30 18:24:19,956 - ERROR: unsupported endpoint 'v0.3/traces': received response 404 from Datadog Agent (http://localhost:8000)
2022-10-30 18:24:20,973 - DEBUG: creating new agent connection to http://localhost:8000 with timeout 2
2022-10-30 18:24:22,002 - WARNING: sent 442B in 1.03100s to http://localhost:8000/v0.3/traces
2022-10-30 18:24:22,002 - DEBUG: finishing span name='fastapi.request' id=18057969573325741636 trace_id=14921177099484467628 parent_id=None service='fastapi' resource='PUT /v0.3/traces' type='web' start=1667165062.0027554 end=None duration=0.0 error=0 tags={'_dd.p.dm': '-0', 'asgi.spec_version': '2.3', 'asgi.version': '3.0', 'http.method': 'PUT', 'http.status_code': '404', 'http.url': 'http://localhost:8000/v0.3/traces', 'http.version': '1.1', 'runtime-id': 'a5348cdaa9234512a9a695e3762f6448'} metrics={'_dd.agent_psr': 1.0, '_dd.top_level': 1, '_dd.tracer_kr': 1.0, '_sampling_priority_v1': 1, 'system.pid': 3032} (enabled:True)
2022-10-30 18:24:22,002 - DEBUG: calling endpoint 'v0.3/traces' but received 404; downgrading API
2022-10-30 18:24:22,002 - ERROR: unsupported endpoint 'v0.3/traces': received response 404 from Datadog Agent (http://localhost:8000)
2022-10-30 18:24:23,018 - DEBUG: creating new agent connection to http://localhost:8000 with timeout 2
2022-10-30 18:24:24,045 - WARNING: sent 442B in 1.01600s to http://localhost:8000/v0.3/traces
2022-10-30 18:24:24,048 - DEBUG: finishing span name='fastapi.request' id=12370933420778509066 trace_id=13191698026302453503 parent_id=None service='fastapi' resource='PUT /v0.3/traces' type='web' start=1667165064.0423563 end=1667165064.0473382 duration=0.0049821 error=0 tags={'_dd.p.dm': '-0', 'asgi.spec_version': '2.3', 'asgi.version': '3.0', 'http.method': 'PUT', 'http.status_code': '404', 'http.url': 'http://localhost:8000/v0.3/traces', 'http.version': '1.1', 'runtime-id': 'a5348cdaa9234512a9a695e3762f6448'} metrics={'_dd.agent_psr': 1.0, '_dd.top_level': 1, '_dd.tracer_kr': 1.0, '_sampling_priority_v1': 1, 'system.pid': 3032} (enabled:True)
2022-10-30 18:24:24,049 - DEBUG: calling endpoint 'v0.3/traces' but received 404; downgrading API
2022-10-30 18:24:24,050 - ERROR: unsupported endpoint 'v0.3/traces': received response 404 from Datadog Agent (http://localhost:8000)
2022-10-30 18:24:25,051 - DEBUG: creating new agent connection to http://localhost:8000 with timeout 2
2022-10-30 18:24:26,067 - WARNING: sent 446B in 1.01500s to http://localhost:8000/v0.3/traces
2022-10-30 18:24:26,069 - DEBUG: finishing span name='fastapi.request' id=519608380243183321 trace_id=13483406398930005648 parent_id=None service='fastapi' resource='PUT /v0.3/traces' type='web' start=1667165066.063818 end=1667165066.068815 duration=0.0049971 error=0 tags={'_dd.p.dm': '-0', 'asgi.spec_version': '2.3', 'asgi.version': '3.0', 'http.method': 'PUT', 'http.status_code': '404', 'http.url': 'http://localhost:8000/v0.3/traces', 'http.version': '1.1', 'runtime-id': 'a5348cdaa9234512a9a695e3762f6448'} metrics={'_dd.agent_psr': 1.0, '_dd.top_level': 1, '_dd.tracer_kr': 1.0, '_sampling_priority_v1': 1, 'system.pid': 3032} (enabled:True)
2022-10-30 18:24:26,070 - DEBUG: calling endpoint 'v0.3/traces' but received 404; downgrading API
2022-10-30 18:24:26,071 - ERROR: unsupported endpoint 'v0.3/traces': received response 404 from Datadog Agent (http://localhost:8000)
2022-10-30 18:24:27,088 - DEBUG: creating new agent connection to http://localhost:8000 with timeout 2
2022-10-30 18:24:28,125 - WARNING: sent 446B in 1.04700s to http://localhost:8000/v0.3/traces
2022-10-30 18:24:28,128 - DEBUG: finishing span name='fastapi.request' id=15152184298600059116 trace_id=17428041816015577793 parent_id=None service='fastapi' resource='PUT /v0.3/traces' type='web' start=1667165068.120647 end=1667165068.1276257 duration=0.0069788 error=0 tags={'_dd.p.dm': '-0', 'asgi.spec_version': '2.3', 'asgi.version': '3.0', 'http.method': 'PUT', 'http.status_code': '404', 'http.url': 'http://localhost:8000/v0.3/traces', 'http.version': '1.1', 'runtime-id': 'a5348cdaa9234512a9a695e3762f6448'} metrics={'_dd.agent_psr': 1.0, '_dd.top_level': 1, '_dd.tracer_kr': 1.0, '_sampling_priority_v1': 1, 'system.pid': 3032} (enabled:True)
2022-10-30 18:24:28,128 - DEBUG: calling endpoint 'v0.3/traces' but received 404; downgrading API
2022-10-30 18:24:28,130 - ERROR: unsupported endpoint 'v0.3/traces': received response 404 from Datadog Agent (http://localhost:8000)
2022-10-30 18:24:29,144 - DEBUG: creating new agent connection to http://localhost:8000 with timeout 2
2022-10-30 18:24:30,162 - WARNING: sent 446B in 1.01600s to http://localhost:8000/v0.3/traces
2022-10-30 18:24:30,162 - DEBUG: finishing span name='fastapi.request' id=11941288494980311959 trace_id=17019907838628376236 parent_id=None service='fastapi' resource='PUT /v0.3/traces' type='web' start=1667165070.1621046 end=None duration=0.0 error=0 tags={'_dd.p.dm': '-0', 'asgi.spec_version': '2.3', 'asgi.version': '3.0', 'http.method': 'PUT', 'http.status_code': '404', 'http.url': 'http://localhost:8000/v0.3/traces', 'http.version': '1.1', 'runtime-id': 'a5348cdaa9234512a9a695e3762f6448'} metrics={'_dd.agent_psr': 1.0, '_dd.top_level': 1, '_dd.tracer_kr': 1.0, '_sampling_priority_v1': 1, 'system.pid': 3032} (enabled:True)
2022-10-30 18:24:30,162 - DEBUG: calling endpoint 'v0.3/traces' but received 404; downgrading API
2022-10-30 18:24:30,162 - ERROR: unsupported endpoint 'v0.3/traces': received response 404 from Datadog Agent (http://localhost:8000)
2022-10-30 18:24:31,181 - DEBUG: creating new agent connection to http://localhost:8000 with timeout 2
2022-10-30 18:24:32,186 - WARNING: sent 442B in 1.00000s to http://localhost:8000/v0.3/traces
2022-10-30 18:24:32,189 - DEBUG: finishing span name='fastapi.request' id=18444910158377428753 trace_id=9825600500886983417 parent_id=None service='fastapi' resource='PUT /v0.3/traces' type='web' start=1667165072.1823277 end=1667165072.1873312 duration=0.0050035 error=0 tags={'_dd.p.dm': '-0', 'asgi.spec_version': '2.3', 'asgi.version': '3.0', 'http.method': 'PUT', 'http.status_code': '404', 'http.url': 'http://localhost:8000/v0.3/traces', 'http.version': '1.1', 'runtime-id': 'a5348cdaa9234512a9a695e3762f6448'} metrics={'_dd.agent_psr': 1.0, '_dd.top_level': 1, '_dd.tracer_kr': 1.0, '_sampling_priority_v1': 1, 'system.pid': 3032} (enabled:True)
2022-10-30 18:24:32,190 - DEBUG: calling endpoint 'v0.3/traces' but received 404; downgrading API
2022-10-30 18:24:32,190 - ERROR: unsupported endpoint 'v0.3/traces': received response 404 from Datadog Agent (http://localhost:8000)
2022-10-30 18:24:33,192 - DEBUG: creating new agent connection to http://localhost:8000 with timeout 2
2022-10-30 18:24:34,206 - WARNING: sent 446B in 1.01600s to http://localhost:8000/v0.3/traces
2022-10-30 18:24:34,206 - DEBUG: finishing span name='fastapi.request' id=3286049878239097347 trace_id=17253486193884006344 parent_id=None service='fastapi' resource='PUT /v0.3/traces' type='web' start=1667165074.2063708 end=None duration=0.0 error=0 tags={'_dd.p.dm': '-0', 'asgi.spec_version': '2.3', 'asgi.version': '3.0', 'http.method': 'PUT', 'http.status_code': '404', 'http.url': 'http://localhost:8000/v0.3/traces', 'http.version': '1.1', 'runtime-id': 'a5348cdaa9234512a9a695e3762f6448'} metrics={'_dd.agent_psr': 1.0, '_dd.top_level': 1, '_dd.tracer_kr': 1.0, '_sampling_priority_v1': 1, 'system.pid': 3032} (enabled:True)
2022-10-30 18:24:34,206 - DEBUG: calling endpoint 'v0.3/traces' but received 404; downgrading API
2022-10-30 18:24:34,206 - ERROR: unsupported endpoint 'v0.3/traces': received response 404 from Datadog Agent (http://localhost:8000)
2022-10-30 18:24:35,224 - DEBUG: creating new agent connection to http://localhost:8000 with timeout 2
2022-10-30 18:24:36,249 - WARNING: sent 442B in 1.01500s to http://localhost:8000/v0.3/traces
2022-10-30 18:24:36,249 - DEBUG: finishing span name='fastapi.request' id=1909101845079181669 trace_id=12566269863996192743 parent_id=None service='fastapi' resource='PUT /v0.3/traces' type='web' start=1667165076.2497816 end=None duration=0.0 error=0 tags={'_dd.p.dm': '-0', 'asgi.spec_version': '2.3', 'asgi.version': '3.0', 'http.method': 'PUT', 'http.status_code': '404', 'http.url': 'http://localhost:8000/v0.3/traces', 'http.version': '1.1', 'runtime-id': 'a5348cdaa9234512a9a695e3762f6448'} metrics={'_dd.agent_psr': 1.0, '_dd.top_level': 1, '_dd.tracer_kr': 1.0, '_sampling_priority_v1': 1, 'system.pid': 3032} (enabled:True)
2022-10-30 18:24:36,249 - DEBUG: calling endpoint 'v0.3/traces' but received 404; downgrading API
2022-10-30 18:24:36,249 - ERROR: unsupported endpoint 'v0.3/traces': received response 404 from Datadog Agent (http://localhost:8000)
2022-10-30 18:24:37,265 - DEBUG: creating new agent connection to http://localhost:8000 with timeout 2
2022-10-30 18:24:38,288 - WARNING: sent 442B in 1.03100s to http://localhost:8000/v0.3/traces
2022-10-30 18:24:38,290 - DEBUG: finishing span name='fastapi.request' id=1533766209343315240 trace_id=18211961927415917465 parent_id=None service='fastapi' resource='PUT /v0.3/traces' type='web' start=1667165078.2859557 end=1667165078.2899666 duration=0.0040108 error=0 tags={'_dd.p.dm': '-0', 'asgi.spec_version': '2.3', 'asgi.version': '3.0', 'http.method': 'PUT', 'http.status_code': '404', 'http.url': 'http://localhost:8000/v0.3/traces', 'http.version': '1.1', 'runtime-id': 'a5348cdaa9234512a9a695e3762f6448'} metrics={'_dd.agent_psr': 1.0, '_dd.top_level': 1, '_dd.tracer_kr': 1.0, '_sampling_priority_v1': 1, 'system.pid': 3032} (enabled:True)
2022-10-30 18:24:38,292 - DEBUG: calling endpoint 'v0.3/traces' but received 404; downgrading API
2022-10-30 18:24:38,293 - ERROR: unsupported endpoint 'v0.3/traces': received response 404 from Datadog Agent (http://localhost:8000)
2022-10-30 18:24:39,295 - DEBUG: creating new agent connection to http://localhost:8000 with timeout 2
2022-10-30 18:24:40,314 - WARNING: sent 446B in 1.03100s to http://localhost:8000/v0.3/traces
2022-10-30 18:24:40,314 - DEBUG: finishing span name='fastapi.request' id=2652514009059768236 trace_id=8129940294632094058 parent_id=None service='fastapi' resource='PUT /v0.3/traces' type='web' start=1667165080.3144898 end=None duration=0.0 error=0 tags={'_dd.p.dm': '-0', 'asgi.spec_version': '2.3', 'asgi.version': '3.0', 'http.method': 'PUT', 'http.status_code': '404', 'http.url': 'http://localhost:8000/v0.3/traces', 'http.version': '1.1', 'runtime-id': 'a5348cdaa9234512a9a695e3762f6448'} metrics={'_dd.agent_psr': 1.0, '_dd.top_level': 1, '_dd.tracer_kr': 1.0, '_sampling_priority_v1': 1, 'system.pid': 3032} (enabled:True)
2022-10-30 18:24:40,314 - DEBUG: calling endpoint 'v0.3/traces' but received 404; downgrading API
2022-10-30 18:24:40,314 - ERROR: unsupported endpoint 'v0.3/traces': received response 404 from Datadog Agent (http://localhost:8000)
2022-10-30 18:24:41,326 - DEBUG: creating new agent connection to http://localhost:8000 with timeout 2
2022-10-30 18:24:42,346 - WARNING: sent 442B in 1.03200s to http://localhost:8000/v0.3/traces
2022-10-30 18:24:42,346 - DEBUG: finishing span name='fastapi.request' id=9738957370777790841 trace_id=3777629314724276041 parent_id=None service='fastapi' resource='PUT /v0.3/traces' type='web' start=1667165082.3466086 end=None duration=0.0 error=0 tags={'_dd.p.dm': '-0', 'asgi.spec_version': '2.3', 'asgi.version': '3.0', 'http.method': 'PUT', 'http.status_code': '404', 'http.url': 'http://localhost:8000/v0.3/traces', 'http.version': '1.1', 'runtime-id': 'a5348cdaa9234512a9a695e3762f6448'} metrics={'_dd.agent_psr': 1.0, '_dd.top_level': 1, '_dd.tracer_kr': 1.0, '_sampling_priority_v1': 1, 'system.pid': 3032} (enabled:True)
2022-10-30 18:24:42,346 - DEBUG: calling endpoint 'v0.3/traces' but received 404; downgrading API
2022-10-30 18:24:42,346 - ERROR: unsupported endpoint 'v0.3/traces': received response 404 from Datadog Agent (http://localhost:8000)
2022-10-30 18:24:43,372 - DEBUG: creating new agent connection to http://localhost:8000 with timeout 2
2022-10-30 18:24:44,371 - WARNING: sent 442B in 1.00000s to http://localhost:8000/v0.3/traces
2022-10-30 18:24:44,371 - DEBUG: finishing span name='fastapi.request' id=15973639916318014721 trace_id=8748653062139089964 parent_id=None service='fastapi' resource='PUT /v0.3/traces' type='web' start=1667165084.371224 end=None duration=0.0 error=0 tags={'_dd.p.dm': '-0', 'asgi.spec_version': '2.3', 'asgi.version': '3.0', 'http.method': 'PUT', 'http.status_code': '404', 'http.url': 'http://localhost:8000/v0.3/traces', 'http.version': '1.1', 'runtime-id': 'a5348cdaa9234512a9a695e3762f6448'} metrics={'_dd.agent_psr': 1.0, '_dd.top_level': 1, '_dd.tracer_kr': 1.0, '_sampling_priority_v1': 1, 'system.pid': 3032} (enabled:True)
2022-10-30 18:24:44,371 - DEBUG: calling endpoint 'v0.3/traces' but received 404; downgrading API
2022-10-30 18:24:44,371 - ERROR: unsupported endpoint 'v0.3/traces': received response 404 from Datadog Agent (http://localhost:8000)
2022-10-30 18:24:45,387 - DEBUG: creating new agent connection to http://localhost:8000 with timeout 2
2022-10-30 18:24:46,403 - WARNING: sent 442B in 1.01500s to http://localhost:8000/v0.3/traces
2022-10-30 18:24:46,403 - DEBUG: finishing span name='fastapi.request' id=16273419683895036031 trace_id=15776127883997153741 parent_id=None service='fastapi' resource='PUT /v0.3/traces' type='web' start=1667165086.4035974 end=None duration=0.0 error=0 tags={'_dd.p.dm': '-0', 'asgi.spec_version': '2.3', 'asgi.version': '3.0', 'http.method': 'PUT', 'http.status_code': '404', 'http.url': 'http://localhost:8000/v0.3/traces', 'http.version': '1.1', 'runtime-id': 'a5348cdaa9234512a9a695e3762f6448'} metrics={'_dd.agent_psr': 1.0, '_dd.top_level': 1, '_dd.tracer_kr': 1.0, '_sampling_priority_v1': 1, 'system.pid': 3032} (enabled:True)
2022-10-30 18:24:46,403 - DEBUG: calling endpoint 'v0.3/traces' but received 404; downgrading API
2022-10-30 18:24:46,403 - ERROR: unsupported endpoint 'v0.3/traces': received response 404 from Datadog Agent (http://localhost:8000)
2022-10-30 18:24:47,429 - DEBUG: creating new agent connection to http://localhost:8000 with timeout 2
2022-10-30 18:24:48,440 - WARNING: sent 442B in 1.01500s to http://localhost:8000/v0.3/traces
2022-10-30 18:24:48,440 - DEBUG: finishing span name='fastapi.request' id=8146689096168195426 trace_id=6908483531615552385 parent_id=None service='fastapi' resource='PUT /v0.3/traces' type='web' start=1667165088.44076 end=None duration=0.0 error=0 tags={'_dd.p.dm': '-0', 'asgi.spec_version': '2.3', 'asgi.version': '3.0', 'http.method': 'PUT', 'http.status_code': '404', 'http.url': 'http://localhost:8000/v0.3/traces', 'http.version': '1.1', 'runtime-id': 'a5348cdaa9234512a9a695e3762f6448'} metrics={'_dd.agent_psr': 1.0, '_dd.top_level': 1, '_dd.tracer_kr': 1.0, '_sampling_priority_v1': 1, 'system.pid': 3032} (enabled:True)
2022-10-30 18:24:48,440 - DEBUG: calling endpoint 'v0.3/traces' but received 404; downgrading API
2022-10-30 18:24:48,440 - ERROR: unsupported endpoint 'v0.3/traces': received response 404 from Datadog Agent (http://localhost:8000)
2022-10-30 18:24:49,462 - DEBUG: creating new agent connection to http://localhost:8000 with timeout 2
2022-10-30 18:24:50,484 - WARNING: sent 442B in 1.01600s to http://localhost:8000/v0.3/traces
2022-10-30 18:24:50,486 - DEBUG: finishing span name='fastapi.request' id=13786082712232800173 trace_id=6802531366640336204 parent_id=None service='fastapi' resource='PUT /v0.3/traces' type='web' start=1667165090.4805498 end=1667165090.4855268 duration=0.004977 error=0 tags={'_dd.p.dm': '-0', 'asgi.spec_version': '2.3', 'asgi.version': '3.0', 'http.method': 'PUT', 'http.status_code': '404', 'http.url': 'http://localhost:8000/v0.3/traces', 'http.version': '1.1', 'runtime-id': 'a5348cdaa9234512a9a695e3762f6448'} metrics={'_dd.agent_psr': 1.0, '_dd.top_level': 1, '_dd.tracer_kr': 1.0, '_sampling_priority_v1': 1, 'system.pid': 3032} (enabled:True)
2022-10-30 18:24:50,487 - DEBUG: calling endpoint 'v0.3/traces' but received 404; downgrading API
2022-10-30 18:24:50,487 - ERROR: unsupported endpoint 'v0.3/traces': received response 404 from Datadog Agent (http://localhost:8000)
2022-10-30 18:24:51,489 - DEBUG: creating new agent connection to http://localhost:8000 with timeout 2
2022-10-30 18:24:52,504 - WARNING: sent 446B in 1.01600s to http://localhost:8000/v0.3/traces
2022-10-30 18:24:52,504 - DEBUG: finishing span name='fastapi.request' id=10371143088080153870 trace_id=4839265955244309635 parent_id=None service='fastapi' resource='PUT /v0.3/traces' type='web' start=1667165092.5041242 end=None duration=0.0 error=0 tags={'_dd.p.dm': '-0', 'asgi.spec_version': '2.3', 'asgi.version': '3.0', 'http.method': 'PUT', 'http.status_code': '404', 'http.url': 'http://localhost:8000/v0.3/traces', 'http.version': '1.1', 'runtime-id': 'a5348cdaa9234512a9a695e3762f6448'} metrics={'_dd.agent_psr': 1.0, '_dd.top_level': 1, '_dd.tracer_kr': 1.0, '_sampling_priority_v1': 1, 'system.pid': 3032} (enabled:True)
2022-10-30 18:24:52,504 - DEBUG: calling endpoint 'v0.3/traces' but received 404; downgrading API
2022-10-30 18:24:52,504 - ERROR: unsupported endpoint 'v0.3/traces': received response 404 from Datadog Agent (http://localhost:8000)
2022-10-30 18:24:53,528 - DEBUG: creating new agent connection to http://localhost:8000 with timeout 2
2022-10-30 18:24:54,557 - WARNING: sent 442B in 1.03200s to http://localhost:8000/v0.3/traces
2022-10-30 18:24:54,557 - DEBUG: finishing span name='fastapi.request' id=8278055526633345244 trace_id=2042218676014152176 parent_id=None service='fastapi' resource='PUT /v0.3/traces' type='web' start=1667165094.5571713 end=None duration=0.0 error=0 tags={'_dd.p.dm': '-0', 'asgi.spec_version': '2.3', 'asgi.version': '3.0', 'http.method': 'PUT', 'http.status_code': '404', 'http.url': 'http://localhost:8000/v0.3/traces', 'http.version': '1.1', 'runtime-id': 'a5348cdaa9234512a9a695e3762f6448'} metrics={'_dd.agent_psr': 1.0, '_dd.top_level': 1, '_dd.tracer_kr': 1.0, '_sampling_priority_v1': 1, 'system.pid': 3032} (enabled:True)
2022-10-30 18:24:54,557 - DEBUG: calling endpoint 'v0.3/traces' but received 404; downgrading API
2022-10-30 18:24:54,557 - ERROR: unsupported endpoint 'v0.3/traces': received response 404 from Datadog Agent (http://localhost:8000)
2022-10-30 18:24:55,576 - DEBUG: creating new agent connection to http://localhost:8000 with timeout 2
2022-10-30 18:24:56,590 - WARNING: sent 442B in 1.01600s to http://localhost:8000/v0.3/traces
2022-10-30 18:24:56,592 - DEBUG: finishing span name='fastapi.request' id=3323524994578183277 trace_id=5573631044583232517 parent_id=None service='fastapi' resource='PUT /v0.3/traces' type='web' start=1667165096.5860403 end=1667165096.591044 duration=0.0050036 error=0 tags={'_dd.p.dm': '-0', 'asgi.spec_version': '2.3', 'asgi.version': '3.0', 'http.method': 'PUT', 'http.status_code': '404', 'http.url': 'http://localhost:8000/v0.3/traces', 'http.version': '1.1', 'runtime-id': 'a5348cdaa9234512a9a695e3762f6448'} metrics={'_dd.agent_psr': 1.0, '_dd.top_level': 1, '_dd.tracer_kr': 1.0, '_sampling_priority_v1': 1, 'system.pid': 3032} (enabled:True)
2022-10-30 18:24:56,593 - DEBUG: calling endpoint 'v0.3/traces' but received 404; downgrading API
2022-10-30 18:24:56,593 - ERROR: unsupported endpoint 'v0.3/traces': received response 404 from Datadog Agent (http://localhost:8000)
2022-10-30 18:24:57,607 - DEBUG: creating new agent connection to http://localhost:8000 with timeout 2
2022-10-30 18:24:58,618 - WARNING: sent 446B in 1.01500s to http://localhost:8000/v0.3/traces
2022-10-30 18:24:58,618 - DEBUG: finishing span name='fastapi.request' id=7261987272257118962 trace_id=3372806627475838047 parent_id=None service='fastapi' resource='PUT /v0.3/traces' type='web' start=1667165098.618884 end=None duration=0.0 error=0 tags={'_dd.p.dm': '-0', 'asgi.spec_version': '2.3', 'asgi.version': '3.0', 'http.method': 'PUT', 'http.status_code': '404', 'http.url': 'http://localhost:8000/v0.3/traces', 'http.version': '1.1', 'runtime-id': 'a5348cdaa9234512a9a695e3762f6448'} metrics={'_dd.agent_psr': 1.0, '_dd.top_level': 1, '_dd.tracer_kr': 1.0, '_sampling_priority_v1': 1, 'system.pid': 3032} (enabled:True)
2022-10-30 18:24:58,618 - DEBUG: calling endpoint 'v0.3/traces' but received 404; downgrading API
2022-10-30 18:24:58,618 - ERROR: unsupported endpoint 'v0.3/traces': received response 404 from Datadog Agent (http://localhost:8000)
2022-10-30 18:24:59,629 - DEBUG: creating new agent connection to http://localhost:8000 with timeout 2
2022-10-30 18:25:00,542 - DEBUG: sent 589 in 0.81200s to http://localhost:8126/telemetry/proxy/api/v2/apmtelemetry. response: 202
2022-10-30 18:25:00,650 - WARNING: sent 442B in 1.01500s to http://localhost:8000/v0.3/traces
2022-10-30 18:25:00,650 - DEBUG: finishing span name='fastapi.request' id=6045766263013560485 trace_id=8321095023957434376 parent_id=None service='fastapi' resource='PUT /v0.3/traces' type='web' start=1667165100.6502943 end=None duration=0.0 error=0 tags={'_dd.p.dm': '-0', 'asgi.spec_version': '2.3', 'asgi.version': '3.0', 'http.method': 'PUT', 'http.status_code': '404', 'http.url': 'http://localhost:8000/v0.3/traces', 'http.version': '1.1', 'runtime-id': 'a5348cdaa9234512a9a695e3762f6448'} metrics={'_dd.agent_psr': 1.0, '_dd.top_level': 1, '_dd.tracer_kr': 1.0, '_sampling_priority_v1': 1, 'system.pid': 3032} (enabled:True)
2022-10-30 18:25:00,650 - DEBUG: calling endpoint 'v0.3/traces' but received 404; downgrading API
2022-10-30 18:25:00,650 - ERROR: unsupported endpoint 'v0.3/traces': received response 404 from Datadog Agent (http://localhost:8000)
2022-10-30 18:25:01,675 - DEBUG: creating new agent connection to http://localhost:8000 with timeout 2
2022-10-30 18:25:02,702 - WARNING: sent 442B in 1.01500s to http://localhost:8000/v0.3/traces
2022-10-30 18:25:02,702 - DEBUG: finishing span name='fastapi.request' id=6100693855175787216 trace_id=3181469330717631429 parent_id=None service='fastapi' resource='PUT /v0.3/traces' type='web' start=1667165102.7029946 end=None duration=0.0 error=0 tags={'_dd.p.dm': '-0', 'asgi.spec_version': '2.3', 'asgi.version': '3.0', 'http.method': 'PUT', 'http.status_code': '404', 'http.url': 'http://localhost:8000/v0.3/traces', 'http.version': '1.1', 'runtime-id': 'a5348cdaa9234512a9a695e3762f6448'} metrics={'_dd.agent_psr': 1.0, '_dd.top_level': 1, '_dd.tracer_kr': 1.0, '_sampling_priority_v1': 1, 'system.pid': 3032} (enabled:True)
2022-10-30 18:25:02,702 - DEBUG: calling endpoint 'v0.3/traces' but received 404; downgrading API
2022-10-30 18:25:02,702 - ERROR: unsupported endpoint 'v0.3/traces': received response 404 from Datadog Agent (http://localhost:8000)
2022-10-30 18:25:03,724 - DEBUG: creating new agent connection to http://localhost:8000 with timeout 2
2022-10-30 18:25:04,719 - WARNING: sent 442B in 1.00000s to http://localhost:8000/v0.3/traces
2022-10-30 18:25:04,719 - DEBUG: finishing span name='fastapi.request' id=17771848627015759951 trace_id=11892718562649199936 parent_id=None service='fastapi' resource='PUT /v0.3/traces' type='web' start=1667165104.7190292 end=None duration=0.0 error=0 tags={'_dd.p.dm': '-0', 'asgi.spec_version': '2.3', 'asgi.version': '3.0', 'http.method': 'PUT', 'http.status_code': '404', 'http.url': 'http://localhost:8000/v0.3/traces', 'http.version': '1.1', 'runtime-id': 'a5348cdaa9234512a9a695e3762f6448'} metrics={'_dd.agent_psr': 1.0, '_dd.top_level': 1, '_dd.tracer_kr': 1.0, '_sampling_priority_v1': 1, 'system.pid': 3032} (enabled:True)
2022-10-30 18:25:04,719 - DEBUG: calling endpoint 'v0.3/traces' but received 404; downgrading API
2022-10-30 18:25:04,719 - ERROR: unsupported endpoint 'v0.3/traces': received response 404 from Datadog Agent (http://localhost:8000)
2022-10-30 18:25:05,740 - DEBUG: creating new agent connection to http://localhost:8000 with timeout 2
2022-10-30 18:25:06,781 - WARNING: sent 442B in 1.03100s to http://localhost:8000/v0.3/traces
2022-10-30 18:25:06,783 - DEBUG: finishing span name='fastapi.request' id=17940642683193620845 trace_id=18055410591913211852 parent_id=None service='fastapi' resource='PUT /v0.3/traces' type='web' start=1667165106.7778933 end=1667165106.7823026 duration=0.0044092 error=0 tags={'_dd.p.dm': '-0', 'asgi.spec_version': '2.3', 'asgi.version': '3.0', 'http.method': 'PUT', 'http.status_code': '404', 'http.url': 'http://localhost:8000/v0.3/traces', 'http.version': '1.1', 'runtime-id': 'a5348cdaa9234512a9a695e3762f6448'} metrics={'_dd.agent_psr': 1.0, '_dd.top_level': 1, '_dd.tracer_kr': 1.0, '_sampling_priority_v1': 1, 'system.pid': 3032} (enabled:True)
2022-10-30 18:25:06,784 - DEBUG: calling endpoint 'v0.3/traces' but received 404; downgrading API
2022-10-30 18:25:06,785 - ERROR: unsupported endpoint 'v0.3/traces': received response 404 from Datadog Agent (http://localhost:8000)
2022-10-30 18:25:07,800 - DEBUG: creating new agent connection to http://localhost:8000 with timeout 2
2022-10-30 18:25:08,817 - WARNING: sent 446B in 1.01500s to http://localhost:8000/v0.3/traces
2022-10-30 18:25:08,817 - DEBUG: finishing span name='fastapi.request' id=829204274702972515 trace_id=11771567243876420120 parent_id=None service='fastapi' resource='PUT /v0.3/traces' type='web' start=1667165108.817174 end=None duration=0.0 error=0 tags={'_dd.p.dm': '-0', 'asgi.spec_version': '2.3', 'asgi.version': '3.0', 'http.method': 'PUT', 'http.status_code': '404', 'http.url': 'http://localhost:8000/v0.3/traces', 'http.version': '1.1', 'runtime-id': 'a5348cdaa9234512a9a695e3762f6448'} metrics={'_dd.agent_psr': 1.0, '_dd.top_level': 1, '_dd.tracer_kr': 1.0, '_sampling_priority_v1': 1, 'system.pid': 3032} (enabled:True)
2022-10-30 18:25:08,817 - DEBUG: calling endpoint 'v0.3/traces' but received 404; downgrading API
2022-10-30 18:25:08,817 - ERROR: unsupported endpoint 'v0.3/traces': received response 404 from Datadog Agent (http://localhost:8000)
2022-10-30 18:25:09,833 - DEBUG: creating new agent connection to http://localhost:8000 with timeout 2
2022-10-30 18:25:10,849 - WARNING: sent 442B in 1.01600s to http://localhost:8000/v0.3/traces
2022-10-30 18:25:10,849 - DEBUG: finishing span name='fastapi.request' id=12520918930346522103 trace_id=612907830426846710 parent_id=None service='fastapi' resource='PUT /v0.3/traces' type='web' start=1667165110.8499823 end=None duration=0.0 error=0 tags={'_dd.p.dm': '-0', 'asgi.spec_version': '2.3', 'asgi.version': '3.0', 'http.method': 'PUT', 'http.status_code': '404', 'http.url': 'http://localhost:8000/v0.3/traces', 'http.version': '1.1', 'runtime-id': 'a5348cdaa9234512a9a695e3762f6448'} metrics={'_dd.agent_psr': 1.0, '_dd.top_level': 1, '_dd.tracer_kr': 1.0, '_sampling_priority_v1': 1, 'system.pid': 3032} (enabled:True)
2022-10-30 18:25:10,849 - DEBUG: calling endpoint 'v0.3/traces' but received 404; downgrading API
2022-10-30 18:25:10,849 - ERROR: unsupported endpoint 'v0.3/traces': received response 404 from Datadog Agent (http://localhost:8000)
2022-10-30 18:25:11,867 - DEBUG: creating new agent connection to http://localhost:8000 with timeout 2
2022-10-30 18:25:12,909 - WARNING: sent 442B in 1.04700s to http://localhost:8000/v0.3/traces
2022-10-30 18:25:12,909 - DEBUG: finishing span name='fastapi.request' id=11330090200052144537 trace_id=4879286994947779806 parent_id=None service='fastapi' resource='PUT /v0.3/traces' type='web' start=1667165112.9095454 end=None duration=0.0 error=0 tags={'_dd.p.dm': '-0', 'asgi.spec_version': '2.3', 'asgi.version': '3.0', 'http.method': 'PUT', 'http.status_code': '404', 'http.url': 'http://localhost:8000/v0.3/traces', 'http.version': '1.1', 'runtime-id': 'a5348cdaa9234512a9a695e3762f6448'} metrics={'_dd.agent_psr': 1.0, '_dd.top_level': 1, '_dd.tracer_kr': 1.0, '_sampling_priority_v1': 1, 'system.pid': 3032} (enabled:True)
2022-10-30 18:25:12,909 - DEBUG: calling endpoint 'v0.3/traces' but received 404; downgrading API
2022-10-30 18:25:12,909 - ERROR: unsupported endpoint 'v0.3/traces': received response 404 from Datadog Agent (http://localhost:8000)
2022-10-30 18:25:13,926 - DEBUG: creating new agent connection to http://localhost:8000 with timeout 2
2022-10-30 18:25:14,981 - WARNING: sent 442B in 1.04700s to http://localhost:8000/v0.3/traces
2022-10-30 18:25:14,984 - DEBUG: finishing span name='fastapi.request' id=7266902275390786836 trace_id=14649348025602653352 parent_id=None service='fastapi' resource='PUT /v0.3/traces' type='web' start=1667165114.9785423 end=1667165114.9837265 duration=0.0051841 error=0 tags={'_dd.p.dm': '-0', 'asgi.spec_version': '2.3', 'asgi.version': '3.0', 'http.method': 'PUT', 'http.status_code': '404', 'http.url': 'http://localhost:8000/v0.3/traces', 'http.version': '1.1', 'runtime-id': 'a5348cdaa9234512a9a695e3762f6448'} metrics={'_dd.agent_psr': 1.0, '_dd.top_level': 1, '_dd.tracer_kr': 1.0, '_sampling_priority_v1': 1, 'system.pid': 3032} (enabled:True)
2022-10-30 18:25:14,985 - DEBUG: calling endpoint 'v0.3/traces' but received 404; downgrading API
2022-10-30 18:25:14,986 - ERROR: unsupported endpoint 'v0.3/traces': received response 404 from Datadog Agent (http://localhost:8000)
2022-10-30 18:25:16,002 - DEBUG: creating new agent connection to http://localhost:8000 with timeout 2
2022-10-30 18:25:17,011 - WARNING: sent 446B in 1.00000s to http://localhost:8000/v0.3/traces
2022-10-30 18:25:17,011 - DEBUG: finishing span name='fastapi.request' id=9210605308636799548 trace_id=16273943757977547182 parent_id=None service='fastapi' resource='PUT /v0.3/traces' type='web' start=1667165117.0112436 end=None duration=0.0 error=0 tags={'_dd.p.dm': '-0', 'asgi.spec_version': '2.3', 'asgi.version': '3.0', 'http.method': 'PUT', 'http.status_code': '404', 'http.url': 'http://localhost:8000/v0.3/traces', 'http.version': '1.1', 'runtime-id': 'a5348cdaa9234512a9a695e3762f6448'} metrics={'_dd.agent_psr': 1.0, '_dd.top_level': 1, '_dd.tracer_kr': 1.0, '_sampling_priority_v1': 1, 'system.pid': 3032} (enabled:True)
2022-10-30 18:25:17,011 - DEBUG: calling endpoint 'v0.3/traces' but received 404; downgrading API
2022-10-30 18:25:17,011 - ERROR: unsupported endpoint 'v0.3/traces': received response 404 from Datadog Agent (http://localhost:8000)
2022-10-30 18:25:18,023 - DEBUG: creating new agent connection to http://localhost:8000 with timeout 2
2022-10-30 18:25:19,046 - WARNING: sent 442B in 1.01600s to http://localhost:8000/v0.3/traces
2022-10-30 18:25:19,047 - DEBUG: finishing span name='fastapi.request' id=10431369619326983728 trace_id=11119137808271752430 parent_id=None service='fastapi' resource='PUT /v0.3/traces' type='web' start=1667165119.0433435 end=1667165119.0463476 duration=0.003004 error=0 tags={'_dd.p.dm': '-0', 'asgi.spec_version': '2.3', 'asgi.version': '3.0', 'http.method': 'PUT', 'http.status_code': '404', 'http.url': 'http://localhost:8000/v0.3/traces', 'http.version': '1.1', 'runtime-id': 'a5348cdaa9234512a9a695e3762f6448'} metrics={'_dd.agent_psr': 1.0, '_dd.top_level': 1, '_dd.tracer_kr': 1.0, '_sampling_priority_v1': 1, 'system.pid': 3032} (enabled:True)
2022-10-30 18:25:19,049 - DEBUG: calling endpoint 'v0.3/traces' but received 404; downgrading API
2022-10-30 18:25:19,050 - ERROR: unsupported endpoint 'v0.3/traces': received response 404 from Datadog Agent (http://localhost:8000)
2022-10-30 18:25:20,050 - DEBUG: creating new agent connection to http://localhost:8000 with timeout 2
2022-10-30 18:25:21,069 - WARNING: sent 446B in 1.01500s to http://localhost:8000/v0.3/traces
2022-10-30 18:25:21,071 - DEBUG: finishing span name='fastapi.request' id=7451331233034288004 trace_id=7960644056962892211 parent_id=None service='fastapi' resource='PUT /v0.3/traces' type='web' start=1667165121.0669408 end=1667165121.070918 duration=0.0039772 error=0 tags={'_dd.p.dm': '-0', 'asgi.spec_version': '2.3', 'asgi.version': '3.0', 'http.method': 'PUT', 'http.status_code': '404', 'http.url': 'http://localhost:8000/v0.3/traces', 'http.version': '1.1', 'runtime-id': 'a5348cdaa9234512a9a695e3762f6448'} metrics={'_dd.agent_psr': 1.0, '_dd.top_level': 1, '_dd.tracer_kr': 1.0, '_sampling_priority_v1': 1, 'system.pid': 3032} (enabled:True)
2022-10-30 18:25:21,072 - DEBUG: calling endpoint 'v0.3/traces' but received 404; downgrading API
2022-10-30 18:25:21,073 - ERROR: unsupported endpoint 'v0.3/traces': received response 404 from Datadog Agent (http://localhost:8000)
2022-10-30 18:25:22,087 - DEBUG: creating new agent connection to http://localhost:8000 with timeout 2
2022-10-30 18:25:23,113 - WARNING: sent 446B in 1.03100s to http://localhost:8000/v0.3/traces
2022-10-30 18:25:23,113 - DEBUG: finishing span name='fastapi.request' id=13208832893865535882 trace_id=5461772416600174640 parent_id=None service='fastapi' resource='PUT /v0.3/traces' type='web' start=1667165123.1137733 end=None duration=0.0 error=0 tags={'_dd.p.dm': '-0', 'asgi.spec_version': '2.3', 'asgi.version': '3.0', 'http.method': 'PUT', 'http.status_code': '404', 'http.url': 'http://localhost:8000/v0.3/traces', 'http.version': '1.1', 'runtime-id': 'a5348cdaa9234512a9a695e3762f6448'} metrics={'_dd.agent_psr': 1.0, '_dd.top_level': 1, '_dd.tracer_kr': 1.0, '_sampling_priority_v1': 1, 'system.pid': 3032} (enabled:True)
2022-10-30 18:25:23,113 - DEBUG: calling endpoint 'v0.3/traces' but received 404; downgrading API
2022-10-30 18:25:23,113 - ERROR: unsupported endpoint 'v0.3/traces': received response 404 from Datadog Agent (http://localhost:8000)
2022-10-30 18:25:24,130 - DEBUG: creating new agent connection to http://localhost:8000 with timeout 2
2022-10-30 18:25:25,146 - WARNING: sent 442B in 1.01500s to http://localhost:8000/v0.3/traces
2022-10-30 18:25:25,146 - DEBUG: finishing span name='fastapi.request' id=11752543298115083758 trace_id=13812418300846316746 parent_id=None service='fastapi' resource='PUT /v0.3/traces' type='web' start=1667165125.146204 end=None duration=0.0 error=0 tags={'_dd.p.dm': '-0', 'asgi.spec_version': '2.3', 'asgi.version': '3.0', 'http.method': 'PUT', 'http.status_code': '404', 'http.url': 'http://localhost:8000/v0.3/traces', 'http.version': '1.1', 'runtime-id': 'a5348cdaa9234512a9a695e3762f6448'} metrics={'_dd.agent_psr': 1.0, '_dd.top_level': 1, '_dd.tracer_kr': 1.0, '_sampling_priority_v1': 1, 'system.pid': 3032} (enabled:True)
2022-10-30 18:25:25,146 - DEBUG: calling endpoint 'v0.3/traces' but received 404; downgrading API
2022-10-30 18:25:25,146 - ERROR: unsupported endpoint 'v0.3/traces': received response 404 from Datadog Agent (http://localhost:8000)
2022-10-30 18:25:26,165 - DEBUG: creating new agent connection to http://localhost:8000 with timeout 2
2022-10-30 18:25:27,185 - WARNING: sent 442B in 1.01600s to http://localhost:8000/v0.3/traces
2022-10-30 18:25:27,187 - DEBUG: finishing span name='fastapi.request' id=12918490057011849310 trace_id=6468589619813111784 parent_id=None service='fastapi' resource='PUT /v0.3/traces' type='web' start=1667165127.1823492 end=1667165127.1873248 duration=0.0049756 error=0 tags={'_dd.p.dm': '-0', 'asgi.spec_version': '2.3', 'asgi.version': '3.0', 'http.method': 'PUT', 'http.status_code': '404', 'http.url': 'http://localhost:8000/v0.3/traces', 'http.version': '1.1', 'runtime-id': 'a5348cdaa9234512a9a695e3762f6448'} metrics={'_dd.agent_psr': 1.0, '_dd.top_level': 1, '_dd.tracer_kr': 1.0, '_sampling_priority_v1': 1, 'system.pid': 3032} (enabled:True)
2022-10-30 18:25:27,187 - DEBUG: calling endpoint 'v0.3/traces' but received 404; downgrading API
2022-10-30 18:25:27,188 - ERROR: unsupported endpoint 'v0.3/traces': received response 404 from Datadog Agent (http://localhost:8000)
2022-10-30 18:25:28,188 - DEBUG: creating new agent connection to http://localhost:8000 with timeout 2
2022-10-30 18:25:29,226 - WARNING: sent 446B in 1.03200s to http://localhost:8000/v0.3/traces
2022-10-30 18:25:29,228 - DEBUG: finishing span name='fastapi.request' id=3899333531237192282 trace_id=715044840920363436 parent_id=None service='fastapi' resource='PUT /v0.3/traces' type='web' start=1667165129.2223945 end=1667165129.2273984 duration=0.005004 error=0 tags={'_dd.p.dm': '-0', 'asgi.spec_version': '2.3', 'asgi.version': '3.0', 'http.method': 'PUT', 'http.status_code': '404', 'http.url': 'http://localhost:8000/v0.3/traces', 'http.version': '1.1', 'runtime-id': 'a5348cdaa9234512a9a695e3762f6448'} metrics={'_dd.agent_psr': 1.0, '_dd.top_level': 1, '_dd.tracer_kr': 1.0, '_sampling_priority_v1': 1, 'system.pid': 3032} (enabled:True)
2022-10-30 18:25:29,229 - DEBUG: calling endpoint 'v0.3/traces' but received 404; downgrading API
2022-10-30 18:25:29,230 - ERROR: unsupported endpoint 'v0.3/traces': received response 404 from Datadog Agent (http://localhost:8000)
2022-10-30 18:25:30,231 - DEBUG: creating new agent connection to http://localhost:8000 with timeout 2
2022-10-30 18:25:31,250 - WARNING: sent 446B in 1.03100s to http://localhost:8000/v0.3/traces
2022-10-30 18:25:31,250 - DEBUG: finishing span name='fastapi.request' id=2423890200299850925 trace_id=2801865353791457101 parent_id=None service='fastapi' resource='PUT /v0.3/traces' type='web' start=1667165131.2506018 end=None duration=0.0 error=0 tags={'_dd.p.dm': '-0', 'asgi.spec_version': '2.3', 'asgi.version': '3.0', 'http.method': 'PUT', 'http.status_code': '404', 'http.url': 'http://localhost:8000/v0.3/traces', 'http.version': '1.1', 'runtime-id': 'a5348cdaa9234512a9a695e3762f6448'} metrics={'_dd.agent_psr': 1.0, '_dd.top_level': 1, '_dd.tracer_kr': 1.0, '_sampling_priority_v1': 1, 'system.pid': 3032} (enabled:True)
2022-10-30 18:25:31,250 - DEBUG: calling endpoint 'v0.3/traces' but received 404; downgrading API
2022-10-30 18:25:31,250 - ERROR: unsupported endpoint 'v0.3/traces': received response 404 from Datadog Agent (http://localhost:8000)
2022-10-30 18:25:32,266 - DEBUG: creating new agent connection to http://localhost:8000 with timeout 2
2022-10-30 18:25:33,286 - WARNING: sent 442B in 1.01600s to http://localhost:8000/v0.3/traces
2022-10-30 18:25:33,288 - DEBUG: finishing span name='fastapi.request' id=6756988333405191194 trace_id=14834866335648920533 parent_id=None service='fastapi' resource='PUT /v0.3/traces' type='web' start=1667165133.2821844 end=1667165133.2871869 duration=0.0050026 error=0 tags={'_dd.p.dm': '-0', 'asgi.spec_version': '2.3', 'asgi.version': '3.0', 'http.method': 'PUT', 'http.status_code': '404', 'http.url': 'http://localhost:8000/v0.3/traces', 'http.version': '1.1', 'runtime-id': 'a5348cdaa9234512a9a695e3762f6448'} metrics={'_dd.agent_psr': 1.0, '_dd.top_level': 1, '_dd.tracer_kr': 1.0, '_sampling_priority_v1': 1, 'system.pid': 3032} (enabled:True)
2022-10-30 18:25:33,290 - DEBUG: calling endpoint 'v0.3/traces' but received 404; downgrading API
2022-10-30 18:25:33,290 - ERROR: unsupported endpoint 'v0.3/traces': received response 404 from Datadog Agent (http://localhost:8000)
2022-10-30 18:25:34,307 - DEBUG: creating new agent connection to http://localhost:8000 with timeout 2
2022-10-30 18:25:35,315 - WARNING: sent 446B in 1.01500s to http://localhost:8000/v0.3/traces
2022-10-30 18:25:35,318 - DEBUG: finishing span name='fastapi.request' id=3150093147057450236 trace_id=17006255803898385568 parent_id=None service='fastapi' resource='PUT /v0.3/traces' type='web' start=1667165135.3127186 end=1667165135.3178663 duration=0.0051477 error=0 tags={'_dd.p.dm': '-0', 'asgi.spec_version': '2.3', 'asgi.version': '3.0', 'http.method': 'PUT', 'http.status_code': '404', 'http.url': 'http://localhost:8000/v0.3/traces', 'http.version': '1.1', 'runtime-id': 'a5348cdaa9234512a9a695e3762f6448'} metrics={'_dd.agent_psr': 1.0, '_dd.top_level': 1, '_dd.tracer_kr': 1.0, '_sampling_priority_v1': 1, 'system.pid': 3032} (enabled:True)
2022-10-30 18:25:35,318 - DEBUG: calling endpoint 'v0.3/traces' but received 404; downgrading API
2022-10-30 18:25:35,320 - ERROR: unsupported endpoint 'v0.3/traces': received response 404 from Datadog Agent (http://localhost:8000)
2022-10-30 18:25:36,323 - DEBUG: creating new agent connection to http://localhost:8000 with timeout 2
2022-10-30 18:25:37,322 - WARNING: sent 446B in 1.00000s to http://localhost:8000/v0.3/traces
2022-10-30 18:25:37,323 - DEBUG: finishing span name='fastapi.request' id=16200389112648106927 trace_id=17489638928788891156 parent_id=None service='fastapi' resource='PUT /v0.3/traces' type='web' start=1667165137.3218834 end=1667165137.3239436 duration=0.0020602 error=0 tags={'_dd.p.dm': '-0', 'asgi.spec_version': '2.3', 'asgi.version': '3.0', 'http.method': 'PUT', 'http.status_code': '404', 'http.url': 'http://localhost:8000/v0.3/traces', 'http.version': '1.1', 'runtime-id': 'a5348cdaa9234512a9a695e3762f6448'} metrics={'_dd.agent_psr': 1.0, '_dd.top_level': 1, '_dd.tracer_kr': 1.0, '_sampling_priority_v1': 1, 'system.pid': 3032} (enabled:True)
2022-10-30 18:25:37,325 - DEBUG: calling endpoint 'v0.3/traces' but received 404; downgrading API
2022-10-30 18:25:37,326 - ERROR: unsupported endpoint 'v0.3/traces': received response 404 from Datadog Agent (http://localhost:8000)
2022-10-30 18:25:38,327 - DEBUG: creating new agent connection to http://localhost:8000 with timeout 2
2022-10-30 18:25:39,350 - WARNING: sent 446B in 1.03200s to http://localhost:8000/v0.3/traces
2022-10-30 18:25:39,350 - DEBUG: finishing span name='fastapi.request' id=3896296936087580171 trace_id=10851218710225608026 parent_id=None service='fastapi' resource='PUT /v0.3/traces' type='web' start=1667165139.3506453 end=None duration=0.0 error=0 tags={'_dd.p.dm': '-0', 'asgi.spec_version': '2.3', 'asgi.version': '3.0', 'http.method': 'PUT', 'http.status_code': '404', 'http.url': 'http://localhost:8000/v0.3/traces', 'http.version': '1.1', 'runtime-id': 'a5348cdaa9234512a9a695e3762f6448'} metrics={'_dd.agent_psr': 1.0, '_dd.top_level': 1, '_dd.tracer_kr': 1.0, '_sampling_priority_v1': 1, 'system.pid': 3032} (enabled:True)
2022-10-30 18:25:39,350 - DEBUG: calling endpoint 'v0.3/traces' but received 404; downgrading API
2022-10-30 18:25:39,350 - ERROR: unsupported endpoint 'v0.3/traces': received response 404 from Datadog Agent (http://localhost:8000)
2022-10-30 18:25:40,371 - DEBUG: creating new agent connection to http://localhost:8000 with timeout 2
2022-10-30 18:25:41,407 - WARNING: sent 442B in 1.04700s to http://localhost:8000/v0.3/traces
2022-10-30 18:25:41,407 - DEBUG: finishing span name='fastapi.request' id=10336429717140623313 trace_id=17447736043913735313 parent_id=None service='fastapi' resource='PUT /v0.3/traces' type='web' start=1667165141.407124 end=None duration=0.0 error=0 tags={'_dd.p.dm': '-0', 'asgi.spec_version': '2.3', 'asgi.version': '3.0', 'http.method': 'PUT', 'http.status_code': '404', 'http.url': 'http://localhost:8000/v0.3/traces', 'http.version': '1.1', 'runtime-id': 'a5348cdaa9234512a9a695e3762f6448'} metrics={'_dd.agent_psr': 1.0, '_dd.top_level': 1, '_dd.tracer_kr': 1.0, '_sampling_priority_v1': 1, 'system.pid': 3032} (enabled:True)
2022-10-30 18:25:41,407 - DEBUG: calling endpoint 'v0.3/traces' but received 404; downgrading API
2022-10-30 18:25:41,407 - ERROR: unsupported endpoint 'v0.3/traces': received response 404 from Datadog Agent (http://localhost:8000)
2022-10-30 18:25:42,429 - DEBUG: creating new agent connection to http://localhost:8000 with timeout 2
2022-10-30 18:25:43,440 - WARNING: sent 442B in 1.01500s to http://localhost:8000/v0.3/traces
2022-10-30 18:25:43,440 - DEBUG: finishing span name='fastapi.request' id=254916152689238292 trace_id=5602198102247583544 parent_id=None service='fastapi' resource='PUT /v0.3/traces' type='web' start=1667165143.4403698 end=None duration=0.0 error=0 tags={'_dd.p.dm': '-0', 'asgi.spec_version': '2.3', 'asgi.version': '3.0', 'http.method': 'PUT', 'http.status_code': '404', 'http.url': 'http://localhost:8000/v0.3/traces', 'http.version': '1.1', 'runtime-id': 'a5348cdaa9234512a9a695e3762f6448'} metrics={'_dd.agent_psr': 1.0, '_dd.top_level': 1, '_dd.tracer_kr': 1.0, '_sampling_priority_v1': 1, 'system.pid': 3032} (enabled:True)
2022-10-30 18:25:43,440 - DEBUG: calling endpoint 'v0.3/traces' but received 404; downgrading API
2022-10-30 18:25:43,440 - ERROR: unsupported endpoint 'v0.3/traces': received response 404 from Datadog Agent (http://localhost:8000)
2022-10-30 18:25:44,461 - DEBUG: creating new agent connection to http://localhost:8000 with timeout 2
2022-10-30 18:25:45,488 - WARNING: sent 442B in 1.03100s to http://localhost:8000/v0.3/traces
2022-10-30 18:25:45,490 - DEBUG: finishing span name='fastapi.request' id=11969572253664819450 trace_id=14448409325221105378 parent_id=None service='fastapi' resource='PUT /v0.3/traces' type='web' start=1667165145.485844 end=1667165145.4898472 duration=0.0040033 error=0 tags={'_dd.p.dm': '-0', 'asgi.spec_version': '2.3', 'asgi.version': '3.0', 'http.method': 'PUT', 'http.status_code': '404', 'http.url': 'http://localhost:8000/v0.3/traces', 'http.version': '1.1', 'runtime-id': 'a5348cdaa9234512a9a695e3762f6448'} metrics={'_dd.agent_psr': 1.0, '_dd.top_level': 1, '_dd.tracer_kr': 1.0, '_sampling_priority_v1': 1, 'system.pid': 3032} (enabled:True)
2022-10-30 18:25:45,491 - DEBUG: calling endpoint 'v0.3/traces' but received 404; downgrading API
2022-10-30 18:25:45,493 - ERROR: unsupported endpoint 'v0.3/traces': received response 404 from Datadog Agent (http://localhost:8000)
2022-10-30 18:25:46,505 - DEBUG: creating new agent connection to http://localhost:8000 with timeout 2
2022-10-30 18:25:47,549 - WARNING: sent 446B in 1.04700s to http://localhost:8000/v0.3/traces
2022-10-30 18:25:47,549 - DEBUG: finishing span name='fastapi.request' id=16786686835907004901 trace_id=14352995815358656963 parent_id=None service='fastapi' resource='PUT /v0.3/traces' type='web' start=1667165147.5499249 end=None duration=0.0 error=0 tags={'_dd.p.dm': '-0', 'asgi.spec_version': '2.3', 'asgi.version': '3.0', 'http.method': 'PUT', 'http.status_code': '404', 'http.url': 'http://localhost:8000/v0.3/traces', 'http.version': '1.1', 'runtime-id': 'a5348cdaa9234512a9a695e3762f6448'} metrics={'_dd.agent_psr': 1.0, '_dd.top_level': 1, '_dd.tracer_kr': 1.0, '_sampling_priority_v1': 1, 'system.pid': 3032} (enabled:True)
2022-10-30 18:25:47,565 - DEBUG: calling endpoint 'v0.3/traces' but received 404; downgrading API
2022-10-30 18:25:47,565 - ERROR: unsupported endpoint 'v0.3/traces': received response 404 from Datadog Agent (http://localhost:8000)
2022-10-30 18:25:48,576 - DEBUG: creating new agent connection to http://localhost:8000 with timeout 2
2022-10-30 18:25:49,603 - WARNING: sent 442B in 1.03200s to http://localhost:8000/v0.3/traces
2022-10-30 18:25:49,603 - DEBUG: finishing span name='fastapi.request' id=611668898395695183 trace_id=580714776107700283 parent_id=None service='fastapi' resource='PUT /v0.3/traces' type='web' start=1667165149.603254 end=None duration=0.0 error=0 tags={'_dd.p.dm': '-0', 'asgi.spec_version': '2.3', 'asgi.version': '3.0', 'http.method': 'PUT', 'http.status_code': '404', 'http.url': 'http://localhost:8000/v0.3/traces', 'http.version': '1.1', 'runtime-id': 'a5348cdaa9234512a9a695e3762f6448'} metrics={'_dd.agent_psr': 1.0, '_dd.top_level': 1, '_dd.tracer_kr': 1.0, '_sampling_priority_v1': 1, 'system.pid': 3032} (enabled:True)
2022-10-30 18:25:49,603 - DEBUG: calling endpoint 'v0.3/traces' but received 404; downgrading API
2022-10-30 18:25:49,603 - ERROR: unsupported endpoint 'v0.3/traces': received response 404 from Datadog Agent (http://localhost:8000)
2022-10-30 18:25:50,620 - DEBUG: creating new agent connection to http://localhost:8000 with timeout 2
2022-10-30 18:25:51,645 - WARNING: sent 442B in 1.03100s to http://localhost:8000/v0.3/traces
2022-10-30 18:25:51,645 - DEBUG: finishing span name='fastapi.request' id=9238224744084275000 trace_id=13064649503298877102 parent_id=None service='fastapi' resource='PUT /v0.3/traces' type='web' start=1667165151.6457376 end=None duration=0.0 error=0 tags={'_dd.p.dm': '-0', 'asgi.spec_version': '2.3', 'asgi.version': '3.0', 'http.method': 'PUT', 'http.status_code': '404', 'http.url': 'http://localhost:8000/v0.3/traces', 'http.version': '1.1', 'runtime-id': 'a5348cdaa9234512a9a695e3762f6448'} metrics={'_dd.agent_psr': 1.0, '_dd.top_level': 1, '_dd.tracer_kr': 1.0, '_sampling_priority_v1': 1, 'system.pid': 3032} (enabled:True)
2022-10-30 18:25:51,645 - DEBUG: calling endpoint 'v0.3/traces' but received 404; downgrading API
2022-10-30 18:25:51,645 - ERROR: unsupported endpoint 'v0.3/traces': received response 404 from Datadog Agent (http://localhost:8000)
2022-10-30 18:25:52,658 - DEBUG: creating new agent connection to http://localhost:8000 with timeout 2
2022-10-30 18:25:53,666 - WARNING: sent 442B in 1.00000s to http://localhost:8000/v0.3/traces
2022-10-30 18:25:53,666 - DEBUG: finishing span name='fastapi.request' id=9195661152161675606 trace_id=3902028215487676019 parent_id=None service='fastapi' resource='PUT /v0.3/traces' type='web' start=1667165153.6663313 end=None duration=0.0 error=0 tags={'_dd.p.dm': '-0', 'asgi.spec_version': '2.3', 'asgi.version': '3.0', 'http.method': 'PUT', 'http.status_code': '404', 'http.url': 'http://localhost:8000/v0.3/traces', 'http.version': '1.1', 'runtime-id': 'a5348cdaa9234512a9a695e3762f6448'} metrics={'_dd.agent_psr': 1.0, '_dd.top_level': 1, '_dd.tracer_kr': 1.0, '_sampling_priority_v1': 1, 'system.pid': 3032} (enabled:True)
2022-10-30 18:25:53,666 - DEBUG: calling endpoint 'v0.3/traces' but received 404; downgrading API
2022-10-30 18:25:53,666 - ERROR: unsupported endpoint 'v0.3/traces': received response 404 from Datadog Agent (http://localhost:8000)
2022-10-30 18:25:54,682 - DEBUG: creating new agent connection to http://localhost:8000 with timeout 2
2022-10-30 18:25:55,686 - WARNING: sent 442B in 1.00000s to http://localhost:8000/v0.3/traces
2022-10-30 18:25:55,686 - DEBUG: finishing span name='fastapi.request' id=804079713453680513 trace_id=12475533674182176405 parent_id=None service='fastapi' resource='PUT /v0.3/traces' type='web' start=1667165155.6868196 end=None duration=0.0 error=0 tags={'_dd.p.dm': '-0', 'asgi.spec_version': '2.3', 'asgi.version': '3.0', 'http.method': 'PUT', 'http.status_code': '404', 'http.url': 'http://localhost:8000/v0.3/traces', 'http.version': '1.1', 'runtime-id': 'a5348cdaa9234512a9a695e3762f6448'} metrics={'_dd.agent_psr': 1.0, '_dd.top_level': 1, '_dd.tracer_kr': 1.0, '_sampling_priority_v1': 1, 'system.pid': 3032} (enabled:True)
2022-10-30 18:25:55,686 - DEBUG: calling endpoint 'v0.3/traces' but received 404; downgrading API
2022-10-30 18:25:55,686 - ERROR: unsupported endpoint 'v0.3/traces': received response 404 from Datadog Agent (http://localhost:8000)
2022-10-30 18:25:56,695 - DEBUG: creating new agent connection to http://localhost:8000 with timeout 2
2022-10-30 18:25:57,707 - WARNING: sent 442B in 1.01600s to http://localhost:8000/v0.3/traces
2022-10-30 18:25:57,707 - DEBUG: finishing span name='fastapi.request' id=5438401779182819223 trace_id=2079695812531409158 parent_id=None service='fastapi' resource='PUT /v0.3/traces' type='web' start=1667165157.707625 end=None duration=0.0 error=0 tags={'_dd.p.dm': '-0', 'asgi.spec_version': '2.3', 'asgi.version': '3.0', 'http.method': 'PUT', 'http.status_code': '404', 'http.url': 'http://localhost:8000/v0.3/traces', 'http.version': '1.1', 'runtime-id': 'a5348cdaa9234512a9a695e3762f6448'} metrics={'_dd.agent_psr': 1.0, '_dd.top_level': 1, '_dd.tracer_kr': 1.0, '_sampling_priority_v1': 1, 'system.pid': 3032} (enabled:True)
2022-10-30 18:25:57,707 - DEBUG: calling endpoint 'v0.3/traces' but received 404; downgrading API
2022-10-30 18:25:57,707 - ERROR: unsupported endpoint 'v0.3/traces': received response 404 from Datadog Agent (http://localhost:8000)
2022-10-30 18:25:58,721 - DEBUG: creating new agent connection to http://localhost:8000 with timeout 2
2022-10-30 18:25:59,744 - WARNING: sent 442B in 1.01500s to http://localhost:8000/v0.3/traces
2022-10-30 18:25:59,745 - DEBUG: finishing span name='fastapi.request' id=1480411519157167829 trace_id=2334531991501591024 parent_id=None service='fastapi' resource='PUT /v0.3/traces' type='web' start=1667165159.742583 end=1667165159.7445846 duration=0.0020015 error=0 tags={'_dd.p.dm': '-0', 'asgi.spec_version': '2.3', 'asgi.version': '3.0', 'http.method': 'PUT', 'http.status_code': '404', 'http.url': 'http://localhost:8000/v0.3/traces', 'http.version': '1.1', 'runtime-id': 'a5348cdaa9234512a9a695e3762f6448'} metrics={'_dd.agent_psr': 1.0, '_dd.top_level': 1, '_dd.tracer_kr': 1.0, '_sampling_priority_v1': 1, 'system.pid': 3032} (enabled:True)
2022-10-30 18:25:59,745 - DEBUG: calling endpoint 'v0.3/traces' but received 404; downgrading API
2022-10-30 18:25:59,746 - ERROR: unsupported endpoint 'v0.3/traces': received response 404 from Datadog Agent (http://localhost:8000)
2022-10-30 18:26:00,746 - DEBUG: creating new agent connection to http://localhost:8000 with timeout 2
2022-10-30 18:26:01,432 - DEBUG: sent 589 in 0.89100s to http://localhost:8126/telemetry/proxy/api/v2/apmtelemetry. response: 202
2022-10-30 18:26:01,751 - WARNING: sent 446B in 1.01600s to http://localhost:8000/v0.3/traces
2022-10-30 18:26:01,751 - DEBUG: finishing span name='fastapi.request' id=5996179374601614365 trace_id=16658280334657757752 parent_id=None service='fastapi' resource='PUT /v0.3/traces' type='web' start=1667165161.7515254 end=None duration=0.0 error=0 tags={'_dd.p.dm': '-0', 'asgi.spec_version': '2.3', 'asgi.version': '3.0', 'http.method': 'PUT', 'http.status_code': '404', 'http.url': 'http://localhost:8000/v0.3/traces', 'http.version': '1.1', 'runtime-id': 'a5348cdaa9234512a9a695e3762f6448'} metrics={'_dd.agent_psr': 1.0, '_dd.top_level': 1, '_dd.tracer_kr': 1.0, '_sampling_priority_v1': 1, 'system.pid': 3032} (enabled:True)
2022-10-30 18:26:01,751 - DEBUG: calling endpoint 'v0.3/traces' but received 404; downgrading API
2022-10-30 18:26:01,751 - ERROR: unsupported endpoint 'v0.3/traces': received response 404 from Datadog Agent (http://localhost:8000)
2022-10-30 18:26:02,771 - DEBUG: creating new agent connection to http://localhost:8000 with timeout 2
2022-10-30 18:26:03,790 - WARNING: sent 442B in 1.01600s to http://localhost:8000/v0.3/traces
2022-10-30 18:26:03,790 - DEBUG: finishing span name='fastapi.request' id=12342454844166526425 trace_id=850555615269714821 parent_id=None service='fastapi' resource='PUT /v0.3/traces' type='web' start=1667165163.790608 end=None duration=0.0 error=0 tags={'_dd.p.dm': '-0', 'asgi.spec_version': '2.3', 'asgi.version': '3.0', 'http.method': 'PUT', 'http.status_code': '404', 'http.url': 'http://localhost:8000/v0.3/traces', 'http.version': '1.1', 'runtime-id': 'a5348cdaa9234512a9a695e3762f6448'} metrics={'_dd.agent_psr': 1.0, '_dd.top_level': 1, '_dd.tracer_kr': 1.0, '_sampling_priority_v1': 1, 'system.pid': 3032} (enabled:True)
2022-10-30 18:26:03,790 - DEBUG: calling endpoint 'v0.3/traces' but received 404; downgrading API
2022-10-30 18:26:03,790 - ERROR: unsupported endpoint 'v0.3/traces': received response 404 from Datadog Agent (http://localhost:8000)
2022-10-30 18:26:04,802 - DEBUG: creating new agent connection to http://localhost:8000 with timeout 2
2022-10-30 18:26:05,822 - WARNING: sent 442B in 1.01500s to http://localhost:8000/v0.3/traces
2022-10-30 18:26:05,824 - DEBUG: finishing span name='fastapi.request' id=17745850957066369253 trace_id=9055843979217737685 parent_id=None service='fastapi' resource='PUT /v0.3/traces' type='web' start=1667165165.8192215 end=1667165165.8242264 duration=0.0050049 error=0 tags={'_dd.p.dm': '-0', 'asgi.spec_version': '2.3', 'asgi.version': '3.0', 'http.method': 'PUT', 'http.status_code': '404', 'http.url': 'http://localhost:8000/v0.3/traces', 'http.version': '1.1', 'runtime-id': 'a5348cdaa9234512a9a695e3762f6448'} metrics={'_dd.agent_psr': 1.0, '_dd.top_level': 1, '_dd.tracer_kr': 1.0, '_sampling_priority_v1': 1, 'system.pid': 3032} (enabled:True)
2022-10-30 18:26:05,825 - DEBUG: calling endpoint 'v0.3/traces' but received 404; downgrading API
2022-10-30 18:26:05,826 - ERROR: unsupported endpoint 'v0.3/traces': received response 404 from Datadog Agent (http://localhost:8000)
2022-10-30 18:26:06,827 - DEBUG: creating new agent connection to http://localhost:8000 with timeout 2
2022-10-30 18:26:07,844 - WARNING: sent 446B in 1.03200s to http://localhost:8000/v0.3/traces
2022-10-30 18:26:07,845 - DEBUG: calling endpoint 'v0.3/traces' but received 404; downgrading API
2022-10-30 18:26:07,847 - DEBUG: finishing span name='fastapi.request' id=4521763309493108269 trace_id=10132602849760773858 parent_id=None service='fastapi' resource='PUT /v0.3/traces' type='web' start=1667165167.835598 end=1667165167.846603 duration=0.011005 error=0 tags={'_dd.p.dm': '-0', 'asgi.spec_version': '2.3', 'asgi.version': '3.0', 'http.method': 'PUT', 'http.status_code': '404', 'http.url': 'http://localhost:8000/v0.3/traces', 'http.version': '1.1', 'runtime-id': 'a5348cdaa9234512a9a695e3762f6448'} metrics={'_dd.agent_psr': 1.0, '_dd.top_level': 1, '_dd.tracer_kr': 1.0, '_sampling_priority_v1': 1, 'system.pid': 3032} (enabled:True)
2022-10-30 18:26:07,848 - ERROR: unsupported endpoint 'v0.3/traces': received response 404 from Datadog Agent (http://localhost:8000)
2022-10-30 18:26:08,863 - DEBUG: creating new agent connection to http://localhost:8000 with timeout 2
2022-10-30 18:26:09,887 - WARNING: sent 446B in 1.01600s to http://localhost:8000/v0.3/traces
2022-10-30 18:26:09,890 - DEBUG: finishing span name='fastapi.request' id=1868253778465330702 trace_id=1561698529903491416 parent_id=None service='fastapi' resource='PUT /v0.3/traces' type='web' start=1667165169.883427 end=1667165169.8884034 duration=0.0049765 error=0 tags={'_dd.p.dm': '-0', 'asgi.spec_version': '2.3', 'asgi.version': '3.0', 'http.method': 'PUT', 'http.status_code': '404', 'http.url': 'http://localhost:8000/v0.3/traces', 'http.version': '1.1', 'runtime-id': 'a5348cdaa9234512a9a695e3762f6448'} metrics={'_dd.agent_psr': 1.0, '_dd.top_level': 1, '_dd.tracer_kr': 1.0, '_sampling_priority_v1': 1, 'system.pid': 3032} (enabled:True)
2022-10-30 18:26:09,890 - DEBUG: calling endpoint 'v0.3/traces' but received 404; downgrading API
2022-10-30 18:26:09,890 - ERROR: unsupported endpoint 'v0.3/traces': received response 404 from Datadog Agent (http://localhost:8000)
2022-10-30 18:26:10,906 - DEBUG: creating new agent connection to http://localhost:8000 with timeout 2
2022-10-30 18:26:11,922 - WARNING: sent 446B in 1.01600s to http://localhost:8000/v0.3/traces
2022-10-30 18:26:11,922 - DEBUG: finishing span name='fastapi.request' id=1484108072793029979 trace_id=12287933451448615418 parent_id=None service='fastapi' resource='PUT /v0.3/traces' type='web' start=1667165171.9228384 end=None duration=0.0 error=0 tags={'_dd.p.dm': '-0', 'asgi.spec_version': '2.3', 'asgi.version': '3.0', 'http.method': 'PUT', 'http.status_code': '404', 'http.url': 'http://localhost:8000/v0.3/traces', 'http.version': '1.1', 'runtime-id': 'a5348cdaa9234512a9a695e3762f6448'} metrics={'_dd.agent_psr': 1.0, '_dd.top_level': 1, '_dd.tracer_kr': 1.0, '_sampling_priority_v1': 1, 'system.pid': 3032} (enabled:True)
2022-10-30 18:26:11,922 - DEBUG: calling endpoint 'v0.3/traces' but received 404; downgrading API
2022-10-30 18:26:11,922 - ERROR: unsupported endpoint 'v0.3/traces': received response 404 from Datadog Agent (http://localhost:8000)
2022-10-30 18:26:12,939 - DEBUG: creating new agent connection to http://localhost:8000 with timeout 2
2022-10-30 18:26:13,956 - WARNING: sent 442B in 1.01600s to http://localhost:8000/v0.3/traces
2022-10-30 18:26:13,956 - DEBUG: finishing span name='fastapi.request' id=10046780273267598760 trace_id=11453766104263009654 parent_id=None service='fastapi' resource='PUT /v0.3/traces' type='web' start=1667165173.9566808 end=None duration=0.0 error=0 tags={'_dd.p.dm': '-0', 'asgi.spec_version': '2.3', 'asgi.version': '3.0', 'http.method': 'PUT', 'http.status_code': '404', 'http.url': 'http://localhost:8000/v0.3/traces', 'http.version': '1.1', 'runtime-id': 'a5348cdaa9234512a9a695e3762f6448'} metrics={'_dd.agent_psr': 1.0, '_dd.top_level': 1, '_dd.tracer_kr': 1.0, '_sampling_priority_v1': 1, 'system.pid': 3032} (enabled:True)
2022-10-30 18:26:13,956 - DEBUG: calling endpoint 'v0.3/traces' but received 404; downgrading API
2022-10-30 18:26:13,956 - ERROR: unsupported endpoint 'v0.3/traces': received response 404 from Datadog Agent (http://localhost:8000)
2022-10-30 18:26:14,979 - DEBUG: creating new agent connection to http://localhost:8000 with timeout 2
2022-10-30 18:26:15,987 - WARNING: sent 442B in 1.01500s to http://localhost:8000/v0.3/traces
2022-10-30 18:26:15,987 - DEBUG: finishing span name='fastapi.request' id=4046594903294514128 trace_id=17248061031690922375 parent_id=None service='fastapi' resource='PUT /v0.3/traces' type='web' start=1667165175.9846632 end=1667165175.9877558 duration=0.0030926 error=0 tags={'_dd.p.dm': '-0', 'asgi.spec_version': '2.3', 'asgi.version': '3.0', 'http.method': 'PUT', 'http.status_code': '404', 'http.url': 'http://localhost:8000/v0.3/traces', 'http.version': '1.1', 'runtime-id': 'a5348cdaa9234512a9a695e3762f6448'} metrics={'_dd.agent_psr': 1.0, '_dd.top_level': 1, '_dd.tracer_kr': 1.0, '_sampling_priority_v1': 1, 'system.pid': 3032} (enabled:True)
2022-10-30 18:26:15,987 - DEBUG: calling endpoint 'v0.3/traces' but received 404; downgrading API
2022-10-30 18:26:15,987 - ERROR: unsupported endpoint 'v0.3/traces': received response 404 from Datadog Agent (http://localhost:8000)
2022-10-30 18:26:17,002 - DEBUG: creating new agent connection to http://localhost:8000 with timeout 2
2022-10-30 18:26:18,018 - WARNING: sent 446B in 1.01500s to http://localhost:8000/v0.3/traces
2022-10-30 18:26:18,018 - DEBUG: finishing span name='fastapi.request' id=17883741891769408543 trace_id=7489473892500926008 parent_id=None service='fastapi' resource='PUT /v0.3/traces' type='web' start=1667165178.018831 end=None duration=0.0 error=0 tags={'_dd.p.dm': '-0', 'asgi.spec_version': '2.3', 'asgi.version': '3.0', 'http.method': 'PUT', 'http.status_code': '404', 'http.url': 'http://localhost:8000/v0.3/traces', 'http.version': '1.1', 'runtime-id': 'a5348cdaa9234512a9a695e3762f6448'} metrics={'_dd.agent_psr': 1.0, '_dd.top_level': 1, '_dd.tracer_kr': 1.0, '_sampling_priority_v1': 1, 'system.pid': 3032} (enabled:True)
2022-10-30 18:26:18,018 - DEBUG: calling endpoint 'v0.3/traces' but received 404; downgrading API
2022-10-30 18:26:18,018 - ERROR: unsupported endpoint 'v0.3/traces': received response 404 from Datadog Agent (http://localhost:8000)
2022-10-30 18:26:19,036 - DEBUG: creating new agent connection to http://localhost:8000 with timeout 2
2022-10-30 18:26:20,067 - WARNING: sent 442B in 1.03100s to http://localhost:8000/v0.3/traces
2022-10-30 18:26:20,069 - DEBUG: finishing span name='fastapi.request' id=12012110512527738563 trace_id=15895479803511287476 parent_id=None service='fastapi' resource='PUT /v0.3/traces' type='web' start=1667165180.064147 end=1667165180.0681238 duration=0.0039768 error=0 tags={'_dd.p.dm': '-0', 'asgi.spec_version': '2.3', 'asgi.version': '3.0', 'http.method': 'PUT', 'http.status_code': '404', 'http.url': 'http://localhost:8000/v0.3/traces', 'http.version': '1.1', 'runtime-id': 'a5348cdaa9234512a9a695e3762f6448'} metrics={'_dd.agent_psr': 1.0, '_dd.top_level': 1, '_dd.tracer_kr': 1.0, '_sampling_priority_v1': 1, 'system.pid': 3032} (enabled:True)
2022-10-30 18:26:20,070 - DEBUG: calling endpoint 'v0.3/traces' but received 404; downgrading API
2022-10-30 18:26:20,071 - ERROR: unsupported endpoint 'v0.3/traces': received response 404 from Datadog Agent (http://localhost:8000)
2022-10-30 18:26:21,072 - DEBUG: creating new agent connection to http://localhost:8000 with timeout 2
2022-10-30 18:26:22,095 - WARNING: sent 446B in 1.03200s to http://localhost:8000/v0.3/traces
2022-10-30 18:26:22,097 - DEBUG: finishing span name='fastapi.request' id=2157529827258179352 trace_id=7499957183231675935 parent_id=None service='fastapi' resource='PUT /v0.3/traces' type='web' start=1667165182.0910761 end=1667165182.0960424 duration=0.0049663 error=0 tags={'_dd.p.dm': '-0', 'asgi.spec_version': '2.3', 'asgi.version': '3.0', 'http.method': 'PUT', 'http.status_code': '404', 'http.url': 'http://localhost:8000/v0.3/traces', 'http.version': '1.1', 'runtime-id': 'a5348cdaa9234512a9a695e3762f6448'} metrics={'_dd.agent_psr': 1.0, '_dd.top_level': 1, '_dd.tracer_kr': 1.0, '_sampling_priority_v1': 1, 'system.pid': 3032} (enabled:True)
2022-10-30 18:26:22,098 - DEBUG: calling endpoint 'v0.3/traces' but received 404; downgrading API
2022-10-30 18:26:22,099 - ERROR: unsupported endpoint 'v0.3/traces': received response 404 from Datadog Agent (http://localhost:8000)
2022-10-30 18:26:23,102 - DEBUG: creating new agent connection to http://localhost:8000 with timeout 2
2022-10-30 18:26:24,124 - WARNING: sent 446B in 1.01500s to http://localhost:8000/v0.3/traces
2022-10-30 18:26:24,125 - DEBUG: finishing span name='fastapi.request' id=15704779031779347907 trace_id=13479598916195860167 parent_id=None service='fastapi' resource='PUT /v0.3/traces' type='web' start=1667165184.121586 end=1667165184.12556 duration=0.003974 error=0 tags={'_dd.p.dm': '-0', 'asgi.spec_version': '2.3', 'asgi.version': '3.0', 'http.method': 'PUT', 'http.status_code': '404', 'http.url': 'http://localhost:8000/v0.3/traces', 'http.version': '1.1', 'runtime-id': 'a5348cdaa9234512a9a695e3762f6448'} metrics={'_dd.agent_psr': 1.0, '_dd.top_level': 1, '_dd.tracer_kr': 1.0, '_sampling_priority_v1': 1, 'system.pid': 3032} (enabled:True)
2022-10-30 18:26:24,127 - DEBUG: calling endpoint 'v0.3/traces' but received 404; downgrading API
2022-10-30 18:26:24,128 - ERROR: unsupported endpoint 'v0.3/traces': received response 404 from Datadog Agent (http://localhost:8000)
2022-10-30 18:26:25,129 - DEBUG: creating new agent connection to http://localhost:8000 with timeout 2
2022-10-30 18:26:26,134 - WARNING: sent 446B in 1.00000s to http://localhost:8000/v0.3/traces
2022-10-30 18:26:26,134 - DEBUG: finishing span name='fastapi.request' id=18110032657121774986 trace_id=7188666195950100301 parent_id=None service='fastapi' resource='PUT /v0.3/traces' type='web' start=1667165186.134426 end=None duration=0.0 error=0 tags={'_dd.p.dm': '-0', 'asgi.spec_version': '2.3', 'asgi.version': '3.0', 'http.method': 'PUT', 'http.status_code': '404', 'http.url': 'http://localhost:8000/v0.3/traces', 'http.version': '1.1', 'runtime-id': 'a5348cdaa9234512a9a695e3762f6448'} metrics={'_dd.agent_psr': 1.0, '_dd.top_level': 1, '_dd.tracer_kr': 1.0, '_sampling_priority_v1': 1, 'system.pid': 3032} (enabled:True)
2022-10-30 18:26:26,134 - DEBUG: calling endpoint 'v0.3/traces' but received 404; downgrading API
2022-10-30 18:26:26,134 - ERROR: unsupported endpoint 'v0.3/traces': received response 404 from Datadog Agent (http://localhost:8000)
2022-10-30 18:26:27,146 - DEBUG: creating new agent connection to http://localhost:8000 with timeout 2
2022-10-30 18:26:28,155 - WARNING: sent 442B in 1.00000s to http://localhost:8000/v0.3/traces
2022-10-30 18:26:28,157 - DEBUG: finishing span name='fastapi.request' id=7497966502166359177 trace_id=72614228074214313 parent_id=None service='fastapi' resource='PUT /v0.3/traces' type='web' start=1667165188.1519156 end=1667165188.1562343 duration=0.0043187 error=0 tags={'_dd.p.dm': '-0', 'asgi.spec_version': '2.3', 'asgi.version': '3.0', 'http.method': 'PUT', 'http.status_code': '404', 'http.url': 'http://localhost:8000/v0.3/traces', 'http.version': '1.1', 'runtime-id': 'a5348cdaa9234512a9a695e3762f6448'} metrics={'_dd.agent_psr': 1.0, '_dd.top_level': 1, '_dd.tracer_kr': 1.0, '_sampling_priority_v1': 1, 'system.pid': 3032} (enabled:True)
2022-10-30 18:26:28,158 - DEBUG: calling endpoint 'v0.3/traces' but received 404; downgrading API
2022-10-30 18:26:28,159 - ERROR: unsupported endpoint 'v0.3/traces': received response 404 from Datadog Agent (http://localhost:8000)
2022-10-30 18:26:29,166 - DEBUG: creating new agent connection to http://localhost:8000 with timeout 2
2022-10-30 18:26:30,189 - WARNING: sent 446B in 1.03100s to http://localhost:8000/v0.3/traces
2022-10-30 18:26:30,189 - DEBUG: finishing span name='fastapi.request' id=13357143792667463250 trace_id=10317901185670909524 parent_id=None service='fastapi' resource='PUT /v0.3/traces' type='web' start=1667165190.1853755 end=1667165190.1894298 duration=0.0040542 error=0 tags={'_dd.p.dm': '-0', 'asgi.spec_version': '2.3', 'asgi.version': '3.0', 'http.method': 'PUT', 'http.status_code': '404', 'http.url': 'http://localhost:8000/v0.3/traces', 'http.version': '1.1', 'runtime-id': 'a5348cdaa9234512a9a695e3762f6448'} metrics={'_dd.agent_psr': 1.0, '_dd.top_level': 1, '_dd.tracer_kr': 1.0, '_sampling_priority_v1': 1, 'system.pid': 3032} (enabled:True)
2022-10-30 18:26:30,189 - DEBUG: calling endpoint 'v0.3/traces' but received 404; downgrading API
2022-10-30 18:26:30,189 - ERROR: unsupported endpoint 'v0.3/traces': received response 404 from Datadog Agent (http://localhost:8000)
2022-10-30 18:26:31,193 - DEBUG: creating new agent connection to http://localhost:8000 with timeout 2
2022-10-30 18:26:32,229 - WARNING: sent 446B in 1.03200s to http://localhost:8000/v0.3/traces
2022-10-30 18:26:32,231 - DEBUG: finishing span name='fastapi.request' id=5650811823488600610 trace_id=2559637259449187388 parent_id=None service='fastapi' resource='PUT /v0.3/traces' type='web' start=1667165192.2265742 end=1667165192.2307036 duration=0.0041293 error=0 tags={'_dd.p.dm': '-0', 'asgi.spec_version': '2.3', 'asgi.version': '3.0', 'http.method': 'PUT', 'http.status_code': '404', 'http.url': 'http://localhost:8000/v0.3/traces', 'http.version': '1.1', 'runtime-id': 'a5348cdaa9234512a9a695e3762f6448'} metrics={'_dd.agent_psr': 1.0, '_dd.top_level': 1, '_dd.tracer_kr': 1.0, '_sampling_priority_v1': 1, 'system.pid': 3032} (enabled:True)
2022-10-30 18:26:32,232 - DEBUG: calling endpoint 'v0.3/traces' but received 404; downgrading API
2022-10-30 18:26:32,233 - ERROR: unsupported endpoint 'v0.3/traces': received response 404 from Datadog Agent (http://localhost:8000)
2022-10-30 18:26:33,234 - DEBUG: creating new agent connection to http://localhost:8000 with timeout 2
2022-10-30 18:26:33,576 - INFO: Shutting down
2022-10-30 18:26:33,683 - INFO: Waiting for application shutdown.
2022-10-30 18:26:33,684 - INFO: Application shutdown complete.
2022-10-30 18:26:33,685 - INFO: Finished server process [3032]
2022-10-30 18:28:35,481 - INFO: patched 16/1 modules (aiohttp,asyncio,botocore,celery,elasticsearch,fastapi,flask,futures,gevent,grpc,logging,psycopg,pynamodb,requests,sqlite3,starlette)
2022-10-30 18:28:35,482 - DEBUG: initialized trace processor TraceTagsProcessor()
2022-10-30 18:28:35,482 - DEBUG: initialized trace processor TraceSamplingProcessor(_compute_stats_enabled=False)
2022-10-30 18:28:35,483 - DEBUG: initialized processor TopLevelSpanProcessor()
2022-10-30 18:28:35,483 - DEBUG: initialized processor SpanAggregator(_partial_flush_enabled=True, _partial_flush_min_spans=500, _trace_processors=[TraceTagsProcessor(), TraceSamplingProcessor(_compute_stats_enabled=False)], _writer=AgentWriter(status=<ServiceStatus.STOPPED: 'stopped'>, _interval=1.0))
2022-10-30 18:28:35,483 - INFO: Starting server
2022-10-30 18:28:35,487 - INFO: Started server process [8180]
2022-10-30 18:28:35,487 - INFO: Waiting for application startup.
2022-10-30 18:28:35,487 - INFO: Application startup complete.
2022-10-30 18:28:50,325 - DEBUG: finishing span name='fastapi.request' id=6931782946406524878 trace_id=13935510493210210580 parent_id=None service='fastapi' resource='GET /docs' type='web' start=1667165330.1900198 end=1667165330.1930206 duration=0.0030007 error=0 tags={'_dd.p.dm': '-0', 'asgi.spec_version': '2.3', 'asgi.version': '3.0', 'http.method': 'GET', 'http.status_code': '200', 'http.url': 'http://localhost:8000/docs', 'http.useragent': 'Mozilla/5.0 (Windows NT 6.3; Win64; x64) AppleWebKit/537.36 (KHTML, like Gecko) Chrome/106.0.0.0 Safari/537.36', 'http.version': '1.1', 'runtime-id': 'ac72353028c146c4b5cee42e86038423'} metrics={'_dd.agent_psr': 1.0, '_dd.top_level': 1, '_dd.tracer_kr': 1.0, '_sampling_priority_v1': 1, 'system.pid': 8180} (enabled:True)
2022-10-30 18:28:50,406 - DEBUG: finishing span name='fastapi.request' id=6918403857383221554 trace_id=1142240506934049967 parent_id=None service='fastapi' resource='GET /openapi.json' type='web' start=1667165330.3651571 end=1667165330.40517 duration=0.0400129 error=0 tags={'_dd.p.dm': '-0', 'asgi.spec_version': '2.3', 'asgi.version': '3.0', 'http.method': 'GET', 'http.status_code': '200', 'http.url': 'http://localhost:8000/openapi.json', 'http.useragent': 'Mozilla/5.0 (Windows NT 6.3; Win64; x64) AppleWebKit/537.36 (KHTML, like Gecko) Chrome/106.0.0.0 Safari/537.36', 'http.version': '1.1', 'runtime-id': 'ac72353028c146c4b5cee42e86038423'} metrics={'_dd.agent_psr': 1.0, '_dd.top_level': 1, '_dd.tracer_kr': 1.0, '_sampling_priority_v1': 1, 'system.pid': 8180} (enabled:True)
2022-10-30 18:28:51,199 - DEBUG: creating new agent connection to http://localhost:8001 with timeout 2
2022-10-30 18:28:53,308 - DEBUG: creating new agent connection to http://localhost:8001 with timeout 2
2022-10-30 18:28:55,429 - DEBUG: creating new agent connection to http://localhost:8001 with timeout 2
2022-10-30 18:28:57,439 - ERROR: failed to send traces to Datadog Agent at http://localhost:8001/v0.4/traces
Traceback (most recent call last):
  File "C:\Users\Franco\AppData\Local\pypoetry\Cache\virtualenvs\users-service-XrYDwkUv-py3.9\lib\site-packages\tenacity\__init__.py", line 409, in __call__
    result = fn(*args, **kwargs)
  File "C:\Users\Franco\AppData\Local\pypoetry\Cache\virtualenvs\users-service-XrYDwkUv-py3.9\lib\site-packages\ddtrace\internal\writer.py", line 447, in _send_payload
    response = self._put(payload, headers)
  File "C:\Users\Franco\AppData\Local\pypoetry\Cache\virtualenvs\users-service-XrYDwkUv-py3.9\lib\site-packages\ddtrace\internal\writer.py", line 399, in _put
    self._conn.request("PUT", self._endpoint, data, headers)
  File "C:\Users\Franco\AppData\Local\Programs\Python\Python39\lib\http\client.py", line 1279, in request
    self._send_request(method, url, body, headers, encode_chunked)
  File "C:\Users\Franco\AppData\Local\Programs\Python\Python39\lib\http\client.py", line 1325, in _send_request
    self.endheaders(body, encode_chunked=encode_chunked)
  File "C:\Users\Franco\AppData\Local\Programs\Python\Python39\lib\http\client.py", line 1274, in endheaders
    self._send_output(message_body, encode_chunked=encode_chunked)
  File "C:\Users\Franco\AppData\Local\Programs\Python\Python39\lib\http\client.py", line 1034, in _send_output
    self.send(msg)
  File "C:\Users\Franco\AppData\Local\Programs\Python\Python39\lib\http\client.py", line 974, in send
    self.connect()
  File "C:\Users\Franco\AppData\Local\Programs\Python\Python39\lib\http\client.py", line 945, in connect
    self.sock = self._create_connection(
  File "C:\Users\Franco\AppData\Local\Programs\Python\Python39\lib\socket.py", line 844, in create_connection
    raise err
  File "C:\Users\Franco\AppData\Local\Programs\Python\Python39\lib\socket.py", line 832, in create_connection
    sock.connect(sa)
ConnectionRefusedError: [WinError 10061] No se puede establecer una conexión ya que el equipo de destino denegó expresamente dicha conexión

The above exception was the direct cause of the following exception:

Traceback (most recent call last):
  File "C:\Users\Franco\AppData\Local\pypoetry\Cache\virtualenvs\users-service-XrYDwkUv-py3.9\lib\site-packages\ddtrace\internal\writer.py", line 564, in flush_queue
    self._retry_upload(self._send_payload, encoded, n_traces)
  File "C:\Users\Franco\AppData\Local\pypoetry\Cache\virtualenvs\users-service-XrYDwkUv-py3.9\lib\site-packages\tenacity\__init__.py", line 406, in __call__
    do = self.iter(retry_state=retry_state)
  File "C:\Users\Franco\AppData\Local\pypoetry\Cache\virtualenvs\users-service-XrYDwkUv-py3.9\lib\site-packages\tenacity\__init__.py", line 363, in iter
    raise retry_exc from fut.exception()
tenacity.RetryError: RetryError[<Future at 0x314f828f10 state=finished raised ConnectionRefusedError>]
2022-10-30 18:29:51,208 - DEBUG: sent 5308 in 0.89100s to http://localhost:8126/telemetry/proxy/api/v2/apmtelemetry. response: 202
2022-10-30 18:30:32,771 - INFO: patched 16/1 modules (aiohttp,asyncio,botocore,celery,elasticsearch,fastapi,flask,futures,gevent,grpc,logging,psycopg,pynamodb,requests,sqlite3,starlette)
2022-10-30 18:30:32,771 - DEBUG: initialized trace processor TraceTagsProcessor()
2022-10-30 18:30:32,771 - DEBUG: initialized trace processor TraceSamplingProcessor(_compute_stats_enabled=False)
2022-10-30 18:30:32,771 - DEBUG: initialized processor TopLevelSpanProcessor()
2022-10-30 18:30:32,771 - DEBUG: initialized processor SpanAggregator(_partial_flush_enabled=True, _partial_flush_min_spans=500, _trace_processors=[TraceTagsProcessor(), TraceSamplingProcessor(_compute_stats_enabled=False)], _writer=AgentWriter(status=<ServiceStatus.STOPPED: 'stopped'>, _interval=1.0))
2022-10-30 18:30:32,771 - INFO: Starting server
2022-10-30 18:30:32,790 - INFO: Started server process [3576]
2022-10-30 18:30:32,791 - INFO: Waiting for application startup.
2022-10-30 18:30:32,791 - INFO: Application startup complete.
2022-10-30 18:30:53,568 - DEBUG: finishing span name='fastapi.request' id=14029531258754286658 trace_id=5129642586196910720 parent_id=None service='fastapi' resource='GET /' type='web' start=1667165453.3993425 end=1667165453.4032722 duration=0.0039296 error=0 tags={'_dd.p.dm': '-0', 'asgi.spec_version': '2.3', 'asgi.version': '3.0', 'http.method': 'GET', 'http.status_code': '404', 'http.url': 'http://localhost:8000/', 'http.useragent': 'Mozilla/5.0 (Windows NT 6.3; Win64; x64) AppleWebKit/537.36 (KHTML, like Gecko) Chrome/106.0.0.0 Safari/537.36', 'http.version': '1.1', 'runtime-id': '2f4beffa6ad04eff948225e1e15855ea'} metrics={'_dd.agent_psr': 1.0, '_dd.top_level': 1, '_dd.tracer_kr': 1.0, '_sampling_priority_v1': 1, 'system.pid': 3576} (enabled:True)
2022-10-30 18:30:53,633 - DEBUG: finishing span name='fastapi.request' id=17119822799833620093 trace_id=1279460186085045973 parent_id=None service='fastapi' resource='GET /favicon.ico' type='web' start=1667165453.6294355 end=1667165453.6324353 duration=0.0029998 error=0 tags={'_dd.p.dm': '-0', 'asgi.spec_version': '2.3', 'asgi.version': '3.0', 'http.method': 'GET', 'http.status_code': '404', 'http.url': 'http://localhost:8000/favicon.ico', 'http.useragent': 'Mozilla/5.0 (Windows NT 6.3; Win64; x64) AppleWebKit/537.36 (KHTML, like Gecko) Chrome/106.0.0.0 Safari/537.36', 'http.version': '1.1', 'runtime-id': '2f4beffa6ad04eff948225e1e15855ea'} metrics={'_dd.agent_psr': 1.0, '_dd.top_level': 1, '_dd.tracer_kr': 1.0, '_sampling_priority_v1': 1, 'system.pid': 3576} (enabled:True)
2022-10-30 18:30:54,416 - DEBUG: creating new agent connection to http://localhost:8000 with timeout 2
2022-10-30 18:30:55,445 - WARNING: sent 1.12KB in 1.03100s to http://localhost:8000/v0.4/traces
2022-10-30 18:30:55,445 - DEBUG: finishing span name='fastapi.request' id=16402233101967954980 trace_id=12606976423517209195 parent_id=None service='fastapi' resource='PUT /v0.4/traces' type='web' start=1667165455.4453933 end=None duration=0.0 error=0 tags={'_dd.p.dm': '-0', 'asgi.spec_version': '2.3', 'asgi.version': '3.0', 'http.method': 'PUT', 'http.status_code': '404', 'http.url': 'http://localhost:8000/v0.4/traces', 'http.version': '1.1', 'runtime-id': '2f4beffa6ad04eff948225e1e15855ea'} metrics={'_dd.agent_psr': 1.0, '_dd.top_level': 1, '_dd.tracer_kr': 1.0, '_sampling_priority_v1': 1, 'system.pid': 3576} (enabled:True)
2022-10-30 18:30:55,445 - DEBUG: calling endpoint 'v0.4/traces' but received 404; downgrading API
2022-10-30 18:30:55,445 - DEBUG: creating new agent connection to http://localhost:8000 with timeout 2
2022-10-30 18:30:56,486 - WARNING: sent 1.12KB in 1.04700s to http://localhost:8000/v0.3/traces
2022-10-30 18:30:56,488 - DEBUG: finishing span name='fastapi.request' id=1399399642204968346 trace_id=16449022908094461417 parent_id=None service='fastapi' resource='PUT /v0.3/traces' type='web' start=1667165456.4803905 end=1667165456.4875486 duration=0.007158 error=0 tags={'_dd.p.dm': '-0', 'asgi.spec_version': '2.3', 'asgi.version': '3.0', 'http.method': 'PUT', 'http.status_code': '404', 'http.url': 'http://localhost:8000/v0.3/traces', 'http.version': '1.1', 'runtime-id': '2f4beffa6ad04eff948225e1e15855ea'} metrics={'_dd.agent_psr': 1.0, '_dd.top_level': 1, '_dd.tracer_kr': 1.0, '_sampling_priority_v1': 1, 'system.pid': 3576} (enabled:True)
2022-10-30 18:30:56,490 - DEBUG: calling endpoint 'v0.3/traces' but received 404; downgrading API
2022-10-30 18:30:56,491 - ERROR: unsupported endpoint 'v0.3/traces': received response 404 from Datadog Agent (http://localhost:8000)
2022-10-30 18:30:57,493 - DEBUG: creating new agent connection to http://localhost:8000 with timeout 2
2022-10-30 18:30:58,525 - WARNING: sent 887B in 1.03100s to http://localhost:8000/v0.3/traces
2022-10-30 18:30:58,525 - DEBUG: finishing span name='fastapi.request' id=16920166802162736314 trace_id=1048932725743253597 parent_id=None service='fastapi' resource='PUT /v0.3/traces' type='web' start=1667165458.5251725 end=None duration=0.0 error=0 tags={'_dd.p.dm': '-0', 'asgi.spec_version': '2.3', 'asgi.version': '3.0', 'http.method': 'PUT', 'http.status_code': '404', 'http.url': 'http://localhost:8000/v0.3/traces', 'http.version': '1.1', 'runtime-id': '2f4beffa6ad04eff948225e1e15855ea'} metrics={'_dd.agent_psr': 1.0, '_dd.top_level': 1, '_dd.tracer_kr': 1.0, '_sampling_priority_v1': 1, 'system.pid': 3576} (enabled:True)
2022-10-30 18:30:58,525 - DEBUG: calling endpoint 'v0.3/traces' but received 404; downgrading API
2022-10-30 18:30:58,525 - ERROR: unsupported endpoint 'v0.3/traces': received response 404 from Datadog Agent (http://localhost:8000)
2022-10-30 18:30:59,537 - DEBUG: creating new agent connection to http://localhost:8000 with timeout 2
2022-10-30 18:31:00,546 - WARNING: sent 442B in 1.00000s to http://localhost:8000/v0.3/traces
2022-10-30 18:31:00,547 - DEBUG: finishing span name='fastapi.request' id=3755778699065839000 trace_id=6485274050857630865 parent_id=None service='fastapi' resource='PUT /v0.3/traces' type='web' start=1667165460.5445397 end=1667165460.5475404 duration=0.0030007 error=0 tags={'_dd.p.dm': '-0', 'asgi.spec_version': '2.3', 'asgi.version': '3.0', 'http.method': 'PUT', 'http.status_code': '404', 'http.url': 'http://localhost:8000/v0.3/traces', 'http.version': '1.1', 'runtime-id': '2f4beffa6ad04eff948225e1e15855ea'} metrics={'_dd.agent_psr': 1.0, '_dd.top_level': 1, '_dd.tracer_kr': 1.0, '_sampling_priority_v1': 1, 'system.pid': 3576} (enabled:True)
2022-10-30 18:31:00,547 - DEBUG: calling endpoint 'v0.3/traces' but received 404; downgrading API
2022-10-30 18:31:00,548 - ERROR: unsupported endpoint 'v0.3/traces': received response 404 from Datadog Agent (http://localhost:8000)
2022-10-30 18:31:01,558 - DEBUG: creating new agent connection to http://localhost:8000 with timeout 2
2022-10-30 18:31:02,567 - WARNING: sent 446B in 1.01500s to http://localhost:8000/v0.3/traces
2022-10-30 18:31:02,568 - DEBUG: finishing span name='fastapi.request' id=8587756387808785334 trace_id=514641285408490618 parent_id=None service='fastapi' resource='PUT /v0.3/traces' type='web' start=1667165462.5657682 end=1667165462.5677693 duration=0.002001 error=0 tags={'_dd.p.dm': '-0', 'asgi.spec_version': '2.3', 'asgi.version': '3.0', 'http.method': 'PUT', 'http.status_code': '404', 'http.url': 'http://localhost:8000/v0.3/traces', 'http.version': '1.1', 'runtime-id': '2f4beffa6ad04eff948225e1e15855ea'} metrics={'_dd.agent_psr': 1.0, '_dd.top_level': 1, '_dd.tracer_kr': 1.0, '_sampling_priority_v1': 1, 'system.pid': 3576} (enabled:True)
2022-10-30 18:31:02,568 - DEBUG: calling endpoint 'v0.3/traces' but received 404; downgrading API
2022-10-30 18:31:02,569 - ERROR: unsupported endpoint 'v0.3/traces': received response 404 from Datadog Agent (http://localhost:8000)
2022-10-30 18:31:03,570 - DEBUG: creating new agent connection to http://localhost:8000 with timeout 2
2022-10-30 18:31:04,571 - WARNING: sent 446B in 1.00000s to http://localhost:8000/v0.3/traces
2022-10-30 18:31:04,572 - DEBUG: finishing span name='fastapi.request' id=8116711738676119856 trace_id=3599979440744478520 parent_id=None service='fastapi' resource='PUT /v0.3/traces' type='web' start=1667165464.5691879 end=1667165464.5721896 duration=0.0030017 error=0 tags={'_dd.p.dm': '-0', 'asgi.spec_version': '2.3', 'asgi.version': '3.0', 'http.method': 'PUT', 'http.status_code': '404', 'http.url': 'http://localhost:8000/v0.3/traces', 'http.version': '1.1', 'runtime-id': '2f4beffa6ad04eff948225e1e15855ea'} metrics={'_dd.agent_psr': 1.0, '_dd.top_level': 1, '_dd.tracer_kr': 1.0, '_sampling_priority_v1': 1, 'system.pid': 3576} (enabled:True)
2022-10-30 18:31:04,573 - DEBUG: calling endpoint 'v0.3/traces' but received 404; downgrading API
2022-10-30 18:31:04,573 - ERROR: unsupported endpoint 'v0.3/traces': received response 404 from Datadog Agent (http://localhost:8000)
2022-10-30 18:31:05,574 - DEBUG: creating new agent connection to http://localhost:8000 with timeout 2
2022-10-30 18:31:06,586 - WARNING: sent 446B in 1.01600s to http://localhost:8000/v0.3/traces
2022-10-30 18:31:06,589 - DEBUG: finishing span name='fastapi.request' id=4924486314016378674 trace_id=4915756687731076587 parent_id=None service='fastapi' resource='PUT /v0.3/traces' type='web' start=1667165466.5828311 end=1667165466.5888355 duration=0.0060043 error=0 tags={'_dd.p.dm': '-0', 'asgi.spec_version': '2.3', 'asgi.version': '3.0', 'http.method': 'PUT', 'http.status_code': '404', 'http.url': 'http://localhost:8000/v0.3/traces', 'http.version': '1.1', 'runtime-id': '2f4beffa6ad04eff948225e1e15855ea'} metrics={'_dd.agent_psr': 1.0, '_dd.top_level': 1, '_dd.tracer_kr': 1.0, '_sampling_priority_v1': 1, 'system.pid': 3576} (enabled:True)
2022-10-30 18:31:06,590 - DEBUG: calling endpoint 'v0.3/traces' but received 404; downgrading API
2022-10-30 18:31:06,591 - ERROR: unsupported endpoint 'v0.3/traces': received response 404 from Datadog Agent (http://localhost:8000)
2022-10-30 18:31:07,593 - DEBUG: creating new agent connection to http://localhost:8000 with timeout 2
2022-10-30 18:31:08,623 - WARNING: sent 446B in 1.03100s to http://localhost:8000/v0.3/traces
2022-10-30 18:31:08,624 - DEBUG: finishing span name='fastapi.request' id=1761327511836068828 trace_id=11986135500356660689 parent_id=None service='fastapi' resource='PUT /v0.3/traces' type='web' start=1667165468.6193933 end=1667165468.6235518 duration=0.0041586 error=0 tags={'_dd.p.dm': '-0', 'asgi.spec_version': '2.3', 'asgi.version': '3.0', 'http.method': 'PUT', 'http.status_code': '404', 'http.url': 'http://localhost:8000/v0.3/traces', 'http.version': '1.1', 'runtime-id': '2f4beffa6ad04eff948225e1e15855ea'} metrics={'_dd.agent_psr': 1.0, '_dd.top_level': 1, '_dd.tracer_kr': 1.0, '_sampling_priority_v1': 1, 'system.pid': 3576} (enabled:True)
2022-10-30 18:31:08,625 - DEBUG: calling endpoint 'v0.3/traces' but received 404; downgrading API
2022-10-30 18:31:08,625 - ERROR: unsupported endpoint 'v0.3/traces': received response 404 from Datadog Agent (http://localhost:8000)
2022-10-30 18:31:09,635 - DEBUG: creating new agent connection to http://localhost:8000 with timeout 2
2022-10-30 18:31:10,661 - WARNING: sent 446B in 1.03100s to http://localhost:8000/v0.3/traces
2022-10-30 18:31:10,661 - DEBUG: finishing span name='fastapi.request' id=742567783012103771 trace_id=12655249407339564545 parent_id=None service='fastapi' resource='PUT /v0.3/traces' type='web' start=1667165470.661868 end=None duration=0.0 error=0 tags={'_dd.p.dm': '-0', 'asgi.spec_version': '2.3', 'asgi.version': '3.0', 'http.method': 'PUT', 'http.status_code': '404', 'http.url': 'http://localhost:8000/v0.3/traces', 'http.version': '1.1', 'runtime-id': '2f4beffa6ad04eff948225e1e15855ea'} metrics={'_dd.agent_psr': 1.0, '_dd.top_level': 1, '_dd.tracer_kr': 1.0, '_sampling_priority_v1': 1, 'system.pid': 3576} (enabled:True)
2022-10-30 18:31:10,661 - DEBUG: calling endpoint 'v0.3/traces' but received 404; downgrading API
2022-10-30 18:31:10,661 - ERROR: unsupported endpoint 'v0.3/traces': received response 404 from Datadog Agent (http://localhost:8000)
2022-10-30 18:31:11,673 - DEBUG: creating new agent connection to http://localhost:8000 with timeout 2
2022-10-30 18:31:11,786 - DEBUG: finishing span name='fastapi.request' id=11510124650484850935 trace_id=10826066709090963533 parent_id=None service='fastapi' resource='GET /docs' type='web' start=1667165471.784098 end=1667165471.785154 duration=0.0010562 error=0 tags={'_dd.p.dm': '-0', 'asgi.spec_version': '2.3', 'asgi.version': '3.0', 'http.method': 'GET', 'http.status_code': '200', 'http.url': 'http://localhost:8000/docs', 'http.useragent': 'Mozilla/5.0 (Windows NT 6.3; Win64; x64) AppleWebKit/537.36 (KHTML, like Gecko) Chrome/106.0.0.0 Safari/537.36', 'http.version': '1.1', 'runtime-id': '2f4beffa6ad04eff948225e1e15855ea'} metrics={'_dd.agent_psr': 1.0, '_dd.top_level': 1, '_dd.tracer_kr': 1.0, '_sampling_priority_v1': 1, 'system.pid': 3576} (enabled:True)
2022-10-30 18:31:12,177 - DEBUG: finishing span name='fastapi.request' id=7887630480670442096 trace_id=12776275418354051858 parent_id=None service='fastapi' resource='GET /openapi.json' type='web' start=1667165472.155798 end=1667165472.177815 duration=0.022017 error=0 tags={'_dd.p.dm': '-0', 'asgi.spec_version': '2.3', 'asgi.version': '3.0', 'http.method': 'GET', 'http.status_code': '200', 'http.url': 'http://localhost:8000/openapi.json', 'http.useragent': 'Mozilla/5.0 (Windows NT 6.3; Win64; x64) AppleWebKit/537.36 (KHTML, like Gecko) Chrome/106.0.0.0 Safari/537.36', 'http.version': '1.1', 'runtime-id': '2f4beffa6ad04eff948225e1e15855ea'} metrics={'_dd.agent_psr': 1.0, '_dd.top_level': 1, '_dd.tracer_kr': 1.0, '_sampling_priority_v1': 1, 'system.pid': 3576} (enabled:True)
2022-10-30 18:31:12,684 - WARNING: sent 442B in 1.00000s to http://localhost:8000/v0.3/traces
2022-10-30 18:31:12,685 - DEBUG: finishing span name='fastapi.request' id=13552842260139400830 trace_id=12773314107821821212 parent_id=None service='fastapi' resource='PUT /v0.3/traces' type='web' start=1667165472.6838465 end=1667165472.6857753 duration=0.0019287 error=0 tags={'_dd.p.dm': '-0', 'asgi.spec_version': '2.3', 'asgi.version': '3.0', 'http.method': 'PUT', 'http.status_code': '404', 'http.url': 'http://localhost:8000/v0.3/traces', 'http.version': '1.1', 'runtime-id': '2f4beffa6ad04eff948225e1e15855ea'} metrics={'_dd.agent_psr': 1.0, '_dd.top_level': 1, '_dd.tracer_kr': 1.0, '_sampling_priority_v1': 1, 'system.pid': 3576} (enabled:True)
2022-10-30 18:31:12,685 - DEBUG: calling endpoint 'v0.3/traces' but received 404; downgrading API
2022-10-30 18:31:12,686 - ERROR: unsupported endpoint 'v0.3/traces': received response 404 from Datadog Agent (http://localhost:8000)
2022-10-30 18:31:13,687 - DEBUG: creating new agent connection to http://localhost:8000 with timeout 2
2022-10-30 18:31:14,706 - WARNING: sent 1.58KB in 1.01600s to http://localhost:8000/v0.3/traces
2022-10-30 18:31:14,709 - DEBUG: finishing span name='fastapi.request' id=241048755516138823 trace_id=18442002575307587016 parent_id=None service='fastapi' resource='PUT /v0.3/traces' type='web' start=1667165474.7020462 end=1667165474.708051 duration=0.0060047 error=0 tags={'_dd.p.dm': '-0', 'asgi.spec_version': '2.3', 'asgi.version': '3.0', 'http.method': 'PUT', 'http.status_code': '404', 'http.url': 'http://localhost:8000/v0.3/traces', 'http.version': '1.1', 'runtime-id': '2f4beffa6ad04eff948225e1e15855ea'} metrics={'_dd.agent_psr': 1.0, '_dd.top_level': 1, '_dd.tracer_kr': 1.0, '_sampling_priority_v1': 1, 'system.pid': 3576} (enabled:True)
2022-10-30 18:31:14,709 - DEBUG: calling endpoint 'v0.3/traces' but received 404; downgrading API
2022-10-30 18:31:14,711 - ERROR: unsupported endpoint 'v0.3/traces': received response 404 from Datadog Agent (http://localhost:8000)
2022-10-30 18:31:15,712 - DEBUG: creating new agent connection to http://localhost:8000 with timeout 2
2022-10-30 18:31:16,724 - WARNING: sent 446B in 1.01600s to http://localhost:8000/v0.3/traces
2022-10-30 18:31:16,724 - DEBUG: finishing span name='fastapi.request' id=17427706836387512581 trace_id=670519656781814698 parent_id=None service='fastapi' resource='PUT /v0.3/traces' type='web' start=1667165476.724881 end=None duration=0.0 error=0 tags={'_dd.p.dm': '-0', 'asgi.spec_version': '2.3', 'asgi.version': '3.0', 'http.method': 'PUT', 'http.status_code': '404', 'http.url': 'http://localhost:8000/v0.3/traces', 'http.version': '1.1', 'runtime-id': '2f4beffa6ad04eff948225e1e15855ea'} metrics={'_dd.agent_psr': 1.0, '_dd.top_level': 1, '_dd.tracer_kr': 1.0, '_sampling_priority_v1': 1, 'system.pid': 3576} (enabled:True)
2022-10-30 18:31:16,724 - DEBUG: calling endpoint 'v0.3/traces' but received 404; downgrading API
2022-10-30 18:31:16,724 - ERROR: unsupported endpoint 'v0.3/traces': received response 404 from Datadog Agent (http://localhost:8000)
2022-10-30 18:31:17,749 - DEBUG: creating new agent connection to http://localhost:8000 with timeout 2
2022-10-30 18:31:18,757 - WARNING: sent 442B in 1.01600s to http://localhost:8000/v0.3/traces
2022-10-30 18:31:18,757 - DEBUG: finishing span name='fastapi.request' id=14162944680197601653 trace_id=9698090173573814160 parent_id=None service='fastapi' resource='PUT /v0.3/traces' type='web' start=1667165478.7575383 end=None duration=0.0 error=0 tags={'_dd.p.dm': '-0', 'asgi.spec_version': '2.3', 'asgi.version': '3.0', 'http.method': 'PUT', 'http.status_code': '404', 'http.url': 'http://localhost:8000/v0.3/traces', 'http.version': '1.1', 'runtime-id': '2f4beffa6ad04eff948225e1e15855ea'} metrics={'_dd.agent_psr': 1.0, '_dd.top_level': 1, '_dd.tracer_kr': 1.0, '_sampling_priority_v1': 1, 'system.pid': 3576} (enabled:True)
2022-10-30 18:31:18,757 - DEBUG: calling endpoint 'v0.3/traces' but received 404; downgrading API
2022-10-30 18:31:18,757 - ERROR: unsupported endpoint 'v0.3/traces': received response 404 from Datadog Agent (http://localhost:8000)
2022-10-30 18:31:19,775 - DEBUG: creating new agent connection to http://localhost:8000 with timeout 2
2022-10-30 18:31:20,795 - WARNING: sent 442B in 1.01600s to http://localhost:8000/v0.3/traces
2022-10-30 18:31:20,798 - DEBUG: finishing span name='fastapi.request' id=11460665650681727735 trace_id=8198338881232030375 parent_id=None service='fastapi' resource='PUT /v0.3/traces' type='web' start=1667165480.7928398 end=1667165480.7978158 duration=0.0049761 error=0 tags={'_dd.p.dm': '-0', 'asgi.spec_version': '2.3', 'asgi.version': '3.0', 'http.method': 'PUT', 'http.status_code': '404', 'http.url': 'http://localhost:8000/v0.3/traces', 'http.version': '1.1', 'runtime-id': '2f4beffa6ad04eff948225e1e15855ea'} metrics={'_dd.agent_psr': 1.0, '_dd.top_level': 1, '_dd.tracer_kr': 1.0, '_sampling_priority_v1': 1, 'system.pid': 3576} (enabled:True)
2022-10-30 18:31:20,799 - DEBUG: calling endpoint 'v0.3/traces' but received 404; downgrading API
2022-10-30 18:31:20,799 - ERROR: unsupported endpoint 'v0.3/traces': received response 404 from Datadog Agent (http://localhost:8000)
2022-10-30 18:31:21,808 - DEBUG: creating new agent connection to http://localhost:8000 with timeout 2
2022-10-30 18:31:22,834 - WARNING: sent 446B in 1.03100s to http://localhost:8000/v0.3/traces
2022-10-30 18:31:22,834 - DEBUG: finishing span name='fastapi.request' id=6702861516075619314 trace_id=162611564295641878 parent_id=None service='fastapi' resource='PUT /v0.3/traces' type='web' start=1667165482.834801 end=None duration=0.0 error=0 tags={'_dd.p.dm': '-0', 'asgi.spec_version': '2.3', 'asgi.version': '3.0', 'http.method': 'PUT', 'http.status_code': '404', 'http.url': 'http://localhost:8000/v0.3/traces', 'http.version': '1.1', 'runtime-id': '2f4beffa6ad04eff948225e1e15855ea'} metrics={'_dd.agent_psr': 1.0, '_dd.top_level': 1, '_dd.tracer_kr': 1.0, '_sampling_priority_v1': 1, 'system.pid': 3576} (enabled:True)
2022-10-30 18:31:22,834 - DEBUG: calling endpoint 'v0.3/traces' but received 404; downgrading API
2022-10-30 18:31:22,834 - ERROR: unsupported endpoint 'v0.3/traces': received response 404 from Datadog Agent (http://localhost:8000)
2022-10-30 18:31:23,108 - INFO: Shutting down
2022-10-30 18:31:23,209 - INFO: Waiting for application shutdown.
2022-10-30 18:31:23,210 - INFO: Application shutdown complete.
2022-10-30 18:31:23,212 - INFO: Finished server process [3576]
2022-10-30 18:32:07,887 - DEBUG: <class 'ddtrace.internal.module.ModuleWatchdog'> installed
2022-10-30 18:32:08,072 - DEBUG: initialized RateSampler, sample 100.0% of traces
2022-10-30 18:32:08,072 - DEBUG: initialized DatadogSampler(agent_rates={}, limiter=RateLimiter(rate_limit=100, tokens=100, last_update_ns=1328368843000000, effective_rate=1.0), rules=[])
2022-10-30 18:32:08,072 - DEBUG: initialized RateSampler, sample 100.0% of traces
2022-10-30 18:32:08,072 - DEBUG: initialized trace processor TraceTagsProcessor()
2022-10-30 18:32:08,072 - DEBUG: initialized trace processor TraceSamplingProcessor(_compute_stats_enabled=False)
2022-10-30 18:32:08,072 - DEBUG: initialized processor TopLevelSpanProcessor()
2022-10-30 18:32:08,072 - DEBUG: initialized processor SpanAggregator(_partial_flush_enabled=True, _partial_flush_min_spans=500, _trace_processors=[TraceTagsProcessor(), TraceSamplingProcessor(_compute_stats_enabled=False)], _writer=AgentWriter(status=<ServiceStatus.STOPPED: 'stopped'>, _interval=1.0))
2022-10-30 18:32:08,098 - INFO: patched 1/1 modules (logging)
2022-10-30 18:32:08,098 - DEBUG: initialized trace processor TraceTagsProcessor()
2022-10-30 18:32:08,098 - DEBUG: initialized trace processor TraceSamplingProcessor(_compute_stats_enabled=False)
2022-10-30 18:32:08,098 - DEBUG: initialized processor TopLevelSpanProcessor()
2022-10-30 18:32:08,098 - DEBUG: initialized processor SpanAggregator(_partial_flush_enabled=True, _partial_flush_min_spans=500, _trace_processors=[TraceTagsProcessor(), TraceSamplingProcessor(_compute_stats_enabled=False)], _writer=AgentWriter(status=<ServiceStatus.STOPPED: 'stopped'>, _interval=1.0))
2022-10-30 18:32:08,098 - INFO: Starting server
2022-10-30 18:32:08,114 - INFO: Started server process [8664]
2022-10-30 18:32:08,114 - INFO: Waiting for application startup.
2022-10-30 18:32:08,114 - INFO: Application startup complete.
2022-10-30 18:44:07,640 - DEBUG: <class 'ddtrace.internal.module.ModuleWatchdog'> installed
2022-10-30 18:44:07,840 - DEBUG: initialized RateSampler, sample 100.0% of traces
2022-10-30 18:44:07,840 - DEBUG: initialized DatadogSampler(agent_rates={}, limiter=RateLimiter(rate_limit=100, tokens=100, last_update_ns=1329088609000000, effective_rate=1.0), rules=[])
2022-10-30 18:44:07,840 - DEBUG: initialized RateSampler, sample 100.0% of traces
2022-10-30 18:44:07,840 - DEBUG: initialized trace processor TraceTagsProcessor()
2022-10-30 18:44:07,840 - DEBUG: initialized trace processor TraceSamplingProcessor(_compute_stats_enabled=False)
2022-10-30 18:44:07,840 - DEBUG: initialized processor TopLevelSpanProcessor()
2022-10-30 18:44:07,840 - DEBUG: initialized processor SpanAggregator(_partial_flush_enabled=True, _partial_flush_min_spans=500, _trace_processors=[TraceTagsProcessor(), TraceSamplingProcessor(_compute_stats_enabled=False)], _writer=AgentWriter(status=<ServiceStatus.STOPPED: 'stopped'>, _interval=1.0))
2022-10-30 18:44:07,855 - INFO: patched 1/1 modules (logging)
2022-10-30 18:44:07,855 - DEBUG: initialized trace processor TraceTagsProcessor()
2022-10-30 18:44:07,855 - DEBUG: initialized trace processor TraceSamplingProcessor(_compute_stats_enabled=False)
2022-10-30 18:44:07,855 - DEBUG: initialized processor TopLevelSpanProcessor()
2022-10-30 18:44:07,855 - DEBUG: initialized processor SpanAggregator(_partial_flush_enabled=True, _partial_flush_min_spans=500, _trace_processors=[TraceTagsProcessor(), TraceSamplingProcessor(_compute_stats_enabled=False)], _writer=AgentWriter(status=<ServiceStatus.STOPPED: 'stopped'>, _interval=1.0))
2022-10-30 18:44:07,855 - INFO: Starting server
2022-10-30 18:44:07,871 - INFO: Started server process [6204]
2022-10-30 18:44:07,871 - INFO: Waiting for application startup.
2022-10-30 18:44:07,871 - INFO: Application startup complete.
2022-10-30 18:46:21,056 - DEBUG: <class 'ddtrace.internal.module.ModuleWatchdog'> installed
2022-10-30 18:46:21,257 - DEBUG: initialized RateSampler, sample 100.0% of traces
2022-10-30 18:46:21,257 - DEBUG: initialized DatadogSampler(agent_rates={}, limiter=RateLimiter(rate_limit=100, tokens=100, last_update_ns=1329222031000000, effective_rate=1.0), rules=[])
2022-10-30 18:46:21,257 - DEBUG: initialized RateSampler, sample 100.0% of traces
2022-10-30 18:46:21,263 - DEBUG: initialized trace processor TraceTagsProcessor()
2022-10-30 18:46:21,263 - DEBUG: initialized trace processor TraceSamplingProcessor(_compute_stats_enabled=False)
2022-10-30 18:46:21,263 - DEBUG: initialized processor TopLevelSpanProcessor()
2022-10-30 18:46:21,264 - DEBUG: initialized processor SpanAggregator(_partial_flush_enabled=True, _partial_flush_min_spans=500, _trace_processors=[TraceTagsProcessor(), TraceSamplingProcessor(_compute_stats_enabled=False)], _writer=AgentWriter(status=<ServiceStatus.STOPPED: 'stopped'>, _interval=1.0))
2022-10-30 18:46:21,277 - INFO: patched 1/1 modules (logging)
2022-10-30 18:46:21,278 - DEBUG: initialized trace processor TraceTagsProcessor()
2022-10-30 18:46:21,278 - DEBUG: initialized trace processor TraceSamplingProcessor(_compute_stats_enabled=False)
2022-10-30 18:46:21,278 - DEBUG: initialized processor TopLevelSpanProcessor()
2022-10-30 18:46:21,278 - DEBUG: initialized processor SpanAggregator(_partial_flush_enabled=True, _partial_flush_min_spans=500, _trace_processors=[TraceTagsProcessor(), TraceSamplingProcessor(_compute_stats_enabled=False)], _writer=AgentWriter(status=<ServiceStatus.STOPPED: 'stopped'>, _interval=1.0))
2022-10-30 18:46:21,279 - INFO: Starting server
2022-10-30 18:46:21,293 - INFO: Started server process [5576]
2022-10-30 18:46:21,293 - INFO: Waiting for application startup.
2022-10-30 18:46:21,294 - INFO: Application startup complete.
2022-10-30 18:46:27,994 - DEBUG: <class 'ddtrace.internal.module.ModuleWatchdog'> installed
2022-10-30 18:46:28,293 - DEBUG: initialized RateSampler, sample 100.0% of traces
2022-10-30 18:46:28,293 - DEBUG: initialized DatadogSampler(agent_rates={}, limiter=RateLimiter(rate_limit=100, tokens=100, last_update_ns=1329229062000000, effective_rate=1.0), rules=[])
2022-10-30 18:46:28,293 - DEBUG: initialized RateSampler, sample 100.0% of traces
2022-10-30 18:46:28,299 - DEBUG: initialized trace processor TraceTagsProcessor()
2022-10-30 18:46:28,300 - DEBUG: initialized trace processor TraceSamplingProcessor(_compute_stats_enabled=False)
2022-10-30 18:46:28,300 - DEBUG: initialized processor TopLevelSpanProcessor()
2022-10-30 18:46:28,300 - DEBUG: initialized processor SpanAggregator(_partial_flush_enabled=True, _partial_flush_min_spans=500, _trace_processors=[TraceTagsProcessor(), TraceSamplingProcessor(_compute_stats_enabled=False)], _writer=AgentWriter(status=<ServiceStatus.STOPPED: 'stopped'>, _interval=1.0))
2022-10-30 18:46:28,313 - INFO: patched 1/1 modules (logging)
2022-10-30 18:46:28,313 - DEBUG: initialized trace processor TraceTagsProcessor()
2022-10-30 18:46:28,314 - DEBUG: initialized trace processor TraceSamplingProcessor(_compute_stats_enabled=False)
2022-10-30 18:46:28,314 - DEBUG: initialized processor TopLevelSpanProcessor()
2022-10-30 18:46:28,314 - DEBUG: initialized processor SpanAggregator(_partial_flush_enabled=True, _partial_flush_min_spans=500, _trace_processors=[TraceTagsProcessor(), TraceSamplingProcessor(_compute_stats_enabled=False)], _writer=AgentWriter(status=<ServiceStatus.STOPPED: 'stopped'>, _interval=1.0))
2022-10-30 18:46:28,314 - INFO: Starting server
2022-10-30 18:46:28,328 - INFO: Started server process [1968]
2022-10-30 18:46:28,328 - INFO: Waiting for application startup.
2022-10-30 18:46:28,329 - INFO: Application startup complete.
2022-10-30 18:47:08,523 - DEBUG: <class 'ddtrace.internal.module.ModuleWatchdog'> installed
2022-10-30 18:47:08,739 - DEBUG: initialized RateSampler, sample 100.0% of traces
2022-10-30 18:47:08,739 - DEBUG: initialized DatadogSampler(agent_rates={}, limiter=RateLimiter(rate_limit=100, tokens=100, last_update_ns=1329269515000000, effective_rate=1.0), rules=[])
2022-10-30 18:47:08,739 - DEBUG: initialized RateSampler, sample 100.0% of traces
2022-10-30 18:47:08,755 - DEBUG: initialized trace processor TraceTagsProcessor()
2022-10-30 18:47:08,755 - DEBUG: initialized trace processor TraceSamplingProcessor(_compute_stats_enabled=False)
2022-10-30 18:47:08,755 - DEBUG: initialized processor TopLevelSpanProcessor()
2022-10-30 18:47:08,755 - DEBUG: initialized processor SpanAggregator(_partial_flush_enabled=True, _partial_flush_min_spans=500, _trace_processors=[TraceTagsProcessor(), TraceSamplingProcessor(_compute_stats_enabled=False)], _writer=AgentWriter(status=<ServiceStatus.STOPPED: 'stopped'>, _interval=1.0))
2022-10-30 18:47:08,788 - INFO: patched 1/1 modules (logging)
2022-10-30 18:47:08,789 - DEBUG: initialized trace processor TraceTagsProcessor()
2022-10-30 18:47:08,789 - DEBUG: initialized trace processor TraceSamplingProcessor(_compute_stats_enabled=False)
2022-10-30 18:47:08,789 - DEBUG: initialized processor TopLevelSpanProcessor()
2022-10-30 18:47:08,789 - DEBUG: initialized processor SpanAggregator(_partial_flush_enabled=True, _partial_flush_min_spans=500, _trace_processors=[TraceTagsProcessor(), TraceSamplingProcessor(_compute_stats_enabled=False)], _writer=AgentWriter(status=<ServiceStatus.STOPPED: 'stopped'>, _interval=1.0))
2022-10-30 18:47:08,790 - INFO: Starting server
2022-10-30 18:47:08,812 - INFO: Started server process [8504]
2022-10-30 18:47:08,812 - INFO: Waiting for application startup.
2022-10-30 18:47:08,812 - INFO: Application startup complete.
2022-10-30 18:49:01,889 - INFO: Shutting down
2022-10-30 18:54:11,692 - DEBUG: <class 'ddtrace.internal.module.ModuleWatchdog'> installed
2022-10-30 18:54:11,886 - DEBUG: initialized RateSampler, sample 100.0% of traces
2022-10-30 18:54:11,888 - DEBUG: initialized DatadogSampler(agent_rates={}, limiter=RateLimiter(rate_limit=100, tokens=100, last_update_ns=1329692656000000, effective_rate=1.0), rules=[])
2022-10-30 18:54:11,888 - DEBUG: initialized RateSampler, sample 100.0% of traces
2022-10-30 18:54:11,903 - DEBUG: initialized trace processor TraceTagsProcessor()
2022-10-30 18:54:11,903 - DEBUG: initialized trace processor TraceSamplingProcessor(_compute_stats_enabled=False)
2022-10-30 18:54:11,903 - DEBUG: initialized processor TopLevelSpanProcessor()
2022-10-30 18:54:11,903 - DEBUG: initialized processor SpanAggregator(_partial_flush_enabled=True, _partial_flush_min_spans=500, _trace_processors=[TraceTagsProcessor(), TraceSamplingProcessor(_compute_stats_enabled=False)], _writer=AgentWriter(status=<ServiceStatus.STOPPED: 'stopped'>, _interval=1.0))
2022-10-30 18:54:11,919 - INFO: patched 1/1 modules (logging)
2022-10-30 18:54:11,919 - DEBUG: initialized trace processor TraceTagsProcessor()
2022-10-30 18:54:11,919 - DEBUG: initialized trace processor TraceSamplingProcessor(_compute_stats_enabled=False)
2022-10-30 18:54:11,919 - DEBUG: initialized processor TopLevelSpanProcessor()
2022-10-30 18:54:11,919 - DEBUG: initialized processor SpanAggregator(_partial_flush_enabled=True, _partial_flush_min_spans=500, _trace_processors=[TraceTagsProcessor(), TraceSamplingProcessor(_compute_stats_enabled=False)], _writer=AgentWriter(status=<ServiceStatus.STOPPED: 'stopped'>, _interval=1.0))
2022-10-30 18:54:11,919 - INFO: Starting server
2022-10-30 18:54:11,936 - INFO: Started server process [5344]
2022-10-30 18:54:11,936 - INFO: Waiting for application startup.
2022-10-30 18:54:11,936 - INFO: Application startup complete.
2022-10-30 18:55:06,630 - DEBUG: <class 'ddtrace.internal.module.ModuleWatchdog'> installed
2022-10-30 18:55:06,969 - DEBUG: initialized RateSampler, sample 100.0% of traces
2022-10-30 18:55:06,969 - DEBUG: initialized DatadogSampler(agent_rates={}, limiter=RateLimiter(rate_limit=100, tokens=100, last_update_ns=1329747750000000, effective_rate=1.0), rules=[])
2022-10-30 18:55:06,969 - DEBUG: initialized RateSampler, sample 100.0% of traces
2022-10-30 18:55:06,987 - DEBUG: initialized trace processor TraceTagsProcessor()
2022-10-30 18:55:06,987 - DEBUG: initialized trace processor TraceSamplingProcessor(_compute_stats_enabled=False)
2022-10-30 18:55:06,987 - DEBUG: initialized processor TopLevelSpanProcessor()
2022-10-30 18:55:06,987 - DEBUG: initialized processor SpanAggregator(_partial_flush_enabled=True, _partial_flush_min_spans=500, _trace_processors=[TraceTagsProcessor(), TraceSamplingProcessor(_compute_stats_enabled=False)], _writer=AgentWriter(status=<ServiceStatus.STOPPED: 'stopped'>, _interval=1.0))
2022-10-30 18:55:06,995 - INFO: patched 1/1 modules (logging)
2022-10-30 18:55:06,995 - DEBUG: initialized trace processor TraceTagsProcessor()
2022-10-30 18:55:06,995 - DEBUG: initialized trace processor TraceSamplingProcessor(_compute_stats_enabled=False)
2022-10-30 18:55:06,995 - DEBUG: initialized processor TopLevelSpanProcessor()
2022-10-30 18:55:06,995 - DEBUG: initialized processor SpanAggregator(_partial_flush_enabled=True, _partial_flush_min_spans=500, _trace_processors=[TraceTagsProcessor(), TraceSamplingProcessor(_compute_stats_enabled=False)], _writer=AgentWriter(status=<ServiceStatus.STOPPED: 'stopped'>, _interval=1.0))
2022-10-30 18:55:06,995 - INFO: Starting server
2022-10-30 18:55:07,010 - INFO: Started server process [7744]
2022-10-30 18:55:07,010 - INFO: Waiting for application startup.
2022-10-30 18:55:07,010 - INFO: Application startup complete.
2022-10-30 18:55:08,179 - INFO: Shutting down
2022-10-30 18:55:08,280 - INFO: Waiting for application shutdown.
2022-10-30 18:55:08,281 - INFO: Application shutdown complete.
2022-10-30 18:55:08,282 - INFO: Finished server process [7744]
2022-10-30 18:55:08,284 - DEBUG: Waiting 5 seconds for tracer to finish. Hit ctrl-break to quit.
2022-10-30 18:55:11,779 - DEBUG: <class 'ddtrace.internal.module.ModuleWatchdog'> installed
2022-10-30 18:55:11,996 - DEBUG: initialized RateSampler, sample 100.0% of traces
2022-10-30 18:55:11,996 - DEBUG: initialized DatadogSampler(agent_rates={}, limiter=RateLimiter(rate_limit=100, tokens=100, last_update_ns=1329752765000000, effective_rate=1.0), rules=[])
2022-10-30 18:55:11,997 - DEBUG: initialized RateSampler, sample 100.0% of traces
2022-10-30 18:55:12,005 - DEBUG: initialized trace processor TraceTagsProcessor()
2022-10-30 18:55:12,005 - DEBUG: initialized trace processor TraceSamplingProcessor(_compute_stats_enabled=False)
2022-10-30 18:55:12,005 - DEBUG: initialized processor TopLevelSpanProcessor()
2022-10-30 18:55:12,005 - DEBUG: initialized processor SpanAggregator(_partial_flush_enabled=True, _partial_flush_min_spans=500, _trace_processors=[TraceTagsProcessor(), TraceSamplingProcessor(_compute_stats_enabled=False)], _writer=AgentWriter(status=<ServiceStatus.STOPPED: 'stopped'>, _interval=1.0))
2022-10-30 18:55:12,021 - INFO: patched 1/1 modules (logging)
2022-10-30 18:55:12,022 - DEBUG: initialized trace processor TraceTagsProcessor()
2022-10-30 18:55:12,022 - DEBUG: initialized trace processor TraceSamplingProcessor(_compute_stats_enabled=False)
2022-10-30 18:55:12,022 - DEBUG: initialized processor TopLevelSpanProcessor()
2022-10-30 18:55:12,022 - DEBUG: initialized processor SpanAggregator(_partial_flush_enabled=True, _partial_flush_min_spans=500, _trace_processors=[TraceTagsProcessor(), TraceSamplingProcessor(_compute_stats_enabled=False)], _writer=AgentWriter(status=<ServiceStatus.STOPPED: 'stopped'>, _interval=1.0))
2022-10-30 18:55:12,023 - INFO: Starting server
2022-10-30 18:55:12,040 - INFO: Started server process [5464]
2022-10-30 18:55:12,041 - INFO: Waiting for application startup.
2022-10-30 18:55:12,042 - INFO: Application startup complete.
2022-10-30 19:40:08,587 - INFO: Shutting down
2022-10-31 18:44:30,729 - DEBUG: <class 'ddtrace.internal.module.ModuleWatchdog'> installed
2022-10-31 18:44:32,036 - DEBUG: initialized RateSampler, sample 100.0% of traces
2022-10-31 18:44:32,036 - DEBUG: initialized DatadogSampler(agent_rates={}, limiter=RateLimiter(rate_limit=100, tokens=100, last_update_ns=1415512812000000, effective_rate=1.0), rules=[])
2022-10-31 18:44:32,037 - DEBUG: initialized RateSampler, sample 100.0% of traces
2022-10-31 18:44:32,108 - DEBUG: initialized trace processor TraceTagsProcessor()
2022-10-31 18:44:32,109 - DEBUG: initialized trace processor TraceSamplingProcessor(_compute_stats_enabled=False)
2022-10-31 18:44:32,109 - DEBUG: initialized processor TopLevelSpanProcessor()
2022-10-31 18:44:32,110 - DEBUG: initialized processor SpanAggregator(_partial_flush_enabled=True, _partial_flush_min_spans=500, _trace_processors=[TraceTagsProcessor(), TraceSamplingProcessor(_compute_stats_enabled=False)], _writer=AgentWriter(status=<ServiceStatus.STOPPED: 'stopped'>, _interval=1.0))
2022-10-31 18:44:32,319 - INFO: patched 1/1 modules (logging)
2022-10-31 18:44:32,319 - DEBUG: initialized trace processor TraceTagsProcessor()
2022-10-31 18:44:32,319 - DEBUG: initialized trace processor TraceSamplingProcessor(_compute_stats_enabled=False)
2022-10-31 18:44:32,319 - DEBUG: initialized processor TopLevelSpanProcessor()
2022-10-31 18:44:32,319 - DEBUG: initialized processor SpanAggregator(_partial_flush_enabled=True, _partial_flush_min_spans=500, _trace_processors=[TraceTagsProcessor(), TraceSamplingProcessor(_compute_stats_enabled=False)], _writer=AgentWriter(status=<ServiceStatus.STOPPED: 'stopped'>, _interval=1.0))
2022-10-31 18:44:32,319 - INFO: Starting server
2022-10-31 18:44:32,396 - INFO: Started server process [5128]
2022-10-31 18:44:32,396 - INFO: Waiting for application startup.
2022-10-31 18:44:32,396 - INFO: Application startup complete.
2022-10-31 18:45:09,462 - DEBUG: <class 'ddtrace.internal.module.ModuleWatchdog'> installed
2022-10-31 18:45:09,695 - DEBUG: initialized RateSampler, sample 100.0% of traces
2022-10-31 18:45:09,695 - DEBUG: initialized DatadogSampler(agent_rates={}, limiter=RateLimiter(rate_limit=100, tokens=100, last_update_ns=1415550468000000, effective_rate=1.0), rules=[])
2022-10-31 18:45:09,695 - DEBUG: initialized RateSampler, sample 100.0% of traces
2022-10-31 18:45:09,703 - DEBUG: initialized trace processor TraceTagsProcessor()
2022-10-31 18:45:09,703 - DEBUG: initialized trace processor TraceSamplingProcessor(_compute_stats_enabled=False)
2022-10-31 18:45:09,703 - DEBUG: initialized processor TopLevelSpanProcessor()
2022-10-31 18:45:09,703 - DEBUG: initialized processor SpanAggregator(_partial_flush_enabled=True, _partial_flush_min_spans=500, _trace_processors=[TraceTagsProcessor(), TraceSamplingProcessor(_compute_stats_enabled=False)], _writer=AgentWriter(status=<ServiceStatus.STOPPED: 'stopped'>, _interval=1.0))
2022-10-31 18:45:09,719 - INFO: patched 1/1 modules (logging)
2022-10-31 18:45:09,719 - DEBUG: initialized trace processor TraceTagsProcessor()
2022-10-31 18:45:09,719 - DEBUG: initialized trace processor TraceSamplingProcessor(_compute_stats_enabled=False)
2022-10-31 18:45:09,719 - DEBUG: initialized processor TopLevelSpanProcessor()
2022-10-31 18:45:09,719 - DEBUG: initialized processor SpanAggregator(_partial_flush_enabled=True, _partial_flush_min_spans=500, _trace_processors=[TraceTagsProcessor(), TraceSamplingProcessor(_compute_stats_enabled=False)], _writer=AgentWriter(status=<ServiceStatus.STOPPED: 'stopped'>, _interval=1.0))
2022-10-31 18:45:10,028 - DEBUG: Waiting 5 seconds for tracer to finish. Hit ctrl-break to quit.
2022-10-31 18:45:36,996 - DEBUG: <class 'ddtrace.internal.module.ModuleWatchdog'> installed
2022-10-31 18:45:37,203 - DEBUG: initialized RateSampler, sample 100.0% of traces
2022-10-31 18:45:37,203 - DEBUG: initialized DatadogSampler(agent_rates={}, limiter=RateLimiter(rate_limit=100, tokens=100, last_update_ns=1415577984000000, effective_rate=1.0), rules=[])
2022-10-31 18:45:37,203 - DEBUG: initialized RateSampler, sample 100.0% of traces
2022-10-31 18:45:37,220 - DEBUG: initialized trace processor TraceTagsProcessor()
2022-10-31 18:45:37,220 - DEBUG: initialized trace processor TraceSamplingProcessor(_compute_stats_enabled=False)
2022-10-31 18:45:37,220 - DEBUG: initialized processor TopLevelSpanProcessor()
2022-10-31 18:45:37,221 - DEBUG: initialized processor SpanAggregator(_partial_flush_enabled=True, _partial_flush_min_spans=500, _trace_processors=[TraceTagsProcessor(), TraceSamplingProcessor(_compute_stats_enabled=False)], _writer=AgentWriter(status=<ServiceStatus.STOPPED: 'stopped'>, _interval=1.0))
2022-10-31 18:45:37,233 - INFO: patched 1/1 modules (logging)
2022-10-31 18:45:37,233 - DEBUG: initialized trace processor TraceTagsProcessor()
2022-10-31 18:45:37,233 - DEBUG: initialized trace processor TraceSamplingProcessor(_compute_stats_enabled=False)
2022-10-31 18:45:37,233 - DEBUG: initialized processor TopLevelSpanProcessor()
2022-10-31 18:45:37,233 - DEBUG: initialized processor SpanAggregator(_partial_flush_enabled=True, _partial_flush_min_spans=500, _trace_processors=[TraceTagsProcessor(), TraceSamplingProcessor(_compute_stats_enabled=False)], _writer=AgentWriter(status=<ServiceStatus.STOPPED: 'stopped'>, _interval=1.0))
2022-10-31 18:45:37,233 - INFO: Starting server
2022-10-31 18:45:42,250 - DEBUG: finishing span name='users_service.app.starting_log' id=17179494844743688297 trace_id=6202423461023684380 parent_id=None service=None resource='users_service.app.starting_log' type=None start=1667252737.233789 end=None duration=0.0 error=0 tags={'_dd.p.dm': '-0', 'runtime-id': '1d99b25e8ba24ffb900bb3d2c29d2417'} metrics={'_dd.agent_psr': 1.0, '_dd.top_level': 1, '_dd.tracer_kr': 1.0, '_sampling_priority_v1': 1, 'system.pid': 9028} (enabled:True)
2022-10-31 18:45:42,287 - DEBUG: creating new agent connection to http://localhost:8000 with timeout 2
2022-10-31 18:45:42,291 - INFO: Started server process [9028]
2022-10-31 18:45:42,307 - INFO: Waiting for application startup.
2022-10-31 18:45:42,307 - INFO: Application startup complete.
2022-10-31 18:45:43,396 - WARNING: sent 318B in 1.10900s to http://localhost:8000/v0.4/traces
2022-10-31 18:45:43,396 - DEBUG: calling endpoint 'v0.4/traces' but received 404; downgrading API
2022-10-31 18:45:43,396 - DEBUG: creating new agent connection to http://localhost:8000 with timeout 2
2022-10-31 18:45:44,415 - WARNING: sent 318B in 1.01600s to http://localhost:8000/v0.3/traces
2022-10-31 18:45:44,415 - DEBUG: calling endpoint 'v0.3/traces' but received 404; downgrading API
2022-10-31 18:45:44,415 - ERROR: unsupported endpoint 'v0.3/traces': received response 404 from Datadog Agent (http://localhost:8000)
2022-10-31 18:46:43,547 - DEBUG: sent 4553 in 1.32800s to http://localhost:8126/telemetry/proxy/api/v2/apmtelemetry. response: 202
2022-10-31 18:47:44,441 - DEBUG: sent 589 in 0.89000s to http://localhost:8126/telemetry/proxy/api/v2/apmtelemetry. response: 202
2022-10-31 18:47:50,083 - DEBUG: <class 'ddtrace.internal.module.ModuleWatchdog'> installed
2022-10-31 18:47:50,374 - DEBUG: initialized RateSampler, sample 100.0% of traces
2022-10-31 18:47:50,374 - DEBUG: initialized DatadogSampler(agent_rates={}, limiter=RateLimiter(rate_limit=100, tokens=100, last_update_ns=1415711140000000, effective_rate=1.0), rules=[])
2022-10-31 18:47:50,374 - DEBUG: initialized RateSampler, sample 100.0% of traces
2022-10-31 18:47:50,391 - DEBUG: initialized trace processor TraceTagsProcessor()
2022-10-31 18:47:50,392 - DEBUG: initialized trace processor TraceSamplingProcessor(_compute_stats_enabled=False)
2022-10-31 18:47:50,392 - DEBUG: initialized processor TopLevelSpanProcessor()
2022-10-31 18:47:50,392 - DEBUG: initialized processor SpanAggregator(_partial_flush_enabled=True, _partial_flush_min_spans=500, _trace_processors=[TraceTagsProcessor(), TraceSamplingProcessor(_compute_stats_enabled=False)], _writer=AgentWriter(status=<ServiceStatus.STOPPED: 'stopped'>, _interval=1.0))
2022-10-31 18:47:50,416 - INFO: patched 1/1 modules (logging)
2022-10-31 18:47:50,416 - DEBUG: initialized trace processor TraceTagsProcessor()
2022-10-31 18:47:50,416 - DEBUG: initialized trace processor TraceSamplingProcessor(_compute_stats_enabled=False)
2022-10-31 18:47:50,416 - DEBUG: initialized processor TopLevelSpanProcessor()
2022-10-31 18:47:50,416 - DEBUG: initialized processor SpanAggregator(_partial_flush_enabled=True, _partial_flush_min_spans=500, _trace_processors=[TraceTagsProcessor(), TraceSamplingProcessor(_compute_stats_enabled=False)], _writer=AgentWriter(status=<ServiceStatus.STOPPED: 'stopped'>, _interval=1.0))
2022-10-31 18:47:50,416 - INFO: Starting server
2022-10-31 18:47:50,497 - DEBUG: finishing span name='users_service.app.starting_log' id=18155249500329926376 trace_id=7249436075513480491 parent_id=None service='users-service' resource='resource_name' type=None start=1667252870.4162755 end=None duration=0.0 error=0 tags={'_dd.p.dm': '-0', 'runtime-id': '131b4f76ae3c4c68a25340ae7e2ddaf0'} metrics={'_dd.agent_psr': 1.0, '_dd.top_level': 1, '_dd.tracer_kr': 1.0, '_sampling_priority_v1': 1, 'system.pid': 3296} (enabled:True)
2022-10-31 18:47:50,513 - INFO: Started server process [3296]
2022-10-31 18:47:50,513 - INFO: Waiting for application startup.
2022-10-31 18:47:50,513 - INFO: Application startup complete.
2022-10-31 18:47:51,432 - DEBUG: creating new agent connection to http://localhost:8000 with timeout 2
2022-10-31 18:47:52,460 - WARNING: sent 314B in 1.03100s to http://localhost:8000/v0.4/traces
2022-10-31 18:47:52,460 - DEBUG: calling endpoint 'v0.4/traces' but received 404; downgrading API
2022-10-31 18:47:52,460 - DEBUG: creating new agent connection to http://localhost:8000 with timeout 2
2022-10-31 18:47:53,472 - WARNING: sent 314B in 1.01600s to http://localhost:8000/v0.3/traces
2022-10-31 18:47:53,472 - DEBUG: calling endpoint 'v0.3/traces' but received 404; downgrading API
2022-10-31 18:47:53,472 - ERROR: unsupported endpoint 'v0.3/traces': received response 404 from Datadog Agent (http://localhost:8000)
2022-10-31 18:47:54,688 - INFO: Shutting down
2022-10-31 18:47:59,986 - DEBUG: <class 'ddtrace.internal.module.ModuleWatchdog'> installed
2022-10-31 18:48:00,197 - DEBUG: initialized RateSampler, sample 100.0% of traces
2022-10-31 18:48:00,197 - DEBUG: initialized DatadogSampler(agent_rates={}, limiter=RateLimiter(rate_limit=100, tokens=100, last_update_ns=1415720968000000, effective_rate=1.0), rules=[])
2022-10-31 18:48:00,197 - DEBUG: initialized RateSampler, sample 100.0% of traces
2022-10-31 18:48:00,205 - DEBUG: initialized trace processor TraceTagsProcessor()
2022-10-31 18:48:00,205 - DEBUG: initialized trace processor TraceSamplingProcessor(_compute_stats_enabled=False)
2022-10-31 18:48:00,205 - DEBUG: initialized processor TopLevelSpanProcessor()
2022-10-31 18:48:00,205 - DEBUG: initialized processor SpanAggregator(_partial_flush_enabled=True, _partial_flush_min_spans=500, _trace_processors=[TraceTagsProcessor(), TraceSamplingProcessor(_compute_stats_enabled=False)], _writer=AgentWriter(status=<ServiceStatus.STOPPED: 'stopped'>, _interval=1.0))
2022-10-31 18:48:00,224 - INFO: patched 1/1 modules (logging)
2022-10-31 18:48:00,225 - DEBUG: initialized trace processor TraceTagsProcessor()
2022-10-31 18:48:00,225 - DEBUG: initialized trace processor TraceSamplingProcessor(_compute_stats_enabled=False)
2022-10-31 18:48:00,226 - DEBUG: initialized processor TopLevelSpanProcessor()
2022-10-31 18:48:00,226 - DEBUG: initialized processor SpanAggregator(_partial_flush_enabled=True, _partial_flush_min_spans=500, _trace_processors=[TraceTagsProcessor(), TraceSamplingProcessor(_compute_stats_enabled=False)], _writer=AgentWriter(status=<ServiceStatus.STOPPED: 'stopped'>, _interval=1.0))
2022-10-31 18:48:00,226 - INFO: Starting server
2022-10-31 18:48:00,295 - DEBUG: finishing span name='users_service.app.starting_log' id=11245970708671600805 trace_id=87306205106551527 parent_id=None service='users-service' resource='resource_name' type=None start=1667252880.2265708 end=1667252880.2275908 duration=0.0010199 error=0 tags={'_dd.p.dm': '-0', 'runtime-id': '9ec43fd5505b4dc38098160876548a78'} metrics={'_dd.agent_psr': 1.0, '_dd.top_level': 1, '_dd.tracer_kr': 1.0, '_sampling_priority_v1': 1, 'system.pid': 2332} (enabled:True)
2022-10-31 18:48:00,311 - INFO: Started server process [2332]
2022-10-31 18:48:00,311 - INFO: Waiting for application startup.
2022-10-31 18:48:00,311 - INFO: Application startup complete.
2022-10-31 18:48:01,228 - DEBUG: creating new agent connection to http://localhost:8000 with timeout 2
2022-10-31 18:48:02,265 - WARNING: sent 318B in 1.03100s to http://localhost:8000/v0.4/traces
2022-10-31 18:48:02,265 - DEBUG: calling endpoint 'v0.4/traces' but received 404; downgrading API
2022-10-31 18:48:02,265 - DEBUG: creating new agent connection to http://localhost:8000 with timeout 2
2022-10-31 18:48:03,296 - WARNING: sent 318B in 1.03100s to http://localhost:8000/v0.3/traces
2022-10-31 18:48:03,297 - DEBUG: calling endpoint 'v0.3/traces' but received 404; downgrading API
2022-10-31 18:48:03,298 - ERROR: unsupported endpoint 'v0.3/traces': received response 404 from Datadog Agent (http://localhost:8000)
2022-10-31 18:49:01,455 - DEBUG: sent 4553 in 1.15600s to http://localhost:8126/telemetry/proxy/api/v2/apmtelemetry. response: 202
2022-10-31 18:50:01,596 - DEBUG: sent 589 in 0.14100s to http://localhost:8126/telemetry/proxy/api/v2/apmtelemetry. response: 502
2022-10-31 18:50:01,597 - DEBUG: failed to send telemetry to the Datadog Agent at http://localhost:8126/telemetry/proxy/api/v2/apmtelemetry. response: 502
2022-10-31 18:50:54,018 - INFO: Shutting down
2022-10-31 18:50:54,129 - INFO: Waiting for application shutdown.
2022-10-31 18:50:54,129 - INFO: Application shutdown complete.
2022-10-31 18:50:54,129 - INFO: Finished server process [2332]
2022-10-31 18:51:34,068 - INFO: patched 16/1 modules (aiohttp,asyncio,botocore,celery,elasticsearch,fastapi,flask,futures,gevent,grpc,logging,psycopg,pynamodb,requests,sqlite3,starlette)
2022-10-31 18:51:34,068 - DEBUG: initialized trace processor TraceTagsProcessor()
2022-10-31 18:51:34,069 - DEBUG: initialized trace processor TraceSamplingProcessor(_compute_stats_enabled=False)
2022-10-31 18:51:34,069 - DEBUG: initialized processor TopLevelSpanProcessor()
2022-10-31 18:51:34,069 - DEBUG: initialized processor SpanAggregator(_partial_flush_enabled=True, _partial_flush_min_spans=500, _trace_processors=[TraceTagsProcessor(), TraceSamplingProcessor(_compute_stats_enabled=False)], _writer=AgentWriter(status=<ServiceStatus.STOPPED: 'stopped'>, _interval=1.0))
2022-10-31 18:51:34,070 - INFO: Starting server
2022-10-31 18:51:34,130 - DEBUG: finishing span name='users_service.app.starting_log' id=13322503766845311762 trace_id=13685956024138959903 parent_id=None service='users-service' resource='resource_name' type=None start=1667253094.0702763 end=None duration=0.0 error=0 tags={'_dd.p.dm': '-0', 'runtime-id': '29548ebc90ed4e17a2457876c1b99065'} metrics={'_dd.agent_psr': 1.0, '_dd.top_level': 1, '_dd.tracer_kr': 1.0, '_sampling_priority_v1': 1, 'system.pid': 4052} (enabled:True)
2022-10-31 18:51:34,147 - INFO: Started server process [4052]
2022-10-31 18:51:34,147 - INFO: Waiting for application startup.
2022-10-31 18:51:34,147 - INFO: Application startup complete.
2022-10-31 18:51:35,071 - DEBUG: creating new agent connection to http://localhost:8000 with timeout 2
2022-10-31 18:51:36,100 - WARNING: sent 314B in 1.03200s to http://localhost:8000/v0.4/traces
2022-10-31 18:51:36,102 - DEBUG: finishing span name='fastapi.request' id=17908037424116726257 trace_id=4592860281982056701 parent_id=None service='fastapi' resource='PUT /v0.4/traces' type='web' start=1667253096.0979865 end=1667253096.1019902 duration=0.0040037 error=0 tags={'_dd.p.dm': '-0', 'asgi.spec_version': '2.3', 'asgi.version': '3.0', 'http.method': 'PUT', 'http.status_code': '404', 'http.url': 'http://localhost:8000/v0.4/traces', 'http.version': '1.1', 'runtime-id': '29548ebc90ed4e17a2457876c1b99065'} metrics={'_dd.agent_psr': 1.0, '_dd.top_level': 1, '_dd.tracer_kr': 1.0, '_sampling_priority_v1': 1, 'system.pid': 4052} (enabled:True)
2022-10-31 18:51:36,103 - DEBUG: calling endpoint 'v0.4/traces' but received 404; downgrading API
2022-10-31 18:51:36,104 - DEBUG: creating new agent connection to http://localhost:8000 with timeout 2
2022-10-31 18:51:37,115 - WARNING: sent 314B in 1.01500s to http://localhost:8000/v0.3/traces
2022-10-31 18:51:37,115 - DEBUG: finishing span name='fastapi.request' id=13471874626685559466 trace_id=8181945022952397916 parent_id=None service='fastapi' resource='PUT /v0.3/traces' type='web' start=1667253097.1150908 end=None duration=0.0 error=0 tags={'_dd.p.dm': '-0', 'asgi.spec_version': '2.3', 'asgi.version': '3.0', 'http.method': 'PUT', 'http.status_code': '404', 'http.url': 'http://localhost:8000/v0.3/traces', 'http.version': '1.1', 'runtime-id': '29548ebc90ed4e17a2457876c1b99065'} metrics={'_dd.agent_psr': 1.0, '_dd.top_level': 1, '_dd.tracer_kr': 1.0, '_sampling_priority_v1': 1, 'system.pid': 4052} (enabled:True)
2022-10-31 18:51:37,115 - DEBUG: calling endpoint 'v0.3/traces' but received 404; downgrading API
2022-10-31 18:51:37,115 - ERROR: unsupported endpoint 'v0.3/traces': received response 404 from Datadog Agent (http://localhost:8000)
2022-10-31 18:51:38,138 - DEBUG: creating new agent connection to http://localhost:8000 with timeout 2
2022-10-31 18:51:39,151 - WARNING: sent 887B in 1.01500s to http://localhost:8000/v0.3/traces
2022-10-31 18:51:39,151 - DEBUG: finishing span name='fastapi.request' id=204404649913660463 trace_id=13661110135445434987 parent_id=None service='fastapi' resource='PUT /v0.3/traces' type='web' start=1667253099.143722 end=1667253099.151694 duration=0.0079721 error=0 tags={'_dd.p.dm': '-0', 'asgi.spec_version': '2.3', 'asgi.version': '3.0', 'http.method': 'PUT', 'http.status_code': '404', 'http.url': 'http://localhost:8000/v0.3/traces', 'http.version': '1.1', 'runtime-id': '29548ebc90ed4e17a2457876c1b99065'} metrics={'_dd.agent_psr': 1.0, '_dd.top_level': 1, '_dd.tracer_kr': 1.0, '_sampling_priority_v1': 1, 'system.pid': 4052} (enabled:True)
2022-10-31 18:51:39,151 - DEBUG: calling endpoint 'v0.3/traces' but received 404; downgrading API
2022-10-31 18:51:39,151 - ERROR: unsupported endpoint 'v0.3/traces': received response 404 from Datadog Agent (http://localhost:8000)
2022-10-31 18:51:40,164 - DEBUG: creating new agent connection to http://localhost:8000 with timeout 2
2022-10-31 18:51:41,191 - WARNING: sent 446B in 1.03100s to http://localhost:8000/v0.3/traces
2022-10-31 18:51:41,191 - DEBUG: finishing span name='fastapi.request' id=10567972128289060438 trace_id=16697855606355869576 parent_id=None service='fastapi' resource='PUT /v0.3/traces' type='web' start=1667253101.1893752 end=1667253101.1914246 duration=0.0020495 error=0 tags={'_dd.p.dm': '-0', 'asgi.spec_version': '2.3', 'asgi.version': '3.0', 'http.method': 'PUT', 'http.status_code': '404', 'http.url': 'http://localhost:8000/v0.3/traces', 'http.version': '1.1', 'runtime-id': '29548ebc90ed4e17a2457876c1b99065'} metrics={'_dd.agent_psr': 1.0, '_dd.top_level': 1, '_dd.tracer_kr': 1.0, '_sampling_priority_v1': 1, 'system.pid': 4052} (enabled:True)
2022-10-31 18:51:41,191 - DEBUG: calling endpoint 'v0.3/traces' but received 404; downgrading API
2022-10-31 18:51:41,199 - ERROR: unsupported endpoint 'v0.3/traces': received response 404 from Datadog Agent (http://localhost:8000)
2022-10-31 18:51:42,207 - DEBUG: creating new agent connection to http://localhost:8000 with timeout 2
2022-10-31 18:51:43,225 - WARNING: sent 446B in 1.01600s to http://localhost:8000/v0.3/traces
2022-10-31 18:51:43,228 - DEBUG: finishing span name='fastapi.request' id=14836617364886617040 trace_id=14978298950309479469 parent_id=None service='fastapi' resource='PUT /v0.3/traces' type='web' start=1667253103.2215333 end=1667253103.2265356 duration=0.0050022 error=0 tags={'_dd.p.dm': '-0', 'asgi.spec_version': '2.3', 'asgi.version': '3.0', 'http.method': 'PUT', 'http.status_code': '404', 'http.url': 'http://localhost:8000/v0.3/traces', 'http.version': '1.1', 'runtime-id': '29548ebc90ed4e17a2457876c1b99065'} metrics={'_dd.agent_psr': 1.0, '_dd.top_level': 1, '_dd.tracer_kr': 1.0, '_sampling_priority_v1': 1, 'system.pid': 4052} (enabled:True)
2022-10-31 18:51:43,228 - DEBUG: calling endpoint 'v0.3/traces' but received 404; downgrading API
2022-10-31 18:51:43,229 - ERROR: unsupported endpoint 'v0.3/traces': received response 404 from Datadog Agent (http://localhost:8000)
2022-10-31 18:51:44,231 - DEBUG: creating new agent connection to http://localhost:8000 with timeout 2
2022-10-31 18:51:45,250 - WARNING: sent 446B in 1.03100s to http://localhost:8000/v0.3/traces
2022-10-31 18:51:45,250 - DEBUG: finishing span name='fastapi.request' id=17290002229516076744 trace_id=3601786429576603509 parent_id=None service='fastapi' resource='PUT /v0.3/traces' type='web' start=1667253105.2424707 end=1667253105.2504709 duration=0.0080001 error=0 tags={'_dd.p.dm': '-0', 'asgi.spec_version': '2.3', 'asgi.version': '3.0', 'http.method': 'PUT', 'http.status_code': '404', 'http.url': 'http://localhost:8000/v0.3/traces', 'http.version': '1.1', 'runtime-id': '29548ebc90ed4e17a2457876c1b99065'} metrics={'_dd.agent_psr': 1.0, '_dd.top_level': 1, '_dd.tracer_kr': 1.0, '_sampling_priority_v1': 1, 'system.pid': 4052} (enabled:True)
2022-10-31 18:51:45,250 - DEBUG: calling endpoint 'v0.3/traces' but received 404; downgrading API
2022-10-31 18:51:45,250 - ERROR: unsupported endpoint 'v0.3/traces': received response 404 from Datadog Agent (http://localhost:8000)
2022-10-31 18:51:46,266 - DEBUG: creating new agent connection to http://localhost:8000 with timeout 2
2022-10-31 18:51:47,268 - WARNING: sent 446B in 1.00000s to http://localhost:8000/v0.3/traces
2022-10-31 18:51:47,276 - DEBUG: finishing span name='fastapi.request' id=7316682900340829126 trace_id=11056738891004662674 parent_id=None service='fastapi' resource='PUT /v0.3/traces' type='web' start=1667253107.2686408 end=None duration=0.0 error=0 tags={'_dd.p.dm': '-0', 'asgi.spec_version': '2.3', 'asgi.version': '3.0', 'http.method': 'PUT', 'http.status_code': '404', 'http.url': 'http://localhost:8000/v0.3/traces', 'http.version': '1.1', 'runtime-id': '29548ebc90ed4e17a2457876c1b99065'} metrics={'_dd.agent_psr': 1.0, '_dd.top_level': 1, '_dd.tracer_kr': 1.0, '_sampling_priority_v1': 1, 'system.pid': 4052} (enabled:True)
2022-10-31 18:51:47,276 - DEBUG: calling endpoint 'v0.3/traces' but received 404; downgrading API
2022-10-31 18:51:47,276 - ERROR: unsupported endpoint 'v0.3/traces': received response 404 from Datadog Agent (http://localhost:8000)
2022-10-31 18:51:48,278 - DEBUG: creating new agent connection to http://localhost:8000 with timeout 2
2022-10-31 18:51:49,285 - WARNING: sent 442B in 1.01600s to http://localhost:8000/v0.3/traces
2022-10-31 18:51:49,286 - DEBUG: finishing span name='fastapi.request' id=10833762429872986466 trace_id=403777671335834784 parent_id=None service='fastapi' resource='PUT /v0.3/traces' type='web' start=1667253109.2833714 end=1667253109.2863736 duration=0.0030021 error=0 tags={'_dd.p.dm': '-0', 'asgi.spec_version': '2.3', 'asgi.version': '3.0', 'http.method': 'PUT', 'http.status_code': '404', 'http.url': 'http://localhost:8000/v0.3/traces', 'http.version': '1.1', 'runtime-id': '29548ebc90ed4e17a2457876c1b99065'} metrics={'_dd.agent_psr': 1.0, '_dd.top_level': 1, '_dd.tracer_kr': 1.0, '_sampling_priority_v1': 1, 'system.pid': 4052} (enabled:True)
2022-10-31 18:51:49,286 - DEBUG: calling endpoint 'v0.3/traces' but received 404; downgrading API
2022-10-31 18:51:49,287 - ERROR: unsupported endpoint 'v0.3/traces': received response 404 from Datadog Agent (http://localhost:8000)
2022-10-31 18:51:50,294 - DEBUG: creating new agent connection to http://localhost:8000 with timeout 2
2022-10-31 18:51:51,302 - WARNING: sent 446B in 1.01600s to http://localhost:8000/v0.3/traces
2022-10-31 18:51:51,302 - DEBUG: finishing span name='fastapi.request' id=18269414036059290539 trace_id=15251122514022851632 parent_id=None service='fastapi' resource='PUT /v0.3/traces' type='web' start=1667253111.3026803 end=None duration=0.0 error=0 tags={'_dd.p.dm': '-0', 'asgi.spec_version': '2.3', 'asgi.version': '3.0', 'http.method': 'PUT', 'http.status_code': '404', 'http.url': 'http://localhost:8000/v0.3/traces', 'http.version': '1.1', 'runtime-id': '29548ebc90ed4e17a2457876c1b99065'} metrics={'_dd.agent_psr': 1.0, '_dd.top_level': 1, '_dd.tracer_kr': 1.0, '_sampling_priority_v1': 1, 'system.pid': 4052} (enabled:True)
2022-10-31 18:51:51,302 - DEBUG: calling endpoint 'v0.3/traces' but received 404; downgrading API
2022-10-31 18:51:51,302 - ERROR: unsupported endpoint 'v0.3/traces': received response 404 from Datadog Agent (http://localhost:8000)
2022-10-31 18:51:52,309 - DEBUG: creating new agent connection to http://localhost:8000 with timeout 2
2022-10-31 18:51:53,315 - WARNING: sent 442B in 1.01500s to http://localhost:8000/v0.3/traces
2022-10-31 18:51:53,316 - DEBUG: finishing span name='fastapi.request' id=18314921490616633940 trace_id=10003574704482974509 parent_id=None service='fastapi' resource='PUT /v0.3/traces' type='web' start=1667253113.3134732 end=1667253113.3154752 duration=0.0020019 error=0 tags={'_dd.p.dm': '-0', 'asgi.spec_version': '2.3', 'asgi.version': '3.0', 'http.method': 'PUT', 'http.status_code': '404', 'http.url': 'http://localhost:8000/v0.3/traces', 'http.version': '1.1', 'runtime-id': '29548ebc90ed4e17a2457876c1b99065'} metrics={'_dd.agent_psr': 1.0, '_dd.top_level': 1, '_dd.tracer_kr': 1.0, '_sampling_priority_v1': 1, 'system.pid': 4052} (enabled:True)
2022-10-31 18:51:53,317 - DEBUG: calling endpoint 'v0.3/traces' but received 404; downgrading API
2022-10-31 18:51:53,318 - ERROR: unsupported endpoint 'v0.3/traces': received response 404 from Datadog Agent (http://localhost:8000)
2022-10-31 18:51:54,319 - DEBUG: creating new agent connection to http://localhost:8000 with timeout 2
2022-10-31 18:51:55,326 - WARNING: sent 446B in 1.00000s to http://localhost:8000/v0.3/traces
2022-10-31 18:51:55,326 - DEBUG: finishing span name='fastapi.request' id=8527471651066722843 trace_id=12534007844388654124 parent_id=None service='fastapi' resource='PUT /v0.3/traces' type='web' start=1667253115.3267705 end=None duration=0.0 error=0 tags={'_dd.p.dm': '-0', 'asgi.spec_version': '2.3', 'asgi.version': '3.0', 'http.method': 'PUT', 'http.status_code': '404', 'http.url': 'http://localhost:8000/v0.3/traces', 'http.version': '1.1', 'runtime-id': '29548ebc90ed4e17a2457876c1b99065'} metrics={'_dd.agent_psr': 1.0, '_dd.top_level': 1, '_dd.tracer_kr': 1.0, '_sampling_priority_v1': 1, 'system.pid': 4052} (enabled:True)
2022-10-31 18:51:55,326 - DEBUG: calling endpoint 'v0.3/traces' but received 404; downgrading API
2022-10-31 18:51:55,326 - ERROR: unsupported endpoint 'v0.3/traces': received response 404 from Datadog Agent (http://localhost:8000)
2022-10-31 18:51:56,334 - DEBUG: creating new agent connection to http://localhost:8000 with timeout 2
2022-10-31 18:51:57,341 - WARNING: sent 442B in 1.00000s to http://localhost:8000/v0.3/traces
2022-10-31 18:51:57,344 - DEBUG: finishing span name='fastapi.request' id=12624885300046757167 trace_id=593510643528185709 parent_id=None service='fastapi' resource='PUT /v0.3/traces' type='web' start=1667253117.3389199 end=1667253117.3428957 duration=0.0039758 error=0 tags={'_dd.p.dm': '-0', 'asgi.spec_version': '2.3', 'asgi.version': '3.0', 'http.method': 'PUT', 'http.status_code': '404', 'http.url': 'http://localhost:8000/v0.3/traces', 'http.version': '1.1', 'runtime-id': '29548ebc90ed4e17a2457876c1b99065'} metrics={'_dd.agent_psr': 1.0, '_dd.top_level': 1, '_dd.tracer_kr': 1.0, '_sampling_priority_v1': 1, 'system.pid': 4052} (enabled:True)
2022-10-31 18:51:57,344 - DEBUG: calling endpoint 'v0.3/traces' but received 404; downgrading API
2022-10-31 18:51:57,346 - ERROR: unsupported endpoint 'v0.3/traces': received response 404 from Datadog Agent (http://localhost:8000)
2022-10-31 18:51:58,348 - DEBUG: creating new agent connection to http://localhost:8000 with timeout 2
2022-10-31 18:51:59,365 - WARNING: sent 446B in 1.01500s to http://localhost:8000/v0.3/traces
2022-10-31 18:51:59,368 - DEBUG: finishing span name='fastapi.request' id=6651465301971202479 trace_id=2297855722666593360 parent_id=None service='fastapi' resource='PUT /v0.3/traces' type='web' start=1667253119.3624783 end=1667253119.3674567 duration=0.0049784 error=0 tags={'_dd.p.dm': '-0', 'asgi.spec_version': '2.3', 'asgi.version': '3.0', 'http.method': 'PUT', 'http.status_code': '404', 'http.url': 'http://localhost:8000/v0.3/traces', 'http.version': '1.1', 'runtime-id': '29548ebc90ed4e17a2457876c1b99065'} metrics={'_dd.agent_psr': 1.0, '_dd.top_level': 1, '_dd.tracer_kr': 1.0, '_sampling_priority_v1': 1, 'system.pid': 4052} (enabled:True)
2022-10-31 18:51:59,369 - DEBUG: calling endpoint 'v0.3/traces' but received 404; downgrading API
2022-10-31 18:51:59,370 - ERROR: unsupported endpoint 'v0.3/traces': received response 404 from Datadog Agent (http://localhost:8000)
2022-10-31 18:52:00,371 - DEBUG: creating new agent connection to http://localhost:8000 with timeout 2
2022-10-31 18:52:01,384 - WARNING: sent 446B in 1.01600s to http://localhost:8000/v0.3/traces
2022-10-31 18:52:01,385 - DEBUG: finishing span name='fastapi.request' id=10030799572019188292 trace_id=11426757561561148004 parent_id=None service='fastapi' resource='PUT /v0.3/traces' type='web' start=1667253121.3825157 end=1667253121.3845172 duration=0.0020015 error=0 tags={'_dd.p.dm': '-0', 'asgi.spec_version': '2.3', 'asgi.version': '3.0', 'http.method': 'PUT', 'http.status_code': '404', 'http.url': 'http://localhost:8000/v0.3/traces', 'http.version': '1.1', 'runtime-id': '29548ebc90ed4e17a2457876c1b99065'} metrics={'_dd.agent_psr': 1.0, '_dd.top_level': 1, '_dd.tracer_kr': 1.0, '_sampling_priority_v1': 1, 'system.pid': 4052} (enabled:True)
2022-10-31 18:52:01,386 - DEBUG: calling endpoint 'v0.3/traces' but received 404; downgrading API
2022-10-31 18:52:01,386 - ERROR: unsupported endpoint 'v0.3/traces': received response 404 from Datadog Agent (http://localhost:8000)
2022-10-31 18:52:02,388 - DEBUG: creating new agent connection to http://localhost:8000 with timeout 2
2022-10-31 18:52:03,398 - WARNING: sent 446B in 1.01500s to http://localhost:8000/v0.3/traces
2022-10-31 18:52:03,399 - DEBUG: finishing span name='fastapi.request' id=4822836774320733945 trace_id=2291455974050946692 parent_id=None service='fastapi' resource='PUT /v0.3/traces' type='web' start=1667253123.3973134 end=1667253123.3993146 duration=0.0020014 error=0 tags={'_dd.p.dm': '-0', 'asgi.spec_version': '2.3', 'asgi.version': '3.0', 'http.method': 'PUT', 'http.status_code': '404', 'http.url': 'http://localhost:8000/v0.3/traces', 'http.version': '1.1', 'runtime-id': '29548ebc90ed4e17a2457876c1b99065'} metrics={'_dd.agent_psr': 1.0, '_dd.top_level': 1, '_dd.tracer_kr': 1.0, '_sampling_priority_v1': 1, 'system.pid': 4052} (enabled:True)
2022-10-31 18:52:03,399 - DEBUG: calling endpoint 'v0.3/traces' but received 404; downgrading API
2022-10-31 18:52:03,399 - ERROR: unsupported endpoint 'v0.3/traces': received response 404 from Datadog Agent (http://localhost:8000)
2022-10-31 18:52:04,401 - DEBUG: creating new agent connection to http://localhost:8000 with timeout 2
2022-10-31 18:52:05,411 - WARNING: sent 446B in 1.01600s to http://localhost:8000/v0.3/traces
2022-10-31 18:52:05,413 - DEBUG: finishing span name='fastapi.request' id=5860726236421935818 trace_id=6612855135389131867 parent_id=None service='fastapi' resource='PUT /v0.3/traces' type='web' start=1667253125.4098198 end=1667253125.4128132 duration=0.0029933 error=0 tags={'_dd.p.dm': '-0', 'asgi.spec_version': '2.3', 'asgi.version': '3.0', 'http.method': 'PUT', 'http.status_code': '404', 'http.url': 'http://localhost:8000/v0.3/traces', 'http.version': '1.1', 'runtime-id': '29548ebc90ed4e17a2457876c1b99065'} metrics={'_dd.agent_psr': 1.0, '_dd.top_level': 1, '_dd.tracer_kr': 1.0, '_sampling_priority_v1': 1, 'system.pid': 4052} (enabled:True)
2022-10-31 18:52:05,413 - DEBUG: calling endpoint 'v0.3/traces' but received 404; downgrading API
2022-10-31 18:52:05,414 - ERROR: unsupported endpoint 'v0.3/traces': received response 404 from Datadog Agent (http://localhost:8000)
2022-10-31 18:52:06,414 - DEBUG: creating new agent connection to http://localhost:8000 with timeout 2
2022-10-31 18:52:07,431 - WARNING: sent 446B in 1.01600s to http://localhost:8000/v0.3/traces
2022-10-31 18:52:07,433 - DEBUG: finishing span name='fastapi.request' id=14802292876582973173 trace_id=11051474435397781958 parent_id=None service='fastapi' resource='PUT /v0.3/traces' type='web' start=1667253127.428219 end=1667253127.4321945 duration=0.0039753 error=0 tags={'_dd.p.dm': '-0', 'asgi.spec_version': '2.3', 'asgi.version': '3.0', 'http.method': 'PUT', 'http.status_code': '404', 'http.url': 'http://localhost:8000/v0.3/traces', 'http.version': '1.1', 'runtime-id': '29548ebc90ed4e17a2457876c1b99065'} metrics={'_dd.agent_psr': 1.0, '_dd.top_level': 1, '_dd.tracer_kr': 1.0, '_sampling_priority_v1': 1, 'system.pid': 4052} (enabled:True)
2022-10-31 18:52:07,435 - DEBUG: calling endpoint 'v0.3/traces' but received 404; downgrading API
2022-10-31 18:52:07,435 - ERROR: unsupported endpoint 'v0.3/traces': received response 404 from Datadog Agent (http://localhost:8000)
2022-10-31 18:52:08,279 - DEBUG: finishing span name='fastapi.request' id=12147865906393451412 trace_id=7938562054752108650 parent_id=None service='fastapi' resource='GET /docs' type='web' start=1667253128.275731 end=1667253128.2778444 duration=0.0021134 error=0 tags={'_dd.p.dm': '-0', 'asgi.spec_version': '2.3', 'asgi.version': '3.0', 'http.method': 'GET', 'http.status_code': '200', 'http.url': 'http://localhost:8000/docs', 'http.useragent': 'Mozilla/5.0 (Windows NT 6.3; Win64; x64) AppleWebKit/537.36 (KHTML, like Gecko) Chrome/106.0.0.0 Safari/537.36', 'http.version': '1.1', 'runtime-id': '29548ebc90ed4e17a2457876c1b99065'} metrics={'_dd.agent_psr': 1.0, '_dd.top_level': 1, '_dd.tracer_kr': 1.0, '_sampling_priority_v1': 1, 'system.pid': 4052} (enabled:True)
2022-10-31 18:52:08,441 - DEBUG: creating new agent connection to http://localhost:8000 with timeout 2
2022-10-31 18:52:08,717 - DEBUG: finishing span name='fastapi.request' id=3138524272340201784 trace_id=12941908220224344034 parent_id=None service='fastapi' resource='GET /openapi.json' type='web' start=1667253128.6932924 end=1667253128.7172954 duration=0.0240031 error=0 tags={'_dd.p.dm': '-0', 'asgi.spec_version': '2.3', 'asgi.version': '3.0', 'http.method': 'GET', 'http.status_code': '200', 'http.url': 'http://localhost:8000/openapi.json', 'http.useragent': 'Mozilla/5.0 (Windows NT 6.3; Win64; x64) AppleWebKit/537.36 (KHTML, like Gecko) Chrome/106.0.0.0 Safari/537.36', 'http.version': '1.1', 'runtime-id': '29548ebc90ed4e17a2457876c1b99065'} metrics={'_dd.agent_psr': 1.0, '_dd.top_level': 1, '_dd.tracer_kr': 1.0, '_sampling_priority_v1': 1, 'system.pid': 4052} (enabled:True)
2022-10-31 18:52:09,466 - WARNING: sent 1KB in 1.01600s to http://localhost:8000/v0.3/traces
2022-10-31 18:52:09,474 - DEBUG: finishing span name='fastapi.request' id=12518629161259785480 trace_id=8731671048774754604 parent_id=None service='fastapi' resource='PUT /v0.3/traces' type='web' start=1667253129.4664204 end=None duration=0.0 error=0 tags={'_dd.p.dm': '-0', 'asgi.spec_version': '2.3', 'asgi.version': '3.0', 'http.method': 'PUT', 'http.status_code': '404', 'http.url': 'http://localhost:8000/v0.3/traces', 'http.version': '1.1', 'runtime-id': '29548ebc90ed4e17a2457876c1b99065'} metrics={'_dd.agent_psr': 1.0, '_dd.top_level': 1, '_dd.tracer_kr': 1.0, '_sampling_priority_v1': 1, 'system.pid': 4052} (enabled:True)
2022-10-31 18:52:09,476 - DEBUG: calling endpoint 'v0.3/traces' but received 404; downgrading API
2022-10-31 18:52:09,477 - ERROR: unsupported endpoint 'v0.3/traces': received response 404 from Datadog Agent (http://localhost:8000)
2022-10-31 18:52:10,478 - DEBUG: creating new agent connection to http://localhost:8000 with timeout 2
2022-10-31 18:52:11,483 - WARNING: sent 1.02KB in 1.00000s to http://localhost:8000/v0.3/traces
2022-10-31 18:52:11,486 - DEBUG: finishing span name='fastapi.request' id=2755094618321251199 trace_id=2646655125786312458 parent_id=None service='fastapi' resource='PUT /v0.3/traces' type='web' start=1667253131.4805205 end=1667253131.4845238 duration=0.0040033 error=0 tags={'_dd.p.dm': '-0', 'asgi.spec_version': '2.3', 'asgi.version': '3.0', 'http.method': 'PUT', 'http.status_code': '404', 'http.url': 'http://localhost:8000/v0.3/traces', 'http.version': '1.1', 'runtime-id': '29548ebc90ed4e17a2457876c1b99065'} metrics={'_dd.agent_psr': 1.0, '_dd.top_level': 1, '_dd.tracer_kr': 1.0, '_sampling_priority_v1': 1, 'system.pid': 4052} (enabled:True)
2022-10-31 18:52:11,486 - DEBUG: calling endpoint 'v0.3/traces' but received 404; downgrading API
2022-10-31 18:52:11,488 - ERROR: unsupported endpoint 'v0.3/traces': received response 404 from Datadog Agent (http://localhost:8000)
2022-10-31 18:52:12,490 - DEBUG: creating new agent connection to http://localhost:8000 with timeout 2
2022-10-31 18:52:13,504 - WARNING: sent 446B in 1.01600s to http://localhost:8000/v0.3/traces
2022-10-31 18:52:13,512 - DEBUG: finishing span name='fastapi.request' id=16400877867812921412 trace_id=6539140821641805881 parent_id=None service='fastapi' resource='PUT /v0.3/traces' type='web' start=1667253133.5040119 end=1667253133.5120134 duration=0.0080015 error=0 tags={'_dd.p.dm': '-0', 'asgi.spec_version': '2.3', 'asgi.version': '3.0', 'http.method': 'PUT', 'http.status_code': '404', 'http.url': 'http://localhost:8000/v0.3/traces', 'http.version': '1.1', 'runtime-id': '29548ebc90ed4e17a2457876c1b99065'} metrics={'_dd.agent_psr': 1.0, '_dd.top_level': 1, '_dd.tracer_kr': 1.0, '_sampling_priority_v1': 1, 'system.pid': 4052} (enabled:True)
2022-10-31 18:52:13,512 - DEBUG: calling endpoint 'v0.3/traces' but received 404; downgrading API
2022-10-31 18:52:13,512 - ERROR: unsupported endpoint 'v0.3/traces': received response 404 from Datadog Agent (http://localhost:8000)
2022-10-31 18:52:14,519 - DEBUG: creating new agent connection to http://localhost:8000 with timeout 2
2022-10-31 18:52:15,535 - WARNING: sent 446B in 1.01600s to http://localhost:8000/v0.3/traces
2022-10-31 18:52:15,535 - DEBUG: finishing span name='fastapi.request' id=11038917914685262574 trace_id=15530775162102365198 parent_id=None service='fastapi' resource='PUT /v0.3/traces' type='web' start=1667253135.535808 end=None duration=0.0 error=0 tags={'_dd.p.dm': '-0', 'asgi.spec_version': '2.3', 'asgi.version': '3.0', 'http.method': 'PUT', 'http.status_code': '404', 'http.url': 'http://localhost:8000/v0.3/traces', 'http.version': '1.1', 'runtime-id': '29548ebc90ed4e17a2457876c1b99065'} metrics={'_dd.agent_psr': 1.0, '_dd.top_level': 1, '_dd.tracer_kr': 1.0, '_sampling_priority_v1': 1, 'system.pid': 4052} (enabled:True)
2022-10-31 18:52:15,535 - DEBUG: calling endpoint 'v0.3/traces' but received 404; downgrading API
2022-10-31 18:52:15,535 - ERROR: unsupported endpoint 'v0.3/traces': received response 404 from Datadog Agent (http://localhost:8000)
2022-10-31 18:52:16,542 - DEBUG: creating new agent connection to http://localhost:8000 with timeout 2
2022-10-31 18:52:17,558 - WARNING: sent 442B in 1.01600s to http://localhost:8000/v0.3/traces
2022-10-31 18:52:17,558 - DEBUG: finishing span name='fastapi.request' id=5837830114358789318 trace_id=16875285483504191775 parent_id=None service='fastapi' resource='PUT /v0.3/traces' type='web' start=1667253137.5587287 end=None duration=0.0 error=0 tags={'_dd.p.dm': '-0', 'asgi.spec_version': '2.3', 'asgi.version': '3.0', 'http.method': 'PUT', 'http.status_code': '404', 'http.url': 'http://localhost:8000/v0.3/traces', 'http.version': '1.1', 'runtime-id': '29548ebc90ed4e17a2457876c1b99065'} metrics={'_dd.agent_psr': 1.0, '_dd.top_level': 1, '_dd.tracer_kr': 1.0, '_sampling_priority_v1': 1, 'system.pid': 4052} (enabled:True)
2022-10-31 18:52:17,558 - DEBUG: calling endpoint 'v0.3/traces' but received 404; downgrading API
2022-10-31 18:52:17,558 - ERROR: unsupported endpoint 'v0.3/traces': received response 404 from Datadog Agent (http://localhost:8000)
2022-10-31 18:52:18,571 - DEBUG: creating new agent connection to http://localhost:8000 with timeout 2
2022-10-31 18:52:19,582 - WARNING: sent 442B in 1.01600s to http://localhost:8000/v0.3/traces
2022-10-31 18:52:19,585 - DEBUG: finishing span name='fastapi.request' id=8225037119128695472 trace_id=15798729775860724496 parent_id=None service='fastapi' resource='PUT /v0.3/traces' type='web' start=1667253139.578054 end=1667253139.58206 duration=0.0040061 error=0 tags={'_dd.p.dm': '-0', 'asgi.spec_version': '2.3', 'asgi.version': '3.0', 'http.method': 'PUT', 'http.status_code': '404', 'http.url': 'http://localhost:8000/v0.3/traces', 'http.version': '1.1', 'runtime-id': '29548ebc90ed4e17a2457876c1b99065'} metrics={'_dd.agent_psr': 1.0, '_dd.top_level': 1, '_dd.tracer_kr': 1.0, '_sampling_priority_v1': 1, 'system.pid': 4052} (enabled:True)
2022-10-31 18:52:19,586 - DEBUG: calling endpoint 'v0.3/traces' but received 404; downgrading API
2022-10-31 18:52:19,587 - ERROR: unsupported endpoint 'v0.3/traces': received response 404 from Datadog Agent (http://localhost:8000)
2022-10-31 18:52:20,596 - DEBUG: creating new agent connection to http://localhost:8000 with timeout 2
2022-10-31 18:52:21,599 - WARNING: sent 446B in 1.00000s to http://localhost:8000/v0.3/traces
2022-10-31 18:52:21,599 - DEBUG: finishing span name='fastapi.request' id=10929407181953767943 trace_id=8740311251154036722 parent_id=None service='fastapi' resource='PUT /v0.3/traces' type='web' start=1667253141.5965388 end=1667253141.5996776 duration=0.0031388 error=0 tags={'_dd.p.dm': '-0', 'asgi.spec_version': '2.3', 'asgi.version': '3.0', 'http.method': 'PUT', 'http.status_code': '404', 'http.url': 'http://localhost:8000/v0.3/traces', 'http.version': '1.1', 'runtime-id': '29548ebc90ed4e17a2457876c1b99065'} metrics={'_dd.agent_psr': 1.0, '_dd.top_level': 1, '_dd.tracer_kr': 1.0, '_sampling_priority_v1': 1, 'system.pid': 4052} (enabled:True)
2022-10-31 18:52:21,599 - DEBUG: calling endpoint 'v0.3/traces' but received 404; downgrading API
2022-10-31 18:52:21,599 - ERROR: unsupported endpoint 'v0.3/traces': received response 404 from Datadog Agent (http://localhost:8000)
2022-10-31 18:52:22,609 - DEBUG: creating new agent connection to http://localhost:8000 with timeout 2
2022-10-31 18:52:23,613 - WARNING: sent 446B in 1.00000s to http://localhost:8000/v0.3/traces
2022-10-31 18:52:23,613 - DEBUG: finishing span name='fastapi.request' id=750356250135881250 trace_id=1888803294143508344 parent_id=None service='fastapi' resource='PUT /v0.3/traces' type='web' start=1667253143.6139863 end=None duration=0.0 error=0 tags={'_dd.p.dm': '-0', 'asgi.spec_version': '2.3', 'asgi.version': '3.0', 'http.method': 'PUT', 'http.status_code': '404', 'http.url': 'http://localhost:8000/v0.3/traces', 'http.version': '1.1', 'runtime-id': '29548ebc90ed4e17a2457876c1b99065'} metrics={'_dd.agent_psr': 1.0, '_dd.top_level': 1, '_dd.tracer_kr': 1.0, '_sampling_priority_v1': 1, 'system.pid': 4052} (enabled:True)
2022-10-31 18:52:23,613 - DEBUG: calling endpoint 'v0.3/traces' but received 404; downgrading API
2022-10-31 18:52:23,613 - ERROR: unsupported endpoint 'v0.3/traces': received response 404 from Datadog Agent (http://localhost:8000)
2022-10-31 18:52:24,628 - DEBUG: creating new agent connection to http://localhost:8000 with timeout 2
2022-10-31 18:52:25,652 - WARNING: sent 442B in 1.01500s to http://localhost:8000/v0.3/traces
2022-10-31 18:52:25,655 - DEBUG: finishing span name='fastapi.request' id=3386732316011900091 trace_id=200320565794536795 parent_id=None service='fastapi' resource='PUT /v0.3/traces' type='web' start=1667253145.649795 end=1667253145.654771 duration=0.004976 error=0 tags={'_dd.p.dm': '-0', 'asgi.spec_version': '2.3', 'asgi.version': '3.0', 'http.method': 'PUT', 'http.status_code': '404', 'http.url': 'http://localhost:8000/v0.3/traces', 'http.version': '1.1', 'runtime-id': '29548ebc90ed4e17a2457876c1b99065'} metrics={'_dd.agent_psr': 1.0, '_dd.top_level': 1, '_dd.tracer_kr': 1.0, '_sampling_priority_v1': 1, 'system.pid': 4052} (enabled:True)
2022-10-31 18:52:25,656 - DEBUG: calling endpoint 'v0.3/traces' but received 404; downgrading API
2022-10-31 18:52:25,657 - ERROR: unsupported endpoint 'v0.3/traces': received response 404 from Datadog Agent (http://localhost:8000)
2022-10-31 18:52:26,412 - INFO: Shutting down
2022-10-31 18:53:57,854 - DEBUG: <class 'ddtrace.internal.module.ModuleWatchdog'> installed
2022-10-31 18:53:58,061 - DEBUG: initialized RateSampler, sample 100.0% of traces
2022-10-31 18:53:58,061 - DEBUG: initialized DatadogSampler(agent_rates={}, limiter=RateLimiter(rate_limit=100, tokens=100, last_update_ns=1416078828000000, effective_rate=1.0), rules=[])
2022-10-31 18:53:58,061 - DEBUG: initialized RateSampler, sample 100.0% of traces
2022-10-31 18:53:58,067 - DEBUG: initialized trace processor TraceTagsProcessor()
2022-10-31 18:53:58,068 - DEBUG: initialized trace processor TraceSamplingProcessor(_compute_stats_enabled=False)
2022-10-31 18:53:58,068 - DEBUG: initialized processor TopLevelSpanProcessor()
2022-10-31 18:53:58,068 - DEBUG: initialized processor SpanAggregator(_partial_flush_enabled=True, _partial_flush_min_spans=500, _trace_processors=[TraceTagsProcessor(), TraceSamplingProcessor(_compute_stats_enabled=False)], _writer=AgentWriter(status=<ServiceStatus.STOPPED: 'stopped'>, _interval=1.0))
2022-10-31 18:53:58,083 - INFO: patched 1/1 modules (logging)
2022-10-31 18:53:58,083 - DEBUG: initialized trace processor TraceTagsProcessor()
2022-10-31 18:53:58,084 - DEBUG: initialized trace processor TraceSamplingProcessor(_compute_stats_enabled=False)
2022-10-31 18:53:58,084 - DEBUG: initialized processor TopLevelSpanProcessor()
2022-10-31 18:53:58,084 - DEBUG: initialized processor SpanAggregator(_partial_flush_enabled=True, _partial_flush_min_spans=500, _trace_processors=[TraceTagsProcessor(), TraceSamplingProcessor(_compute_stats_enabled=False)], _writer=AgentWriter(status=<ServiceStatus.STOPPED: 'stopped'>, _interval=1.0))
2022-10-31 18:53:58,084 - DEBUG: initialized trace processor TraceTagsProcessor()
2022-10-31 18:53:58,084 - DEBUG: initialized trace processor TraceSamplingProcessor(_compute_stats_enabled=False)
2022-10-31 18:53:58,085 - DEBUG: initialized processor TopLevelSpanProcessor()
2022-10-31 18:53:58,085 - DEBUG: initialized processor SpanAggregator(_partial_flush_enabled=True, _partial_flush_min_spans=500, _trace_processors=[TraceTagsProcessor(), TraceSamplingProcessor(_compute_stats_enabled=False)], _writer=AgentWriter(status=<ServiceStatus.STOPPED: 'stopped'>, _interval=1.0))
2022-10-31 18:53:58,085 - INFO: Starting server
2022-10-31 18:53:58,165 - DEBUG: finishing span name='users_service.app.starting_log' id=16860639028062990965 trace_id=13247644076782387983 parent_id=None service='users-service' resource='resource_name' type=None start=1667253238.085651 end=None duration=0.0 error=0 tags={'_dd.p.dm': '-0', 'runtime-id': '56288105dbcb426cbddea7c67d465eb9'} metrics={'_dd.agent_psr': 1.0, '_dd.top_level': 1, '_dd.tracer_kr': 1.0, '_sampling_priority_v1': 1, 'system.pid': 8612} (enabled:True)
2022-10-31 18:53:58,181 - INFO: Started server process [8612]
2022-10-31 18:53:58,182 - INFO: Waiting for application startup.
2022-10-31 18:53:58,182 - INFO: Application startup complete.
2022-10-31 18:53:59,086 - DEBUG: creating new agent connection to unix:///var/run/datadog/apm.socket with timeout 2
2022-10-31 18:58:18,603 - DEBUG: <class 'ddtrace.internal.module.ModuleWatchdog'> installed
2022-10-31 18:58:18,813 - DEBUG: initialized RateSampler, sample 100.0% of traces
2022-10-31 18:58:18,813 - DEBUG: initialized DatadogSampler(agent_rates={}, limiter=RateLimiter(rate_limit=100, tokens=100, last_update_ns=1416339593000000, effective_rate=1.0), rules=[])
2022-10-31 18:58:18,813 - DEBUG: initialized RateSampler, sample 100.0% of traces
2022-10-31 18:58:18,813 - DEBUG: initialized trace processor TraceTagsProcessor()
2022-10-31 18:58:18,813 - DEBUG: initialized trace processor TraceSamplingProcessor(_compute_stats_enabled=False)
2022-10-31 18:58:18,813 - DEBUG: initialized processor TopLevelSpanProcessor()
2022-10-31 18:58:18,813 - DEBUG: initialized processor SpanAggregator(_partial_flush_enabled=True, _partial_flush_min_spans=500, _trace_processors=[TraceTagsProcessor(), TraceSamplingProcessor(_compute_stats_enabled=False)], _writer=AgentWriter(status=<ServiceStatus.STOPPED: 'stopped'>, _interval=1.0))
2022-10-31 18:58:18,846 - INFO: patched 1/1 modules (logging)
2022-10-31 18:58:18,846 - DEBUG: initialized trace processor TraceTagsProcessor()
2022-10-31 18:58:18,846 - DEBUG: initialized trace processor TraceSamplingProcessor(_compute_stats_enabled=False)
2022-10-31 18:58:18,846 - DEBUG: initialized processor TopLevelSpanProcessor()
2022-10-31 18:58:18,846 - DEBUG: initialized processor SpanAggregator(_partial_flush_enabled=True, _partial_flush_min_spans=500, _trace_processors=[TraceTagsProcessor(), TraceSamplingProcessor(_compute_stats_enabled=False)], _writer=AgentWriter(status=<ServiceStatus.STOPPED: 'stopped'>, _interval=1.0))
2022-10-31 18:58:18,846 - INFO: Starting server
2022-10-31 18:58:18,919 - DEBUG: finishing span name='users_service.app.starting_log' id=14405722960635109471 trace_id=13989216791842997363 parent_id=None service='users-service' resource='resource_name' type=None start=1667253498.8468704 end=None duration=0.0 error=0 tags={'_dd.p.dm': '-0', 'runtime-id': '34fecf9812b8492f92134e9242d02567'} metrics={'_dd.agent_psr': 1.0, '_dd.top_level': 1, '_dd.tracer_kr': 1.0, '_sampling_priority_v1': 1, 'system.pid': 5836} (enabled:True)
2022-10-31 18:58:18,919 - INFO: Started server process [5836]
2022-10-31 18:58:18,935 - INFO: Waiting for application startup.
2022-10-31 18:58:18,935 - INFO: Application startup complete.
2022-10-31 18:58:19,861 - DEBUG: creating new agent connection to http://localhost:8126 with timeout 2
2022-10-31 18:58:20,533 - DEBUG: sent 314B in 0.67200s to http://localhost:8126/v0.4/traces
2022-10-31 18:59:20,070 - DEBUG: sent 4553 in 1.14000s to http://localhost:8126/telemetry/proxy/api/v2/apmtelemetry. response: 202
2022-10-31 19:00:20,152 - DEBUG: sent 589 in 0.07800s to http://localhost:8126/telemetry/proxy/api/v2/apmtelemetry. response: 502
2022-10-31 19:00:20,153 - DEBUG: failed to send telemetry to the Datadog Agent at http://localhost:8126/telemetry/proxy/api/v2/apmtelemetry. response: 502
2022-10-31 19:01:21,382 - DEBUG: sent 589 in 1.23500s to http://localhost:8126/telemetry/proxy/api/v2/apmtelemetry. response: 202
2022-10-31 19:02:22,281 - DEBUG: sent 589 in 0.90600s to http://localhost:8126/telemetry/proxy/api/v2/apmtelemetry. response: 202
2022-10-31 19:03:22,311 - DEBUG: sent 589 in 0.01600s to http://localhost:8126/telemetry/proxy/api/v2/apmtelemetry. response: 502
2022-10-31 19:03:22,313 - DEBUG: failed to send telemetry to the Datadog Agent at http://localhost:8126/telemetry/proxy/api/v2/apmtelemetry. response: 502
2022-10-31 19:04:23,277 - DEBUG: sent 589 in 0.95300s to http://localhost:8126/telemetry/proxy/api/v2/apmtelemetry. response: 202
2022-10-31 19:04:52,868 - DEBUG: <class 'ddtrace.internal.module.ModuleWatchdog'> installed
2022-10-31 19:04:53,073 - DEBUG: initialized RateSampler, sample 100.0% of traces
2022-10-31 19:04:53,073 - DEBUG: initialized DatadogSampler(agent_rates={}, limiter=RateLimiter(rate_limit=100, tokens=100, last_update_ns=1416733843000000, effective_rate=1.0), rules=[])
2022-10-31 19:04:53,073 - DEBUG: initialized RateSampler, sample 100.0% of traces
2022-10-31 19:04:53,081 - DEBUG: initialized trace processor TraceTagsProcessor()
2022-10-31 19:04:53,081 - DEBUG: initialized trace processor TraceSamplingProcessor(_compute_stats_enabled=False)
2022-10-31 19:04:53,082 - DEBUG: initialized processor TopLevelSpanProcessor()
2022-10-31 19:04:53,082 - DEBUG: initialized processor SpanAggregator(_partial_flush_enabled=True, _partial_flush_min_spans=500, _trace_processors=[TraceTagsProcessor(), TraceSamplingProcessor(_compute_stats_enabled=False)], _writer=AgentWriter(status=<ServiceStatus.STOPPED: 'stopped'>, _interval=1.0))
2022-10-31 19:04:53,083 - DEBUG: initialized trace processor TraceTagsProcessor()
2022-10-31 19:04:53,083 - DEBUG: initialized trace processor TraceSamplingProcessor(_compute_stats_enabled=False)
2022-10-31 19:04:53,083 - DEBUG: initialized processor TopLevelSpanProcessor()
2022-10-31 19:04:53,083 - DEBUG: initialized processor SpanAggregator(_partial_flush_enabled=True, _partial_flush_min_spans=500, _trace_processors=[TraceTagsProcessor(), TraceSamplingProcessor(_compute_stats_enabled=False)], _writer=AgentWriter(status=<ServiceStatus.STOPPED: 'stopped'>, _interval=1.0))
2022-10-31 19:04:53,113 - INFO: patched 1/1 modules (logging)
2022-10-31 19:04:53,114 - DEBUG: initialized trace processor TraceTagsProcessor()
2022-10-31 19:04:53,114 - DEBUG: initialized trace processor TraceSamplingProcessor(_compute_stats_enabled=False)
2022-10-31 19:04:53,114 - DEBUG: initialized processor TopLevelSpanProcessor()
2022-10-31 19:04:53,114 - DEBUG: initialized processor SpanAggregator(_partial_flush_enabled=True, _partial_flush_min_spans=500, _trace_processors=[TraceTagsProcessor(), TraceSamplingProcessor(_compute_stats_enabled=False)], _writer=AgentWriter(status=<ServiceStatus.STOPPED: 'stopped'>, _interval=1.0))
2022-10-31 19:04:53,115 - INFO: Starting server
2022-10-31 19:04:53,183 - DEBUG: finishing span name='users_service.app.starting_log' id=13325817663609230065 trace_id=9609368747935207070 parent_id=None service='users-service' resource='resource_name' type=None start=1667253893.11553 end=None duration=0.0 error=0 tags={'_dd.p.dm': '-0', 'runtime-id': '082f780f19c7404db0848dddd5d0b010'} metrics={'_dd.agent_psr': 1.0, '_dd.top_level': 1, '_dd.tracer_kr': 1.0, '_sampling_priority_v1': 1, 'system.pid': 1792} (enabled:True)
2022-10-31 19:04:53,195 - INFO: Started server process [1792]
2022-10-31 19:04:53,195 - INFO: Waiting for application startup.
2022-10-31 19:04:53,195 - INFO: Application startup complete.
2022-10-31 19:04:54,116 - DEBUG: creating new agent connection to http://localhost:8126 with timeout 2
2022-10-31 19:04:54,133 - DEBUG: sent 314B in 0.01600s to http://localhost:8126/v0.4/traces
2022-10-31 19:04:54,135 - DEBUG: initialized RateSampler, sample 100% of traces
2022-10-31 19:04:54,135 - DEBUG: initialized RateSampler, sample 100% of traces
2022-10-31 19:05:09,316 - DEBUG: <class 'ddtrace.internal.module.ModuleWatchdog'> installed
2022-10-31 19:05:09,538 - DEBUG: initialized RateSampler, sample 100.0% of traces
2022-10-31 19:05:09,538 - DEBUG: initialized DatadogSampler(agent_rates={}, limiter=RateLimiter(rate_limit=100, tokens=100, last_update_ns=1416750312000000, effective_rate=1.0), rules=[])
2022-10-31 19:05:09,538 - DEBUG: initialized RateSampler, sample 100.0% of traces
2022-10-31 19:05:09,553 - DEBUG: initialized trace processor TraceTagsProcessor()
2022-10-31 19:05:09,553 - DEBUG: initialized trace processor TraceSamplingProcessor(_compute_stats_enabled=False)
2022-10-31 19:05:09,553 - DEBUG: initialized processor TopLevelSpanProcessor()
2022-10-31 19:05:09,553 - DEBUG: initialized processor SpanAggregator(_partial_flush_enabled=True, _partial_flush_min_spans=500, _trace_processors=[TraceTagsProcessor(), TraceSamplingProcessor(_compute_stats_enabled=False)], _writer=AgentWriter(status=<ServiceStatus.STOPPED: 'stopped'>, _interval=1.0))
2022-10-31 19:05:09,553 - DEBUG: initialized trace processor TraceTagsProcessor()
2022-10-31 19:05:09,553 - DEBUG: initialized trace processor TraceSamplingProcessor(_compute_stats_enabled=False)
2022-10-31 19:05:09,553 - DEBUG: initialized processor TopLevelSpanProcessor()
2022-10-31 19:05:09,553 - DEBUG: initialized processor SpanAggregator(_partial_flush_enabled=True, _partial_flush_min_spans=500, _trace_processors=[TraceTagsProcessor(), TraceSamplingProcessor(_compute_stats_enabled=False)], _writer=AgentWriter(status=<ServiceStatus.STOPPED: 'stopped'>, _interval=1.0))
2022-10-31 19:05:09,590 - INFO: patched 1/1 modules (logging)
2022-10-31 19:05:09,591 - INFO: Starting server
2022-10-31 19:05:09,611 - INFO: Started server process [6884]
2022-10-31 19:05:09,611 - INFO: Waiting for application startup.
2022-10-31 19:05:09,611 - INFO: Application startup complete.
2022-10-31 19:15:36,007 - ERROR: Exception in ASGI application
Traceback (most recent call last):
  File "C:\Users\Franco\AppData\Local\pypoetry\Cache\virtualenvs\users-service-XrYDwkUv-py3.9\lib\site-packages\uvicorn\protocols\http\h11_impl.py", line 404, in run_asgi
    result = await app(  # type: ignore[func-returns-value]
  File "C:\Users\Franco\AppData\Local\pypoetry\Cache\virtualenvs\users-service-XrYDwkUv-py3.9\lib\site-packages\uvicorn\middleware\proxy_headers.py", line 78, in __call__
    return await self.app(scope, receive, send)
  File "C:\Users\Franco\AppData\Local\pypoetry\Cache\virtualenvs\users-service-XrYDwkUv-py3.9\lib\site-packages\fastapi\applications.py", line 269, in __call__
    await super().__call__(scope, receive, send)
  File "C:\Users\Franco\AppData\Local\pypoetry\Cache\virtualenvs\users-service-XrYDwkUv-py3.9\lib\site-packages\starlette\applications.py", line 124, in __call__
    await self.middleware_stack(scope, receive, send)
  File "C:\Users\Franco\AppData\Local\pypoetry\Cache\virtualenvs\users-service-XrYDwkUv-py3.9\lib\site-packages\starlette\middleware\errors.py", line 184, in __call__
    raise exc
  File "C:\Users\Franco\AppData\Local\pypoetry\Cache\virtualenvs\users-service-XrYDwkUv-py3.9\lib\site-packages\starlette\middleware\errors.py", line 162, in __call__
    await self.app(scope, receive, _send)
  File "C:\Users\Franco\AppData\Local\pypoetry\Cache\virtualenvs\users-service-XrYDwkUv-py3.9\lib\site-packages\starlette\middleware\cors.py", line 84, in __call__
    await self.app(scope, receive, send)
  File "C:\Users\Franco\AppData\Local\pypoetry\Cache\virtualenvs\users-service-XrYDwkUv-py3.9\lib\site-packages\starlette\exceptions.py", line 93, in __call__
    raise exc
  File "C:\Users\Franco\AppData\Local\pypoetry\Cache\virtualenvs\users-service-XrYDwkUv-py3.9\lib\site-packages\starlette\exceptions.py", line 82, in __call__
    await self.app(scope, receive, sender)
  File "C:\Users\Franco\AppData\Local\pypoetry\Cache\virtualenvs\users-service-XrYDwkUv-py3.9\lib\site-packages\fastapi\middleware\asyncexitstack.py", line 21, in __call__
    raise e
  File "C:\Users\Franco\AppData\Local\pypoetry\Cache\virtualenvs\users-service-XrYDwkUv-py3.9\lib\site-packages\fastapi\middleware\asyncexitstack.py", line 18, in __call__
    await self.app(scope, receive, send)
  File "C:\Users\Franco\AppData\Local\pypoetry\Cache\virtualenvs\users-service-XrYDwkUv-py3.9\lib\site-packages\starlette\routing.py", line 670, in __call__
    await route.handle(scope, receive, send)
  File "C:\Users\Franco\AppData\Local\pypoetry\Cache\virtualenvs\users-service-XrYDwkUv-py3.9\lib\site-packages\starlette\routing.py", line 266, in handle
    await self.app(scope, receive, send)
  File "C:\Users\Franco\AppData\Local\pypoetry\Cache\virtualenvs\users-service-XrYDwkUv-py3.9\lib\site-packages\starlette\routing.py", line 65, in app
    response = await func(request)
  File "C:\Users\Franco\AppData\Local\pypoetry\Cache\virtualenvs\users-service-XrYDwkUv-py3.9\lib\site-packages\fastapi\routing.py", line 221, in app
    solved_result = await solve_dependencies(
  File "C:\Users\Franco\AppData\Local\pypoetry\Cache\virtualenvs\users-service-XrYDwkUv-py3.9\lib\site-packages\fastapi\dependencies\utils.py", line 528, in solve_dependencies
    solved = await solve_generator(
  File "C:\Users\Franco\AppData\Local\pypoetry\Cache\virtualenvs\users-service-XrYDwkUv-py3.9\lib\site-packages\fastapi\dependencies\utils.py", line 453, in solve_generator
    return await stack.enter_async_context(cm)
  File "C:\Users\Franco\AppData\Local\Programs\Python\Python39\lib\contextlib.py", line 575, in enter_async_context
    result = await _cm_type.__aenter__(cm)
  File "C:\Users\Franco\AppData\Local\Programs\Python\Python39\lib\contextlib.py", line 181, in __aenter__
    return await self.gen.__anext__()
  File "C:\Users\Franco\AppData\Local\pypoetry\Cache\virtualenvs\users-service-XrYDwkUv-py3.9\lib\site-packages\fastapi\concurrency.py", line 43, in contextmanager_in_threadpool
    raise e
  File "C:\Users\Franco\AppData\Local\Programs\Python\Python39\lib\contextlib.py", line 137, in __exit__
    self.gen.throw(typ, value, traceback)
NameError: name 'SessionLocal' is not defined
2022-10-31 19:15:44,464 - INFO: Shutting down
2022-10-31 19:16:37,285 - DEBUG: <class 'ddtrace.internal.module.ModuleWatchdog'> installed
2022-10-31 19:16:37,535 - DEBUG: initialized RateSampler, sample 100.0% of traces
2022-10-31 19:16:37,551 - DEBUG: initialized DatadogSampler(agent_rates={}, limiter=RateLimiter(rate_limit=100, tokens=100, last_update_ns=1417438328000000, effective_rate=1.0), rules=[])
2022-10-31 19:16:37,551 - DEBUG: initialized RateSampler, sample 100.0% of traces
2022-10-31 19:16:37,551 - DEBUG: initialized trace processor TraceTagsProcessor()
2022-10-31 19:16:37,551 - DEBUG: initialized trace processor TraceSamplingProcessor(_compute_stats_enabled=False)
2022-10-31 19:16:37,551 - DEBUG: initialized processor TopLevelSpanProcessor()
2022-10-31 19:16:37,551 - DEBUG: initialized processor SpanAggregator(_partial_flush_enabled=True, _partial_flush_min_spans=500, _trace_processors=[TraceTagsProcessor(), TraceSamplingProcessor(_compute_stats_enabled=False)], _writer=AgentWriter(status=<ServiceStatus.STOPPED: 'stopped'>, _interval=1.0))
2022-10-31 19:16:37,551 - DEBUG: initialized trace processor TraceTagsProcessor()
2022-10-31 19:16:37,551 - DEBUG: initialized trace processor TraceSamplingProcessor(_compute_stats_enabled=False)
2022-10-31 19:16:37,551 - DEBUG: initialized processor TopLevelSpanProcessor()
2022-10-31 19:16:37,551 - DEBUG: initialized processor SpanAggregator(_partial_flush_enabled=True, _partial_flush_min_spans=500, _trace_processors=[TraceTagsProcessor(), TraceSamplingProcessor(_compute_stats_enabled=False)], _writer=AgentWriter(status=<ServiceStatus.STOPPED: 'stopped'>, _interval=1.0))
2022-10-31 19:16:37,588 - INFO: patched 1/1 modules (logging)
2022-10-31 19:16:37,589 - INFO: Starting server
2022-10-31 19:16:37,592 - INFO: Started server process [3380]
2022-10-31 19:16:37,592 - INFO: Waiting for application startup.
2022-10-31 19:16:37,592 - INFO: Application startup complete.
2022-10-31 19:16:50,011 - ERROR: Exception in ASGI application
Traceback (most recent call last):
  File "C:\Users\Franco\AppData\Local\pypoetry\Cache\virtualenvs\users-service-XrYDwkUv-py3.9\lib\site-packages\uvicorn\protocols\http\h11_impl.py", line 404, in run_asgi
    result = await app(  # type: ignore[func-returns-value]
  File "C:\Users\Franco\AppData\Local\pypoetry\Cache\virtualenvs\users-service-XrYDwkUv-py3.9\lib\site-packages\uvicorn\middleware\proxy_headers.py", line 78, in __call__
    return await self.app(scope, receive, send)
  File "C:\Users\Franco\AppData\Local\pypoetry\Cache\virtualenvs\users-service-XrYDwkUv-py3.9\lib\site-packages\fastapi\applications.py", line 269, in __call__
    await super().__call__(scope, receive, send)
  File "C:\Users\Franco\AppData\Local\pypoetry\Cache\virtualenvs\users-service-XrYDwkUv-py3.9\lib\site-packages\starlette\applications.py", line 124, in __call__
    await self.middleware_stack(scope, receive, send)
  File "C:\Users\Franco\AppData\Local\pypoetry\Cache\virtualenvs\users-service-XrYDwkUv-py3.9\lib\site-packages\starlette\middleware\errors.py", line 184, in __call__
    raise exc
  File "C:\Users\Franco\AppData\Local\pypoetry\Cache\virtualenvs\users-service-XrYDwkUv-py3.9\lib\site-packages\starlette\middleware\errors.py", line 162, in __call__
    await self.app(scope, receive, _send)
  File "C:\Users\Franco\AppData\Local\pypoetry\Cache\virtualenvs\users-service-XrYDwkUv-py3.9\lib\site-packages\starlette\middleware\cors.py", line 84, in __call__
    await self.app(scope, receive, send)
  File "C:\Users\Franco\AppData\Local\pypoetry\Cache\virtualenvs\users-service-XrYDwkUv-py3.9\lib\site-packages\starlette\exceptions.py", line 93, in __call__
    raise exc
  File "C:\Users\Franco\AppData\Local\pypoetry\Cache\virtualenvs\users-service-XrYDwkUv-py3.9\lib\site-packages\starlette\exceptions.py", line 82, in __call__
    await self.app(scope, receive, sender)
  File "C:\Users\Franco\AppData\Local\pypoetry\Cache\virtualenvs\users-service-XrYDwkUv-py3.9\lib\site-packages\fastapi\middleware\asyncexitstack.py", line 21, in __call__
    raise e
  File "C:\Users\Franco\AppData\Local\pypoetry\Cache\virtualenvs\users-service-XrYDwkUv-py3.9\lib\site-packages\fastapi\middleware\asyncexitstack.py", line 18, in __call__
    await self.app(scope, receive, send)
  File "C:\Users\Franco\AppData\Local\pypoetry\Cache\virtualenvs\users-service-XrYDwkUv-py3.9\lib\site-packages\starlette\routing.py", line 670, in __call__
    await route.handle(scope, receive, send)
  File "C:\Users\Franco\AppData\Local\pypoetry\Cache\virtualenvs\users-service-XrYDwkUv-py3.9\lib\site-packages\starlette\routing.py", line 266, in handle
    await self.app(scope, receive, send)
  File "C:\Users\Franco\AppData\Local\pypoetry\Cache\virtualenvs\users-service-XrYDwkUv-py3.9\lib\site-packages\starlette\routing.py", line 65, in app
    response = await func(request)
  File "C:\Users\Franco\AppData\Local\pypoetry\Cache\virtualenvs\users-service-XrYDwkUv-py3.9\lib\site-packages\fastapi\routing.py", line 221, in app
    solved_result = await solve_dependencies(
  File "C:\Users\Franco\AppData\Local\pypoetry\Cache\virtualenvs\users-service-XrYDwkUv-py3.9\lib\site-packages\fastapi\dependencies\utils.py", line 528, in solve_dependencies
    solved = await solve_generator(
  File "C:\Users\Franco\AppData\Local\pypoetry\Cache\virtualenvs\users-service-XrYDwkUv-py3.9\lib\site-packages\fastapi\dependencies\utils.py", line 453, in solve_generator
    return await stack.enter_async_context(cm)
  File "C:\Users\Franco\AppData\Local\Programs\Python\Python39\lib\contextlib.py", line 575, in enter_async_context
    result = await _cm_type.__aenter__(cm)
  File "C:\Users\Franco\AppData\Local\Programs\Python\Python39\lib\contextlib.py", line 181, in __aenter__
    return await self.gen.__anext__()
  File "C:\Users\Franco\AppData\Local\pypoetry\Cache\virtualenvs\users-service-XrYDwkUv-py3.9\lib\site-packages\fastapi\concurrency.py", line 43, in contextmanager_in_threadpool
    raise e
  File "C:\Users\Franco\AppData\Local\Programs\Python\Python39\lib\contextlib.py", line 137, in __exit__
    self.gen.throw(typ, value, traceback)
NameError: name 'SessionLocal' is not defined
2022-10-31 19:17:09,879 - ERROR: Exception in ASGI application
Traceback (most recent call last):
  File "C:\Users\Franco\AppData\Local\pypoetry\Cache\virtualenvs\users-service-XrYDwkUv-py3.9\lib\site-packages\uvicorn\protocols\http\h11_impl.py", line 404, in run_asgi
    result = await app(  # type: ignore[func-returns-value]
  File "C:\Users\Franco\AppData\Local\pypoetry\Cache\virtualenvs\users-service-XrYDwkUv-py3.9\lib\site-packages\uvicorn\middleware\proxy_headers.py", line 78, in __call__
    return await self.app(scope, receive, send)
  File "C:\Users\Franco\AppData\Local\pypoetry\Cache\virtualenvs\users-service-XrYDwkUv-py3.9\lib\site-packages\fastapi\applications.py", line 269, in __call__
    await super().__call__(scope, receive, send)
  File "C:\Users\Franco\AppData\Local\pypoetry\Cache\virtualenvs\users-service-XrYDwkUv-py3.9\lib\site-packages\starlette\applications.py", line 124, in __call__
    await self.middleware_stack(scope, receive, send)
  File "C:\Users\Franco\AppData\Local\pypoetry\Cache\virtualenvs\users-service-XrYDwkUv-py3.9\lib\site-packages\starlette\middleware\errors.py", line 184, in __call__
    raise exc
  File "C:\Users\Franco\AppData\Local\pypoetry\Cache\virtualenvs\users-service-XrYDwkUv-py3.9\lib\site-packages\starlette\middleware\errors.py", line 162, in __call__
    await self.app(scope, receive, _send)
  File "C:\Users\Franco\AppData\Local\pypoetry\Cache\virtualenvs\users-service-XrYDwkUv-py3.9\lib\site-packages\starlette\middleware\cors.py", line 84, in __call__
    await self.app(scope, receive, send)
  File "C:\Users\Franco\AppData\Local\pypoetry\Cache\virtualenvs\users-service-XrYDwkUv-py3.9\lib\site-packages\starlette\exceptions.py", line 93, in __call__
    raise exc
  File "C:\Users\Franco\AppData\Local\pypoetry\Cache\virtualenvs\users-service-XrYDwkUv-py3.9\lib\site-packages\starlette\exceptions.py", line 82, in __call__
    await self.app(scope, receive, sender)
  File "C:\Users\Franco\AppData\Local\pypoetry\Cache\virtualenvs\users-service-XrYDwkUv-py3.9\lib\site-packages\fastapi\middleware\asyncexitstack.py", line 21, in __call__
    raise e
  File "C:\Users\Franco\AppData\Local\pypoetry\Cache\virtualenvs\users-service-XrYDwkUv-py3.9\lib\site-packages\fastapi\middleware\asyncexitstack.py", line 18, in __call__
    await self.app(scope, receive, send)
  File "C:\Users\Franco\AppData\Local\pypoetry\Cache\virtualenvs\users-service-XrYDwkUv-py3.9\lib\site-packages\starlette\routing.py", line 670, in __call__
    await route.handle(scope, receive, send)
  File "C:\Users\Franco\AppData\Local\pypoetry\Cache\virtualenvs\users-service-XrYDwkUv-py3.9\lib\site-packages\starlette\routing.py", line 266, in handle
    await self.app(scope, receive, send)
  File "C:\Users\Franco\AppData\Local\pypoetry\Cache\virtualenvs\users-service-XrYDwkUv-py3.9\lib\site-packages\starlette\routing.py", line 65, in app
    response = await func(request)
  File "C:\Users\Franco\AppData\Local\pypoetry\Cache\virtualenvs\users-service-XrYDwkUv-py3.9\lib\site-packages\fastapi\routing.py", line 221, in app
    solved_result = await solve_dependencies(
  File "C:\Users\Franco\AppData\Local\pypoetry\Cache\virtualenvs\users-service-XrYDwkUv-py3.9\lib\site-packages\fastapi\dependencies\utils.py", line 528, in solve_dependencies
    solved = await solve_generator(
  File "C:\Users\Franco\AppData\Local\pypoetry\Cache\virtualenvs\users-service-XrYDwkUv-py3.9\lib\site-packages\fastapi\dependencies\utils.py", line 453, in solve_generator
    return await stack.enter_async_context(cm)
  File "C:\Users\Franco\AppData\Local\Programs\Python\Python39\lib\contextlib.py", line 575, in enter_async_context
    result = await _cm_type.__aenter__(cm)
  File "C:\Users\Franco\AppData\Local\Programs\Python\Python39\lib\contextlib.py", line 181, in __aenter__
    return await self.gen.__anext__()
  File "C:\Users\Franco\AppData\Local\pypoetry\Cache\virtualenvs\users-service-XrYDwkUv-py3.9\lib\site-packages\fastapi\concurrency.py", line 43, in contextmanager_in_threadpool
    raise e
  File "C:\Users\Franco\AppData\Local\Programs\Python\Python39\lib\contextlib.py", line 137, in __exit__
    self.gen.throw(typ, value, traceback)
NameError: name 'SessionLocal' is not defined
2022-10-31 19:17:16,468 - ERROR: Exception in ASGI application
Traceback (most recent call last):
  File "C:\Users\Franco\AppData\Local\pypoetry\Cache\virtualenvs\users-service-XrYDwkUv-py3.9\lib\site-packages\uvicorn\protocols\http\h11_impl.py", line 404, in run_asgi
    result = await app(  # type: ignore[func-returns-value]
  File "C:\Users\Franco\AppData\Local\pypoetry\Cache\virtualenvs\users-service-XrYDwkUv-py3.9\lib\site-packages\uvicorn\middleware\proxy_headers.py", line 78, in __call__
    return await self.app(scope, receive, send)
  File "C:\Users\Franco\AppData\Local\pypoetry\Cache\virtualenvs\users-service-XrYDwkUv-py3.9\lib\site-packages\fastapi\applications.py", line 269, in __call__
    await super().__call__(scope, receive, send)
  File "C:\Users\Franco\AppData\Local\pypoetry\Cache\virtualenvs\users-service-XrYDwkUv-py3.9\lib\site-packages\starlette\applications.py", line 124, in __call__
    await self.middleware_stack(scope, receive, send)
  File "C:\Users\Franco\AppData\Local\pypoetry\Cache\virtualenvs\users-service-XrYDwkUv-py3.9\lib\site-packages\starlette\middleware\errors.py", line 184, in __call__
    raise exc
  File "C:\Users\Franco\AppData\Local\pypoetry\Cache\virtualenvs\users-service-XrYDwkUv-py3.9\lib\site-packages\starlette\middleware\errors.py", line 162, in __call__
    await self.app(scope, receive, _send)
  File "C:\Users\Franco\AppData\Local\pypoetry\Cache\virtualenvs\users-service-XrYDwkUv-py3.9\lib\site-packages\starlette\middleware\cors.py", line 84, in __call__
    await self.app(scope, receive, send)
  File "C:\Users\Franco\AppData\Local\pypoetry\Cache\virtualenvs\users-service-XrYDwkUv-py3.9\lib\site-packages\starlette\exceptions.py", line 93, in __call__
    raise exc
  File "C:\Users\Franco\AppData\Local\pypoetry\Cache\virtualenvs\users-service-XrYDwkUv-py3.9\lib\site-packages\starlette\exceptions.py", line 82, in __call__
    await self.app(scope, receive, sender)
  File "C:\Users\Franco\AppData\Local\pypoetry\Cache\virtualenvs\users-service-XrYDwkUv-py3.9\lib\site-packages\fastapi\middleware\asyncexitstack.py", line 21, in __call__
    raise e
  File "C:\Users\Franco\AppData\Local\pypoetry\Cache\virtualenvs\users-service-XrYDwkUv-py3.9\lib\site-packages\fastapi\middleware\asyncexitstack.py", line 18, in __call__
    await self.app(scope, receive, send)
  File "C:\Users\Franco\AppData\Local\pypoetry\Cache\virtualenvs\users-service-XrYDwkUv-py3.9\lib\site-packages\starlette\routing.py", line 670, in __call__
    await route.handle(scope, receive, send)
  File "C:\Users\Franco\AppData\Local\pypoetry\Cache\virtualenvs\users-service-XrYDwkUv-py3.9\lib\site-packages\starlette\routing.py", line 266, in handle
    await self.app(scope, receive, send)
  File "C:\Users\Franco\AppData\Local\pypoetry\Cache\virtualenvs\users-service-XrYDwkUv-py3.9\lib\site-packages\starlette\routing.py", line 65, in app
    response = await func(request)
  File "C:\Users\Franco\AppData\Local\pypoetry\Cache\virtualenvs\users-service-XrYDwkUv-py3.9\lib\site-packages\fastapi\routing.py", line 221, in app
    solved_result = await solve_dependencies(
  File "C:\Users\Franco\AppData\Local\pypoetry\Cache\virtualenvs\users-service-XrYDwkUv-py3.9\lib\site-packages\fastapi\dependencies\utils.py", line 528, in solve_dependencies
    solved = await solve_generator(
  File "C:\Users\Franco\AppData\Local\pypoetry\Cache\virtualenvs\users-service-XrYDwkUv-py3.9\lib\site-packages\fastapi\dependencies\utils.py", line 453, in solve_generator
    return await stack.enter_async_context(cm)
  File "C:\Users\Franco\AppData\Local\Programs\Python\Python39\lib\contextlib.py", line 575, in enter_async_context
    result = await _cm_type.__aenter__(cm)
  File "C:\Users\Franco\AppData\Local\Programs\Python\Python39\lib\contextlib.py", line 181, in __aenter__
    return await self.gen.__anext__()
  File "C:\Users\Franco\AppData\Local\pypoetry\Cache\virtualenvs\users-service-XrYDwkUv-py3.9\lib\site-packages\fastapi\concurrency.py", line 43, in contextmanager_in_threadpool
    raise e
  File "C:\Users\Franco\AppData\Local\Programs\Python\Python39\lib\contextlib.py", line 137, in __exit__
    self.gen.throw(typ, value, traceback)
NameError: name 'SessionLocal' is not defined
2022-10-31 19:17:44,145 - INFO: Shutting down
2022-10-31 19:17:44,249 - INFO: Waiting for application shutdown.
2022-10-31 19:17:44,249 - INFO: Application shutdown complete.
2022-10-31 19:17:44,249 - INFO: Finished server process [3380]
2022-10-31 19:18:25,526 - DEBUG: <class 'ddtrace.internal.module.ModuleWatchdog'> installed
2022-10-31 19:18:25,757 - DEBUG: initialized RateSampler, sample 100.0% of traces
2022-10-31 19:18:25,757 - DEBUG: initialized DatadogSampler(agent_rates={}, limiter=RateLimiter(rate_limit=100, tokens=100, last_update_ns=1417546531000000, effective_rate=1.0), rules=[])
2022-10-31 19:18:25,757 - DEBUG: initialized RateSampler, sample 100.0% of traces
2022-10-31 19:18:25,757 - DEBUG: initialized trace processor TraceTagsProcessor()
2022-10-31 19:18:25,757 - DEBUG: initialized trace processor TraceSamplingProcessor(_compute_stats_enabled=False)
2022-10-31 19:18:25,757 - DEBUG: initialized processor TopLevelSpanProcessor()
2022-10-31 19:18:25,757 - DEBUG: initialized processor SpanAggregator(_partial_flush_enabled=True, _partial_flush_min_spans=500, _trace_processors=[TraceTagsProcessor(), TraceSamplingProcessor(_compute_stats_enabled=False)], _writer=AgentWriter(status=<ServiceStatus.STOPPED: 'stopped'>, _interval=1.0))
2022-10-31 19:18:25,757 - DEBUG: initialized trace processor TraceTagsProcessor()
2022-10-31 19:18:25,757 - DEBUG: initialized trace processor TraceSamplingProcessor(_compute_stats_enabled=False)
2022-10-31 19:18:25,757 - DEBUG: initialized processor TopLevelSpanProcessor()
2022-10-31 19:18:25,757 - DEBUG: initialized processor SpanAggregator(_partial_flush_enabled=True, _partial_flush_min_spans=500, _trace_processors=[TraceTagsProcessor(), TraceSamplingProcessor(_compute_stats_enabled=False)], _writer=AgentWriter(status=<ServiceStatus.STOPPED: 'stopped'>, _interval=1.0))
2022-10-31 19:18:25,803 - INFO: patched 1/1 modules (logging)
2022-10-31 19:18:25,803 - INFO: Starting server
2022-10-31 19:18:25,803 - INFO: Started server process [6412]
2022-10-31 19:18:25,803 - INFO: Waiting for application startup.
2022-10-31 19:18:25,803 - INFO: Application startup complete.
2022-10-31 19:18:33,380 - ERROR: Exception in ASGI application
Traceback (most recent call last):
  File "C:\Users\Franco\AppData\Local\pypoetry\Cache\virtualenvs\users-service-XrYDwkUv-py3.9\lib\site-packages\uvicorn\protocols\http\h11_impl.py", line 404, in run_asgi
    result = await app(  # type: ignore[func-returns-value]
  File "C:\Users\Franco\AppData\Local\pypoetry\Cache\virtualenvs\users-service-XrYDwkUv-py3.9\lib\site-packages\uvicorn\middleware\proxy_headers.py", line 78, in __call__
    return await self.app(scope, receive, send)
  File "C:\Users\Franco\AppData\Local\pypoetry\Cache\virtualenvs\users-service-XrYDwkUv-py3.9\lib\site-packages\fastapi\applications.py", line 269, in __call__
    await super().__call__(scope, receive, send)
  File "C:\Users\Franco\AppData\Local\pypoetry\Cache\virtualenvs\users-service-XrYDwkUv-py3.9\lib\site-packages\starlette\applications.py", line 124, in __call__
    await self.middleware_stack(scope, receive, send)
  File "C:\Users\Franco\AppData\Local\pypoetry\Cache\virtualenvs\users-service-XrYDwkUv-py3.9\lib\site-packages\starlette\middleware\errors.py", line 184, in __call__
    raise exc
  File "C:\Users\Franco\AppData\Local\pypoetry\Cache\virtualenvs\users-service-XrYDwkUv-py3.9\lib\site-packages\starlette\middleware\errors.py", line 162, in __call__
    await self.app(scope, receive, _send)
  File "C:\Users\Franco\AppData\Local\pypoetry\Cache\virtualenvs\users-service-XrYDwkUv-py3.9\lib\site-packages\starlette\middleware\cors.py", line 84, in __call__
    await self.app(scope, receive, send)
  File "C:\Users\Franco\AppData\Local\pypoetry\Cache\virtualenvs\users-service-XrYDwkUv-py3.9\lib\site-packages\starlette\exceptions.py", line 93, in __call__
    raise exc
  File "C:\Users\Franco\AppData\Local\pypoetry\Cache\virtualenvs\users-service-XrYDwkUv-py3.9\lib\site-packages\starlette\exceptions.py", line 82, in __call__
    await self.app(scope, receive, sender)
  File "C:\Users\Franco\AppData\Local\pypoetry\Cache\virtualenvs\users-service-XrYDwkUv-py3.9\lib\site-packages\fastapi\middleware\asyncexitstack.py", line 21, in __call__
    raise e
  File "C:\Users\Franco\AppData\Local\pypoetry\Cache\virtualenvs\users-service-XrYDwkUv-py3.9\lib\site-packages\fastapi\middleware\asyncexitstack.py", line 18, in __call__
    await self.app(scope, receive, send)
  File "C:\Users\Franco\AppData\Local\pypoetry\Cache\virtualenvs\users-service-XrYDwkUv-py3.9\lib\site-packages\starlette\routing.py", line 670, in __call__
    await route.handle(scope, receive, send)
  File "C:\Users\Franco\AppData\Local\pypoetry\Cache\virtualenvs\users-service-XrYDwkUv-py3.9\lib\site-packages\starlette\routing.py", line 266, in handle
    await self.app(scope, receive, send)
  File "C:\Users\Franco\AppData\Local\pypoetry\Cache\virtualenvs\users-service-XrYDwkUv-py3.9\lib\site-packages\starlette\routing.py", line 65, in app
    response = await func(request)
  File "C:\Users\Franco\AppData\Local\pypoetry\Cache\virtualenvs\users-service-XrYDwkUv-py3.9\lib\site-packages\fastapi\routing.py", line 221, in app
    solved_result = await solve_dependencies(
  File "C:\Users\Franco\AppData\Local\pypoetry\Cache\virtualenvs\users-service-XrYDwkUv-py3.9\lib\site-packages\fastapi\dependencies\utils.py", line 528, in solve_dependencies
    solved = await solve_generator(
  File "C:\Users\Franco\AppData\Local\pypoetry\Cache\virtualenvs\users-service-XrYDwkUv-py3.9\lib\site-packages\fastapi\dependencies\utils.py", line 453, in solve_generator
    return await stack.enter_async_context(cm)
  File "C:\Users\Franco\AppData\Local\Programs\Python\Python39\lib\contextlib.py", line 575, in enter_async_context
    result = await _cm_type.__aenter__(cm)
  File "C:\Users\Franco\AppData\Local\Programs\Python\Python39\lib\contextlib.py", line 181, in __aenter__
    return await self.gen.__anext__()
  File "C:\Users\Franco\AppData\Local\pypoetry\Cache\virtualenvs\users-service-XrYDwkUv-py3.9\lib\site-packages\fastapi\concurrency.py", line 43, in contextmanager_in_threadpool
    raise e
  File "C:\Users\Franco\AppData\Local\Programs\Python\Python39\lib\contextlib.py", line 137, in __exit__
    self.gen.throw(typ, value, traceback)
NameError: name 'SessionLocal' is not defined
2022-10-31 19:18:43,166 - INFO: Shutting down
2022-10-31 19:29:41,318 - DEBUG: <class 'ddtrace.internal.module.ModuleWatchdog'> installed
2022-10-31 19:29:41,636 - DEBUG: initialized RateSampler, sample 100.0% of traces
2022-10-31 19:29:41,636 - DEBUG: initialized DatadogSampler(agent_rates={}, limiter=RateLimiter(rate_limit=100, tokens=100, last_update_ns=1418222406000000, effective_rate=1.0), rules=[])
2022-10-31 19:29:41,636 - DEBUG: initialized RateSampler, sample 100.0% of traces
2022-10-31 19:29:41,644 - DEBUG: initialized trace processor TraceTagsProcessor()
2022-10-31 19:29:41,644 - DEBUG: initialized trace processor TraceSamplingProcessor(_compute_stats_enabled=False)
2022-10-31 19:29:41,644 - DEBUG: initialized processor TopLevelSpanProcessor()
2022-10-31 19:29:41,644 - DEBUG: initialized processor SpanAggregator(_partial_flush_enabled=True, _partial_flush_min_spans=500, _trace_processors=[TraceTagsProcessor(), TraceSamplingProcessor(_compute_stats_enabled=False)], _writer=AgentWriter(status=<ServiceStatus.STOPPED: 'stopped'>, _interval=1.0))
2022-10-31 19:29:41,644 - DEBUG: initialized trace processor TraceTagsProcessor()
2022-10-31 19:29:41,644 - DEBUG: initialized trace processor TraceSamplingProcessor(_compute_stats_enabled=False)
2022-10-31 19:29:41,644 - DEBUG: initialized processor TopLevelSpanProcessor()
2022-10-31 19:29:41,644 - DEBUG: initialized processor SpanAggregator(_partial_flush_enabled=True, _partial_flush_min_spans=500, _trace_processors=[TraceTagsProcessor(), TraceSamplingProcessor(_compute_stats_enabled=False)], _writer=AgentWriter(status=<ServiceStatus.STOPPED: 'stopped'>, _interval=1.0))
2022-10-31 19:29:41,678 - INFO: patched 1/1 modules (logging)
2022-10-31 19:29:41,678 - INFO: Starting server
2022-10-31 19:29:41,686 - INFO: Started server process [3600]
2022-10-31 19:29:41,694 - INFO: Waiting for application startup.
2022-10-31 19:29:41,694 - INFO: Application startup complete.
2022-10-31 19:29:51,722 - ERROR: Exception in ASGI application
Traceback (most recent call last):
  File "C:\Users\Franco\AppData\Local\pypoetry\Cache\virtualenvs\users-service-XrYDwkUv-py3.9\lib\site-packages\uvicorn\protocols\http\h11_impl.py", line 404, in run_asgi
    result = await app(  # type: ignore[func-returns-value]
  File "C:\Users\Franco\AppData\Local\pypoetry\Cache\virtualenvs\users-service-XrYDwkUv-py3.9\lib\site-packages\uvicorn\middleware\proxy_headers.py", line 78, in __call__
    return await self.app(scope, receive, send)
  File "C:\Users\Franco\AppData\Local\pypoetry\Cache\virtualenvs\users-service-XrYDwkUv-py3.9\lib\site-packages\fastapi\applications.py", line 269, in __call__
    await super().__call__(scope, receive, send)
  File "C:\Users\Franco\AppData\Local\pypoetry\Cache\virtualenvs\users-service-XrYDwkUv-py3.9\lib\site-packages\starlette\applications.py", line 124, in __call__
    await self.middleware_stack(scope, receive, send)
  File "C:\Users\Franco\AppData\Local\pypoetry\Cache\virtualenvs\users-service-XrYDwkUv-py3.9\lib\site-packages\starlette\middleware\errors.py", line 184, in __call__
    raise exc
  File "C:\Users\Franco\AppData\Local\pypoetry\Cache\virtualenvs\users-service-XrYDwkUv-py3.9\lib\site-packages\starlette\middleware\errors.py", line 162, in __call__
    await self.app(scope, receive, _send)
  File "C:\Users\Franco\AppData\Local\pypoetry\Cache\virtualenvs\users-service-XrYDwkUv-py3.9\lib\site-packages\starlette\middleware\cors.py", line 84, in __call__
    await self.app(scope, receive, send)
  File "C:\Users\Franco\AppData\Local\pypoetry\Cache\virtualenvs\users-service-XrYDwkUv-py3.9\lib\site-packages\starlette\exceptions.py", line 93, in __call__
    raise exc
  File "C:\Users\Franco\AppData\Local\pypoetry\Cache\virtualenvs\users-service-XrYDwkUv-py3.9\lib\site-packages\starlette\exceptions.py", line 82, in __call__
    await self.app(scope, receive, sender)
  File "C:\Users\Franco\AppData\Local\pypoetry\Cache\virtualenvs\users-service-XrYDwkUv-py3.9\lib\site-packages\fastapi\middleware\asyncexitstack.py", line 21, in __call__
    raise e
  File "C:\Users\Franco\AppData\Local\pypoetry\Cache\virtualenvs\users-service-XrYDwkUv-py3.9\lib\site-packages\fastapi\middleware\asyncexitstack.py", line 18, in __call__
    await self.app(scope, receive, send)
  File "C:\Users\Franco\AppData\Local\pypoetry\Cache\virtualenvs\users-service-XrYDwkUv-py3.9\lib\site-packages\starlette\routing.py", line 670, in __call__
    await route.handle(scope, receive, send)
  File "C:\Users\Franco\AppData\Local\pypoetry\Cache\virtualenvs\users-service-XrYDwkUv-py3.9\lib\site-packages\starlette\routing.py", line 266, in handle
    await self.app(scope, receive, send)
  File "C:\Users\Franco\AppData\Local\pypoetry\Cache\virtualenvs\users-service-XrYDwkUv-py3.9\lib\site-packages\starlette\routing.py", line 65, in app
    response = await func(request)
  File "C:\Users\Franco\AppData\Local\pypoetry\Cache\virtualenvs\users-service-XrYDwkUv-py3.9\lib\site-packages\fastapi\routing.py", line 221, in app
    solved_result = await solve_dependencies(
  File "C:\Users\Franco\AppData\Local\pypoetry\Cache\virtualenvs\users-service-XrYDwkUv-py3.9\lib\site-packages\fastapi\dependencies\utils.py", line 528, in solve_dependencies
    solved = await solve_generator(
  File "C:\Users\Franco\AppData\Local\pypoetry\Cache\virtualenvs\users-service-XrYDwkUv-py3.9\lib\site-packages\fastapi\dependencies\utils.py", line 453, in solve_generator
    return await stack.enter_async_context(cm)
  File "C:\Users\Franco\AppData\Local\Programs\Python\Python39\lib\contextlib.py", line 575, in enter_async_context
    result = await _cm_type.__aenter__(cm)
  File "C:\Users\Franco\AppData\Local\Programs\Python\Python39\lib\contextlib.py", line 181, in __aenter__
    return await self.gen.__anext__()
  File "C:\Users\Franco\AppData\Local\pypoetry\Cache\virtualenvs\users-service-XrYDwkUv-py3.9\lib\site-packages\fastapi\concurrency.py", line 43, in contextmanager_in_threadpool
    raise e
  File "C:\Users\Franco\AppData\Local\Programs\Python\Python39\lib\contextlib.py", line 137, in __exit__
    self.gen.throw(typ, value, traceback)
NameError: name 'SessionLocal' is not defined
2022-10-31 19:29:59,688 - INFO: Shutting down
2022-10-31 19:29:59,789 - INFO: Waiting for application shutdown.
2022-10-31 19:29:59,790 - INFO: Application shutdown complete.
2022-10-31 19:29:59,791 - INFO: Finished server process [3600]
2022-10-31 19:29:59,791 - DEBUG: Waiting 5 seconds for tracer to finish. Hit ctrl-break to quit.
2022-10-31 19:30:08,188 - DEBUG: <class 'ddtrace.internal.module.ModuleWatchdog'> installed
2022-10-31 19:30:08,407 - DEBUG: initialized RateSampler, sample 100.0% of traces
2022-10-31 19:30:08,407 - DEBUG: initialized DatadogSampler(agent_rates={}, limiter=RateLimiter(rate_limit=100, tokens=100, last_update_ns=1418249187000000, effective_rate=1.0), rules=[])
2022-10-31 19:30:08,407 - DEBUG: initialized RateSampler, sample 100.0% of traces
2022-10-31 19:30:08,423 - DEBUG: initialized trace processor TraceTagsProcessor()
2022-10-31 19:30:08,423 - DEBUG: initialized trace processor TraceSamplingProcessor(_compute_stats_enabled=False)
2022-10-31 19:30:08,423 - DEBUG: initialized processor TopLevelSpanProcessor()
2022-10-31 19:30:08,423 - DEBUG: initialized processor SpanAggregator(_partial_flush_enabled=True, _partial_flush_min_spans=500, _trace_processors=[TraceTagsProcessor(), TraceSamplingProcessor(_compute_stats_enabled=False)], _writer=AgentWriter(status=<ServiceStatus.STOPPED: 'stopped'>, _interval=1.0))
2022-10-31 19:30:08,423 - DEBUG: initialized trace processor TraceTagsProcessor()
2022-10-31 19:30:08,423 - DEBUG: initialized trace processor TraceSamplingProcessor(_compute_stats_enabled=False)
2022-10-31 19:30:08,423 - DEBUG: initialized processor TopLevelSpanProcessor()
2022-10-31 19:30:08,423 - DEBUG: initialized processor SpanAggregator(_partial_flush_enabled=True, _partial_flush_min_spans=500, _trace_processors=[TraceTagsProcessor(), TraceSamplingProcessor(_compute_stats_enabled=False)], _writer=AgentWriter(status=<ServiceStatus.STOPPED: 'stopped'>, _interval=1.0))
2022-10-31 19:30:08,455 - INFO: patched 1/1 modules (logging)
2022-10-31 19:30:08,455 - INFO: Starting server
2022-10-31 19:30:08,455 - INFO: Started server process [8992]
2022-10-31 19:30:08,455 - INFO: Waiting for application startup.
2022-10-31 19:30:08,455 - INFO: Application startup complete.
2022-10-31 19:30:21,142 - ERROR: Exception in ASGI application
Traceback (most recent call last):
  File "C:\Users\Franco\AppData\Local\pypoetry\Cache\virtualenvs\users-service-XrYDwkUv-py3.9\lib\site-packages\uvicorn\protocols\http\h11_impl.py", line 404, in run_asgi
    result = await app(  # type: ignore[func-returns-value]
  File "C:\Users\Franco\AppData\Local\pypoetry\Cache\virtualenvs\users-service-XrYDwkUv-py3.9\lib\site-packages\uvicorn\middleware\proxy_headers.py", line 78, in __call__
    return await self.app(scope, receive, send)
  File "C:\Users\Franco\AppData\Local\pypoetry\Cache\virtualenvs\users-service-XrYDwkUv-py3.9\lib\site-packages\fastapi\applications.py", line 269, in __call__
    await super().__call__(scope, receive, send)
  File "C:\Users\Franco\AppData\Local\pypoetry\Cache\virtualenvs\users-service-XrYDwkUv-py3.9\lib\site-packages\starlette\applications.py", line 124, in __call__
    await self.middleware_stack(scope, receive, send)
  File "C:\Users\Franco\AppData\Local\pypoetry\Cache\virtualenvs\users-service-XrYDwkUv-py3.9\lib\site-packages\starlette\middleware\errors.py", line 184, in __call__
    raise exc
  File "C:\Users\Franco\AppData\Local\pypoetry\Cache\virtualenvs\users-service-XrYDwkUv-py3.9\lib\site-packages\starlette\middleware\errors.py", line 162, in __call__
    await self.app(scope, receive, _send)
  File "C:\Users\Franco\AppData\Local\pypoetry\Cache\virtualenvs\users-service-XrYDwkUv-py3.9\lib\site-packages\starlette\middleware\cors.py", line 84, in __call__
    await self.app(scope, receive, send)
  File "C:\Users\Franco\AppData\Local\pypoetry\Cache\virtualenvs\users-service-XrYDwkUv-py3.9\lib\site-packages\starlette\exceptions.py", line 93, in __call__
    raise exc
  File "C:\Users\Franco\AppData\Local\pypoetry\Cache\virtualenvs\users-service-XrYDwkUv-py3.9\lib\site-packages\starlette\exceptions.py", line 82, in __call__
    await self.app(scope, receive, sender)
  File "C:\Users\Franco\AppData\Local\pypoetry\Cache\virtualenvs\users-service-XrYDwkUv-py3.9\lib\site-packages\fastapi\middleware\asyncexitstack.py", line 21, in __call__
    raise e
  File "C:\Users\Franco\AppData\Local\pypoetry\Cache\virtualenvs\users-service-XrYDwkUv-py3.9\lib\site-packages\fastapi\middleware\asyncexitstack.py", line 18, in __call__
    await self.app(scope, receive, send)
  File "C:\Users\Franco\AppData\Local\pypoetry\Cache\virtualenvs\users-service-XrYDwkUv-py3.9\lib\site-packages\starlette\routing.py", line 670, in __call__
    await route.handle(scope, receive, send)
  File "C:\Users\Franco\AppData\Local\pypoetry\Cache\virtualenvs\users-service-XrYDwkUv-py3.9\lib\site-packages\starlette\routing.py", line 266, in handle
    await self.app(scope, receive, send)
  File "C:\Users\Franco\AppData\Local\pypoetry\Cache\virtualenvs\users-service-XrYDwkUv-py3.9\lib\site-packages\starlette\routing.py", line 65, in app
    response = await func(request)
  File "C:\Users\Franco\AppData\Local\pypoetry\Cache\virtualenvs\users-service-XrYDwkUv-py3.9\lib\site-packages\fastapi\routing.py", line 221, in app
    solved_result = await solve_dependencies(
  File "C:\Users\Franco\AppData\Local\pypoetry\Cache\virtualenvs\users-service-XrYDwkUv-py3.9\lib\site-packages\fastapi\dependencies\utils.py", line 528, in solve_dependencies
    solved = await solve_generator(
  File "C:\Users\Franco\AppData\Local\pypoetry\Cache\virtualenvs\users-service-XrYDwkUv-py3.9\lib\site-packages\fastapi\dependencies\utils.py", line 453, in solve_generator
    return await stack.enter_async_context(cm)
  File "C:\Users\Franco\AppData\Local\Programs\Python\Python39\lib\contextlib.py", line 575, in enter_async_context
    result = await _cm_type.__aenter__(cm)
  File "C:\Users\Franco\AppData\Local\Programs\Python\Python39\lib\contextlib.py", line 181, in __aenter__
    return await self.gen.__anext__()
  File "C:\Users\Franco\AppData\Local\pypoetry\Cache\virtualenvs\users-service-XrYDwkUv-py3.9\lib\site-packages\fastapi\concurrency.py", line 43, in contextmanager_in_threadpool
    raise e
  File "C:\Users\Franco\AppData\Local\Programs\Python\Python39\lib\contextlib.py", line 137, in __exit__
    self.gen.throw(typ, value, traceback)
NameError: name 'SessionLocal' is not defined
2022-10-31 19:33:35,561 - DEBUG: <class 'ddtrace.internal.module.ModuleWatchdog'> installed
2022-10-31 19:33:35,780 - DEBUG: initialized RateSampler, sample 100.0% of traces
2022-10-31 19:33:35,780 - DEBUG: initialized DatadogSampler(agent_rates={}, limiter=RateLimiter(rate_limit=100, tokens=100, last_update_ns=1418456546000000, effective_rate=1.0), rules=[])
2022-10-31 19:33:35,780 - DEBUG: initialized RateSampler, sample 100.0% of traces
2022-10-31 19:33:35,787 - DEBUG: initialized trace processor TraceTagsProcessor()
2022-10-31 19:33:35,787 - DEBUG: initialized trace processor TraceSamplingProcessor(_compute_stats_enabled=False)
2022-10-31 19:33:35,787 - DEBUG: initialized processor TopLevelSpanProcessor()
2022-10-31 19:33:35,787 - DEBUG: initialized processor SpanAggregator(_partial_flush_enabled=True, _partial_flush_min_spans=500, _trace_processors=[TraceTagsProcessor(), TraceSamplingProcessor(_compute_stats_enabled=False)], _writer=AgentWriter(status=<ServiceStatus.STOPPED: 'stopped'>, _interval=1.0))
2022-10-31 19:33:35,787 - DEBUG: initialized trace processor TraceTagsProcessor()
2022-10-31 19:33:35,787 - DEBUG: initialized trace processor TraceSamplingProcessor(_compute_stats_enabled=False)
2022-10-31 19:33:35,787 - DEBUG: initialized processor TopLevelSpanProcessor()
2022-10-31 19:33:35,787 - DEBUG: initialized processor SpanAggregator(_partial_flush_enabled=True, _partial_flush_min_spans=500, _trace_processors=[TraceTagsProcessor(), TraceSamplingProcessor(_compute_stats_enabled=False)], _writer=AgentWriter(status=<ServiceStatus.STOPPED: 'stopped'>, _interval=1.0))
2022-10-31 19:33:35,835 - INFO: patched 1/1 modules (logging)
2022-10-31 19:33:35,835 - INFO: Starting server
2022-10-31 19:33:35,851 - INFO: Started server process [7288]
2022-10-31 19:33:35,851 - INFO: Waiting for application startup.
2022-10-31 19:33:35,851 - INFO: Application startup complete.
2022-10-31 19:33:40,367 - ERROR: Exception in ASGI application
Traceback (most recent call last):
  File "C:\Users\Franco\AppData\Local\pypoetry\Cache\virtualenvs\users-service-XrYDwkUv-py3.9\lib\site-packages\uvicorn\protocols\http\h11_impl.py", line 404, in run_asgi
    result = await app(  # type: ignore[func-returns-value]
  File "C:\Users\Franco\AppData\Local\pypoetry\Cache\virtualenvs\users-service-XrYDwkUv-py3.9\lib\site-packages\uvicorn\middleware\proxy_headers.py", line 78, in __call__
    return await self.app(scope, receive, send)
  File "C:\Users\Franco\AppData\Local\pypoetry\Cache\virtualenvs\users-service-XrYDwkUv-py3.9\lib\site-packages\fastapi\applications.py", line 269, in __call__
    await super().__call__(scope, receive, send)
  File "C:\Users\Franco\AppData\Local\pypoetry\Cache\virtualenvs\users-service-XrYDwkUv-py3.9\lib\site-packages\starlette\applications.py", line 124, in __call__
    await self.middleware_stack(scope, receive, send)
  File "C:\Users\Franco\AppData\Local\pypoetry\Cache\virtualenvs\users-service-XrYDwkUv-py3.9\lib\site-packages\starlette\middleware\errors.py", line 184, in __call__
    raise exc
  File "C:\Users\Franco\AppData\Local\pypoetry\Cache\virtualenvs\users-service-XrYDwkUv-py3.9\lib\site-packages\starlette\middleware\errors.py", line 162, in __call__
    await self.app(scope, receive, _send)
  File "C:\Users\Franco\AppData\Local\pypoetry\Cache\virtualenvs\users-service-XrYDwkUv-py3.9\lib\site-packages\starlette\middleware\cors.py", line 84, in __call__
    await self.app(scope, receive, send)
  File "C:\Users\Franco\AppData\Local\pypoetry\Cache\virtualenvs\users-service-XrYDwkUv-py3.9\lib\site-packages\starlette\exceptions.py", line 93, in __call__
    raise exc
  File "C:\Users\Franco\AppData\Local\pypoetry\Cache\virtualenvs\users-service-XrYDwkUv-py3.9\lib\site-packages\starlette\exceptions.py", line 82, in __call__
    await self.app(scope, receive, sender)
  File "C:\Users\Franco\AppData\Local\pypoetry\Cache\virtualenvs\users-service-XrYDwkUv-py3.9\lib\site-packages\fastapi\middleware\asyncexitstack.py", line 21, in __call__
    raise e
  File "C:\Users\Franco\AppData\Local\pypoetry\Cache\virtualenvs\users-service-XrYDwkUv-py3.9\lib\site-packages\fastapi\middleware\asyncexitstack.py", line 18, in __call__
    await self.app(scope, receive, send)
  File "C:\Users\Franco\AppData\Local\pypoetry\Cache\virtualenvs\users-service-XrYDwkUv-py3.9\lib\site-packages\starlette\routing.py", line 670, in __call__
    await route.handle(scope, receive, send)
  File "C:\Users\Franco\AppData\Local\pypoetry\Cache\virtualenvs\users-service-XrYDwkUv-py3.9\lib\site-packages\starlette\routing.py", line 266, in handle
    await self.app(scope, receive, send)
  File "C:\Users\Franco\AppData\Local\pypoetry\Cache\virtualenvs\users-service-XrYDwkUv-py3.9\lib\site-packages\starlette\routing.py", line 65, in app
    response = await func(request)
  File "C:\Users\Franco\AppData\Local\pypoetry\Cache\virtualenvs\users-service-XrYDwkUv-py3.9\lib\site-packages\fastapi\routing.py", line 221, in app
    solved_result = await solve_dependencies(
  File "C:\Users\Franco\AppData\Local\pypoetry\Cache\virtualenvs\users-service-XrYDwkUv-py3.9\lib\site-packages\fastapi\dependencies\utils.py", line 528, in solve_dependencies
    solved = await solve_generator(
  File "C:\Users\Franco\AppData\Local\pypoetry\Cache\virtualenvs\users-service-XrYDwkUv-py3.9\lib\site-packages\fastapi\dependencies\utils.py", line 453, in solve_generator
    return await stack.enter_async_context(cm)
  File "C:\Users\Franco\AppData\Local\Programs\Python\Python39\lib\contextlib.py", line 575, in enter_async_context
    result = await _cm_type.__aenter__(cm)
  File "C:\Users\Franco\AppData\Local\Programs\Python\Python39\lib\contextlib.py", line 181, in __aenter__
    return await self.gen.__anext__()
  File "C:\Users\Franco\AppData\Local\pypoetry\Cache\virtualenvs\users-service-XrYDwkUv-py3.9\lib\site-packages\fastapi\concurrency.py", line 43, in contextmanager_in_threadpool
    raise e
  File "C:\Users\Franco\AppData\Local\Programs\Python\Python39\lib\contextlib.py", line 137, in __exit__
    self.gen.throw(typ, value, traceback)
NameError: name 'SessionLocal' is not defined
2022-10-31 19:35:41,503 - DEBUG: <class 'ddtrace.internal.module.ModuleWatchdog'> installed
2022-10-31 19:35:41,694 - DEBUG: initialized RateSampler, sample 100.0% of traces
2022-10-31 19:35:41,694 - DEBUG: initialized DatadogSampler(agent_rates={}, limiter=RateLimiter(rate_limit=100, tokens=100, last_update_ns=1418582468000000, effective_rate=1.0), rules=[])
2022-10-31 19:35:41,694 - DEBUG: initialized RateSampler, sample 100.0% of traces
2022-10-31 19:35:41,702 - DEBUG: initialized trace processor TraceTagsProcessor()
2022-10-31 19:35:41,702 - DEBUG: initialized trace processor TraceSamplingProcessor(_compute_stats_enabled=False)
2022-10-31 19:35:41,702 - DEBUG: initialized processor TopLevelSpanProcessor()
2022-10-31 19:35:41,702 - DEBUG: initialized processor SpanAggregator(_partial_flush_enabled=True, _partial_flush_min_spans=500, _trace_processors=[TraceTagsProcessor(), TraceSamplingProcessor(_compute_stats_enabled=False)], _writer=AgentWriter(status=<ServiceStatus.STOPPED: 'stopped'>, _interval=1.0))
2022-10-31 19:35:41,710 - DEBUG: initialized trace processor TraceTagsProcessor()
2022-10-31 19:35:41,710 - DEBUG: initialized trace processor TraceSamplingProcessor(_compute_stats_enabled=False)
2022-10-31 19:35:41,710 - DEBUG: initialized processor TopLevelSpanProcessor()
2022-10-31 19:35:41,710 - DEBUG: initialized processor SpanAggregator(_partial_flush_enabled=True, _partial_flush_min_spans=500, _trace_processors=[TraceTagsProcessor(), TraceSamplingProcessor(_compute_stats_enabled=False)], _writer=AgentWriter(status=<ServiceStatus.STOPPED: 'stopped'>, _interval=1.0))
2022-10-31 19:35:41,735 - INFO: patched 1/1 modules (logging)
2022-10-31 19:35:41,735 - INFO: Starting server
2022-10-31 19:35:41,743 - INFO: Started server process [6552]
2022-10-31 19:35:41,743 - INFO: Waiting for application startup.
2022-10-31 19:35:41,751 - INFO: Application startup complete.
2022-10-31 19:35:53,242 - ERROR: Exception in ASGI application
Traceback (most recent call last):
  File "C:\Users\Franco\AppData\Local\pypoetry\Cache\virtualenvs\users-service-XrYDwkUv-py3.9\lib\site-packages\uvicorn\protocols\http\h11_impl.py", line 404, in run_asgi
    result = await app(  # type: ignore[func-returns-value]
  File "C:\Users\Franco\AppData\Local\pypoetry\Cache\virtualenvs\users-service-XrYDwkUv-py3.9\lib\site-packages\uvicorn\middleware\proxy_headers.py", line 78, in __call__
    return await self.app(scope, receive, send)
  File "C:\Users\Franco\AppData\Local\pypoetry\Cache\virtualenvs\users-service-XrYDwkUv-py3.9\lib\site-packages\fastapi\applications.py", line 269, in __call__
    await super().__call__(scope, receive, send)
  File "C:\Users\Franco\AppData\Local\pypoetry\Cache\virtualenvs\users-service-XrYDwkUv-py3.9\lib\site-packages\starlette\applications.py", line 124, in __call__
    await self.middleware_stack(scope, receive, send)
  File "C:\Users\Franco\AppData\Local\pypoetry\Cache\virtualenvs\users-service-XrYDwkUv-py3.9\lib\site-packages\starlette\middleware\errors.py", line 184, in __call__
    raise exc
  File "C:\Users\Franco\AppData\Local\pypoetry\Cache\virtualenvs\users-service-XrYDwkUv-py3.9\lib\site-packages\starlette\middleware\errors.py", line 162, in __call__
    await self.app(scope, receive, _send)
  File "C:\Users\Franco\AppData\Local\pypoetry\Cache\virtualenvs\users-service-XrYDwkUv-py3.9\lib\site-packages\starlette\middleware\cors.py", line 84, in __call__
    await self.app(scope, receive, send)
  File "C:\Users\Franco\AppData\Local\pypoetry\Cache\virtualenvs\users-service-XrYDwkUv-py3.9\lib\site-packages\starlette\exceptions.py", line 93, in __call__
    raise exc
  File "C:\Users\Franco\AppData\Local\pypoetry\Cache\virtualenvs\users-service-XrYDwkUv-py3.9\lib\site-packages\starlette\exceptions.py", line 82, in __call__
    await self.app(scope, receive, sender)
  File "C:\Users\Franco\AppData\Local\pypoetry\Cache\virtualenvs\users-service-XrYDwkUv-py3.9\lib\site-packages\fastapi\middleware\asyncexitstack.py", line 21, in __call__
    raise e
  File "C:\Users\Franco\AppData\Local\pypoetry\Cache\virtualenvs\users-service-XrYDwkUv-py3.9\lib\site-packages\fastapi\middleware\asyncexitstack.py", line 18, in __call__
    await self.app(scope, receive, send)
  File "C:\Users\Franco\AppData\Local\pypoetry\Cache\virtualenvs\users-service-XrYDwkUv-py3.9\lib\site-packages\starlette\routing.py", line 670, in __call__
    await route.handle(scope, receive, send)
  File "C:\Users\Franco\AppData\Local\pypoetry\Cache\virtualenvs\users-service-XrYDwkUv-py3.9\lib\site-packages\starlette\routing.py", line 266, in handle
    await self.app(scope, receive, send)
  File "C:\Users\Franco\AppData\Local\pypoetry\Cache\virtualenvs\users-service-XrYDwkUv-py3.9\lib\site-packages\starlette\routing.py", line 65, in app
    response = await func(request)
  File "C:\Users\Franco\AppData\Local\pypoetry\Cache\virtualenvs\users-service-XrYDwkUv-py3.9\lib\site-packages\fastapi\routing.py", line 221, in app
    solved_result = await solve_dependencies(
  File "C:\Users\Franco\AppData\Local\pypoetry\Cache\virtualenvs\users-service-XrYDwkUv-py3.9\lib\site-packages\fastapi\dependencies\utils.py", line 528, in solve_dependencies
    solved = await solve_generator(
  File "C:\Users\Franco\AppData\Local\pypoetry\Cache\virtualenvs\users-service-XrYDwkUv-py3.9\lib\site-packages\fastapi\dependencies\utils.py", line 453, in solve_generator
    return await stack.enter_async_context(cm)
  File "C:\Users\Franco\AppData\Local\Programs\Python\Python39\lib\contextlib.py", line 575, in enter_async_context
    result = await _cm_type.__aenter__(cm)
  File "C:\Users\Franco\AppData\Local\Programs\Python\Python39\lib\contextlib.py", line 181, in __aenter__
    return await self.gen.__anext__()
  File "C:\Users\Franco\AppData\Local\pypoetry\Cache\virtualenvs\users-service-XrYDwkUv-py3.9\lib\site-packages\fastapi\concurrency.py", line 43, in contextmanager_in_threadpool
    raise e
  File "C:\Users\Franco\AppData\Local\Programs\Python\Python39\lib\contextlib.py", line 137, in __exit__
    self.gen.throw(typ, value, traceback)
NameError: name 'SessionLocal' is not defined
2022-10-31 19:35:58,525 - INFO: Shutting down
2022-10-31 19:35:58,639 - INFO: Waiting for application shutdown.
2022-10-31 19:35:58,640 - INFO: Application shutdown complete.
2022-10-31 19:35:58,640 - INFO: Finished server process [6552]
2022-10-31 19:35:58,640 - DEBUG: Waiting 5 seconds for tracer to finish. Hit ctrl-break to quit.
2022-10-31 19:39:10,309 - DEBUG: <class 'ddtrace.internal.module.ModuleWatchdog'> installed
2022-10-31 19:39:10,497 - DEBUG: initialized RateSampler, sample 100.0% of traces
2022-10-31 19:39:10,497 - DEBUG: initialized DatadogSampler(agent_rates={}, limiter=RateLimiter(rate_limit=100, tokens=100, last_update_ns=1418791265000000, effective_rate=1.0), rules=[])
2022-10-31 19:39:10,497 - DEBUG: initialized RateSampler, sample 100.0% of traces
2022-10-31 19:39:10,497 - DEBUG: initialized trace processor TraceTagsProcessor()
2022-10-31 19:39:10,497 - DEBUG: initialized trace processor TraceSamplingProcessor(_compute_stats_enabled=False)
2022-10-31 19:39:10,497 - DEBUG: initialized processor TopLevelSpanProcessor()
2022-10-31 19:39:10,497 - DEBUG: initialized processor SpanAggregator(_partial_flush_enabled=True, _partial_flush_min_spans=500, _trace_processors=[TraceTagsProcessor(), TraceSamplingProcessor(_compute_stats_enabled=False)], _writer=AgentWriter(status=<ServiceStatus.STOPPED: 'stopped'>, _interval=1.0))
2022-10-31 19:39:10,497 - DEBUG: initialized trace processor TraceTagsProcessor()
2022-10-31 19:39:10,497 - DEBUG: initialized trace processor TraceSamplingProcessor(_compute_stats_enabled=False)
2022-10-31 19:39:10,497 - DEBUG: initialized processor TopLevelSpanProcessor()
2022-10-31 19:39:10,497 - DEBUG: initialized processor SpanAggregator(_partial_flush_enabled=True, _partial_flush_min_spans=500, _trace_processors=[TraceTagsProcessor(), TraceSamplingProcessor(_compute_stats_enabled=False)], _writer=AgentWriter(status=<ServiceStatus.STOPPED: 'stopped'>, _interval=1.0))
2022-10-31 19:39:10,529 - INFO: patched 1/1 modules (logging)
2022-10-31 19:39:10,529 - INFO: Starting server
2022-10-31 19:39:10,553 - INFO: Started server process [9192]
2022-10-31 19:39:10,554 - INFO: Waiting for application startup.
2022-10-31 19:39:10,554 - INFO: Application startup complete.
2022-10-31 19:39:33,867 - DEBUG: <class 'ddtrace.internal.module.ModuleWatchdog'> installed
2022-10-31 19:39:34,067 - DEBUG: initialized RateSampler, sample 100.0% of traces
2022-10-31 19:39:34,067 - DEBUG: initialized DatadogSampler(agent_rates={}, limiter=RateLimiter(rate_limit=100, tokens=100, last_update_ns=1418814843000000, effective_rate=1.0), rules=[])
2022-10-31 19:39:34,067 - DEBUG: initialized RateSampler, sample 100.0% of traces
2022-10-31 19:39:34,075 - DEBUG: initialized trace processor TraceTagsProcessor()
2022-10-31 19:39:34,075 - DEBUG: initialized trace processor TraceSamplingProcessor(_compute_stats_enabled=False)
2022-10-31 19:39:34,075 - DEBUG: initialized processor TopLevelSpanProcessor()
2022-10-31 19:39:34,075 - DEBUG: initialized processor SpanAggregator(_partial_flush_enabled=True, _partial_flush_min_spans=500, _trace_processors=[TraceTagsProcessor(), TraceSamplingProcessor(_compute_stats_enabled=False)], _writer=AgentWriter(status=<ServiceStatus.STOPPED: 'stopped'>, _interval=1.0))
2022-10-31 19:39:34,076 - DEBUG: initialized trace processor TraceTagsProcessor()
2022-10-31 19:39:34,076 - DEBUG: initialized trace processor TraceSamplingProcessor(_compute_stats_enabled=False)
2022-10-31 19:39:34,076 - DEBUG: initialized processor TopLevelSpanProcessor()
2022-10-31 19:39:34,076 - DEBUG: initialized processor SpanAggregator(_partial_flush_enabled=True, _partial_flush_min_spans=500, _trace_processors=[TraceTagsProcessor(), TraceSamplingProcessor(_compute_stats_enabled=False)], _writer=AgentWriter(status=<ServiceStatus.STOPPED: 'stopped'>, _interval=1.0))
2022-10-31 19:39:34,104 - INFO: patched 1/1 modules (logging)
2022-10-31 19:39:34,104 - INFO: Starting server
2022-10-31 19:39:34,117 - INFO: Started server process [6332]
2022-10-31 19:39:34,118 - INFO: Waiting for application startup.
2022-10-31 19:39:34,118 - INFO: Application startup complete.
2022-10-31 19:40:00,003 - ERROR: Exception in ASGI application
Traceback (most recent call last):
  File "C:\Users\Franco\AppData\Local\pypoetry\Cache\virtualenvs\users-service-XrYDwkUv-py3.9\lib\site-packages\uvicorn\protocols\http\h11_impl.py", line 404, in run_asgi
    result = await app(  # type: ignore[func-returns-value]
  File "C:\Users\Franco\AppData\Local\pypoetry\Cache\virtualenvs\users-service-XrYDwkUv-py3.9\lib\site-packages\uvicorn\middleware\proxy_headers.py", line 78, in __call__
    return await self.app(scope, receive, send)
  File "C:\Users\Franco\AppData\Local\pypoetry\Cache\virtualenvs\users-service-XrYDwkUv-py3.9\lib\site-packages\fastapi\applications.py", line 269, in __call__
    await super().__call__(scope, receive, send)
  File "C:\Users\Franco\AppData\Local\pypoetry\Cache\virtualenvs\users-service-XrYDwkUv-py3.9\lib\site-packages\starlette\applications.py", line 124, in __call__
    await self.middleware_stack(scope, receive, send)
  File "C:\Users\Franco\AppData\Local\pypoetry\Cache\virtualenvs\users-service-XrYDwkUv-py3.9\lib\site-packages\starlette\middleware\errors.py", line 184, in __call__
    raise exc
  File "C:\Users\Franco\AppData\Local\pypoetry\Cache\virtualenvs\users-service-XrYDwkUv-py3.9\lib\site-packages\starlette\middleware\errors.py", line 162, in __call__
    await self.app(scope, receive, _send)
  File "C:\Users\Franco\AppData\Local\pypoetry\Cache\virtualenvs\users-service-XrYDwkUv-py3.9\lib\site-packages\starlette\middleware\cors.py", line 84, in __call__
    await self.app(scope, receive, send)
  File "C:\Users\Franco\AppData\Local\pypoetry\Cache\virtualenvs\users-service-XrYDwkUv-py3.9\lib\site-packages\starlette\exceptions.py", line 93, in __call__
    raise exc
  File "C:\Users\Franco\AppData\Local\pypoetry\Cache\virtualenvs\users-service-XrYDwkUv-py3.9\lib\site-packages\starlette\exceptions.py", line 82, in __call__
    await self.app(scope, receive, sender)
  File "C:\Users\Franco\AppData\Local\pypoetry\Cache\virtualenvs\users-service-XrYDwkUv-py3.9\lib\site-packages\fastapi\middleware\asyncexitstack.py", line 21, in __call__
    raise e
  File "C:\Users\Franco\AppData\Local\pypoetry\Cache\virtualenvs\users-service-XrYDwkUv-py3.9\lib\site-packages\fastapi\middleware\asyncexitstack.py", line 18, in __call__
    await self.app(scope, receive, send)
  File "C:\Users\Franco\AppData\Local\pypoetry\Cache\virtualenvs\users-service-XrYDwkUv-py3.9\lib\site-packages\starlette\routing.py", line 670, in __call__
    await route.handle(scope, receive, send)
  File "C:\Users\Franco\AppData\Local\pypoetry\Cache\virtualenvs\users-service-XrYDwkUv-py3.9\lib\site-packages\starlette\routing.py", line 266, in handle
    await self.app(scope, receive, send)
  File "C:\Users\Franco\AppData\Local\pypoetry\Cache\virtualenvs\users-service-XrYDwkUv-py3.9\lib\site-packages\starlette\routing.py", line 65, in app
    response = await func(request)
  File "C:\Users\Franco\AppData\Local\pypoetry\Cache\virtualenvs\users-service-XrYDwkUv-py3.9\lib\site-packages\fastapi\routing.py", line 221, in app
    solved_result = await solve_dependencies(
  File "C:\Users\Franco\AppData\Local\pypoetry\Cache\virtualenvs\users-service-XrYDwkUv-py3.9\lib\site-packages\fastapi\dependencies\utils.py", line 528, in solve_dependencies
    solved = await solve_generator(
  File "C:\Users\Franco\AppData\Local\pypoetry\Cache\virtualenvs\users-service-XrYDwkUv-py3.9\lib\site-packages\fastapi\dependencies\utils.py", line 453, in solve_generator
    return await stack.enter_async_context(cm)
  File "C:\Users\Franco\AppData\Local\Programs\Python\Python39\lib\contextlib.py", line 575, in enter_async_context
    result = await _cm_type.__aenter__(cm)
  File "C:\Users\Franco\AppData\Local\Programs\Python\Python39\lib\contextlib.py", line 181, in __aenter__
    return await self.gen.__anext__()
  File "C:\Users\Franco\AppData\Local\pypoetry\Cache\virtualenvs\users-service-XrYDwkUv-py3.9\lib\site-packages\fastapi\concurrency.py", line 43, in contextmanager_in_threadpool
    raise e
  File "C:\Users\Franco\AppData\Local\Programs\Python\Python39\lib\contextlib.py", line 137, in __exit__
    self.gen.throw(typ, value, traceback)
NameError: name 'SessionLocal' is not defined
2022-10-31 19:42:34,072 - DEBUG: <class 'ddtrace.internal.module.ModuleWatchdog'> installed
2022-10-31 19:42:34,291 - DEBUG: initialized RateSampler, sample 100.0% of traces
2022-10-31 19:42:34,291 - DEBUG: initialized DatadogSampler(agent_rates={}, limiter=RateLimiter(rate_limit=100, tokens=100, last_update_ns=1418995062000000, effective_rate=1.0), rules=[])
2022-10-31 19:42:34,291 - DEBUG: initialized RateSampler, sample 100.0% of traces
2022-10-31 19:42:34,291 - DEBUG: initialized trace processor TraceTagsProcessor()
2022-10-31 19:42:34,291 - DEBUG: initialized trace processor TraceSamplingProcessor(_compute_stats_enabled=False)
2022-10-31 19:42:34,291 - DEBUG: initialized processor TopLevelSpanProcessor()
2022-10-31 19:42:34,291 - DEBUG: initialized processor SpanAggregator(_partial_flush_enabled=True, _partial_flush_min_spans=500, _trace_processors=[TraceTagsProcessor(), TraceSamplingProcessor(_compute_stats_enabled=False)], _writer=AgentWriter(status=<ServiceStatus.STOPPED: 'stopped'>, _interval=1.0))
2022-10-31 19:42:34,291 - DEBUG: initialized trace processor TraceTagsProcessor()
2022-10-31 19:42:34,291 - DEBUG: initialized trace processor TraceSamplingProcessor(_compute_stats_enabled=False)
2022-10-31 19:42:34,291 - DEBUG: initialized processor TopLevelSpanProcessor()
2022-10-31 19:42:34,291 - DEBUG: initialized processor SpanAggregator(_partial_flush_enabled=True, _partial_flush_min_spans=500, _trace_processors=[TraceTagsProcessor(), TraceSamplingProcessor(_compute_stats_enabled=False)], _writer=AgentWriter(status=<ServiceStatus.STOPPED: 'stopped'>, _interval=1.0))
2022-10-31 19:42:34,322 - INFO: patched 1/1 modules (logging)
2022-10-31 19:42:34,322 - INFO: Starting server
2022-10-31 19:42:34,339 - INFO: Started server process [5100]
2022-10-31 19:42:34,339 - INFO: Waiting for application startup.
2022-10-31 19:42:34,339 - INFO: Application startup complete.
2022-10-31 19:42:34,550 - INFO: Shutting down
2022-10-31 19:42:39,088 - DEBUG: <class 'ddtrace.internal.module.ModuleWatchdog'> installed
2022-10-31 19:42:39,284 - DEBUG: initialized RateSampler, sample 100.0% of traces
2022-10-31 19:42:39,284 - DEBUG: initialized DatadogSampler(agent_rates={}, limiter=RateLimiter(rate_limit=100, tokens=100, last_update_ns=1419000062000000, effective_rate=1.0), rules=[])
2022-10-31 19:42:39,284 - DEBUG: initialized RateSampler, sample 100.0% of traces
2022-10-31 19:42:39,287 - DEBUG: initialized trace processor TraceTagsProcessor()
2022-10-31 19:42:39,287 - DEBUG: initialized trace processor TraceSamplingProcessor(_compute_stats_enabled=False)
2022-10-31 19:42:39,287 - DEBUG: initialized processor TopLevelSpanProcessor()
2022-10-31 19:42:39,287 - DEBUG: initialized processor SpanAggregator(_partial_flush_enabled=True, _partial_flush_min_spans=500, _trace_processors=[TraceTagsProcessor(), TraceSamplingProcessor(_compute_stats_enabled=False)], _writer=AgentWriter(status=<ServiceStatus.STOPPED: 'stopped'>, _interval=1.0))
2022-10-31 19:42:39,287 - DEBUG: initialized trace processor TraceTagsProcessor()
2022-10-31 19:42:39,287 - DEBUG: initialized trace processor TraceSamplingProcessor(_compute_stats_enabled=False)
2022-10-31 19:42:39,287 - DEBUG: initialized processor TopLevelSpanProcessor()
2022-10-31 19:42:39,287 - DEBUG: initialized processor SpanAggregator(_partial_flush_enabled=True, _partial_flush_min_spans=500, _trace_processors=[TraceTagsProcessor(), TraceSamplingProcessor(_compute_stats_enabled=False)], _writer=AgentWriter(status=<ServiceStatus.STOPPED: 'stopped'>, _interval=1.0))
2022-10-31 19:42:39,318 - INFO: patched 1/1 modules (logging)
2022-10-31 19:42:39,318 - INFO: Starting server
2022-10-31 19:42:39,335 - INFO: Started server process [7508]
2022-10-31 19:42:39,335 - INFO: Waiting for application startup.
2022-10-31 19:42:39,335 - INFO: Application startup complete.
2022-10-31 19:42:49,744 - DEBUG: <class 'ddtrace.internal.module.ModuleWatchdog'> installed
2022-10-31 19:42:49,960 - DEBUG: initialized RateSampler, sample 100.0% of traces
2022-10-31 19:42:49,960 - DEBUG: initialized DatadogSampler(agent_rates={}, limiter=RateLimiter(rate_limit=100, tokens=100, last_update_ns=1419010734000000, effective_rate=1.0), rules=[])
2022-10-31 19:42:49,960 - DEBUG: initialized RateSampler, sample 100.0% of traces
2022-10-31 19:42:49,968 - DEBUG: initialized trace processor TraceTagsProcessor()
2022-10-31 19:42:49,968 - DEBUG: initialized trace processor TraceSamplingProcessor(_compute_stats_enabled=False)
2022-10-31 19:42:49,976 - DEBUG: initialized processor TopLevelSpanProcessor()
2022-10-31 19:42:49,976 - DEBUG: initialized processor SpanAggregator(_partial_flush_enabled=True, _partial_flush_min_spans=500, _trace_processors=[TraceTagsProcessor(), TraceSamplingProcessor(_compute_stats_enabled=False)], _writer=AgentWriter(status=<ServiceStatus.STOPPED: 'stopped'>, _interval=1.0))
2022-10-31 19:42:49,977 - DEBUG: initialized trace processor TraceTagsProcessor()
2022-10-31 19:42:49,977 - DEBUG: initialized trace processor TraceSamplingProcessor(_compute_stats_enabled=False)
2022-10-31 19:42:49,977 - DEBUG: initialized processor TopLevelSpanProcessor()
2022-10-31 19:42:49,977 - DEBUG: initialized processor SpanAggregator(_partial_flush_enabled=True, _partial_flush_min_spans=500, _trace_processors=[TraceTagsProcessor(), TraceSamplingProcessor(_compute_stats_enabled=False)], _writer=AgentWriter(status=<ServiceStatus.STOPPED: 'stopped'>, _interval=1.0))
2022-10-31 19:42:50,010 - INFO: patched 1/1 modules (logging)
2022-10-31 19:42:50,010 - INFO: Starting server
2022-10-31 19:42:50,026 - INFO: Started server process [8144]
2022-10-31 19:42:50,026 - INFO: Waiting for application startup.
2022-10-31 19:42:50,026 - INFO: Application startup complete.
2022-10-31 19:43:16,349 - DEBUG: <class 'ddtrace.internal.module.ModuleWatchdog'> installed
2022-10-31 19:43:16,543 - DEBUG: initialized RateSampler, sample 100.0% of traces
2022-10-31 19:43:16,543 - DEBUG: initialized DatadogSampler(agent_rates={}, limiter=RateLimiter(rate_limit=100, tokens=100, last_update_ns=1419037312000000, effective_rate=1.0), rules=[])
2022-10-31 19:43:16,543 - DEBUG: initialized RateSampler, sample 100.0% of traces
2022-10-31 19:43:16,543 - DEBUG: initialized trace processor TraceTagsProcessor()
2022-10-31 19:43:16,543 - DEBUG: initialized trace processor TraceSamplingProcessor(_compute_stats_enabled=False)
2022-10-31 19:43:16,543 - DEBUG: initialized processor TopLevelSpanProcessor()
2022-10-31 19:43:16,543 - DEBUG: initialized processor SpanAggregator(_partial_flush_enabled=True, _partial_flush_min_spans=500, _trace_processors=[TraceTagsProcessor(), TraceSamplingProcessor(_compute_stats_enabled=False)], _writer=AgentWriter(status=<ServiceStatus.STOPPED: 'stopped'>, _interval=1.0))
2022-10-31 19:43:16,543 - DEBUG: initialized trace processor TraceTagsProcessor()
2022-10-31 19:43:16,543 - DEBUG: initialized trace processor TraceSamplingProcessor(_compute_stats_enabled=False)
2022-10-31 19:43:16,543 - DEBUG: initialized processor TopLevelSpanProcessor()
2022-10-31 19:43:16,543 - DEBUG: initialized processor SpanAggregator(_partial_flush_enabled=True, _partial_flush_min_spans=500, _trace_processors=[TraceTagsProcessor(), TraceSamplingProcessor(_compute_stats_enabled=False)], _writer=AgentWriter(status=<ServiceStatus.STOPPED: 'stopped'>, _interval=1.0))
2022-10-31 19:43:16,582 - INFO: patched 1/1 modules (logging)
2022-10-31 19:43:19,086 - INFO: select pg_catalog.version()
2022-10-31 19:43:19,087 - INFO: [raw sql] {}
2022-10-31 19:43:19,092 - INFO: select current_schema()
2022-10-31 19:43:19,093 - INFO: [raw sql] {}
2022-10-31 19:43:19,131 - INFO: show standard_conforming_strings
2022-10-31 19:43:19,132 - INFO: [raw sql] {}
2022-10-31 19:43:19,134 - INFO: BEGIN (implicit)
2022-10-31 19:43:19,134 - INFO: select relname from pg_class c join pg_namespace n on n.oid=c.relnamespace where pg_catalog.pg_table_is_visible(c.oid) and relname=%(name)s
2022-10-31 19:43:19,134 - INFO: [generated in 0.00122s] {'name': 'users'}
2022-10-31 19:43:19,178 - INFO: select relname from pg_class c join pg_namespace n on n.oid=c.relnamespace where pg_catalog.pg_table_is_visible(c.oid) and relname=%(name)s
2022-10-31 19:43:19,179 - INFO: [cached since 0.04075s ago] {'name': 'passengers'}
2022-10-31 19:43:19,182 - INFO: select relname from pg_class c join pg_namespace n on n.oid=c.relnamespace where pg_catalog.pg_table_is_visible(c.oid) and relname=%(name)s
2022-10-31 19:43:19,184 - INFO: [cached since 0.04554s ago] {'name': 'drivers'}
2022-10-31 19:43:19,187 - INFO: select relname from pg_class c join pg_namespace n on n.oid=c.relnamespace where pg_catalog.pg_table_is_visible(c.oid) and relname=%(name)s
2022-10-31 19:43:19,187 - INFO: [cached since 0.05024s ago] {'name': 'googleUser'}
2022-10-31 19:43:19,187 - INFO: COMMIT
2022-10-31 19:43:19,187 - INFO: Starting server
2022-10-31 19:43:19,229 - INFO: Started server process [4456]
2022-10-31 19:43:19,230 - INFO: Waiting for application startup.
2022-10-31 19:43:19,231 - INFO: Application startup complete.
2022-10-31 19:43:19,873 - INFO: Shutting down
2022-10-31 19:43:23,904 - DEBUG: <class 'ddtrace.internal.module.ModuleWatchdog'> installed
2022-10-31 19:43:24,113 - DEBUG: initialized RateSampler, sample 100.0% of traces
2022-10-31 19:43:24,113 - DEBUG: initialized DatadogSampler(agent_rates={}, limiter=RateLimiter(rate_limit=100, tokens=100, last_update_ns=1419044890000000, effective_rate=1.0), rules=[])
2022-10-31 19:43:24,113 - DEBUG: initialized RateSampler, sample 100.0% of traces
2022-10-31 19:43:24,129 - DEBUG: initialized trace processor TraceTagsProcessor()
2022-10-31 19:43:24,129 - DEBUG: initialized trace processor TraceSamplingProcessor(_compute_stats_enabled=False)
2022-10-31 19:43:24,129 - DEBUG: initialized processor TopLevelSpanProcessor()
2022-10-31 19:43:24,129 - DEBUG: initialized processor SpanAggregator(_partial_flush_enabled=True, _partial_flush_min_spans=500, _trace_processors=[TraceTagsProcessor(), TraceSamplingProcessor(_compute_stats_enabled=False)], _writer=AgentWriter(status=<ServiceStatus.STOPPED: 'stopped'>, _interval=1.0))
2022-10-31 19:43:24,129 - DEBUG: initialized trace processor TraceTagsProcessor()
2022-10-31 19:43:24,129 - DEBUG: initialized trace processor TraceSamplingProcessor(_compute_stats_enabled=False)
2022-10-31 19:43:24,129 - DEBUG: initialized processor TopLevelSpanProcessor()
2022-10-31 19:43:24,129 - DEBUG: initialized processor SpanAggregator(_partial_flush_enabled=True, _partial_flush_min_spans=500, _trace_processors=[TraceTagsProcessor(), TraceSamplingProcessor(_compute_stats_enabled=False)], _writer=AgentWriter(status=<ServiceStatus.STOPPED: 'stopped'>, _interval=1.0))
2022-10-31 19:43:24,162 - INFO: patched 1/1 modules (logging)
2022-10-31 19:43:24,270 - INFO: select pg_catalog.version()
2022-10-31 19:43:24,271 - INFO: [raw sql] {}
2022-10-31 19:43:24,274 - INFO: select current_schema()
2022-10-31 19:43:24,275 - INFO: [raw sql] {}
2022-10-31 19:43:24,278 - INFO: show standard_conforming_strings
2022-10-31 19:43:24,278 - INFO: [raw sql] {}
2022-10-31 19:43:24,281 - INFO: BEGIN (implicit)
2022-10-31 19:43:24,284 - INFO: select relname from pg_class c join pg_namespace n on n.oid=c.relnamespace where pg_catalog.pg_table_is_visible(c.oid) and relname=%(name)s
2022-10-31 19:43:24,285 - INFO: [generated in 0.00100s] {'name': 'users'}
2022-10-31 19:43:24,291 - INFO: select relname from pg_class c join pg_namespace n on n.oid=c.relnamespace where pg_catalog.pg_table_is_visible(c.oid) and relname=%(name)s
2022-10-31 19:43:24,292 - INFO: [cached since 0.007706s ago] {'name': 'passengers'}
2022-10-31 19:43:24,294 - INFO: select relname from pg_class c join pg_namespace n on n.oid=c.relnamespace where pg_catalog.pg_table_is_visible(c.oid) and relname=%(name)s
2022-10-31 19:43:24,295 - INFO: [cached since 0.01137s ago] {'name': 'drivers'}
2022-10-31 19:43:24,299 - INFO: select relname from pg_class c join pg_namespace n on n.oid=c.relnamespace where pg_catalog.pg_table_is_visible(c.oid) and relname=%(name)s
2022-10-31 19:43:24,300 - INFO: [cached since 0.01601s ago] {'name': 'googleUser'}
2022-10-31 19:43:24,304 - INFO: COMMIT
2022-10-31 19:43:24,306 - INFO: Starting server
2022-10-31 19:43:24,323 - INFO: Started server process [1976]
2022-10-31 19:43:24,324 - INFO: Waiting for application startup.
2022-10-31 19:43:24,325 - INFO: Application startup complete.
2022-10-31 19:43:34,968 - DEBUG: trace 6856625686844368791 has 2 spans, 1 finished
2022-10-31 19:43:34,976 - DEBUG: finishing span name='users_service.controllers.user_controller.validated_admin' id=4531851088725471909 trace_id=6856625686844368791 parent_id=10618815699430196096 service='users-service' resource='Validate admin' type=None start=1667256214.3774025 end=1667256214.9688408 duration=0.5914383 error=1 tags={'error.msg': '', 'error.stack': 'Traceback (most recent call last):\n  File "C:\\Users\\Franco\\AppData\\Local\\pypoetry\\Cache\\virtualenvs\\users-service-XrYDwkUv-py3.9\\lib\\site-packages\\ddtrace\\tracer.py", line 932, in func_wrapper\n    return f(*args, **kwargs)\n  File "C:\\Users\\Franco\\Desktop\\users-service\\.\\users_service\\controllers\\user_controller.py", line 22, in validated_admin\n    authorization_handler.is_auth(headers)\n  File "C:\\Users\\Franco\\Desktop\\users-service\\.\\users_service\\utils\\authorization_handler.py", line 11, in is_auth\n    raise exceptions.UnauthorizeUser\nusers_service.database.exceptions.UnauthorizeUser\n', 'error.type': 'users_service.database.exceptions.UnauthorizeUser'} metrics={} (enabled:True)
2022-10-31 19:43:35,186 - DEBUG: finishing span name='users_service.controllers.user_controller.read_users' id=10618815699430196096 trace_id=6856625686844368791 parent_id=None service='users-service' resource='Get users' type=None start=1667256214.3774025 end=1667256214.9789417 duration=0.6015391 error=1 tags={'_dd.p.dm': '-0', 'error.msg': '', 'error.stack': 'Traceback (most recent call last):\n  File "C:\\Users\\Franco\\Desktop\\users-service\\.\\users_service\\controllers\\user_controller.py", line 39, in read_users\n    validated_admin(rq.headers)\n  File "C:\\Users\\Franco\\AppData\\Local\\pypoetry\\Cache\\virtualenvs\\users-service-XrYDwkUv-py3.9\\lib\\site-packages\\ddtrace\\tracer.py", line 932, in func_wrapper\n    return f(*args, **kwargs)\n  File "C:\\Users\\Franco\\Desktop\\users-service\\.\\users_service\\controllers\\user_controller.py", line 22, in validated_admin\n    authorization_handler.is_auth(headers)\n  File "C:\\Users\\Franco\\Desktop\\users-service\\.\\users_service\\utils\\authorization_handler.py", line 11, in is_auth\n    raise exceptions.UnauthorizeUser\nusers_service.database.exceptions.UnauthorizeUser\n\nDuring handling of the above exception, another exception occurred:\n\nTraceback (most recent call last):\n  File "C:\\Users\\Franco\\AppData\\Local\\pypoetry\\Cache\\virtualenvs\\users-service-XrYDwkUv-py3.9\\lib\\site-packages\\ddtrace\\tracer.py", line 932, in func_wrapper\n    return f(*args, **kwargs)\n  File "C:\\Users\\Franco\\Desktop\\users-service\\.\\users_service\\controllers\\user_controller.py", line 46, in read_users\n    raise HTTPException(**error.__dict__)\nfastapi.exceptions.HTTPException\n', 'error.type': 'fastapi.exceptions.HTTPException', 'runtime-id': '8ccac7e169eb425db73d869e9fa3ee97'} metrics={'_dd.agent_psr': 1.0, '_dd.top_level': 1, '_dd.tracer_kr': 1.0, '_sampling_priority_v1': 1, 'system.pid': 1976} (enabled:True)
2022-10-31 19:43:35,981 - DEBUG: creating new agent connection to http://localhost:8126 with timeout 2
2022-10-31 19:43:36,098 - DEBUG: sent 2.53KB in 0.12500s to http://localhost:8126/v0.4/traces
2022-10-31 19:43:36,099 - DEBUG: initialized RateSampler, sample 100% of traces
2022-10-31 19:43:36,100 - DEBUG: initialized RateSampler, sample 100% of traces
2022-10-31 19:44:32,378 - DEBUG: <class 'ddtrace.internal.module.ModuleWatchdog'> installed
2022-10-31 19:44:32,565 - DEBUG: initialized RateSampler, sample 100.0% of traces
2022-10-31 19:44:32,565 - DEBUG: initialized DatadogSampler(agent_rates={}, limiter=RateLimiter(rate_limit=100, tokens=100, last_update_ns=1419113343000000, effective_rate=1.0), rules=[])
2022-10-31 19:44:32,565 - DEBUG: initialized RateSampler, sample 100.0% of traces
2022-10-31 19:44:32,581 - DEBUG: initialized trace processor TraceTagsProcessor()
2022-10-31 19:44:32,581 - DEBUG: initialized trace processor TraceSamplingProcessor(_compute_stats_enabled=False)
2022-10-31 19:44:32,581 - DEBUG: initialized processor TopLevelSpanProcessor()
2022-10-31 19:44:32,581 - DEBUG: initialized processor SpanAggregator(_partial_flush_enabled=True, _partial_flush_min_spans=500, _trace_processors=[TraceTagsProcessor(), TraceSamplingProcessor(_compute_stats_enabled=False)], _writer=AgentWriter(status=<ServiceStatus.STOPPED: 'stopped'>, _interval=1.0))
2022-10-31 19:44:32,581 - DEBUG: initialized trace processor TraceTagsProcessor()
2022-10-31 19:44:32,581 - DEBUG: initialized trace processor TraceSamplingProcessor(_compute_stats_enabled=False)
2022-10-31 19:44:32,581 - DEBUG: initialized processor TopLevelSpanProcessor()
2022-10-31 19:44:32,581 - DEBUG: initialized processor SpanAggregator(_partial_flush_enabled=True, _partial_flush_min_spans=500, _trace_processors=[TraceTagsProcessor(), TraceSamplingProcessor(_compute_stats_enabled=False)], _writer=AgentWriter(status=<ServiceStatus.STOPPED: 'stopped'>, _interval=1.0))
2022-10-31 19:44:32,617 - INFO: patched 1/1 modules (logging)
2022-10-31 19:44:32,718 - INFO: select pg_catalog.version()
2022-10-31 19:44:32,718 - INFO: [raw sql] {}
2022-10-31 19:44:32,718 - INFO: select current_schema()
2022-10-31 19:44:32,718 - INFO: [raw sql] {}
2022-10-31 19:44:32,718 - INFO: show standard_conforming_strings
2022-10-31 19:44:32,718 - INFO: [raw sql] {}
2022-10-31 19:44:32,718 - INFO: BEGIN (implicit)
2022-10-31 19:44:32,738 - INFO: select relname from pg_class c join pg_namespace n on n.oid=c.relnamespace where pg_catalog.pg_table_is_visible(c.oid) and relname=%(name)s
2022-10-31 19:44:32,739 - INFO: [generated in 0.00098s] {'name': 'users'}
2022-10-31 19:44:32,744 - INFO: select relname from pg_class c join pg_namespace n on n.oid=c.relnamespace where pg_catalog.pg_table_is_visible(c.oid) and relname=%(name)s
2022-10-31 19:44:32,744 - INFO: [cached since 0.009264s ago] {'name': 'passengers'}
2022-10-31 19:44:32,744 - INFO: select relname from pg_class c join pg_namespace n on n.oid=c.relnamespace where pg_catalog.pg_table_is_visible(c.oid) and relname=%(name)s
2022-10-31 19:44:32,744 - INFO: [cached since 0.01517s ago] {'name': 'drivers'}
2022-10-31 19:44:32,744 - INFO: select relname from pg_class c join pg_namespace n on n.oid=c.relnamespace where pg_catalog.pg_table_is_visible(c.oid) and relname=%(name)s
2022-10-31 19:44:32,744 - INFO: [cached since 0.02034s ago] {'name': 'googleUser'}
2022-10-31 19:44:32,760 - INFO: COMMIT
2022-10-31 19:44:32,760 - INFO: Starting server
2022-10-31 19:44:32,777 - INFO: Started server process [6204]
2022-10-31 19:44:32,777 - INFO: Waiting for application startup.
2022-10-31 19:44:32,777 - INFO: Application startup complete.
2022-10-31 19:47:56,055 - DEBUG: <class 'ddtrace.internal.module.ModuleWatchdog'> installed
2022-10-31 19:47:56,266 - DEBUG: initialized RateSampler, sample 100.0% of traces
2022-10-31 19:47:56,266 - DEBUG: initialized DatadogSampler(agent_rates={}, limiter=RateLimiter(rate_limit=100, tokens=100, last_update_ns=1419317046000000, effective_rate=1.0), rules=[])
2022-10-31 19:47:56,266 - DEBUG: initialized RateSampler, sample 100.0% of traces
2022-10-31 19:47:56,279 - DEBUG: initialized trace processor TraceTagsProcessor()
2022-10-31 19:47:56,280 - DEBUG: initialized trace processor TraceSamplingProcessor(_compute_stats_enabled=False)
2022-10-31 19:47:56,280 - DEBUG: initialized processor TopLevelSpanProcessor()
2022-10-31 19:47:56,280 - DEBUG: initialized processor SpanAggregator(_partial_flush_enabled=True, _partial_flush_min_spans=500, _trace_processors=[TraceTagsProcessor(), TraceSamplingProcessor(_compute_stats_enabled=False)], _writer=AgentWriter(status=<ServiceStatus.STOPPED: 'stopped'>, _interval=1.0))
2022-10-31 19:47:56,280 - DEBUG: initialized trace processor TraceTagsProcessor()
2022-10-31 19:47:56,281 - DEBUG: initialized trace processor TraceSamplingProcessor(_compute_stats_enabled=False)
2022-10-31 19:47:56,281 - DEBUG: initialized processor TopLevelSpanProcessor()
2022-10-31 19:47:56,281 - DEBUG: initialized processor SpanAggregator(_partial_flush_enabled=True, _partial_flush_min_spans=500, _trace_processors=[TraceTagsProcessor(), TraceSamplingProcessor(_compute_stats_enabled=False)], _writer=AgentWriter(status=<ServiceStatus.STOPPED: 'stopped'>, _interval=1.0))
2022-10-31 19:47:57,336 - DEBUG: Waiting 5 seconds for tracer to finish. Hit ctrl-break to quit.
2022-10-31 19:48:08,950 - DEBUG: <class 'ddtrace.internal.module.ModuleWatchdog'> installed
2022-10-31 19:48:09,186 - DEBUG: initialized RateSampler, sample 100.0% of traces
2022-10-31 19:48:09,186 - DEBUG: initialized DatadogSampler(agent_rates={}, limiter=RateLimiter(rate_limit=100, tokens=100, last_update_ns=1419329953000000, effective_rate=1.0), rules=[])
2022-10-31 19:48:09,186 - DEBUG: initialized RateSampler, sample 100.0% of traces
2022-10-31 19:48:09,194 - DEBUG: initialized trace processor TraceTagsProcessor()
2022-10-31 19:48:09,194 - DEBUG: initialized trace processor TraceSamplingProcessor(_compute_stats_enabled=False)
2022-10-31 19:48:09,194 - DEBUG: initialized processor TopLevelSpanProcessor()
2022-10-31 19:48:09,194 - DEBUG: initialized processor SpanAggregator(_partial_flush_enabled=True, _partial_flush_min_spans=500, _trace_processors=[TraceTagsProcessor(), TraceSamplingProcessor(_compute_stats_enabled=False)], _writer=AgentWriter(status=<ServiceStatus.STOPPED: 'stopped'>, _interval=1.0))
2022-10-31 19:48:09,194 - DEBUG: initialized trace processor TraceTagsProcessor()
2022-10-31 19:48:09,194 - DEBUG: initialized trace processor TraceSamplingProcessor(_compute_stats_enabled=False)
2022-10-31 19:48:09,194 - DEBUG: initialized processor TopLevelSpanProcessor()
2022-10-31 19:48:09,194 - DEBUG: initialized processor SpanAggregator(_partial_flush_enabled=True, _partial_flush_min_spans=500, _trace_processors=[TraceTagsProcessor(), TraceSamplingProcessor(_compute_stats_enabled=False)], _writer=AgentWriter(status=<ServiceStatus.STOPPED: 'stopped'>, _interval=1.0))
2022-10-31 19:48:09,232 - INFO: patched 1/1 modules (logging)
2022-10-31 19:48:09,352 - INFO: select pg_catalog.version()
2022-10-31 19:48:09,352 - INFO: [raw sql] {}
2022-10-31 19:48:09,352 - INFO: select current_schema()
2022-10-31 19:48:09,352 - INFO: [raw sql] {}
2022-10-31 19:48:09,352 - INFO: show standard_conforming_strings
2022-10-31 19:48:09,352 - INFO: [raw sql] {}
2022-10-31 19:48:09,352 - INFO: BEGIN (implicit)
2022-10-31 19:48:09,360 - INFO: select relname from pg_class c join pg_namespace n on n.oid=c.relnamespace where pg_catalog.pg_table_is_visible(c.oid) and relname=%(name)s
2022-10-31 19:48:09,360 - INFO: [generated in 0.00049s] {'name': 'users'}
2022-10-31 19:48:09,368 - INFO: select relname from pg_class c join pg_namespace n on n.oid=c.relnamespace where pg_catalog.pg_table_is_visible(c.oid) and relname=%(name)s
2022-10-31 19:48:09,368 - INFO: [cached since 0.009205s ago] {'name': 'passengers'}
2022-10-31 19:48:09,368 - INFO: select relname from pg_class c join pg_namespace n on n.oid=c.relnamespace where pg_catalog.pg_table_is_visible(c.oid) and relname=%(name)s
2022-10-31 19:48:09,368 - INFO: [cached since 0.01138s ago] {'name': 'drivers'}
2022-10-31 19:48:09,368 - INFO: select relname from pg_class c join pg_namespace n on n.oid=c.relnamespace where pg_catalog.pg_table_is_visible(c.oid) and relname=%(name)s
2022-10-31 19:48:09,368 - INFO: [cached since 0.0137s ago] {'name': 'googleUser'}
2022-10-31 19:48:09,376 - INFO: COMMIT
2022-10-31 19:48:09,376 - INFO: Starting server
2022-10-31 19:48:09,389 - INFO: Started server process [8072]
2022-10-31 19:48:09,389 - INFO: Waiting for application startup.
2022-10-31 19:48:09,389 - INFO: Application startup complete.
2022-10-31 20:04:41,274 - DEBUG: <class 'ddtrace.internal.module.ModuleWatchdog'> installed
2022-10-31 20:04:41,495 - DEBUG: initialized RateSampler, sample 100.0% of traces
2022-10-31 20:04:41,495 - DEBUG: initialized DatadogSampler(agent_rates={}, limiter=RateLimiter(rate_limit=100, tokens=100, last_update_ns=1420322265000000, effective_rate=1.0), rules=[])
2022-10-31 20:04:41,495 - DEBUG: initialized RateSampler, sample 100.0% of traces
2022-10-31 20:04:41,503 - DEBUG: initialized trace processor TraceTagsProcessor()
2022-10-31 20:04:41,503 - DEBUG: initialized trace processor TraceSamplingProcessor(_compute_stats_enabled=False)
2022-10-31 20:04:41,503 - DEBUG: initialized processor TopLevelSpanProcessor()
2022-10-31 20:04:41,503 - DEBUG: initialized processor SpanAggregator(_partial_flush_enabled=True, _partial_flush_min_spans=500, _trace_processors=[TraceTagsProcessor(), TraceSamplingProcessor(_compute_stats_enabled=False)], _writer=AgentWriter(status=<ServiceStatus.STOPPED: 'stopped'>, _interval=1.0))
2022-10-31 20:04:41,503 - DEBUG: initialized trace processor TraceTagsProcessor()
2022-10-31 20:04:41,503 - DEBUG: initialized trace processor TraceSamplingProcessor(_compute_stats_enabled=False)
2022-10-31 20:04:41,503 - DEBUG: initialized processor TopLevelSpanProcessor()
2022-10-31 20:04:41,503 - DEBUG: initialized processor SpanAggregator(_partial_flush_enabled=True, _partial_flush_min_spans=500, _trace_processors=[TraceTagsProcessor(), TraceSamplingProcessor(_compute_stats_enabled=False)], _writer=AgentWriter(status=<ServiceStatus.STOPPED: 'stopped'>, _interval=1.0))
2022-10-31 20:04:41,518 - DEBUG: Waiting 5 seconds for tracer to finish. Hit ctrl-break to quit.
2022-10-31 20:04:52,685 - DEBUG: <class 'ddtrace.internal.module.ModuleWatchdog'> installed
2022-10-31 20:04:52,860 - DEBUG: initialized RateSampler, sample 100.0% of traces
2022-10-31 20:04:52,860 - DEBUG: initialized DatadogSampler(agent_rates={}, limiter=RateLimiter(rate_limit=100, tokens=100, last_update_ns=1420333640000000, effective_rate=1.0), rules=[])
2022-10-31 20:04:52,860 - DEBUG: initialized RateSampler, sample 100.0% of traces
2022-10-31 20:04:52,880 - DEBUG: initialized trace processor TraceTagsProcessor()
2022-10-31 20:04:52,880 - DEBUG: initialized trace processor TraceSamplingProcessor(_compute_stats_enabled=False)
2022-10-31 20:04:52,880 - DEBUG: initialized processor TopLevelSpanProcessor()
2022-10-31 20:04:52,880 - DEBUG: initialized processor SpanAggregator(_partial_flush_enabled=True, _partial_flush_min_spans=500, _trace_processors=[TraceTagsProcessor(), TraceSamplingProcessor(_compute_stats_enabled=False)], _writer=AgentWriter(status=<ServiceStatus.STOPPED: 'stopped'>, _interval=1.0))
2022-10-31 20:04:52,881 - DEBUG: initialized trace processor TraceTagsProcessor()
2022-10-31 20:04:52,881 - DEBUG: initialized trace processor TraceSamplingProcessor(_compute_stats_enabled=False)
2022-10-31 20:04:52,881 - DEBUG: initialized processor TopLevelSpanProcessor()
2022-10-31 20:04:52,881 - DEBUG: initialized processor SpanAggregator(_partial_flush_enabled=True, _partial_flush_min_spans=500, _trace_processors=[TraceTagsProcessor(), TraceSamplingProcessor(_compute_stats_enabled=False)], _writer=AgentWriter(status=<ServiceStatus.STOPPED: 'stopped'>, _interval=1.0))
2022-10-31 20:04:52,887 - DEBUG: Waiting 5 seconds for tracer to finish. Hit ctrl-break to quit.
2022-10-31 20:22:43,270 - DEBUG: <class 'ddtrace.internal.module.ModuleWatchdog'> installed
2022-10-31 20:22:43,522 - DEBUG: initialized RateSampler, sample 100.0% of traces
2022-10-31 20:22:43,522 - DEBUG: initialized DatadogSampler(agent_rates={}, limiter=RateLimiter(rate_limit=100, tokens=100, last_update_ns=1421404296000000, effective_rate=1.0), rules=[])
2022-10-31 20:22:43,523 - DEBUG: initialized RateSampler, sample 100.0% of traces
2022-10-31 20:22:43,534 - DEBUG: initialized trace processor TraceTagsProcessor()
2022-10-31 20:22:43,535 - DEBUG: initialized trace processor TraceSamplingProcessor(_compute_stats_enabled=False)
2022-10-31 20:22:43,535 - DEBUG: initialized processor TopLevelSpanProcessor()
2022-10-31 20:22:43,535 - DEBUG: initialized processor SpanAggregator(_partial_flush_enabled=True, _partial_flush_min_spans=500, _trace_processors=[TraceTagsProcessor(), TraceSamplingProcessor(_compute_stats_enabled=False)], _writer=AgentWriter(status=<ServiceStatus.STOPPED: 'stopped'>, _interval=1.0))
2022-10-31 20:22:43,536 - DEBUG: initialized trace processor TraceTagsProcessor()
2022-10-31 20:22:43,536 - DEBUG: initialized trace processor TraceSamplingProcessor(_compute_stats_enabled=False)
2022-10-31 20:22:43,536 - DEBUG: initialized processor TopLevelSpanProcessor()
2022-10-31 20:22:43,536 - DEBUG: initialized processor SpanAggregator(_partial_flush_enabled=True, _partial_flush_min_spans=500, _trace_processors=[TraceTagsProcessor(), TraceSamplingProcessor(_compute_stats_enabled=False)], _writer=AgentWriter(status=<ServiceStatus.STOPPED: 'stopped'>, _interval=1.0))
2022-10-31 20:22:43,570 - INFO: patched 1/1 modules (logging)
2022-10-31 20:22:43,691 - INFO: select pg_catalog.version()
2022-10-31 20:22:43,692 - INFO: [raw sql] {}
2022-10-31 20:22:43,693 - INFO: select current_schema()
2022-10-31 20:22:43,693 - INFO: [raw sql] {}
2022-10-31 20:22:43,694 - INFO: show standard_conforming_strings
2022-10-31 20:22:43,695 - INFO: [raw sql] {}
2022-10-31 20:22:43,696 - INFO: BEGIN (implicit)
2022-10-31 20:22:43,698 - INFO: select relname from pg_class c join pg_namespace n on n.oid=c.relnamespace where pg_catalog.pg_table_is_visible(c.oid) and relname=%(name)s
2022-10-31 20:22:43,699 - INFO: [generated in 0.00126s] {'name': 'users'}
2022-10-31 20:22:43,707 - INFO: select relname from pg_class c join pg_namespace n on n.oid=c.relnamespace where pg_catalog.pg_table_is_visible(c.oid) and relname=%(name)s
2022-10-31 20:22:43,707 - INFO: [cached since 0.009552s ago] {'name': 'passengers'}
2022-10-31 20:22:43,712 - INFO: select relname from pg_class c join pg_namespace n on n.oid=c.relnamespace where pg_catalog.pg_table_is_visible(c.oid) and relname=%(name)s
2022-10-31 20:22:43,712 - INFO: [cached since 0.01463s ago] {'name': 'drivers'}
2022-10-31 20:22:43,716 - INFO: select relname from pg_class c join pg_namespace n on n.oid=c.relnamespace where pg_catalog.pg_table_is_visible(c.oid) and relname=%(name)s
2022-10-31 20:22:43,716 - INFO: [cached since 0.01856s ago] {'name': 'googleUser'}
2022-10-31 20:22:43,721 - INFO: COMMIT
2022-10-31 20:22:43,724 - INFO: Starting server
2022-10-31 20:22:43,741 - INFO: Started server process [592]
2022-10-31 20:22:43,742 - INFO: Waiting for application startup.
2022-10-31 20:22:43,743 - INFO: Application startup complete.
2022-10-31 20:23:11,020 - INFO: Shutting down
2022-10-31 20:23:16,005 - DEBUG: <class 'ddtrace.internal.module.ModuleWatchdog'> installed
2022-10-31 20:23:16,214 - DEBUG: initialized RateSampler, sample 100.0% of traces
2022-10-31 20:23:16,214 - DEBUG: initialized DatadogSampler(agent_rates={}, limiter=RateLimiter(rate_limit=100, tokens=100, last_update_ns=1421436984000000, effective_rate=1.0), rules=[])
2022-10-31 20:23:16,215 - DEBUG: initialized RateSampler, sample 100.0% of traces
2022-10-31 20:23:16,225 - DEBUG: initialized trace processor TraceTagsProcessor()
2022-10-31 20:23:16,225 - DEBUG: initialized trace processor TraceSamplingProcessor(_compute_stats_enabled=False)
2022-10-31 20:23:16,225 - DEBUG: initialized processor TopLevelSpanProcessor()
2022-10-31 20:23:16,225 - DEBUG: initialized processor SpanAggregator(_partial_flush_enabled=True, _partial_flush_min_spans=500, _trace_processors=[TraceTagsProcessor(), TraceSamplingProcessor(_compute_stats_enabled=False)], _writer=AgentWriter(status=<ServiceStatus.STOPPED: 'stopped'>, _interval=1.0))
2022-10-31 20:23:16,226 - DEBUG: initialized trace processor TraceTagsProcessor()
2022-10-31 20:23:16,226 - DEBUG: initialized trace processor TraceSamplingProcessor(_compute_stats_enabled=False)
2022-10-31 20:23:16,226 - DEBUG: initialized processor TopLevelSpanProcessor()
2022-10-31 20:23:16,227 - DEBUG: initialized processor SpanAggregator(_partial_flush_enabled=True, _partial_flush_min_spans=500, _trace_processors=[TraceTagsProcessor(), TraceSamplingProcessor(_compute_stats_enabled=False)], _writer=AgentWriter(status=<ServiceStatus.STOPPED: 'stopped'>, _interval=1.0))
2022-10-31 20:23:16,256 - INFO: patched 1/1 modules (logging)
2022-10-31 20:23:16,397 - INFO: select pg_catalog.version()
2022-10-31 20:23:16,397 - INFO: [raw sql] {}
2022-10-31 20:23:16,399 - INFO: select current_schema()
2022-10-31 20:23:16,399 - INFO: [raw sql] {}
2022-10-31 20:23:16,400 - INFO: show standard_conforming_strings
2022-10-31 20:23:16,402 - INFO: [raw sql] {}
2022-10-31 20:23:16,403 - INFO: BEGIN (implicit)
2022-10-31 20:23:16,404 - INFO: select relname from pg_class c join pg_namespace n on n.oid=c.relnamespace where pg_catalog.pg_table_is_visible(c.oid) and relname=%(name)s
2022-10-31 20:23:16,404 - INFO: [generated in 0.00054s] {'name': 'users'}
2022-10-31 20:23:16,409 - INFO: select relname from pg_class c join pg_namespace n on n.oid=c.relnamespace where pg_catalog.pg_table_is_visible(c.oid) and relname=%(name)s
2022-10-31 20:23:16,409 - INFO: [cached since 0.005256s ago] {'name': 'passengers'}
2022-10-31 20:23:16,411 - INFO: select relname from pg_class c join pg_namespace n on n.oid=c.relnamespace where pg_catalog.pg_table_is_visible(c.oid) and relname=%(name)s
2022-10-31 20:23:16,411 - INFO: [cached since 0.007178s ago] {'name': 'drivers'}
2022-10-31 20:23:16,413 - INFO: select relname from pg_class c join pg_namespace n on n.oid=c.relnamespace where pg_catalog.pg_table_is_visible(c.oid) and relname=%(name)s
2022-10-31 20:23:16,414 - INFO: [cached since 0.009731s ago] {'name': 'googleUser'}
2022-10-31 20:23:16,415 - INFO: COMMIT
2022-10-31 20:23:16,416 - INFO: Starting server
2022-10-31 20:23:16,432 - INFO: Started server process [7780]
2022-10-31 20:23:16,433 - INFO: Waiting for application startup.
2022-10-31 20:23:16,433 - INFO: Application startup complete.
2022-10-31 20:26:18,484 - DEBUG: finishing span name='users_service.controllers.user_controller.read_users' id=8575035114650134340 trace_id=17100653344316941260 parent_id=None service='users-service' resource='Users' type=None start=1667258771.9830167 end=1667258772.1587617 duration=0.1757451 error=1 tags={'_dd.p.dm': '-0', 'error.msg': '', 'error.stack': 'Traceback (most recent call last):\n  File "C:\\Users\\Franco\\Desktop\\users-service\\.\\users_service\\controllers\\user_controller.py", line 38, in read_users\n    validated_admin(rq.headers)\n  File "C:\\Users\\Franco\\Desktop\\users-service\\.\\users_service\\controllers\\user_controller.py", line 21, in validated_admin\n    authorization_handler.is_auth(headers)\n  File "C:\\Users\\Franco\\Desktop\\users-service\\.\\users_service\\utils\\authorization_handler.py", line 11, in is_auth\n    raise exceptions.UnauthorizeUser\nusers_service.database.exceptions.UnauthorizeUser\n\nDuring handling of the above exception, another exception occurred:\n\nTraceback (most recent call last):\n  File "C:\\Users\\Franco\\AppData\\Local\\pypoetry\\Cache\\virtualenvs\\users-service-XrYDwkUv-py3.9\\lib\\site-packages\\ddtrace\\tracer.py", line 932, in func_wrapper\n    return f(*args, **kwargs)\n  File "C:\\Users\\Franco\\Desktop\\users-service\\.\\users_service\\controllers\\user_controller.py", line 45, in read_users\n    raise HTTPException(**error.__dict__)\nfastapi.exceptions.HTTPException\n', 'error.type': 'fastapi.exceptions.HTTPException', 'runtime-id': '9a0278233a544babba939d1c5fd87006'} metrics={'_dd.agent_psr': 1.0, '_dd.top_level': 1, '_dd.tracer_kr': 1.0, '_sampling_priority_v1': 1, 'system.pid': 7780} (enabled:True)
2022-10-31 20:26:19,163 - DEBUG: creating new agent connection to http://localhost:8126 with timeout 2
2022-10-31 20:26:19,217 - DEBUG: sent 1.45KB in 0.04700s to http://localhost:8126/v0.4/traces
2022-10-31 20:26:19,218 - DEBUG: initialized RateSampler, sample 100% of traces
2022-10-31 20:26:19,219 - DEBUG: initialized RateSampler, sample 100% of traces
2022-10-31 20:27:19,756 - DEBUG: sent 4553 in 1.26600s to http://localhost:8126/telemetry/proxy/api/v2/apmtelemetry. response: 202
2022-10-31 20:27:50,485 - DEBUG: <class 'ddtrace.internal.module.ModuleWatchdog'> installed
2022-10-31 20:27:50,710 - DEBUG: initialized RateSampler, sample 100.0% of traces
2022-10-31 20:27:50,711 - DEBUG: initialized DatadogSampler(agent_rates={}, limiter=RateLimiter(rate_limit=100, tokens=100, last_update_ns=1421711484000000, effective_rate=1.0), rules=[])
2022-10-31 20:27:50,711 - DEBUG: initialized RateSampler, sample 100.0% of traces
2022-10-31 20:27:50,719 - DEBUG: initialized trace processor TraceTagsProcessor()
2022-10-31 20:27:50,719 - DEBUG: initialized trace processor TraceSamplingProcessor(_compute_stats_enabled=False)
2022-10-31 20:27:50,719 - DEBUG: initialized processor TopLevelSpanProcessor()
2022-10-31 20:27:50,719 - DEBUG: initialized processor SpanAggregator(_partial_flush_enabled=True, _partial_flush_min_spans=500, _trace_processors=[TraceTagsProcessor(), TraceSamplingProcessor(_compute_stats_enabled=False)], _writer=AgentWriter(status=<ServiceStatus.STOPPED: 'stopped'>, _interval=1.0))
2022-10-31 20:27:50,720 - DEBUG: initialized trace processor TraceTagsProcessor()
2022-10-31 20:27:50,720 - DEBUG: initialized trace processor TraceSamplingProcessor(_compute_stats_enabled=False)
2022-10-31 20:27:50,720 - DEBUG: initialized processor TopLevelSpanProcessor()
2022-10-31 20:27:50,720 - DEBUG: initialized processor SpanAggregator(_partial_flush_enabled=True, _partial_flush_min_spans=500, _trace_processors=[TraceTagsProcessor(), TraceSamplingProcessor(_compute_stats_enabled=False)], _writer=AgentWriter(status=<ServiceStatus.STOPPED: 'stopped'>, _interval=1.0))
2022-10-31 20:27:50,756 - INFO: patched 1/1 modules (logging)
2022-10-31 20:27:50,925 - INFO: select pg_catalog.version()
2022-10-31 20:27:50,925 - INFO: [raw sql] {}
2022-10-31 20:27:50,927 - INFO: select current_schema()
2022-10-31 20:27:50,927 - INFO: [raw sql] {}
2022-10-31 20:27:50,928 - INFO: show standard_conforming_strings
2022-10-31 20:27:50,929 - INFO: [raw sql] {}
2022-10-31 20:27:50,932 - INFO: BEGIN (implicit)
2022-10-31 20:27:50,933 - INFO: select relname from pg_class c join pg_namespace n on n.oid=c.relnamespace where pg_catalog.pg_table_is_visible(c.oid) and relname=%(name)s
2022-10-31 20:27:50,934 - INFO: [generated in 0.00118s] {'name': 'users'}
2022-10-31 20:27:50,940 - INFO: select relname from pg_class c join pg_namespace n on n.oid=c.relnamespace where pg_catalog.pg_table_is_visible(c.oid) and relname=%(name)s
2022-10-31 20:27:50,941 - INFO: [cached since 0.007587s ago] {'name': 'passengers'}
2022-10-31 20:27:50,943 - INFO: select relname from pg_class c join pg_namespace n on n.oid=c.relnamespace where pg_catalog.pg_table_is_visible(c.oid) and relname=%(name)s
2022-10-31 20:27:50,946 - INFO: [cached since 0.01266s ago] {'name': 'drivers'}
2022-10-31 20:27:50,952 - INFO: select relname from pg_class c join pg_namespace n on n.oid=c.relnamespace where pg_catalog.pg_table_is_visible(c.oid) and relname=%(name)s
2022-10-31 20:27:50,953 - INFO: [cached since 0.02042s ago] {'name': 'googleUser'}
2022-10-31 20:27:50,957 - INFO: COMMIT
2022-10-31 20:27:50,960 - INFO: Starting server
2022-10-31 20:27:50,982 - INFO: Started server process [8928]
2022-10-31 20:27:50,983 - INFO: Waiting for application startup.
2022-10-31 20:27:50,985 - INFO: Application startup complete.
2022-10-31 20:28:04,107 - DEBUG: <class 'ddtrace.internal.module.ModuleWatchdog'> installed
2022-10-31 20:28:04,324 - DEBUG: initialized RateSampler, sample 100.0% of traces
2022-10-31 20:28:04,324 - DEBUG: initialized DatadogSampler(agent_rates={}, limiter=RateLimiter(rate_limit=100, tokens=100, last_update_ns=1421725093000000, effective_rate=1.0), rules=[])
2022-10-31 20:28:04,325 - DEBUG: initialized RateSampler, sample 100.0% of traces
2022-10-31 20:28:04,332 - DEBUG: initialized trace processor TraceTagsProcessor()
2022-10-31 20:28:04,332 - DEBUG: initialized trace processor TraceSamplingProcessor(_compute_stats_enabled=False)
2022-10-31 20:28:04,332 - DEBUG: initialized processor TopLevelSpanProcessor()
2022-10-31 20:28:04,332 - DEBUG: initialized processor SpanAggregator(_partial_flush_enabled=True, _partial_flush_min_spans=500, _trace_processors=[TraceTagsProcessor(), TraceSamplingProcessor(_compute_stats_enabled=False)], _writer=AgentWriter(status=<ServiceStatus.STOPPED: 'stopped'>, _interval=1.0))
2022-10-31 20:28:04,333 - DEBUG: initialized trace processor TraceTagsProcessor()
2022-10-31 20:28:04,333 - DEBUG: initialized trace processor TraceSamplingProcessor(_compute_stats_enabled=False)
2022-10-31 20:28:04,333 - DEBUG: initialized processor TopLevelSpanProcessor()
2022-10-31 20:28:04,333 - DEBUG: initialized processor SpanAggregator(_partial_flush_enabled=True, _partial_flush_min_spans=500, _trace_processors=[TraceTagsProcessor(), TraceSamplingProcessor(_compute_stats_enabled=False)], _writer=AgentWriter(status=<ServiceStatus.STOPPED: 'stopped'>, _interval=1.0))
2022-10-31 20:28:04,418 - INFO: patched 1/1 modules (logging)
2022-10-31 20:28:04,620 - INFO: select pg_catalog.version()
2022-10-31 20:28:04,620 - INFO: [raw sql] {}
2022-10-31 20:28:04,622 - INFO: select current_schema()
2022-10-31 20:28:04,622 - INFO: [raw sql] {}
2022-10-31 20:28:04,623 - INFO: show standard_conforming_strings
2022-10-31 20:28:04,624 - INFO: [raw sql] {}
2022-10-31 20:28:04,625 - INFO: BEGIN (implicit)
2022-10-31 20:28:04,626 - INFO: select relname from pg_class c join pg_namespace n on n.oid=c.relnamespace where pg_catalog.pg_table_is_visible(c.oid) and relname=%(name)s
2022-10-31 20:28:04,626 - INFO: [generated in 0.00038s] {'name': 'users'}
2022-10-31 20:28:04,630 - INFO: select relname from pg_class c join pg_namespace n on n.oid=c.relnamespace where pg_catalog.pg_table_is_visible(c.oid) and relname=%(name)s
2022-10-31 20:28:04,630 - INFO: [cached since 0.004621s ago] {'name': 'passengers'}
2022-10-31 20:28:04,631 - INFO: select relname from pg_class c join pg_namespace n on n.oid=c.relnamespace where pg_catalog.pg_table_is_visible(c.oid) and relname=%(name)s
2022-10-31 20:28:04,632 - INFO: [cached since 0.006167s ago] {'name': 'drivers'}
2022-10-31 20:28:04,633 - INFO: select relname from pg_class c join pg_namespace n on n.oid=c.relnamespace where pg_catalog.pg_table_is_visible(c.oid) and relname=%(name)s
2022-10-31 20:28:04,634 - INFO: [cached since 0.007853s ago] {'name': 'googleUser'}
2022-10-31 20:28:04,635 - INFO: COMMIT
2022-10-31 20:28:04,635 - INFO: Starting server
2022-10-31 20:28:04,650 - INFO: Started server process [3256]
2022-10-31 20:28:04,650 - INFO: Waiting for application startup.
2022-10-31 20:28:04,651 - INFO: Application startup complete.
2022-10-31 20:29:29,994 - ERROR: Exception in ASGI application
Traceback (most recent call last):
  File "C:\Users\Franco\Desktop\users-service\.\users_service\utils\firebase_handler.py", line 21, in get_fb
    yield firebase
NameError: name 'firebase' is not defined

During handling of the above exception, another exception occurred:

Traceback (most recent call last):
  File "C:\Users\Franco\AppData\Local\pypoetry\Cache\virtualenvs\users-service-XrYDwkUv-py3.9\lib\site-packages\uvicorn\protocols\http\h11_impl.py", line 404, in run_asgi
    result = await app(  # type: ignore[func-returns-value]
  File "C:\Users\Franco\AppData\Local\pypoetry\Cache\virtualenvs\users-service-XrYDwkUv-py3.9\lib\site-packages\uvicorn\middleware\proxy_headers.py", line 78, in __call__
    return await self.app(scope, receive, send)
  File "C:\Users\Franco\AppData\Local\pypoetry\Cache\virtualenvs\users-service-XrYDwkUv-py3.9\lib\site-packages\fastapi\applications.py", line 269, in __call__
    await super().__call__(scope, receive, send)
  File "C:\Users\Franco\AppData\Local\pypoetry\Cache\virtualenvs\users-service-XrYDwkUv-py3.9\lib\site-packages\starlette\applications.py", line 124, in __call__
    await self.middleware_stack(scope, receive, send)
  File "C:\Users\Franco\AppData\Local\pypoetry\Cache\virtualenvs\users-service-XrYDwkUv-py3.9\lib\site-packages\starlette\middleware\errors.py", line 184, in __call__
    raise exc
  File "C:\Users\Franco\AppData\Local\pypoetry\Cache\virtualenvs\users-service-XrYDwkUv-py3.9\lib\site-packages\starlette\middleware\errors.py", line 162, in __call__
    await self.app(scope, receive, _send)
  File "C:\Users\Franco\AppData\Local\pypoetry\Cache\virtualenvs\users-service-XrYDwkUv-py3.9\lib\site-packages\starlette\middleware\cors.py", line 84, in __call__
    await self.app(scope, receive, send)
  File "C:\Users\Franco\AppData\Local\pypoetry\Cache\virtualenvs\users-service-XrYDwkUv-py3.9\lib\site-packages\starlette\exceptions.py", line 93, in __call__
    raise exc
  File "C:\Users\Franco\AppData\Local\pypoetry\Cache\virtualenvs\users-service-XrYDwkUv-py3.9\lib\site-packages\starlette\exceptions.py", line 82, in __call__
    await self.app(scope, receive, sender)
  File "C:\Users\Franco\AppData\Local\pypoetry\Cache\virtualenvs\users-service-XrYDwkUv-py3.9\lib\site-packages\fastapi\middleware\asyncexitstack.py", line 21, in __call__
    raise e
  File "C:\Users\Franco\AppData\Local\pypoetry\Cache\virtualenvs\users-service-XrYDwkUv-py3.9\lib\site-packages\fastapi\middleware\asyncexitstack.py", line 18, in __call__
    await self.app(scope, receive, send)
  File "C:\Users\Franco\AppData\Local\pypoetry\Cache\virtualenvs\users-service-XrYDwkUv-py3.9\lib\site-packages\starlette\routing.py", line 670, in __call__
    await route.handle(scope, receive, send)
  File "C:\Users\Franco\AppData\Local\pypoetry\Cache\virtualenvs\users-service-XrYDwkUv-py3.9\lib\site-packages\starlette\routing.py", line 266, in handle
    await self.app(scope, receive, send)
  File "C:\Users\Franco\AppData\Local\pypoetry\Cache\virtualenvs\users-service-XrYDwkUv-py3.9\lib\site-packages\starlette\routing.py", line 65, in app
    response = await func(request)
  File "C:\Users\Franco\AppData\Local\pypoetry\Cache\virtualenvs\users-service-XrYDwkUv-py3.9\lib\site-packages\fastapi\routing.py", line 221, in app
    solved_result = await solve_dependencies(
  File "C:\Users\Franco\AppData\Local\pypoetry\Cache\virtualenvs\users-service-XrYDwkUv-py3.9\lib\site-packages\fastapi\dependencies\utils.py", line 528, in solve_dependencies
    solved = await solve_generator(
  File "C:\Users\Franco\AppData\Local\pypoetry\Cache\virtualenvs\users-service-XrYDwkUv-py3.9\lib\site-packages\fastapi\dependencies\utils.py", line 453, in solve_generator
    return await stack.enter_async_context(cm)
  File "C:\Users\Franco\AppData\Local\Programs\Python\Python39\lib\contextlib.py", line 575, in enter_async_context
    result = await _cm_type.__aenter__(cm)
  File "C:\Users\Franco\AppData\Local\Programs\Python\Python39\lib\contextlib.py", line 181, in __aenter__
    return await self.gen.__anext__()
  File "C:\Users\Franco\AppData\Local\pypoetry\Cache\virtualenvs\users-service-XrYDwkUv-py3.9\lib\site-packages\fastapi\concurrency.py", line 43, in contextmanager_in_threadpool
    raise e
  File "C:\Users\Franco\AppData\Local\Programs\Python\Python39\lib\contextlib.py", line 137, in __exit__
    self.gen.throw(typ, value, traceback)
NameError: name 'firebase' is not defined
2022-10-31 20:32:12,551 - INFO: Shutting down
2022-10-31 20:32:12,654 - INFO: Waiting for application shutdown.
2022-10-31 20:32:12,656 - INFO: Application shutdown complete.
2022-10-31 20:32:12,658 - INFO: Finished server process [3256]
2022-10-31 20:32:12,664 - DEBUG: Waiting 5 seconds for tracer to finish. Hit ctrl-break to quit.
2022-10-31 20:32:19,472 - DEBUG: <class 'ddtrace.internal.module.ModuleWatchdog'> installed
2022-10-31 20:32:19,695 - DEBUG: initialized RateSampler, sample 100.0% of traces
2022-10-31 20:32:19,695 - DEBUG: initialized DatadogSampler(agent_rates={}, limiter=RateLimiter(rate_limit=100, tokens=100, last_update_ns=1421980468000000, effective_rate=1.0), rules=[])
2022-10-31 20:32:19,695 - DEBUG: initialized RateSampler, sample 100.0% of traces
2022-10-31 20:32:19,702 - DEBUG: initialized trace processor TraceTagsProcessor()
2022-10-31 20:32:19,703 - DEBUG: initialized trace processor TraceSamplingProcessor(_compute_stats_enabled=False)
2022-10-31 20:32:19,703 - DEBUG: initialized processor TopLevelSpanProcessor()
2022-10-31 20:32:19,703 - DEBUG: initialized processor SpanAggregator(_partial_flush_enabled=True, _partial_flush_min_spans=500, _trace_processors=[TraceTagsProcessor(), TraceSamplingProcessor(_compute_stats_enabled=False)], _writer=AgentWriter(status=<ServiceStatus.STOPPED: 'stopped'>, _interval=1.0))
2022-10-31 20:32:19,703 - DEBUG: initialized trace processor TraceTagsProcessor()
2022-10-31 20:32:19,704 - DEBUG: initialized trace processor TraceSamplingProcessor(_compute_stats_enabled=False)
2022-10-31 20:32:19,704 - DEBUG: initialized processor TopLevelSpanProcessor()
2022-10-31 20:32:19,704 - DEBUG: initialized processor SpanAggregator(_partial_flush_enabled=True, _partial_flush_min_spans=500, _trace_processors=[TraceTagsProcessor(), TraceSamplingProcessor(_compute_stats_enabled=False)], _writer=AgentWriter(status=<ServiceStatus.STOPPED: 'stopped'>, _interval=1.0))
2022-10-31 20:32:19,732 - INFO: patched 1/1 modules (logging)
2022-10-31 20:32:19,841 - INFO: select pg_catalog.version()
2022-10-31 20:32:19,841 - INFO: [raw sql] {}
2022-10-31 20:32:19,843 - INFO: select current_schema()
2022-10-31 20:32:19,844 - INFO: [raw sql] {}
2022-10-31 20:32:19,844 - INFO: show standard_conforming_strings
2022-10-31 20:32:19,845 - INFO: [raw sql] {}
2022-10-31 20:32:19,846 - INFO: BEGIN (implicit)
2022-10-31 20:32:19,847 - INFO: select relname from pg_class c join pg_namespace n on n.oid=c.relnamespace where pg_catalog.pg_table_is_visible(c.oid) and relname=%(name)s
2022-10-31 20:32:19,847 - INFO: [generated in 0.00052s] {'name': 'users'}
2022-10-31 20:32:19,851 - INFO: select relname from pg_class c join pg_namespace n on n.oid=c.relnamespace where pg_catalog.pg_table_is_visible(c.oid) and relname=%(name)s
2022-10-31 20:32:19,851 - INFO: [cached since 0.005174s ago] {'name': 'passengers'}
2022-10-31 20:32:19,853 - INFO: select relname from pg_class c join pg_namespace n on n.oid=c.relnamespace where pg_catalog.pg_table_is_visible(c.oid) and relname=%(name)s
2022-10-31 20:32:19,853 - INFO: [cached since 0.006902s ago] {'name': 'drivers'}
2022-10-31 20:32:19,854 - INFO: select relname from pg_class c join pg_namespace n on n.oid=c.relnamespace where pg_catalog.pg_table_is_visible(c.oid) and relname=%(name)s
2022-10-31 20:32:19,855 - INFO: [cached since 0.008726s ago] {'name': 'googleUser'}
2022-10-31 20:32:19,856 - INFO: COMMIT
2022-10-31 20:32:19,857 - INFO: Starting server
2022-10-31 20:32:19,870 - INFO: Started server process [1384]
2022-10-31 20:32:19,871 - INFO: Waiting for application startup.
2022-10-31 20:32:19,871 - INFO: Application startup complete.
2022-10-31 20:32:24,983 - ERROR: Exception in ASGI application
Traceback (most recent call last):
  File "C:\Users\Franco\Desktop\users-service\.\users_service\utils\firebase_handler.py", line 21, in get_fb
    yield firebase
NameError: name 'firebase' is not defined

During handling of the above exception, another exception occurred:

Traceback (most recent call last):
  File "C:\Users\Franco\AppData\Local\pypoetry\Cache\virtualenvs\users-service-XrYDwkUv-py3.9\lib\site-packages\uvicorn\protocols\http\h11_impl.py", line 404, in run_asgi
    result = await app(  # type: ignore[func-returns-value]
  File "C:\Users\Franco\AppData\Local\pypoetry\Cache\virtualenvs\users-service-XrYDwkUv-py3.9\lib\site-packages\uvicorn\middleware\proxy_headers.py", line 78, in __call__
    return await self.app(scope, receive, send)
  File "C:\Users\Franco\AppData\Local\pypoetry\Cache\virtualenvs\users-service-XrYDwkUv-py3.9\lib\site-packages\fastapi\applications.py", line 269, in __call__
    await super().__call__(scope, receive, send)
  File "C:\Users\Franco\AppData\Local\pypoetry\Cache\virtualenvs\users-service-XrYDwkUv-py3.9\lib\site-packages\starlette\applications.py", line 124, in __call__
    await self.middleware_stack(scope, receive, send)
  File "C:\Users\Franco\AppData\Local\pypoetry\Cache\virtualenvs\users-service-XrYDwkUv-py3.9\lib\site-packages\starlette\middleware\errors.py", line 184, in __call__
    raise exc
  File "C:\Users\Franco\AppData\Local\pypoetry\Cache\virtualenvs\users-service-XrYDwkUv-py3.9\lib\site-packages\starlette\middleware\errors.py", line 162, in __call__
    await self.app(scope, receive, _send)
  File "C:\Users\Franco\AppData\Local\pypoetry\Cache\virtualenvs\users-service-XrYDwkUv-py3.9\lib\site-packages\starlette\middleware\cors.py", line 84, in __call__
    await self.app(scope, receive, send)
  File "C:\Users\Franco\AppData\Local\pypoetry\Cache\virtualenvs\users-service-XrYDwkUv-py3.9\lib\site-packages\starlette\exceptions.py", line 93, in __call__
    raise exc
  File "C:\Users\Franco\AppData\Local\pypoetry\Cache\virtualenvs\users-service-XrYDwkUv-py3.9\lib\site-packages\starlette\exceptions.py", line 82, in __call__
    await self.app(scope, receive, sender)
  File "C:\Users\Franco\AppData\Local\pypoetry\Cache\virtualenvs\users-service-XrYDwkUv-py3.9\lib\site-packages\fastapi\middleware\asyncexitstack.py", line 21, in __call__
    raise e
  File "C:\Users\Franco\AppData\Local\pypoetry\Cache\virtualenvs\users-service-XrYDwkUv-py3.9\lib\site-packages\fastapi\middleware\asyncexitstack.py", line 18, in __call__
    await self.app(scope, receive, send)
  File "C:\Users\Franco\AppData\Local\pypoetry\Cache\virtualenvs\users-service-XrYDwkUv-py3.9\lib\site-packages\starlette\routing.py", line 670, in __call__
    await route.handle(scope, receive, send)
  File "C:\Users\Franco\AppData\Local\pypoetry\Cache\virtualenvs\users-service-XrYDwkUv-py3.9\lib\site-packages\starlette\routing.py", line 266, in handle
    await self.app(scope, receive, send)
  File "C:\Users\Franco\AppData\Local\pypoetry\Cache\virtualenvs\users-service-XrYDwkUv-py3.9\lib\site-packages\starlette\routing.py", line 65, in app
    response = await func(request)
  File "C:\Users\Franco\AppData\Local\pypoetry\Cache\virtualenvs\users-service-XrYDwkUv-py3.9\lib\site-packages\fastapi\routing.py", line 221, in app
    solved_result = await solve_dependencies(
  File "C:\Users\Franco\AppData\Local\pypoetry\Cache\virtualenvs\users-service-XrYDwkUv-py3.9\lib\site-packages\fastapi\dependencies\utils.py", line 528, in solve_dependencies
    solved = await solve_generator(
  File "C:\Users\Franco\AppData\Local\pypoetry\Cache\virtualenvs\users-service-XrYDwkUv-py3.9\lib\site-packages\fastapi\dependencies\utils.py", line 453, in solve_generator
    return await stack.enter_async_context(cm)
  File "C:\Users\Franco\AppData\Local\Programs\Python\Python39\lib\contextlib.py", line 575, in enter_async_context
    result = await _cm_type.__aenter__(cm)
  File "C:\Users\Franco\AppData\Local\Programs\Python\Python39\lib\contextlib.py", line 181, in __aenter__
    return await self.gen.__anext__()
  File "C:\Users\Franco\AppData\Local\pypoetry\Cache\virtualenvs\users-service-XrYDwkUv-py3.9\lib\site-packages\fastapi\concurrency.py", line 43, in contextmanager_in_threadpool
    raise e
  File "C:\Users\Franco\AppData\Local\Programs\Python\Python39\lib\contextlib.py", line 137, in __exit__
    self.gen.throw(typ, value, traceback)
NameError: name 'firebase' is not defined
2022-10-31 20:32:41,669 - INFO: Shutting down
2022-10-31 20:32:41,770 - INFO: Waiting for application shutdown.
2022-10-31 20:32:41,771 - INFO: Application shutdown complete.
2022-10-31 20:32:41,773 - INFO: Finished server process [1384]
2022-10-31 20:32:41,779 - DEBUG: Waiting 5 seconds for tracer to finish. Hit ctrl-break to quit.
2022-10-31 20:34:23,411 - DEBUG: <class 'ddtrace.internal.module.ModuleWatchdog'> installed
2022-10-31 20:34:23,637 - DEBUG: initialized RateSampler, sample 100.0% of traces
2022-10-31 20:34:23,638 - DEBUG: initialized DatadogSampler(agent_rates={}, limiter=RateLimiter(rate_limit=100, tokens=100, last_update_ns=1422104406000000, effective_rate=1.0), rules=[])
2022-10-31 20:34:23,638 - DEBUG: initialized RateSampler, sample 100.0% of traces
2022-10-31 20:34:23,645 - DEBUG: initialized trace processor TraceTagsProcessor()
2022-10-31 20:34:23,645 - DEBUG: initialized trace processor TraceSamplingProcessor(_compute_stats_enabled=False)
2022-10-31 20:34:23,645 - DEBUG: initialized processor TopLevelSpanProcessor()
2022-10-31 20:34:23,645 - DEBUG: initialized processor SpanAggregator(_partial_flush_enabled=True, _partial_flush_min_spans=500, _trace_processors=[TraceTagsProcessor(), TraceSamplingProcessor(_compute_stats_enabled=False)], _writer=AgentWriter(status=<ServiceStatus.STOPPED: 'stopped'>, _interval=1.0))
2022-10-31 20:34:23,646 - DEBUG: initialized trace processor TraceTagsProcessor()
2022-10-31 20:34:23,646 - DEBUG: initialized trace processor TraceSamplingProcessor(_compute_stats_enabled=False)
2022-10-31 20:34:23,646 - DEBUG: initialized processor TopLevelSpanProcessor()
2022-10-31 20:34:23,646 - DEBUG: initialized processor SpanAggregator(_partial_flush_enabled=True, _partial_flush_min_spans=500, _trace_processors=[TraceTagsProcessor(), TraceSamplingProcessor(_compute_stats_enabled=False)], _writer=AgentWriter(status=<ServiceStatus.STOPPED: 'stopped'>, _interval=1.0))
2022-10-31 20:34:23,680 - INFO: patched 1/1 modules (logging)
2022-10-31 20:34:23,680 - ERROR: Error loading ASGI app. Could not import module "users_service.app".
2022-10-31 20:34:23,681 - DEBUG: Waiting 5 seconds for tracer to finish. Hit ctrl-break to quit.
2022-10-31 20:34:34,880 - DEBUG: <class 'ddtrace.internal.module.ModuleWatchdog'> installed
2022-10-31 20:34:35,091 - DEBUG: initialized RateSampler, sample 100.0% of traces
2022-10-31 20:34:35,091 - DEBUG: initialized DatadogSampler(agent_rates={}, limiter=RateLimiter(rate_limit=100, tokens=100, last_update_ns=1422115859000000, effective_rate=1.0), rules=[])
2022-10-31 20:34:35,091 - DEBUG: initialized RateSampler, sample 100.0% of traces
2022-10-31 20:34:35,098 - DEBUG: initialized trace processor TraceTagsProcessor()
2022-10-31 20:34:35,098 - DEBUG: initialized trace processor TraceSamplingProcessor(_compute_stats_enabled=False)
2022-10-31 20:34:35,099 - DEBUG: initialized processor TopLevelSpanProcessor()
2022-10-31 20:34:35,099 - DEBUG: initialized processor SpanAggregator(_partial_flush_enabled=True, _partial_flush_min_spans=500, _trace_processors=[TraceTagsProcessor(), TraceSamplingProcessor(_compute_stats_enabled=False)], _writer=AgentWriter(status=<ServiceStatus.STOPPED: 'stopped'>, _interval=1.0))
2022-10-31 20:34:35,099 - DEBUG: initialized trace processor TraceTagsProcessor()
2022-10-31 20:34:35,099 - DEBUG: initialized trace processor TraceSamplingProcessor(_compute_stats_enabled=False)
2022-10-31 20:34:35,100 - DEBUG: initialized processor TopLevelSpanProcessor()
2022-10-31 20:34:35,100 - DEBUG: initialized processor SpanAggregator(_partial_flush_enabled=True, _partial_flush_min_spans=500, _trace_processors=[TraceTagsProcessor(), TraceSamplingProcessor(_compute_stats_enabled=False)], _writer=AgentWriter(status=<ServiceStatus.STOPPED: 'stopped'>, _interval=1.0))
2022-10-31 20:34:35,134 - INFO: patched 1/1 modules (logging)
2022-10-31 20:34:35,236 - INFO: select pg_catalog.version()
2022-10-31 20:34:35,236 - INFO: [raw sql] {}
2022-10-31 20:34:35,237 - INFO: select current_schema()
2022-10-31 20:34:35,238 - INFO: [raw sql] {}
2022-10-31 20:34:35,238 - INFO: show standard_conforming_strings
2022-10-31 20:34:35,239 - INFO: [raw sql] {}
2022-10-31 20:34:35,240 - INFO: BEGIN (implicit)
2022-10-31 20:34:35,241 - INFO: select relname from pg_class c join pg_namespace n on n.oid=c.relnamespace where pg_catalog.pg_table_is_visible(c.oid) and relname=%(name)s
2022-10-31 20:34:35,241 - INFO: [generated in 0.00044s] {'name': 'users'}
2022-10-31 20:34:35,246 - INFO: select relname from pg_class c join pg_namespace n on n.oid=c.relnamespace where pg_catalog.pg_table_is_visible(c.oid) and relname=%(name)s
2022-10-31 20:34:35,246 - INFO: [cached since 0.005037s ago] {'name': 'passengers'}
2022-10-31 20:34:35,247 - INFO: select relname from pg_class c join pg_namespace n on n.oid=c.relnamespace where pg_catalog.pg_table_is_visible(c.oid) and relname=%(name)s
2022-10-31 20:34:35,247 - INFO: [cached since 0.006475s ago] {'name': 'drivers'}
2022-10-31 20:34:35,248 - INFO: select relname from pg_class c join pg_namespace n on n.oid=c.relnamespace where pg_catalog.pg_table_is_visible(c.oid) and relname=%(name)s
2022-10-31 20:34:35,249 - INFO: [cached since 0.007878s ago] {'name': 'googleUser'}
2022-10-31 20:34:35,250 - INFO: COMMIT
2022-10-31 20:34:47,383 - DEBUG: <class 'ddtrace.internal.module.ModuleWatchdog'> installed
2022-10-31 20:34:47,606 - DEBUG: initialized RateSampler, sample 100.0% of traces
2022-10-31 20:34:47,606 - DEBUG: initialized DatadogSampler(agent_rates={}, limiter=RateLimiter(rate_limit=100, tokens=100, last_update_ns=1422128375000000, effective_rate=1.0), rules=[])
2022-10-31 20:34:47,606 - DEBUG: initialized RateSampler, sample 100.0% of traces
2022-10-31 20:34:47,617 - DEBUG: initialized trace processor TraceTagsProcessor()
2022-10-31 20:34:47,618 - DEBUG: initialized trace processor TraceSamplingProcessor(_compute_stats_enabled=False)
2022-10-31 20:34:47,618 - DEBUG: initialized processor TopLevelSpanProcessor()
2022-10-31 20:34:47,619 - DEBUG: initialized processor SpanAggregator(_partial_flush_enabled=True, _partial_flush_min_spans=500, _trace_processors=[TraceTagsProcessor(), TraceSamplingProcessor(_compute_stats_enabled=False)], _writer=AgentWriter(status=<ServiceStatus.STOPPED: 'stopped'>, _interval=1.0))
2022-10-31 20:34:47,620 - DEBUG: initialized trace processor TraceTagsProcessor()
2022-10-31 20:34:47,620 - DEBUG: initialized trace processor TraceSamplingProcessor(_compute_stats_enabled=False)
2022-10-31 20:34:47,620 - DEBUG: initialized processor TopLevelSpanProcessor()
2022-10-31 20:34:47,620 - DEBUG: initialized processor SpanAggregator(_partial_flush_enabled=True, _partial_flush_min_spans=500, _trace_processors=[TraceTagsProcessor(), TraceSamplingProcessor(_compute_stats_enabled=False)], _writer=AgentWriter(status=<ServiceStatus.STOPPED: 'stopped'>, _interval=1.0))
2022-10-31 20:34:47,663 - INFO: patched 1/1 modules (logging)
2022-10-31 20:34:47,790 - INFO: select pg_catalog.version()
2022-10-31 20:34:47,790 - INFO: [raw sql] {}
2022-10-31 20:34:47,793 - INFO: select current_schema()
2022-10-31 20:34:47,793 - INFO: [raw sql] {}
2022-10-31 20:34:47,795 - INFO: show standard_conforming_strings
2022-10-31 20:34:47,795 - INFO: [raw sql] {}
2022-10-31 20:34:47,797 - INFO: BEGIN (implicit)
2022-10-31 20:34:47,798 - INFO: select relname from pg_class c join pg_namespace n on n.oid=c.relnamespace where pg_catalog.pg_table_is_visible(c.oid) and relname=%(name)s
2022-10-31 20:34:47,799 - INFO: [generated in 0.00069s] {'name': 'users'}
2022-10-31 20:34:47,803 - INFO: select relname from pg_class c join pg_namespace n on n.oid=c.relnamespace where pg_catalog.pg_table_is_visible(c.oid) and relname=%(name)s
2022-10-31 20:34:47,804 - INFO: [cached since 0.006023s ago] {'name': 'passengers'}
2022-10-31 20:34:47,806 - INFO: select relname from pg_class c join pg_namespace n on n.oid=c.relnamespace where pg_catalog.pg_table_is_visible(c.oid) and relname=%(name)s
2022-10-31 20:34:47,806 - INFO: [cached since 0.007905s ago] {'name': 'drivers'}
2022-10-31 20:34:47,807 - INFO: select relname from pg_class c join pg_namespace n on n.oid=c.relnamespace where pg_catalog.pg_table_is_visible(c.oid) and relname=%(name)s
2022-10-31 20:34:47,808 - INFO: [cached since 0.009501s ago] {'name': 'googleUser'}
2022-10-31 20:34:47,809 - INFO: COMMIT
2022-10-31 20:34:51,622 - INFO: Starting server
2022-10-31 20:34:51,639 - INFO: Started server process [6392]
2022-10-31 20:34:51,640 - INFO: Waiting for application startup.
2022-10-31 20:34:51,640 - INFO: Application startup complete.
2022-10-31 20:35:01,855 - DEBUG: Converted retries value: 3 -> Retry(total=3, connect=None, read=None, redirect=None, status=None)
2022-10-31 20:36:11,078 - DEBUG: <class 'ddtrace.internal.module.ModuleWatchdog'> installed
2022-10-31 20:36:11,337 - DEBUG: initialized RateSampler, sample 100.0% of traces
2022-10-31 20:36:11,337 - DEBUG: initialized DatadogSampler(agent_rates={}, limiter=RateLimiter(rate_limit=100, tokens=100, last_update_ns=1422212109000000, effective_rate=1.0), rules=[])
2022-10-31 20:36:11,338 - DEBUG: initialized RateSampler, sample 100.0% of traces
2022-10-31 20:36:11,345 - DEBUG: initialized trace processor TraceTagsProcessor()
2022-10-31 20:36:11,345 - DEBUG: initialized trace processor TraceSamplingProcessor(_compute_stats_enabled=False)
2022-10-31 20:36:11,345 - DEBUG: initialized processor TopLevelSpanProcessor()
2022-10-31 20:36:11,345 - DEBUG: initialized processor SpanAggregator(_partial_flush_enabled=True, _partial_flush_min_spans=500, _trace_processors=[TraceTagsProcessor(), TraceSamplingProcessor(_compute_stats_enabled=False)], _writer=AgentWriter(status=<ServiceStatus.STOPPED: 'stopped'>, _interval=1.0))
2022-10-31 20:36:11,346 - DEBUG: initialized trace processor TraceTagsProcessor()
2022-10-31 20:36:11,346 - DEBUG: initialized trace processor TraceSamplingProcessor(_compute_stats_enabled=False)
2022-10-31 20:36:11,346 - DEBUG: initialized processor TopLevelSpanProcessor()
2022-10-31 20:36:11,346 - DEBUG: initialized processor SpanAggregator(_partial_flush_enabled=True, _partial_flush_min_spans=500, _trace_processors=[TraceTagsProcessor(), TraceSamplingProcessor(_compute_stats_enabled=False)], _writer=AgentWriter(status=<ServiceStatus.STOPPED: 'stopped'>, _interval=1.0))
2022-10-31 20:36:11,436 - INFO: patched 1/1 modules (logging)
2022-10-31 20:36:11,829 - INFO: select pg_catalog.version()
2022-10-31 20:36:11,830 - INFO: [raw sql] {}
2022-10-31 20:36:11,833 - INFO: select current_schema()
2022-10-31 20:36:11,833 - INFO: [raw sql] {}
2022-10-31 20:36:11,835 - INFO: show standard_conforming_strings
2022-10-31 20:36:11,836 - INFO: [raw sql] {}
2022-10-31 20:36:11,838 - INFO: BEGIN (implicit)
2022-10-31 20:36:11,841 - INFO: select relname from pg_class c join pg_namespace n on n.oid=c.relnamespace where pg_catalog.pg_table_is_visible(c.oid) and relname=%(name)s
2022-10-31 20:36:11,842 - INFO: [generated in 0.00107s] {'name': 'users'}
2022-10-31 20:36:11,858 - INFO: select relname from pg_class c join pg_namespace n on n.oid=c.relnamespace where pg_catalog.pg_table_is_visible(c.oid) and relname=%(name)s
2022-10-31 20:36:11,859 - INFO: [cached since 0.01851s ago] {'name': 'passengers'}
2022-10-31 20:36:11,864 - INFO: select relname from pg_class c join pg_namespace n on n.oid=c.relnamespace where pg_catalog.pg_table_is_visible(c.oid) and relname=%(name)s
2022-10-31 20:36:11,865 - INFO: [cached since 0.02437s ago] {'name': 'drivers'}
2022-10-31 20:36:11,871 - INFO: select relname from pg_class c join pg_namespace n on n.oid=c.relnamespace where pg_catalog.pg_table_is_visible(c.oid) and relname=%(name)s
2022-10-31 20:36:11,872 - INFO: [cached since 0.03109s ago] {'name': 'googleUser'}
2022-10-31 20:36:11,876 - INFO: COMMIT
2022-10-31 20:36:12,304 - INFO: Starting server
2022-10-31 20:36:12,319 - INFO: Started server process [6020]
2022-10-31 20:36:12,320 - INFO: Waiting for application startup.
2022-10-31 20:36:12,321 - INFO: Application startup complete.
2022-10-31 20:36:17,975 - DEBUG: Converted retries value: 3 -> Retry(total=3, connect=None, read=None, redirect=None, status=None)
2022-10-31 20:36:18,090 - DEBUG: Making request: POST https://oauth2.googleapis.com/token
2022-10-31 20:36:18,148 - DEBUG: Starting new HTTPS connection (1): oauth2.googleapis.com:443
2022-10-31 20:36:18,950 - DEBUG: https://oauth2.googleapis.com:443 "POST /token HTTP/1.1" 200 None
2022-10-31 20:36:18,994 - DEBUG: Starting new HTTPS connection (1): identitytoolkit.googleapis.com:443
2022-10-31 20:36:19,625 - DEBUG: https://identitytoolkit.googleapis.com:443 "POST /v1/projects/user-service-9def8/accounts HTTP/1.1" 200 None
2022-10-31 20:36:19,867 - DEBUG: https://identitytoolkit.googleapis.com:443 "POST /v1/projects/user-service-9def8/accounts:lookup HTTP/1.1" 200 None
2022-10-31 20:36:19,871 - INFO: BEGIN (implicit)
2022-10-31 20:36:19,874 - INFO: SELECT users.user_name AS users_user_name, users.id AS users_id, users.email AS users_email, users.phone_number AS users_phone_number, users.age AS users_age, users.picture AS users_picture, users."tokenId" AS "users_tokenId" 
FROM users 
WHERE users.email = %(email_1)s 
 LIMIT %(param_1)s
2022-10-31 20:36:19,875 - INFO: [generated in 0.00086s] {'email_1': 'fdgomez@fi.uba.ar', 'param_1': 1}
2022-10-31 20:36:20,351 - INFO: SELECT passengers.id AS passengers_id, passengers.default_address AS passengers_default_address, passengers.score AS passengers_score 
FROM passengers 
WHERE passengers.id = %(id_1)s 
 LIMIT %(param_1)s
2022-10-31 20:36:20,352 - INFO: [generated in 0.00130s] {'id_1': 0, 'param_1': 1}
2022-10-31 20:36:20,417 - INFO: SELECT drivers.id AS drivers_id, drivers.license_plate AS drivers_license_plate, drivers.car_model AS drivers_car_model, drivers.vip AS drivers_vip, drivers.score AS drivers_score 
FROM drivers 
WHERE drivers.id = %(id_1)s 
 LIMIT %(param_1)s
2022-10-31 20:36:20,418 - INFO: [generated in 0.00204s] {'id_1': 0, 'param_1': 1}
2022-10-31 20:36:20,475 - INFO: INSERT INTO drivers (id, license_plate, car_model, vip, score) VALUES (%(id)s, %(license_plate)s, %(car_model)s, %(vip)s, %(score)s)
2022-10-31 20:36:20,476 - INFO: [generated in 0.00122s] {'id': 0, 'license_plate': None, 'car_model': None, 'vip': False, 'score': 3}
2022-10-31 20:36:20,843 - INFO: COMMIT
2022-10-31 20:36:21,061 - INFO: BEGIN (implicit)
2022-10-31 20:36:21,065 - INFO: SELECT drivers.id, drivers.license_plate, drivers.car_model, drivers.vip, drivers.score 
FROM drivers 
WHERE drivers.id = %(pk_1)s
2022-10-31 20:36:21,067 - INFO: [generated in 0.00215s] {'pk_1': 0}
2022-10-31 20:36:21,074 - INFO: SELECT users.user_name AS users_user_name, users.id AS users_id, users.email AS users_email, users.phone_number AS users_phone_number, users.age AS users_age, users.picture AS users_picture, users."tokenId" AS "users_tokenId" 
FROM users 
WHERE users.id = %(pk_1)s
2022-10-31 20:36:21,075 - INFO: [generated in 0.00108s] {'pk_1': 0}
2022-10-31 20:36:21,078 - DEBUG: Create driver 0 with email fdgomez@fi.uba.ar
2022-10-31 20:36:21,078 - INFO: Driver created
2022-10-31 20:36:21,213 - DEBUG: finishing span name='users_service.controllers.user_controller.registrate_user' id=3314350234625662065 trace_id=675690949055709284 parent_id=None service='users-service' resource='Register user' type=None start=1667259377.9754417 end=1667259381.079454 duration=3.1040122 error=0 tags={'_dd.p.dm': '-0', 'runtime-id': '5c63de2f3ea14c6bbd898d2c91706d1c'} metrics={'_dd.agent_psr': 1.0, '_dd.top_level': 1, '_dd.tracer_kr': 1.0, '_sampling_priority_v1': 1, 'system.pid': 6020} (enabled:True)
2022-10-31 20:36:21,230 - INFO: ROLLBACK
2022-10-31 20:36:22,081 - DEBUG: creating new agent connection to http://localhost:8126 with timeout 2
2022-10-31 20:36:22,086 - DEBUG: sent 346B in 0.00000s to http://localhost:8126/v0.4/traces
2022-10-31 20:36:22,087 - DEBUG: initialized RateSampler, sample 100% of traces
2022-10-31 20:36:22,087 - DEBUG: initialized RateSampler, sample 100% of traces
2022-10-31 20:37:07,586 - INFO: Shutting down
2022-10-31 20:37:37,386 - DEBUG: <class 'ddtrace.internal.module.ModuleWatchdog'> installed
2022-10-31 20:37:37,602 - DEBUG: initialized RateSampler, sample 100.0% of traces
2022-10-31 20:37:37,603 - DEBUG: initialized DatadogSampler(agent_rates={}, limiter=RateLimiter(rate_limit=100, tokens=100, last_update_ns=1422298375000000, effective_rate=1.0), rules=[])
2022-10-31 20:37:37,603 - DEBUG: initialized RateSampler, sample 100.0% of traces
2022-10-31 20:37:37,612 - DEBUG: initialized trace processor TraceTagsProcessor()
2022-10-31 20:37:37,613 - DEBUG: initialized trace processor TraceSamplingProcessor(_compute_stats_enabled=False)
2022-10-31 20:37:37,613 - DEBUG: initialized processor TopLevelSpanProcessor()
2022-10-31 20:37:37,613 - DEBUG: initialized processor SpanAggregator(_partial_flush_enabled=True, _partial_flush_min_spans=500, _trace_processors=[TraceTagsProcessor(), TraceSamplingProcessor(_compute_stats_enabled=False)], _writer=AgentWriter(status=<ServiceStatus.STOPPED: 'stopped'>, _interval=1.0))
2022-10-31 20:37:37,613 - DEBUG: initialized trace processor TraceTagsProcessor()
2022-10-31 20:37:37,613 - DEBUG: initialized trace processor TraceSamplingProcessor(_compute_stats_enabled=False)
2022-10-31 20:37:37,614 - DEBUG: initialized processor TopLevelSpanProcessor()
2022-10-31 20:37:37,614 - DEBUG: initialized processor SpanAggregator(_partial_flush_enabled=True, _partial_flush_min_spans=500, _trace_processors=[TraceTagsProcessor(), TraceSamplingProcessor(_compute_stats_enabled=False)], _writer=AgentWriter(status=<ServiceStatus.STOPPED: 'stopped'>, _interval=1.0))
2022-10-31 20:37:37,643 - INFO: patched 1/1 modules (logging)
2022-10-31 20:37:37,752 - INFO: select pg_catalog.version()
2022-10-31 20:37:37,753 - INFO: [raw sql] {}
2022-10-31 20:37:37,754 - INFO: select current_schema()
2022-10-31 20:37:37,755 - INFO: [raw sql] {}
2022-10-31 20:37:37,756 - INFO: show standard_conforming_strings
2022-10-31 20:37:37,756 - INFO: [raw sql] {}
2022-10-31 20:37:37,758 - INFO: BEGIN (implicit)
2022-10-31 20:37:37,758 - INFO: select relname from pg_class c join pg_namespace n on n.oid=c.relnamespace where pg_catalog.pg_table_is_visible(c.oid) and relname=%(name)s
2022-10-31 20:37:37,759 - INFO: [generated in 0.00046s] {'name': 'users'}
2022-10-31 20:37:37,763 - INFO: select relname from pg_class c join pg_namespace n on n.oid=c.relnamespace where pg_catalog.pg_table_is_visible(c.oid) and relname=%(name)s
2022-10-31 20:37:37,764 - INFO: [cached since 0.005703s ago] {'name': 'passengers'}
2022-10-31 20:37:37,765 - INFO: select relname from pg_class c join pg_namespace n on n.oid=c.relnamespace where pg_catalog.pg_table_is_visible(c.oid) and relname=%(name)s
2022-10-31 20:37:37,766 - INFO: [cached since 0.007515s ago] {'name': 'drivers'}
2022-10-31 20:37:37,767 - INFO: select relname from pg_class c join pg_namespace n on n.oid=c.relnamespace where pg_catalog.pg_table_is_visible(c.oid) and relname=%(name)s
2022-10-31 20:37:37,768 - INFO: [cached since 0.00948s ago] {'name': 'googleUser'}
2022-10-31 20:37:37,769 - INFO: COMMIT
2022-10-31 20:37:38,079 - INFO: Starting server
2022-10-31 20:37:38,094 - INFO: Started server process [7660]
2022-10-31 20:37:38,095 - INFO: Waiting for application startup.
2022-10-31 20:37:38,095 - INFO: Application startup complete.
2022-10-31 20:37:43,213 - INFO: Shutting down
2022-10-31 20:37:43,316 - INFO: Waiting for application shutdown.
2022-10-31 20:37:43,317 - INFO: Application shutdown complete.
2022-10-31 20:37:43,318 - INFO: Finished server process [7660]
2022-10-31 20:37:43,321 - DEBUG: Waiting 5 seconds for tracer to finish. Hit ctrl-break to quit.
2022-10-31 20:38:58,475 - DEBUG: initialized trace processor TraceTagsProcessor()
2022-10-31 20:38:58,475 - DEBUG: initialized trace processor TraceSamplingProcessor(_compute_stats_enabled=False)
2022-10-31 20:38:58,475 - DEBUG: initialized processor TopLevelSpanProcessor()
2022-10-31 20:38:58,475 - DEBUG: initialized processor SpanAggregator(_partial_flush_enabled=True, _partial_flush_min_spans=500, _trace_processors=[TraceTagsProcessor(), TraceSamplingProcessor(_compute_stats_enabled=False)], _writer=AgentWriter(status=<ServiceStatus.STOPPED: 'stopped'>, _interval=1.0))
2022-10-31 20:38:58,498 - INFO: patched 16/1 modules (aiohttp,asyncio,botocore,celery,elasticsearch,fastapi,flask,futures,gevent,grpc,logging,psycopg,pynamodb,requests,sqlite3,starlette)
2022-10-31 20:38:58,588 - DEBUG: ignoring not number metric _dd1.sr.eausr:None
2022-10-31 20:38:58,675 - DEBUG: finishing span name='postgres.query' id=17779245835981914678 trace_id=13679299706191415389 parent_id=None service='postgres' resource="SELECT t.oid, typarray\nFROM pg_type t JOIN pg_namespace ns\n    ON typnamespace = ns.oid\nWHERE typname = 'hstore';\n" type='sql' start=1667259538.5884728 end=1667259538.5944777 duration=0.0060047 error=0 tags={'_dd.p.dm': '-0', 'db.application': 'None', 'db.name': 'users', 'db.user': 'postgres', 'out.host': 'localhost', 'runtime-id': '87c8b523f27f46f3a31e9c7c5b907396'} metrics={'_dd.agent_psr': 1.0, '_dd.measured': 1, '_dd.top_level': 1, '_dd.tracer_kr': 1.0, '_sampling_priority_v1': 1, 'db.rowcount': 0, 'out.port': 5432, 'sql.rows': 0, 'system.pid': 6108} (enabled:True)
2022-10-31 20:38:58,676 - DEBUG: finishing span name='postgres.connection.rollback' id=10389071276550905297 trace_id=10257291967531442352 parent_id=None service='postgres' resource='postgres.connection.rollback' type=None start=1667259538.6750472 end=None duration=0.0 error=0 tags={'_dd.p.dm': '-0', 'db.application': 'None', 'db.name': 'users', 'db.user': 'postgres', 'out.host': 'localhost', 'runtime-id': '87c8b523f27f46f3a31e9c7c5b907396'} metrics={'_dd.agent_psr': 1.0, '_dd.top_level': 1, '_dd.tracer_kr': 1.0, '_sampling_priority_v1': 1, 'out.port': 5432, 'system.pid': 6108} (enabled:True)
2022-10-31 20:38:58,676 - INFO: select pg_catalog.version()
2022-10-31 20:38:58,677 - INFO: [raw sql] {}
2022-10-31 20:38:58,677 - DEBUG: ignoring not number metric _dd1.sr.eausr:None
2022-10-31 20:38:58,678 - DEBUG: finishing span name='postgres.query' id=11969745769030650778 trace_id=6530690149481517644 parent_id=None service='postgres' resource='select pg_catalog.version()' type='sql' start=1667259538.6770475 end=1667259538.6780484 duration=0.0010008 error=0 tags={'_dd.p.dm': '-0', 'db.application': 'None', 'db.name': 'users', 'db.user': 'postgres', 'out.host': 'localhost', 'runtime-id': '87c8b523f27f46f3a31e9c7c5b907396'} metrics={'_dd.agent_psr': 1.0, '_dd.measured': 1, '_dd.top_level': 1, '_dd.tracer_kr': 1.0, '_sampling_priority_v1': 1, 'db.rowcount': 1, 'out.port': 5432, 'sql.rows': 1, 'system.pid': 6108} (enabled:True)
2022-10-31 20:38:58,679 - INFO: select current_schema()
2022-10-31 20:38:58,680 - INFO: [raw sql] {}
2022-10-31 20:38:58,680 - DEBUG: ignoring not number metric _dd1.sr.eausr:None
2022-10-31 20:38:58,681 - DEBUG: finishing span name='postgres.query' id=6014065596938620892 trace_id=9337384337392169377 parent_id=None service='postgres' resource='select current_schema()' type='sql' start=1667259538.6800501 end=None duration=0.0 error=0 tags={'_dd.p.dm': '-0', 'db.application': 'None', 'db.name': 'users', 'db.user': 'postgres', 'out.host': 'localhost', 'runtime-id': '87c8b523f27f46f3a31e9c7c5b907396'} metrics={'_dd.agent_psr': 1.0, '_dd.measured': 1, '_dd.top_level': 1, '_dd.tracer_kr': 1.0, '_sampling_priority_v1': 1, 'db.rowcount': 1, 'out.port': 5432, 'sql.rows': 1, 'system.pid': 6108} (enabled:True)
2022-10-31 20:38:58,681 - DEBUG: ignoring not number metric _dd1.sr.eausr:None
2022-10-31 20:38:58,682 - DEBUG: finishing span name='postgres.query' id=18264307068588410699 trace_id=15012392347544442440 parent_id=None service='postgres' resource='show transaction isolation level' type='sql' start=1667259538.6810508 end=1667259538.6820538 duration=0.0010031 error=0 tags={'_dd.p.dm': '-0', 'db.application': 'None', 'db.name': 'users', 'db.user': 'postgres', 'out.host': 'localhost', 'runtime-id': '87c8b523f27f46f3a31e9c7c5b907396'} metrics={'_dd.agent_psr': 1.0, '_dd.measured': 1, '_dd.top_level': 1, '_dd.tracer_kr': 1.0, '_sampling_priority_v1': 1, 'db.rowcount': 1, 'out.port': 5432, 'sql.rows': 1, 'system.pid': 6108} (enabled:True)
2022-10-31 20:38:58,682 - INFO: show standard_conforming_strings
2022-10-31 20:38:58,682 - INFO: [raw sql] {}
2022-10-31 20:38:58,683 - DEBUG: ignoring not number metric _dd1.sr.eausr:None
2022-10-31 20:38:58,683 - DEBUG: finishing span name='postgres.query' id=8175524317792943884 trace_id=16996390428582647751 parent_id=None service='postgres' resource='show standard_conforming_strings' type='sql' start=1667259538.6830518 end=None duration=0.0 error=0 tags={'_dd.p.dm': '-0', 'db.application': 'None', 'db.name': 'users', 'db.user': 'postgres', 'out.host': 'localhost', 'runtime-id': '87c8b523f27f46f3a31e9c7c5b907396'} metrics={'_dd.agent_psr': 1.0, '_dd.measured': 1, '_dd.top_level': 1, '_dd.tracer_kr': 1.0, '_sampling_priority_v1': 1, 'db.rowcount': 1, 'out.port': 5432, 'sql.rows': 1, 'system.pid': 6108} (enabled:True)
2022-10-31 20:38:58,684 - DEBUG: finishing span name='postgres.connection.rollback' id=6105297697942428971 trace_id=11576138207302042057 parent_id=None service='postgres' resource='postgres.connection.rollback' type=None start=1667259538.6840534 end=None duration=0.0 error=0 tags={'_dd.p.dm': '-0', 'db.application': 'None', 'db.name': 'users', 'db.user': 'postgres', 'out.host': 'localhost', 'runtime-id': '87c8b523f27f46f3a31e9c7c5b907396'} metrics={'_dd.agent_psr': 1.0, '_dd.top_level': 1, '_dd.tracer_kr': 1.0, '_sampling_priority_v1': 1, 'out.port': 5432, 'system.pid': 6108} (enabled:True)
2022-10-31 20:38:58,685 - INFO: BEGIN (implicit)
2022-10-31 20:38:58,686 - INFO: select relname from pg_class c join pg_namespace n on n.oid=c.relnamespace where pg_catalog.pg_table_is_visible(c.oid) and relname=%(name)s
2022-10-31 20:38:58,687 - INFO: [generated in 0.00059s] {'name': 'users'}
2022-10-31 20:38:58,687 - DEBUG: ignoring not number metric _dd1.sr.eausr:None
2022-10-31 20:38:58,691 - DEBUG: finishing span name='postgres.query' id=6797046303605003021 trace_id=14938694710177766853 parent_id=None service='postgres' resource='select relname from pg_class c join pg_namespace n on n.oid=c.relnamespace where pg_catalog.pg_table_is_visible(c.oid) and relname=%(name)s' type='sql' start=1667259538.687076 end=1667259538.6910574 duration=0.0039814 error=0 tags={'_dd.p.dm': '-0', 'db.application': 'None', 'db.name': 'users', 'db.user': 'postgres', 'out.host': 'localhost', 'runtime-id': '87c8b523f27f46f3a31e9c7c5b907396'} metrics={'_dd.agent_psr': 1.0, '_dd.measured': 1, '_dd.top_level': 1, '_dd.tracer_kr': 1.0, '_sampling_priority_v1': 1, 'db.rowcount': 1, 'out.port': 5432, 'sql.rows': 1, 'system.pid': 6108} (enabled:True)
2022-10-31 20:38:58,692 - INFO: select relname from pg_class c join pg_namespace n on n.oid=c.relnamespace where pg_catalog.pg_table_is_visible(c.oid) and relname=%(name)s
2022-10-31 20:38:58,692 - INFO: [cached since 0.005793s ago] {'name': 'passengers'}
2022-10-31 20:38:58,693 - DEBUG: ignoring not number metric _dd1.sr.eausr:None
2022-10-31 20:38:58,693 - DEBUG: finishing span name='postgres.query' id=4311402065468539797 trace_id=1257923531921056772 parent_id=None service='postgres' resource='select relname from pg_class c join pg_namespace n on n.oid=c.relnamespace where pg_catalog.pg_table_is_visible(c.oid) and relname=%(name)s' type='sql' start=1667259538.6920755 end=1667259538.693075 duration=0.0009994 error=0 tags={'_dd.p.dm': '-0', 'db.application': 'None', 'db.name': 'users', 'db.user': 'postgres', 'out.host': 'localhost', 'runtime-id': '87c8b523f27f46f3a31e9c7c5b907396'} metrics={'_dd.agent_psr': 1.0, '_dd.measured': 1, '_dd.top_level': 1, '_dd.tracer_kr': 1.0, '_sampling_priority_v1': 1, 'db.rowcount': 1, 'out.port': 5432, 'sql.rows': 1, 'system.pid': 6108} (enabled:True)
2022-10-31 20:38:58,694 - INFO: select relname from pg_class c join pg_namespace n on n.oid=c.relnamespace where pg_catalog.pg_table_is_visible(c.oid) and relname=%(name)s
2022-10-31 20:38:58,695 - INFO: [cached since 0.008865s ago] {'name': 'drivers'}
2022-10-31 20:38:58,696 - DEBUG: ignoring not number metric _dd1.sr.eausr:None
2022-10-31 20:38:58,698 - DEBUG: finishing span name='postgres.query' id=1629660620330286233 trace_id=5832984952524786726 parent_id=None service='postgres' resource='select relname from pg_class c join pg_namespace n on n.oid=c.relnamespace where pg_catalog.pg_table_is_visible(c.oid) and relname=%(name)s' type='sql' start=1667259538.6960688 end=1667259538.6970658 duration=0.000997 error=0 tags={'_dd.p.dm': '-0', 'db.application': 'None', 'db.name': 'users', 'db.user': 'postgres', 'out.host': 'localhost', 'runtime-id': '87c8b523f27f46f3a31e9c7c5b907396'} metrics={'_dd.agent_psr': 1.0, '_dd.measured': 1, '_dd.top_level': 1, '_dd.tracer_kr': 1.0, '_sampling_priority_v1': 1, 'db.rowcount': 1, 'out.port': 5432, 'sql.rows': 1, 'system.pid': 6108} (enabled:True)
2022-10-31 20:38:58,699 - INFO: select relname from pg_class c join pg_namespace n on n.oid=c.relnamespace where pg_catalog.pg_table_is_visible(c.oid) and relname=%(name)s
2022-10-31 20:38:58,700 - INFO: [cached since 0.01336s ago] {'name': 'googleUser'}
2022-10-31 20:38:58,700 - DEBUG: ignoring not number metric _dd1.sr.eausr:None
2022-10-31 20:38:58,702 - DEBUG: finishing span name='postgres.query' id=579415032264188211 trace_id=5967867417538742848 parent_id=None service='postgres' resource='select relname from pg_class c join pg_namespace n on n.oid=c.relnamespace where pg_catalog.pg_table_is_visible(c.oid) and relname=%(name)s' type='sql' start=1667259538.7000642 end=1667259538.7010648 duration=0.0010007 error=0 tags={'_dd.p.dm': '-0', 'db.application': 'None', 'db.name': 'users', 'db.user': 'postgres', 'out.host': 'localhost', 'runtime-id': '87c8b523f27f46f3a31e9c7c5b907396'} metrics={'_dd.agent_psr': 1.0, '_dd.measured': 1, '_dd.top_level': 1, '_dd.tracer_kr': 1.0, '_sampling_priority_v1': 1, 'db.rowcount': 1, 'out.port': 5432, 'sql.rows': 1, 'system.pid': 6108} (enabled:True)
2022-10-31 20:38:58,702 - INFO: COMMIT
2022-10-31 20:38:58,704 - DEBUG: finishing span name='postgres.connection.commit' id=8461138318779110782 trace_id=11205587399650302357 parent_id=None service='postgres' resource='postgres.connection.commit' type=None start=1667259538.7030663 end=None duration=0.0 error=0 tags={'_dd.p.dm': '-0', 'db.application': 'None', 'db.name': 'users', 'db.user': 'postgres', 'out.host': 'localhost', 'runtime-id': '87c8b523f27f46f3a31e9c7c5b907396'} metrics={'_dd.agent_psr': 1.0, '_dd.top_level': 1, '_dd.tracer_kr': 1.0, '_sampling_priority_v1': 1, 'out.port': 5432, 'system.pid': 6108} (enabled:True)
2022-10-31 20:38:58,704 - DEBUG: finishing span name='postgres.connection.rollback' id=12237336711023201392 trace_id=4874849173473556388 parent_id=None service='postgres' resource='postgres.connection.rollback' type=None start=1667259538.7040873 end=None duration=0.0 error=0 tags={'_dd.p.dm': '-0', 'db.application': 'None', 'db.name': 'users', 'db.user': 'postgres', 'out.host': 'localhost', 'runtime-id': '87c8b523f27f46f3a31e9c7c5b907396'} metrics={'_dd.agent_psr': 1.0, '_dd.top_level': 1, '_dd.tracer_kr': 1.0, '_sampling_priority_v1': 1, 'out.port': 5432, 'system.pid': 6108} (enabled:True)
2022-10-31 20:38:59,129 - INFO: Starting server
2022-10-31 20:38:59,143 - INFO: Started server process [6108]
2022-10-31 20:38:59,143 - INFO: Waiting for application startup.
2022-10-31 20:38:59,144 - INFO: Application startup complete.
2022-10-31 20:38:59,595 - DEBUG: creating new agent connection to http://localhost:8126 with timeout 2
2022-10-31 20:38:59,643 - DEBUG: sent 6.09KB in 0.04600s to http://localhost:8126/v0.4/traces
2022-10-31 20:38:59,643 - DEBUG: initialized RateSampler, sample 100% of traces
2022-10-31 20:38:59,643 - DEBUG: initialized RateSampler, sample 100% of traces
2022-10-31 20:39:04,050 - DEBUG: Converted retries value: 3 -> Retry(total=3, connect=None, read=None, redirect=None, status=None)
2022-10-31 20:39:04,057 - DEBUG: Making request: POST https://oauth2.googleapis.com/token
2022-10-31 20:39:04,111 - DEBUG: Starting new HTTPS connection (1): oauth2.googleapis.com:443
2022-10-31 20:39:04,401 - DEBUG: https://oauth2.googleapis.com:443 "POST /token HTTP/1.1" 200 None
2022-10-31 20:39:04,404 - DEBUG: trace 84569321506871356 has 3 spans, 1 finished
2022-10-31 20:39:04,406 - DEBUG: finishing span name='requests.request' id=16095624729206523895 trace_id=84569321506871356 parent_id=8058364570130205741 service='requests' resource='requests.request' type='http' start=1667259544.0999982 end=1667259544.4041483 duration=0.3041502 error=0 tags={'http.method': 'POST', 'http.status_code': '200', 'http.url': 'https://oauth2.googleapis.com/token', 'http.useragent': 'python-requests/2.28.1'} metrics={'_dd.measured': 1, '_dd.top_level': 1} (enabled:True)
2022-10-31 20:39:04,414 - DEBUG: Starting new HTTPS connection (1): identitytoolkit.googleapis.com:443
2022-10-31 20:39:05,236 - DEBUG: https://identitytoolkit.googleapis.com:443 "POST /v1/projects/user-service-9def8/accounts HTTP/1.1" 200 None
2022-10-31 20:39:05,260 - DEBUG: trace 84569321506871356 has 4 spans, 2 finished
2022-10-31 20:39:05,260 - DEBUG: finishing span name='requests.request' id=17689225136557380606 trace_id=84569321506871356 parent_id=8058364570130205741 service='requests' resource='requests.request' type='http' start=1667259544.413153 end=1667259545.2600672 duration=0.8469143 error=0 tags={'http.method': 'POST', 'http.status_code': '200', 'http.url': 'https://identitytoolkit.googleapis.com/v1/projects/user-service-9def8/accounts', 'http.useragent': 'python-requests/2.28.1'} metrics={'_dd.measured': 1, '_dd.top_level': 1} (enabled:True)
2022-10-31 20:39:05,490 - DEBUG: https://identitytoolkit.googleapis.com:443 "POST /v1/projects/user-service-9def8/accounts:lookup HTTP/1.1" 200 None
2022-10-31 20:39:05,491 - DEBUG: trace 84569321506871356 has 5 spans, 3 finished
2022-10-31 20:39:05,491 - DEBUG: finishing span name='requests.request' id=638144688402554278 trace_id=84569321506871356 parent_id=8058364570130205741 service='requests' resource='requests.request' type='http' start=1667259545.2630749 end=1667259545.4911845 duration=0.2281095 error=0 tags={'http.method': 'POST', 'http.status_code': '200', 'http.url': 'https://identitytoolkit.googleapis.com/v1/projects/user-service-9def8/accounts:lookup', 'http.useragent': 'python-requests/2.28.1'} metrics={'_dd.measured': 1, '_dd.top_level': 1} (enabled:True)
2022-10-31 20:39:05,494 - INFO: BEGIN (implicit)
2022-10-31 20:39:05,498 - INFO: SELECT users.user_name AS users_user_name, users.id AS users_id, users.email AS users_email, users.phone_number AS users_phone_number, users.age AS users_age, users.picture AS users_picture, users."tokenId" AS "users_tokenId" 
FROM users 
WHERE users.email = %(email_1)s 
 LIMIT %(param_1)s
2022-10-31 20:39:05,498 - INFO: [generated in 0.00070s] {'email_1': 'fdgggomez@fi.uba.ar', 'param_1': 1}
2022-10-31 20:39:05,499 - DEBUG: ignoring not number metric _dd1.sr.eausr:None
2022-10-31 20:39:05,501 - DEBUG: trace 84569321506871356 has 6 spans, 4 finished
2022-10-31 20:39:05,501 - DEBUG: finishing span name='postgres.query' id=1591022330037700402 trace_id=84569321506871356 parent_id=8058364570130205741 service='postgres' resource='SELECT users.user_name AS users_user_name, users.id AS users_id, users.email AS users_email, users.phone_number AS users_phone_number, users.age AS users_age, users.picture AS users_picture, users."tokenId" AS "users_tokenId" \nFROM users \nWHERE users.email = %(email_1)s \n LIMIT %(param_1)s' type='sql' start=1667259545.4992096 end=1667259545.501787 duration=0.0025772 error=0 tags={'db.application': 'None', 'db.name': 'users', 'db.user': 'postgres', 'out.host': 'localhost'} metrics={'_dd.measured': 1, '_dd.top_level': 1, 'db.rowcount': 0, 'out.port': 5432, 'sql.rows': 0} (enabled:True)
2022-10-31 20:39:05,504 - INFO: INSERT INTO users (user_name, email, phone_number, age, picture, "tokenId") VALUES (%(user_name)s, %(email)s, %(phone_number)s, %(age)s, %(picture)s, %(tokenId)s) RETURNING users.id
2022-10-31 20:39:05,507 - INFO: [generated in 0.00288s] {'user_name': 'Franco', 'email': 'fdgggomez@fi.uba.ar', 'phone_number': '12345', 'age': None, 'picture': None, 'tokenId': 'JYgyID8YmSYAKclnkId42Twb2Jf2'}
2022-10-31 20:39:05,508 - DEBUG: ignoring not number metric _dd1.sr.eausr:None
2022-10-31 20:39:06,786 - DEBUG: trace 84569321506871356 has 7 spans, 5 finished
2022-10-31 20:39:06,787 - DEBUG: finishing span name='postgres.query' id=15550103543817660320 trace_id=84569321506871356 parent_id=8058364570130205741 service='postgres' resource='INSERT INTO users (user_name, email, phone_number, age, picture, "tokenId") VALUES (%(user_name)s, %(email)s, %(phone_number)s, %(age)s, %(picture)s, %(tokenId)s) RETURNING users.id' type='sql' start=1667259545.5087993 end=1667259546.7861474 duration=1.277348 error=1 tags={'db.application': 'None', 'db.name': 'users', 'db.user': 'postgres', 'error.msg': 'llave duplicada viola restricción de unicidad «users_pkey»\nDETAIL:  Ya existe la llave (id)=(1).\n', 'error.stack': 'Traceback (most recent call last):\n  File "C:\\Users\\Franco\\AppData\\Local\\pypoetry\\Cache\\virtualenvs\\users-service-XrYDwkUv-py3.9\\lib\\site-packages\\ddtrace\\contrib\\dbapi\\__init__.py", line 94, in _trace_method\n    return method(*args, **kwargs)\npsycopg2.errors.UniqueViolation: llave duplicada viola restricción de unicidad «users_pkey»\nDETAIL:  Ya existe la llave (id)=(1).\n\n', 'error.type': 'psycopg2.errors.UniqueViolation', 'out.host': 'localhost'} metrics={'_dd.measured': 1, '_dd.top_level': 1, 'db.rowcount': -1, 'out.port': 5432} (enabled:True)
2022-10-31 20:39:06,788 - INFO: ROLLBACK
2022-10-31 20:39:06,793 - DEBUG: trace 84569321506871356 has 8 spans, 6 finished
2022-10-31 20:39:06,794 - DEBUG: finishing span name='postgres.connection.rollback' id=2647500156961893140 trace_id=84569321506871356 parent_id=8058364570130205741 service='postgres' resource='postgres.connection.rollback' type=None start=1667259546.7921505 end=1667259546.793153 duration=0.0010025 error=0 tags={'db.application': 'None', 'db.name': 'users', 'db.user': 'postgres', 'out.host': 'localhost'} metrics={'_dd.top_level': 1, 'out.port': 5432} (enabled:True)
2022-10-31 20:39:09,512 - DEBUG: trace 84569321506871356 has 8 spans, 7 finished
2022-10-31 20:39:09,513 - DEBUG: finishing span name='users_service.controllers.user_controller.registrate_user' id=8058364570130205741 trace_id=84569321506871356 parent_id=2760219882640316213 service='users-service' resource='Register user' type=None start=1667259544.0509636 end=1667259549.5125167 duration=5.4615532 error=1 tags={'error.msg': '(psycopg2.errors.UniqueViolation) llave duplicada viola restricción de unicidad «users_pkey»\nDETAIL:  Ya existe la llave (id)=(1).\n\n[SQL: INSERT INTO users (user_name, email, phone_number, age, picture, "tokenId") VALUES (%(user_name)s, %(email)s, %(phone_number)s, %(age)s, %(picture)s, %(tokenId)s) RETURNING users.id]\n[parameters: {\'user_name\': \'Franco\', \'email\': \'fdgggomez@fi.uba.ar\', \'phone_number\': \'12345\', \'age\': None, \'picture\': None, \'tokenId\': \'JYgyID8YmSYAKclnkId42Twb2Jf2\'}]\n(Background on this error at: https://sqlalche.me/e/14/gkpj)', 'error.stack': 'Traceback (most recent call last):\n  File "C:\\Users\\Franco\\AppData\\Local\\pypoetry\\Cache\\virtualenvs\\users-service-XrYDwkUv-py3.9\\lib\\site-packages\\sqlalchemy\\engine\\base.py", line 1900, in _execute_context\n    self.dialect.do_execute(\n  File "C:\\Users\\Franco\\AppData\\Local\\pypoetry\\Cache\\virtualenvs\\users-service-XrYDwkUv-py3.9\\lib\\site-packages\\sqlalchemy\\engine\\default.py", line 736, in do_execute\n    cursor.execute(statement, parameters)\n  File "C:\\Users\\Franco\\AppData\\Local\\pypoetry\\Cache\\virtualenvs\\users-service-XrYDwkUv-py3.9\\lib\\site-packages\\ddtrace\\contrib\\dbapi\\__init__.py", line 124, in execute\n    return self._trace_method(self.__wrapped__.execute, self._self_datadog_name, query, {}, query, *args, **kwargs)\n  File "C:\\Users\\Franco\\AppData\\Local\\pypoetry\\Cache\\virtualenvs\\users-service-XrYDwkUv-py3.9\\lib\\site-packages\\ddtrace\\contrib\\psycopg\\patch.py", line 69, in _trace_method\n    return super(Psycopg2TracedCursor, self)._trace_method(method, name, resource, extra_tags, *args, **kwargs)\n  File "C:\\Users\\Franco\\AppData\\Local\\pypoetry\\Cache\\virtualenvs\\users-service-XrYDwkUv-py3.9\\lib\\site-packages\\ddtrace\\contrib\\dbapi\\__init__.py", line 94, in _trace_method\n    return method(*args, **kwargs)\npsycopg2.errors.UniqueViolation: llave duplicada viola restricción de unicidad «users_pkey»\nDETAIL:  Ya existe la llave (id)=(1).\n\n\nThe above exception was the direct cause of the following exception:\n\nTraceback (most recent call last):\n  File "<string>", line 20, in func_wrapper\n  File "C:\\Users\\Franco\\Desktop\\users-service\\.\\users_service\\controllers\\user_controller.py", line 84, in registrate_user\n    return user_repository.create_user(token_id, user, db)\n  File "C:\\Users\\Franco\\Desktop\\users-service\\.\\users_service\\database\\user_repository.py", line 42, in create_user\n    user_create = crud.create_driver(token_id, user, db)\n  File "C:\\Users\\Franco\\Desktop\\users-service\\.\\users_service\\database\\crud.py", line 115, in create_driver\n    db_user, already_existing_user = create_user(token_id, user, db)\n  File "C:\\Users\\Franco\\Desktop\\users-service\\.\\users_service\\database\\crud.py", line 78, in create_user\n    db.commit()\n  File "C:\\Users\\Franco\\AppData\\Local\\pypoetry\\Cache\\virtualenvs\\users-service-XrYDwkUv-py3.9\\lib\\site-packages\\sqlalchemy\\orm\\session.py", line 1451, in commit\n    self._transaction.commit(_to_root=self.future)\n  File "C:\\Users\\Franco\\AppData\\Local\\pypoetry\\Cache\\virtualenvs\\users-service-XrYDwkUv-py3.9\\lib\\site-packages\\sqlalchemy\\orm\\session.py", line 829, in commit\n    self._prepare_impl()\n  File "C:\\Users\\Franco\\AppData\\Local\\pypoetry\\Cache\\virtualenvs\\users-service-XrYDwkUv-py3.9\\lib\\site-packages\\sqlalchemy\\orm\\session.py", line 808, in _prepare_impl\n    self.session.flush()\n  File "C:\\Users\\Franco\\AppData\\Local\\pypoetry\\Cache\\virtualenvs\\users-service-XrYDwkUv-py3.9\\lib\\site-packages\\sqlalchemy\\orm\\session.py", line 3386, in flush\n    self._flush(objects)\n  File "C:\\Users\\Franco\\AppData\\Local\\pypoetry\\Cache\\virtualenvs\\users-service-XrYDwkUv-py3.9\\lib\\site-packages\\sqlalchemy\\orm\\session.py", line 3526, in _flush\n    transaction.rollback(_capture_exception=True)\n  File "C:\\Users\\Franco\\AppData\\Local\\pypoetry\\Cache\\virtualenvs\\users-service-XrYDwkUv-py3.9\\lib\\site-packages\\sqlalchemy\\util\\langhelpers.py", line 70, in __exit__\n    compat.raise_(\n  File "C:\\Users\\Franco\\AppData\\Local\\pypoetry\\Cache\\virtualenvs\\users-service-XrYDwkUv-py3.9\\lib\\site-packages\\sqlalchemy\\util\\compat.py", line 208, in raise_\n    raise exception\n  File "C:\\Users\\Franco\\AppData\\Local\\pypoetry\\Cache\\virtualenvs\\users-service-XrYDwkUv-py3.9\\lib\\site-packages\\sqlalchemy\\orm\\session.py", line 3486, in _flush\n    flush_context.execute()\n  File "C:\\Users\\Franco\\AppData\\Local\\pypoetry\\Cache\\virtualenvs\\users-service-XrYDwkUv-py3.9\\lib\\site-packages\\sqlalchemy\\orm\\unitofwork.py", line 456, in execute\n    rec.execute(self)\n  File "C:\\Users\\Franco\\AppData\\Local\\pypoetry\\Cache\\virtualenvs\\users-service-XrYDwkUv-py3.9\\lib\\site-packages\\sqlalchemy\\orm\\unitofwork.py", line 630, in execute\n    util.preloaded.orm_persistence.save_obj(\n  File "C:\\Users\\Franco\\AppData\\Local\\pypoetry\\Cache\\virtualenvs\\users-service-XrYDwkUv-py3.9\\lib\\site-packages\\sqlalchemy\\orm\\persistence.py", line 245, in save_obj\n    _emit_insert_statements(\n  File "C:\\Users\\Franco\\AppData\\Local\\pypoetry\\Cache\\virtualenvs\\users-service-XrYDwkUv-py3.9\\lib\\site-packages\\sqlalchemy\\orm\\persistence.py", line 1238, in _emit_insert_statements\n    result = connection._execute_20(\n  File "C:\\Users\\Franco\\AppData\\Local\\pypoetry\\Cache\\virtualenvs\\users-service-XrYDwkUv-py3.9\\lib\\site-packages\\sqlalchemy\\engine\\base.py", line 1705, in _execute_20\n    return meth(self, args_10style, kwargs_10style, execution_options)\n  File "C:\\Users\\Franco\\AppData\\Local\\pypoetry\\Cache\\virtualenvs\\users-service-XrYDwkUv-py3.9\\lib\\site-packages\\sqlalchemy\\sql\\elements.py", line 333, in _execute_on_connection\n    return connection._execute_clauseelement(\n  File "C:\\Users\\Franco\\AppData\\Local\\pypoetry\\Cache\\virtualenvs\\users-service-XrYDwkUv-py3.9\\lib\\site-packages\\sqlalchemy\\engine\\base.py", line 1572, in _execute_clauseelement\n    ret = self._execute_context(\nsqlalchemy.exc.IntegrityError: (psycopg2.errors.UniqueViolation) llave duplicada viola restricción de unicidad «users_pkey»\nDETAIL:  Ya existe la llave (id)=(1).\n\n[SQL: INSERT INTO users (user_name, email, phone_number, age, picture, "tokenId") VALUES (%(user_name)s, %(email)s, %(phone_number)s, %(age)s, %(picture)s, %(tokenId)s) RETURNING users.id]\n[parameters: {\'user_name\': \'Franco\', \'email\': \'fdgggomez@fi.uba.ar\', \'phone_number\': \'12345\', \'age\': None, \'picture\': None, \'tokenId\': \'JYgyID8YmSYAKclnkId42Twb2Jf2\'}]\n(Background on this error at: https://sqlalche.me/e/14/gkpj)\n', 'error.type': 'sqlalchemy.exc.IntegrityError'} metrics={'_dd.top_level': 1} (enabled:True)
2022-10-31 20:39:09,516 - DEBUG: trace 84569321506871356 has 9 spans, 8 finished
2022-10-31 20:39:09,516 - DEBUG: finishing span name='postgres.connection.rollback' id=8240088389949574420 trace_id=84569321506871356 parent_id=2760219882640316213 service='postgres' resource='postgres.connection.rollback' type=None start=1667259549.51552 end=1667259549.51654 duration=0.0010199 error=0 tags={'db.application': 'None', 'db.name': 'users', 'db.user': 'postgres', 'out.host': 'localhost'} metrics={'_dd.top_level': 1, 'out.port': 5432} (enabled:True)
2022-10-31 20:39:09,649 - DEBUG: finishing span name='fastapi.request' id=2760219882640316213 trace_id=84569321506871356 parent_id=None service='fastapi' resource='POST /users' type='web' start=1667259544.035952 end=1667259549.649169 duration=5.6132168 error=1 tags={'_dd.p.dm': '-0', 'asgi.spec_version': '2.3', 'asgi.version': '3.0', 'error.msg': '(psycopg2.errors.UniqueViolation) llave duplicada viola restricción de unicidad «users_pkey»\nDETAIL:  Ya existe la llave (id)=(1).\n\n[SQL: INSERT INTO users (user_name, email, phone_number, age, picture, "tokenId") VALUES (%(user_name)s, %(email)s, %(phone_number)s, %(age)s, %(picture)s, %(tokenId)s) RETURNING users.id]\n[parameters: {\'user_name\': \'Franco\', \'email\': \'fdgggomez@fi.uba.ar\', \'phone_number\': \'12345\', \'age\': None, \'picture\': None, \'tokenId\': \'JYgyID8YmSYAKclnkId42Twb2Jf2\'}]\n(Background on this error at: https://sqlalche.me/e/14/gkpj)', 'error.stack': 'Traceback (most recent call last):\n  File "C:\\Users\\Franco\\AppData\\Local\\pypoetry\\Cache\\virtualenvs\\users-service-XrYDwkUv-py3.9\\lib\\site-packages\\sqlalchemy\\engine\\base.py", line 1900, in _execute_context\n    self.dialect.do_execute(\n  File "C:\\Users\\Franco\\AppData\\Local\\pypoetry\\Cache\\virtualenvs\\users-service-XrYDwkUv-py3.9\\lib\\site-packages\\sqlalchemy\\engine\\default.py", line 736, in do_execute\n    cursor.execute(statement, parameters)\n  File "C:\\Users\\Franco\\AppData\\Local\\pypoetry\\Cache\\virtualenvs\\users-service-XrYDwkUv-py3.9\\lib\\site-packages\\ddtrace\\contrib\\dbapi\\__init__.py", line 124, in execute\n    return self._trace_method(self.__wrapped__.execute, self._self_datadog_name, query, {}, query, *args, **kwargs)\n  File "C:\\Users\\Franco\\AppData\\Local\\pypoetry\\Cache\\virtualenvs\\users-service-XrYDwkUv-py3.9\\lib\\site-packages\\ddtrace\\contrib\\psycopg\\patch.py", line 69, in _trace_method\n    return super(Psycopg2TracedCursor, self)._trace_method(method, name, resource, extra_tags, *args, **kwargs)\n  File "C:\\Users\\Franco\\AppData\\Local\\pypoetry\\Cache\\virtualenvs\\users-service-XrYDwkUv-py3.9\\lib\\site-packages\\ddtrace\\contrib\\dbapi\\__init__.py", line 94, in _trace_method\n    return method(*args, **kwargs)\npsycopg2.errors.UniqueViolation: llave duplicada viola restricción de unicidad «users_pkey»\nDETAIL:  Ya existe la llave (id)=(1).\n\n\nThe above exception was the direct cause of the following exception:\n\nTraceback (most recent call last):\n  File "C:\\Users\\Franco\\AppData\\Local\\pypoetry\\Cache\\virtualenvs\\users-service-XrYDwkUv-py3.9\\lib\\site-packages\\ddtrace\\contrib\\asgi\\middleware.py", line 198, in __call__\n    return await self.app(scope, receive, wrapped_send)\n  File "C:\\Users\\Franco\\AppData\\Local\\pypoetry\\Cache\\virtualenvs\\users-service-XrYDwkUv-py3.9\\lib\\site-packages\\starlette\\exceptions.py", line 93, in __call__\n    raise exc\n  File "C:\\Users\\Franco\\AppData\\Local\\pypoetry\\Cache\\virtualenvs\\users-service-XrYDwkUv-py3.9\\lib\\site-packages\\starlette\\exceptions.py", line 82, in __call__\n    await self.app(scope, receive, sender)\n  File "C:\\Users\\Franco\\AppData\\Local\\pypoetry\\Cache\\virtualenvs\\users-service-XrYDwkUv-py3.9\\lib\\site-packages\\fastapi\\middleware\\asyncexitstack.py", line 21, in __call__\n    raise e\n  File "C:\\Users\\Franco\\AppData\\Local\\pypoetry\\Cache\\virtualenvs\\users-service-XrYDwkUv-py3.9\\lib\\site-packages\\fastapi\\middleware\\asyncexitstack.py", line 18, in __call__\n    await self.app(scope, receive, send)\n  File "C:\\Users\\Franco\\AppData\\Local\\pypoetry\\Cache\\virtualenvs\\users-service-XrYDwkUv-py3.9\\lib\\site-packages\\starlette\\routing.py", line 670, in __call__\n    await route.handle(scope, receive, send)\n  File "C:\\Users\\Franco\\AppData\\Local\\pypoetry\\Cache\\virtualenvs\\users-service-XrYDwkUv-py3.9\\lib\\site-packages\\starlette\\routing.py", line 266, in handle\n    await self.app(scope, receive, send)\n  File "C:\\Users\\Franco\\AppData\\Local\\pypoetry\\Cache\\virtualenvs\\users-service-XrYDwkUv-py3.9\\lib\\site-packages\\starlette\\routing.py", line 65, in app\n    response = await func(request)\n  File "C:\\Users\\Franco\\AppData\\Local\\pypoetry\\Cache\\virtualenvs\\users-service-XrYDwkUv-py3.9\\lib\\site-packages\\fastapi\\routing.py", line 231, in app\n    raw_response = await run_endpoint_function(\n  File "C:\\Users\\Franco\\AppData\\Local\\pypoetry\\Cache\\virtualenvs\\users-service-XrYDwkUv-py3.9\\lib\\site-packages\\fastapi\\routing.py", line 160, in run_endpoint_function\n    return await dependant.call(**values)\n  File "<string>", line 20, in func_wrapper\n  File "C:\\Users\\Franco\\Desktop\\users-service\\.\\users_service\\controllers\\user_controller.py", line 84, in registrate_user\n    return user_repository.create_user(token_id, user, db)\n  File "C:\\Users\\Franco\\Desktop\\users-service\\.\\users_service\\database\\user_repository.py", line 42, in create_user\n    user_create = crud.create_driver(token_id, user, db)\n  File "C:\\Users\\Franco\\Desktop\\users-service\\.\\users_service\\database\\crud.py", line 115, in create_driver\n    db_user, already_existing_user = create_user(token_id, user, db)\n  File "C:\\Users\\Franco\\Desktop\\users-service\\.\\users_service\\database\\crud.py", line 78, in create_user\n    db.commit()\n  File "C:\\Users\\Franco\\AppData\\Local\\pypoetry\\Cache\\virtualenvs\\users-service-XrYDwkUv-py3.9\\lib\\site-packages\\sqlalchemy\\orm\\session.py", line 1451, in commit\n    self._transaction.commit(_to_root=self.future)\n  File "C:\\Users\\Franco\\AppData\\Local\\pypoetry\\Cache\\virtualenvs\\users-service-XrYDwkUv-py3.9\\lib\\site-packages\\sqlalchemy\\orm\\session.py", line 829, in commit\n    self._prepare_impl()\n  File "C:\\Users\\Franco\\AppData\\Local\\pypoetry\\Cache\\virtualenvs\\users-service-XrYDwkUv-py3.9\\lib\\site-packages\\sqlalchemy\\orm\\session.py", line 808, in _prepare_impl\n    self.session.flush()\n  File "C:\\Users\\Franco\\AppData\\Local\\pypoetry\\Cache\\virtualenvs\\users-service-XrYDwkUv-py3.9\\lib\\site-packages\\sqlalchemy\\orm\\session.py", line 3386, in flush\n    self._flush(objects)\n  File "C:\\Users\\Franco\\AppData\\Local\\pypoetry\\Cache\\virtualenvs\\users-service-XrYDwkUv-py3.9\\lib\\site-packages\\sqlalchemy\\orm\\session.py", line 3526, in _flush\n    transaction.rollback(_capture_exception=True)\nsqlalchemy.exc.IntegrityError: (psycopg2.errors.UniqueViolation) llave duplicada viola restricción de unicidad «users_pkey»\nDETAIL:  Ya existe la llave (id)=(1).\n\n[SQL: INSERT INTO users (user_name, email, phone_number, age, picture, "tokenId") VALUES (%(user_name)s, %(email)s, %(phone_number)s, %(age)s, %(picture)s, %(tokenId)s) RETURNING users.id]\n[parameters: {\'user_name\': \'Franco\', \'email\': \'fdgggomez@fi.uba.ar\', \'phone_number\': \'12345\', \'age\': None, \'picture\': None, \'tokenId\': \'JYgyID8YmSYAKclnkId42Twb2Jf2\'}]\n(Background on this error at: https://sqlalche.me/e/14/gkpj)\n', 'error.type': 'sqlalchemy.exc.IntegrityError', 'http.method': 'POST', 'http.status_code': '500', 'http.url': 'http://localhost:8000/users', 'http.useragent': 'PostmanRuntime/7.29.2', 'http.version': '1.1', 'runtime-id': '87c8b523f27f46f3a31e9c7c5b907396'} metrics={'_dd.agent_psr': 1.0, '_dd.top_level': 1, '_dd.tracer_kr': 1.0, '_sampling_priority_v1': 1, 'system.pid': 6108} (enabled:True)
2022-10-31 20:39:09,650 - DEBUG: creating new agent connection to http://localhost:8126 with timeout 2
2022-10-31 20:39:09,685 - DEBUG: sent 16.68KB in 0.03200s to http://localhost:8126/v0.4/traces
2022-10-31 20:39:09,685 - DEBUG: initialized RateSampler, sample 100% of traces
2022-10-31 20:39:09,685 - DEBUG: initialized RateSampler, sample 100% of traces
2022-10-31 20:39:09,654 - ERROR: Exception in ASGI application
Traceback (most recent call last):
  File "C:\Users\Franco\AppData\Local\pypoetry\Cache\virtualenvs\users-service-XrYDwkUv-py3.9\lib\site-packages\sqlalchemy\engine\base.py", line 1900, in _execute_context
    self.dialect.do_execute(
  File "C:\Users\Franco\AppData\Local\pypoetry\Cache\virtualenvs\users-service-XrYDwkUv-py3.9\lib\site-packages\sqlalchemy\engine\default.py", line 736, in do_execute
    cursor.execute(statement, parameters)
  File "C:\Users\Franco\AppData\Local\pypoetry\Cache\virtualenvs\users-service-XrYDwkUv-py3.9\lib\site-packages\ddtrace\contrib\dbapi\__init__.py", line 124, in execute
    return self._trace_method(self.__wrapped__.execute, self._self_datadog_name, query, {}, query, *args, **kwargs)
  File "C:\Users\Franco\AppData\Local\pypoetry\Cache\virtualenvs\users-service-XrYDwkUv-py3.9\lib\site-packages\ddtrace\contrib\psycopg\patch.py", line 69, in _trace_method
    return super(Psycopg2TracedCursor, self)._trace_method(method, name, resource, extra_tags, *args, **kwargs)
  File "C:\Users\Franco\AppData\Local\pypoetry\Cache\virtualenvs\users-service-XrYDwkUv-py3.9\lib\site-packages\ddtrace\contrib\dbapi\__init__.py", line 94, in _trace_method
    return method(*args, **kwargs)
psycopg2.errors.UniqueViolation: llave duplicada viola restricción de unicidad «users_pkey»
DETAIL:  Ya existe la llave (id)=(1).


The above exception was the direct cause of the following exception:

Traceback (most recent call last):
  File "C:\Users\Franco\AppData\Local\pypoetry\Cache\virtualenvs\users-service-XrYDwkUv-py3.9\lib\site-packages\uvicorn\protocols\http\h11_impl.py", line 404, in run_asgi
    result = await app(  # type: ignore[func-returns-value]
  File "C:\Users\Franco\AppData\Local\pypoetry\Cache\virtualenvs\users-service-XrYDwkUv-py3.9\lib\site-packages\uvicorn\middleware\proxy_headers.py", line 78, in __call__
    return await self.app(scope, receive, send)
  File "C:\Users\Franco\AppData\Local\pypoetry\Cache\virtualenvs\users-service-XrYDwkUv-py3.9\lib\site-packages\fastapi\applications.py", line 269, in __call__
    await super().__call__(scope, receive, send)
  File "C:\Users\Franco\AppData\Local\pypoetry\Cache\virtualenvs\users-service-XrYDwkUv-py3.9\lib\site-packages\starlette\applications.py", line 124, in __call__
    await self.middleware_stack(scope, receive, send)
  File "C:\Users\Franco\AppData\Local\pypoetry\Cache\virtualenvs\users-service-XrYDwkUv-py3.9\lib\site-packages\starlette\middleware\errors.py", line 184, in __call__
    raise exc
  File "C:\Users\Franco\AppData\Local\pypoetry\Cache\virtualenvs\users-service-XrYDwkUv-py3.9\lib\site-packages\starlette\middleware\errors.py", line 162, in __call__
    await self.app(scope, receive, _send)
  File "C:\Users\Franco\AppData\Local\pypoetry\Cache\virtualenvs\users-service-XrYDwkUv-py3.9\lib\site-packages\starlette\middleware\cors.py", line 84, in __call__
    await self.app(scope, receive, send)
  File "C:\Users\Franco\AppData\Local\pypoetry\Cache\virtualenvs\users-service-XrYDwkUv-py3.9\lib\site-packages\ddtrace\contrib\asgi\middleware.py", line 203, in __call__
    reraise(exc_type, exc_val, exc_tb)
  File "C:\Users\Franco\AppData\Local\pypoetry\Cache\virtualenvs\users-service-XrYDwkUv-py3.9\lib\site-packages\six.py", line 719, in reraise
    raise value
  File "C:\Users\Franco\AppData\Local\pypoetry\Cache\virtualenvs\users-service-XrYDwkUv-py3.9\lib\site-packages\ddtrace\contrib\asgi\middleware.py", line 198, in __call__
    return await self.app(scope, receive, wrapped_send)
  File "C:\Users\Franco\AppData\Local\pypoetry\Cache\virtualenvs\users-service-XrYDwkUv-py3.9\lib\site-packages\starlette\exceptions.py", line 93, in __call__
    raise exc
  File "C:\Users\Franco\AppData\Local\pypoetry\Cache\virtualenvs\users-service-XrYDwkUv-py3.9\lib\site-packages\starlette\exceptions.py", line 82, in __call__
    await self.app(scope, receive, sender)
  File "C:\Users\Franco\AppData\Local\pypoetry\Cache\virtualenvs\users-service-XrYDwkUv-py3.9\lib\site-packages\fastapi\middleware\asyncexitstack.py", line 21, in __call__
    raise e
  File "C:\Users\Franco\AppData\Local\pypoetry\Cache\virtualenvs\users-service-XrYDwkUv-py3.9\lib\site-packages\fastapi\middleware\asyncexitstack.py", line 18, in __call__
    await self.app(scope, receive, send)
  File "C:\Users\Franco\AppData\Local\pypoetry\Cache\virtualenvs\users-service-XrYDwkUv-py3.9\lib\site-packages\starlette\routing.py", line 670, in __call__
    await route.handle(scope, receive, send)
  File "C:\Users\Franco\AppData\Local\pypoetry\Cache\virtualenvs\users-service-XrYDwkUv-py3.9\lib\site-packages\starlette\routing.py", line 266, in handle
    await self.app(scope, receive, send)
  File "C:\Users\Franco\AppData\Local\pypoetry\Cache\virtualenvs\users-service-XrYDwkUv-py3.9\lib\site-packages\starlette\routing.py", line 65, in app
    response = await func(request)
  File "C:\Users\Franco\AppData\Local\pypoetry\Cache\virtualenvs\users-service-XrYDwkUv-py3.9\lib\site-packages\fastapi\routing.py", line 231, in app
    raw_response = await run_endpoint_function(
  File "C:\Users\Franco\AppData\Local\pypoetry\Cache\virtualenvs\users-service-XrYDwkUv-py3.9\lib\site-packages\fastapi\routing.py", line 160, in run_endpoint_function
    return await dependant.call(**values)
  File "<string>", line 20, in func_wrapper
  File "C:\Users\Franco\Desktop\users-service\.\users_service\controllers\user_controller.py", line 84, in registrate_user
    return user_repository.create_user(token_id, user, db)
  File "C:\Users\Franco\Desktop\users-service\.\users_service\database\user_repository.py", line 42, in create_user
    user_create = crud.create_driver(token_id, user, db)
  File "C:\Users\Franco\Desktop\users-service\.\users_service\database\crud.py", line 115, in create_driver
    db_user, already_existing_user = create_user(token_id, user, db)
  File "C:\Users\Franco\Desktop\users-service\.\users_service\database\crud.py", line 78, in create_user
    db.commit()
  File "C:\Users\Franco\AppData\Local\pypoetry\Cache\virtualenvs\users-service-XrYDwkUv-py3.9\lib\site-packages\sqlalchemy\orm\session.py", line 1451, in commit
    self._transaction.commit(_to_root=self.future)
  File "C:\Users\Franco\AppData\Local\pypoetry\Cache\virtualenvs\users-service-XrYDwkUv-py3.9\lib\site-packages\sqlalchemy\orm\session.py", line 829, in commit
    self._prepare_impl()
  File "C:\Users\Franco\AppData\Local\pypoetry\Cache\virtualenvs\users-service-XrYDwkUv-py3.9\lib\site-packages\sqlalchemy\orm\session.py", line 808, in _prepare_impl
    self.session.flush()
  File "C:\Users\Franco\AppData\Local\pypoetry\Cache\virtualenvs\users-service-XrYDwkUv-py3.9\lib\site-packages\sqlalchemy\orm\session.py", line 3386, in flush
    self._flush(objects)
  File "C:\Users\Franco\AppData\Local\pypoetry\Cache\virtualenvs\users-service-XrYDwkUv-py3.9\lib\site-packages\sqlalchemy\orm\session.py", line 3526, in _flush
    transaction.rollback(_capture_exception=True)
  File "C:\Users\Franco\AppData\Local\pypoetry\Cache\virtualenvs\users-service-XrYDwkUv-py3.9\lib\site-packages\sqlalchemy\util\langhelpers.py", line 70, in __exit__
    compat.raise_(
  File "C:\Users\Franco\AppData\Local\pypoetry\Cache\virtualenvs\users-service-XrYDwkUv-py3.9\lib\site-packages\sqlalchemy\util\compat.py", line 208, in raise_
    raise exception
  File "C:\Users\Franco\AppData\Local\pypoetry\Cache\virtualenvs\users-service-XrYDwkUv-py3.9\lib\site-packages\sqlalchemy\orm\session.py", line 3486, in _flush
    flush_context.execute()
  File "C:\Users\Franco\AppData\Local\pypoetry\Cache\virtualenvs\users-service-XrYDwkUv-py3.9\lib\site-packages\sqlalchemy\orm\unitofwork.py", line 456, in execute
    rec.execute(self)
  File "C:\Users\Franco\AppData\Local\pypoetry\Cache\virtualenvs\users-service-XrYDwkUv-py3.9\lib\site-packages\sqlalchemy\orm\unitofwork.py", line 630, in execute
    util.preloaded.orm_persistence.save_obj(
  File "C:\Users\Franco\AppData\Local\pypoetry\Cache\virtualenvs\users-service-XrYDwkUv-py3.9\lib\site-packages\sqlalchemy\orm\persistence.py", line 245, in save_obj
    _emit_insert_statements(
  File "C:\Users\Franco\AppData\Local\pypoetry\Cache\virtualenvs\users-service-XrYDwkUv-py3.9\lib\site-packages\sqlalchemy\orm\persistence.py", line 1238, in _emit_insert_statements
    result = connection._execute_20(
  File "C:\Users\Franco\AppData\Local\pypoetry\Cache\virtualenvs\users-service-XrYDwkUv-py3.9\lib\site-packages\sqlalchemy\engine\base.py", line 1705, in _execute_20
    return meth(self, args_10style, kwargs_10style, execution_options)
  File "C:\Users\Franco\AppData\Local\pypoetry\Cache\virtualenvs\users-service-XrYDwkUv-py3.9\lib\site-packages\sqlalchemy\sql\elements.py", line 333, in _execute_on_connection
    return connection._execute_clauseelement(
  File "C:\Users\Franco\AppData\Local\pypoetry\Cache\virtualenvs\users-service-XrYDwkUv-py3.9\lib\site-packages\sqlalchemy\engine\base.py", line 1572, in _execute_clauseelement
    ret = self._execute_context(
  File "C:\Users\Franco\AppData\Local\pypoetry\Cache\virtualenvs\users-service-XrYDwkUv-py3.9\lib\site-packages\sqlalchemy\engine\base.py", line 1943, in _execute_context
    self._handle_dbapi_exception(
  File "C:\Users\Franco\AppData\Local\pypoetry\Cache\virtualenvs\users-service-XrYDwkUv-py3.9\lib\site-packages\sqlalchemy\engine\base.py", line 2124, in _handle_dbapi_exception
    util.raise_(
  File "C:\Users\Franco\AppData\Local\pypoetry\Cache\virtualenvs\users-service-XrYDwkUv-py3.9\lib\site-packages\sqlalchemy\util\compat.py", line 208, in raise_
    raise exception
  File "C:\Users\Franco\AppData\Local\pypoetry\Cache\virtualenvs\users-service-XrYDwkUv-py3.9\lib\site-packages\sqlalchemy\engine\base.py", line 1900, in _execute_context
    self.dialect.do_execute(
  File "C:\Users\Franco\AppData\Local\pypoetry\Cache\virtualenvs\users-service-XrYDwkUv-py3.9\lib\site-packages\sqlalchemy\engine\default.py", line 736, in do_execute
    cursor.execute(statement, parameters)
  File "C:\Users\Franco\AppData\Local\pypoetry\Cache\virtualenvs\users-service-XrYDwkUv-py3.9\lib\site-packages\ddtrace\contrib\dbapi\__init__.py", line 124, in execute
    return self._trace_method(self.__wrapped__.execute, self._self_datadog_name, query, {}, query, *args, **kwargs)
  File "C:\Users\Franco\AppData\Local\pypoetry\Cache\virtualenvs\users-service-XrYDwkUv-py3.9\lib\site-packages\ddtrace\contrib\psycopg\patch.py", line 69, in _trace_method
    return super(Psycopg2TracedCursor, self)._trace_method(method, name, resource, extra_tags, *args, **kwargs)
  File "C:\Users\Franco\AppData\Local\pypoetry\Cache\virtualenvs\users-service-XrYDwkUv-py3.9\lib\site-packages\ddtrace\contrib\dbapi\__init__.py", line 94, in _trace_method
    return method(*args, **kwargs)
sqlalchemy.exc.IntegrityError: (psycopg2.errors.UniqueViolation) llave duplicada viola restricción de unicidad «users_pkey»
DETAIL:  Ya existe la llave (id)=(1).

[SQL: INSERT INTO users (user_name, email, phone_number, age, picture, "tokenId") VALUES (%(user_name)s, %(email)s, %(phone_number)s, %(age)s, %(picture)s, %(tokenId)s) RETURNING users.id]
[parameters: {'user_name': 'Franco', 'email': 'fdgggomez@fi.uba.ar', 'phone_number': '12345', 'age': None, 'picture': None, 'tokenId': 'JYgyID8YmSYAKclnkId42Twb2Jf2'}]
(Background on this error at: https://sqlalche.me/e/14/gkpj)
2022-10-31 20:39:59,610 - DEBUG: sent 5308 in 0.93700s to http://localhost:8126/telemetry/proxy/api/v2/apmtelemetry. response: 202
2022-10-31 20:39:59,828 - DEBUG: sent 724 in 0.21900s to http://localhost:8126/telemetry/proxy/api/v2/apmtelemetry. response: 202
2022-10-31 20:41:00,315 - DEBUG: sent 589 in 0.48400s to http://localhost:8126/telemetry/proxy/api/v2/apmtelemetry. response: 502
2022-10-31 20:41:00,316 - DEBUG: failed to send telemetry to the Datadog Agent at http://localhost:8126/telemetry/proxy/api/v2/apmtelemetry. response: 502
2022-10-31 20:42:01,131 - DEBUG: sent 589 in 0.81300s to http://localhost:8126/telemetry/proxy/api/v2/apmtelemetry. response: 202
2022-10-31 20:42:07,813 - INFO: Shutting down
2022-10-31 20:42:07,913 - INFO: Waiting for application shutdown.
2022-10-31 20:42:07,914 - INFO: Application shutdown complete.
2022-10-31 20:42:07,915 - INFO: Finished server process [6108]
